device=AMD Instinct MI300A arch=gfx942:sramecc+:xnack- HIP=60443484 CUs=228 memory_bytes=137438953472 rocSOLVER=3.28.2.1b897f5 rocBLAS=4.4.1.f08d23e3 baseline=rocsolver_dgetrf_npvt fp64 seed=20261001 method=auto matrix=dense n=63 lda=63 offset=0 warmup=20 repeats=30
validate n=63 lda=63 kind=dense info=7/0 L_rel=3.1103e-17 U_rel=1.2159e-18 residual_scaled=2.0393e-02/2.0394e-02 cpu_residual_scaled=2.0162e-02/2.0163e-02 PASS
sample n=63 lda=63 iteration=0 first=cdls cdls_ms=0.027042000 rocsolver_ms=0.077319004 cdls_submit_ms=0.003055000 roc_submit_ms=0.007341000 cdls_wall_ms=0.042285000 roc_wall_ms=0.087885000
sample n=63 lda=63 iteration=1 first=rocsolver cdls_ms=0.028844999 rocsolver_ms=0.079360999 cdls_submit_ms=0.002905000 roc_submit_ms=0.005398000 cdls_wall_ms=0.036185000 roc_wall_ms=0.086142000
sample n=63 lda=63 iteration=2 first=cdls cdls_ms=0.026681000 rocsolver_ms=0.080403000 cdls_submit_ms=0.002905000 roc_submit_ms=0.008944000 cdls_wall_ms=0.035555000 roc_wall_ms=0.087063000
sample n=63 lda=63 iteration=3 first=rocsolver cdls_ms=0.027362000 rocsolver_ms=0.079161003 cdls_submit_ms=0.002313000 roc_submit_ms=0.006200000 cdls_wall_ms=0.034693000 roc_wall_ms=0.085892000
sample n=63 lda=63 iteration=4 first=cdls cdls_ms=0.026881000 rocsolver_ms=0.079562001 cdls_submit_ms=0.002955000 roc_submit_ms=0.008123000 cdls_wall_ms=0.035895000 roc_wall_ms=0.087003000
sample n=63 lda=63 iteration=5 first=rocsolver cdls_ms=0.027602000 rocsolver_ms=0.077638999 cdls_submit_ms=0.002604000 roc_submit_ms=0.006971000 cdls_wall_ms=0.035334000 roc_wall_ms=0.086472000
sample n=63 lda=63 iteration=6 first=cdls cdls_ms=0.026841000 rocsolver_ms=0.080923997 cdls_submit_ms=0.002854000 roc_submit_ms=0.008844000 cdls_wall_ms=0.034623000 roc_wall_ms=0.088345000
sample n=63 lda=63 iteration=7 first=rocsolver cdls_ms=0.027322000 rocsolver_ms=0.077278003 cdls_submit_ms=0.002684000 roc_submit_ms=0.007051000 cdls_wall_ms=0.036005000 roc_wall_ms=0.085841000
sample n=63 lda=63 iteration=8 first=cdls cdls_ms=0.027161000 rocsolver_ms=0.078280002 cdls_submit_ms=0.003245000 roc_submit_ms=0.007562000 cdls_wall_ms=0.036155000 roc_wall_ms=0.086643000
sample n=63 lda=63 iteration=9 first=rocsolver cdls_ms=0.026000001 rocsolver_ms=0.077799000 cdls_submit_ms=0.002594000 roc_submit_ms=0.006971000 cdls_wall_ms=0.036015000 roc_wall_ms=0.086623000
sample n=63 lda=63 iteration=10 first=cdls cdls_ms=0.026921000 rocsolver_ms=0.081005000 cdls_submit_ms=0.002945000 roc_submit_ms=0.009895000 cdls_wall_ms=0.035405000 roc_wall_ms=0.088796000
sample n=63 lda=63 iteration=11 first=rocsolver cdls_ms=0.026361000 rocsolver_ms=0.077238999 cdls_submit_ms=0.002765000 roc_submit_ms=0.005709000 cdls_wall_ms=0.035334000 roc_wall_ms=0.087635000
sample n=63 lda=63 iteration=12 first=cdls cdls_ms=0.026841000 rocsolver_ms=0.080123000 cdls_submit_ms=0.002884000 roc_submit_ms=0.008924000 cdls_wall_ms=0.035905000 roc_wall_ms=0.088075000
sample n=63 lda=63 iteration=13 first=rocsolver cdls_ms=0.026401000 rocsolver_ms=0.076277003 cdls_submit_ms=0.002764000 roc_submit_ms=0.007201000 cdls_wall_ms=0.035465000 roc_wall_ms=0.085301000
sample n=63 lda=63 iteration=14 first=cdls cdls_ms=0.028643999 rocsolver_ms=0.079322003 cdls_submit_ms=0.003886000 roc_submit_ms=0.009033000 cdls_wall_ms=0.036586000 roc_wall_ms=0.088816000
sample n=63 lda=63 iteration=15 first=rocsolver cdls_ms=0.026760999 rocsolver_ms=0.078240000 cdls_submit_ms=0.002644000 roc_submit_ms=0.007181000 cdls_wall_ms=0.035014000 roc_wall_ms=0.088656000
sample n=63 lda=63 iteration=16 first=cdls cdls_ms=0.026800999 rocsolver_ms=0.089217000 cdls_submit_ms=0.002284000 roc_submit_ms=0.018168000 cdls_wall_ms=0.034833000 roc_wall_ms=0.096928000
sample n=63 lda=63 iteration=17 first=rocsolver cdls_ms=0.026721001 rocsolver_ms=0.078280002 cdls_submit_ms=0.002964000 roc_submit_ms=0.006429000 cdls_wall_ms=0.034813000 roc_wall_ms=0.085852000
sample n=63 lda=63 iteration=18 first=cdls cdls_ms=0.026760999 rocsolver_ms=0.079921998 cdls_submit_ms=0.002503000 roc_submit_ms=0.008604000 cdls_wall_ms=0.036787000 roc_wall_ms=0.087584000
sample n=63 lda=63 iteration=19 first=rocsolver cdls_ms=0.026802000 rocsolver_ms=0.096667998 cdls_submit_ms=0.002604000 roc_submit_ms=0.024157000 cdls_wall_ms=0.035133000 roc_wall_ms=0.106393000
sample n=63 lda=63 iteration=20 first=cdls cdls_ms=0.028123001 rocsolver_ms=0.077279001 cdls_submit_ms=0.003366000 roc_submit_ms=0.007241000 cdls_wall_ms=0.034994000 roc_wall_ms=0.088666000
sample n=63 lda=63 iteration=21 first=rocsolver cdls_ms=0.026559999 rocsolver_ms=0.077558003 cdls_submit_ms=0.002624000 roc_submit_ms=0.006500000 cdls_wall_ms=0.035584000 roc_wall_ms=0.085701000
sample n=63 lda=63 iteration=22 first=cdls cdls_ms=0.026520999 rocsolver_ms=0.084971003 cdls_submit_ms=0.003135000 roc_submit_ms=0.015293000 cdls_wall_ms=0.039240000 roc_wall_ms=0.093593000
sample n=63 lda=63 iteration=23 first=rocsolver cdls_ms=0.026480000 rocsolver_ms=0.076677002 cdls_submit_ms=0.003014000 roc_submit_ms=0.005688000 cdls_wall_ms=0.035675000 roc_wall_ms=0.087304000
sample n=63 lda=63 iteration=24 first=cdls cdls_ms=0.026200000 rocsolver_ms=0.080283001 cdls_submit_ms=0.002684000 roc_submit_ms=0.009124000 cdls_wall_ms=0.035004000 roc_wall_ms=0.089297000
sample n=63 lda=63 iteration=25 first=rocsolver cdls_ms=0.027962999 rocsolver_ms=0.079521999 cdls_submit_ms=0.002964000 roc_submit_ms=0.007312000 cdls_wall_ms=0.035044000 roc_wall_ms=0.088726000
sample n=63 lda=63 iteration=26 first=cdls cdls_ms=0.028162999 rocsolver_ms=0.080123000 cdls_submit_ms=0.003806000 roc_submit_ms=0.008954000 cdls_wall_ms=0.036196000 roc_wall_ms=0.087715000
sample n=63 lda=63 iteration=27 first=rocsolver cdls_ms=0.026800999 rocsolver_ms=0.077159002 cdls_submit_ms=0.002554000 roc_submit_ms=0.005679000 cdls_wall_ms=0.036236000 roc_wall_ms=0.084970000
sample n=63 lda=63 iteration=28 first=cdls cdls_ms=0.026841000 rocsolver_ms=0.081804998 cdls_submit_ms=0.002784000 roc_submit_ms=0.010246000 cdls_wall_ms=0.035404000 roc_wall_ms=0.089417000
sample n=63 lda=63 iteration=29 first=rocsolver cdls_ms=0.026881000 rocsolver_ms=0.077157997 cdls_submit_ms=0.002634000 roc_submit_ms=0.006340000 cdls_wall_ms=0.034403000 roc_wall_ms=0.086402000
bench n=63 lda=63 repeats=30 cdls_median_ms=0.026841 rocsolver_median_ms=0.079242 cdls_mean_ms=0.027043 rocsolver_mean_ms=0.079885 cdls_gflops=6.136247 workspace_bytes=12 roc_workspace_bytes=0 cdls_submit_ms=0.002819 roc_submit_ms=0.007326 cdls_wall_ms=0.035510 roc_wall_ms=0.087610 rocsolver_gflops=2.078494 speedup=2.952256
