device=AMD Instinct MI300A arch=gfx942:sramecc+:xnack- HIP=60443484 CUs=228 memory_bytes=137438953472 rocSOLVER=3.28.2.1b897f5 rocBLAS=4.4.1.f08d23e3 baseline=rocsolver_dgetrf_npvt fp64 seed=20261001 method=auto matrix=dense n=65 lda=65 offset=0 warmup=20 repeats=30
validate n=65 lda=65 kind=dense info=7/0 L_rel=1.1613e-16 U_rel=3.1004e-16 residual_scaled=2.5662e-02/1.1092e-02 cpu_residual_scaled=2.5101e-02/1.0854e-02 PASS
sample n=65 lda=65 iteration=0 first=cdls cdls_ms=0.062615998 rocsolver_ms=0.094745003 cdls_submit_ms=0.010706000 roc_submit_ms=0.085771000 cdls_wall_ms=0.087624000 roc_wall_ms=0.103509000
sample n=65 lda=65 iteration=1 first=rocsolver cdls_ms=0.073232003 rocsolver_ms=0.124710999 cdls_submit_ms=0.006770000 roc_submit_ms=0.123769000 cdls_wall_ms=0.080924000 roc_wall_ms=0.133014000
sample n=65 lda=65 iteration=2 first=cdls cdls_ms=0.062895998 rocsolver_ms=0.103880003 cdls_submit_ms=0.009514000 roc_submit_ms=0.091631000 cdls_wall_ms=0.070458000 roc_wall_ms=0.111701000
sample n=65 lda=65 iteration=3 first=rocsolver cdls_ms=0.071108997 rocsolver_ms=0.121546000 cdls_submit_ms=0.015434000 roc_submit_ms=0.118061000 cdls_wall_ms=0.079271000 roc_wall_ms=0.128677000
sample n=65 lda=65 iteration=4 first=cdls cdls_ms=0.062295999 rocsolver_ms=0.094465002 cdls_submit_ms=0.007621000 roc_submit_ms=0.079452000 cdls_wall_ms=0.071199000 roc_wall_ms=0.101726000
sample n=65 lda=65 iteration=5 first=rocsolver cdls_ms=0.061214000 rocsolver_ms=0.101674996 cdls_submit_ms=0.008693000 roc_submit_ms=0.100103000 cdls_wall_ms=0.069516000 roc_wall_ms=0.109618000
sample n=65 lda=65 iteration=6 first=cdls cdls_ms=0.060453001 rocsolver_ms=0.095186003 cdls_submit_ms=0.008473000 roc_submit_ms=0.081175000 cdls_wall_ms=0.067995000 roc_wall_ms=0.105311000
sample n=65 lda=65 iteration=7 first=rocsolver cdls_ms=0.062576003 rocsolver_ms=0.118781999 cdls_submit_ms=0.007281000 roc_submit_ms=0.116899000 cdls_wall_ms=0.070508000 roc_wall_ms=0.127535000
sample n=65 lda=65 iteration=8 first=cdls cdls_ms=0.061615001 rocsolver_ms=0.096106999 cdls_submit_ms=0.009305000 roc_submit_ms=0.082737000 cdls_wall_ms=0.070438000 roc_wall_ms=0.105963000
sample n=65 lda=65 iteration=9 first=rocsolver cdls_ms=0.062415998 rocsolver_ms=0.121345997 cdls_submit_ms=0.007181000 roc_submit_ms=0.116609000 cdls_wall_ms=0.071709000 roc_wall_ms=0.130300000
sample n=65 lda=65 iteration=10 first=cdls cdls_ms=0.063538000 rocsolver_ms=0.096386999 cdls_submit_ms=0.010126000 roc_submit_ms=0.084900000 cdls_wall_ms=0.071740000 roc_wall_ms=0.105161000
sample n=65 lda=65 iteration=11 first=rocsolver cdls_ms=0.075995997 rocsolver_ms=0.104759999 cdls_submit_ms=0.023696000 roc_submit_ms=0.098130000 cdls_wall_ms=0.085111000 roc_wall_ms=0.112663000
sample n=65 lda=65 iteration=12 first=cdls cdls_ms=0.061374001 rocsolver_ms=0.098030001 cdls_submit_ms=0.008693000 roc_submit_ms=0.082146000 cdls_wall_ms=0.072822000 roc_wall_ms=0.105301000
sample n=65 lda=65 iteration=13 first=rocsolver cdls_ms=0.061655000 rocsolver_ms=0.118262000 cdls_submit_ms=0.010456000 roc_submit_ms=0.110339000 cdls_wall_ms=0.071940000 roc_wall_ms=0.126734000
sample n=65 lda=65 iteration=14 first=cdls cdls_ms=0.063738003 rocsolver_ms=0.097349003 cdls_submit_ms=0.013150000 roc_submit_ms=0.077779000 cdls_wall_ms=0.076176000 roc_wall_ms=0.108987000
sample n=65 lda=65 iteration=15 first=rocsolver cdls_ms=0.059331000 rocsolver_ms=0.132001996 cdls_submit_ms=0.006660000 roc_submit_ms=0.109658000 cdls_wall_ms=0.067263000 roc_wall_ms=0.141157000
sample n=65 lda=65 iteration=16 first=cdls cdls_ms=0.060091998 rocsolver_ms=0.096228004 cdls_submit_ms=0.006540000 roc_submit_ms=0.090248000 cdls_wall_ms=0.067784000 roc_wall_ms=0.104850000
sample n=65 lda=65 iteration=17 first=rocsolver cdls_ms=0.060252000 rocsolver_ms=0.119143002 cdls_submit_ms=0.009725000 roc_submit_ms=0.116619000 cdls_wall_ms=0.070629000 roc_wall_ms=0.127826000
sample n=65 lda=65 iteration=18 first=cdls cdls_ms=0.060371999 rocsolver_ms=0.095306002 cdls_submit_ms=0.008243000 roc_submit_ms=0.082897000 cdls_wall_ms=0.068235000 roc_wall_ms=0.106794000
sample n=65 lda=65 iteration=19 first=rocsolver cdls_ms=0.068985999 rocsolver_ms=0.104719996 cdls_submit_ms=0.018388000 roc_submit_ms=0.102647000 cdls_wall_ms=0.077589000 roc_wall_ms=0.112793000
sample n=65 lda=65 iteration=20 first=cdls cdls_ms=0.065020002 rocsolver_ms=0.094544999 cdls_submit_ms=0.013992000 roc_submit_ms=0.087835000 cdls_wall_ms=0.078541000 roc_wall_ms=0.105020000
sample n=65 lda=65 iteration=21 first=rocsolver cdls_ms=0.061214000 rocsolver_ms=0.098751999 cdls_submit_ms=0.007532000 roc_submit_ms=0.095536000 cdls_wall_ms=0.073122000 roc_wall_ms=0.106122000
sample n=65 lda=65 iteration=22 first=cdls cdls_ms=0.067062996 rocsolver_ms=0.103197999 cdls_submit_ms=0.016735000 roc_submit_ms=0.086423000 cdls_wall_ms=0.075115000 roc_wall_ms=0.115016000
sample n=65 lda=65 iteration=23 first=rocsolver cdls_ms=0.059531000 rocsolver_ms=0.117619999 cdls_submit_ms=0.008113000 roc_submit_ms=0.111921000 cdls_wall_ms=0.067183000 roc_wall_ms=0.125302000
sample n=65 lda=65 iteration=24 first=cdls cdls_ms=0.061494000 rocsolver_ms=0.090098001 cdls_submit_ms=0.010026000 roc_submit_ms=0.074033000 cdls_wall_ms=0.069537000 roc_wall_ms=0.099563000
sample n=65 lda=65 iteration=25 first=rocsolver cdls_ms=0.070147999 rocsolver_ms=0.117700003 cdls_submit_ms=0.019530000 roc_submit_ms=0.115757000 cdls_wall_ms=0.079943000 roc_wall_ms=0.126594000
sample n=65 lda=65 iteration=26 first=cdls cdls_ms=0.072111003 rocsolver_ms=0.093984000 cdls_submit_ms=0.020882000 roc_submit_ms=0.078040000 cdls_wall_ms=0.080684000 roc_wall_ms=0.104290000
sample n=65 lda=65 iteration=27 first=rocsolver cdls_ms=0.067904003 rocsolver_ms=0.117380001 cdls_submit_ms=0.015704000 roc_submit_ms=0.113834000 cdls_wall_ms=0.076687000 roc_wall_ms=0.125502000
sample n=65 lda=65 iteration=28 first=cdls cdls_ms=0.063176997 rocsolver_ms=0.095907003 cdls_submit_ms=0.010526000 roc_submit_ms=0.080253000 cdls_wall_ms=0.070819000 roc_wall_ms=0.104731000
sample n=65 lda=65 iteration=29 first=rocsolver cdls_ms=0.065861002 rocsolver_ms=0.112092003 cdls_submit_ms=0.013170000 roc_submit_ms=0.095616000 cdls_wall_ms=0.073783000 roc_wall_ms=0.119624000
bench n=65 lda=65 repeats=30 cdls_median_ms=0.062596 rocsolver_median_ms=0.102436 cdls_mean_ms=0.064309 rocsolver_mean_ms=0.105864 cdls_gflops=2.890920 workspace_bytes=24 roc_workspace_bytes=100608 cdls_submit_ms=0.009875 roc_submit_ms=0.093584 cdls_wall_ms=0.071840 roc_wall_ms=0.110659 rocsolver_gflops=1.766558 speedup=1.636470
