device=AMD Instinct MI300A arch=gfx942:sramecc+:xnack- HIP=60443484 CUs=228 memory_bytes=137438953472 rocSOLVER=3.28.2.1b897f5 rocBLAS=4.4.1.f08d23e3 baseline=rocsolver_dgetrf_npvt fp64 seed=20261001 method=auto matrix=dense n=8193 lda=8193 offset=0 warmup=5 repeats=30
validate n=8193 lda=8193 kind=dense info=7/0 L_rel=6.5345e-16 U_rel=1.9751e-15 residual_scaled=1.1400e-03/3.9529e-04 PASS
sample n=8193 lda=8193 iteration=0 first=cdls cdls_ms=19.617374420 rocsolver_ms=27.598094940 cdls_submit_ms=0.647422000 roc_submit_ms=9.295906000 cdls_wall_ms=19.850972000 roc_wall_ms=27.607329000
sample n=8193 lda=8193 iteration=1 first=rocsolver cdls_ms=19.874256134 rocsolver_ms=27.931064606 cdls_submit_ms=0.620921000 roc_submit_ms=12.711831000 cdls_wall_ms=20.169891000 roc_wall_ms=27.945898000
sample n=8193 lda=8193 iteration=2 first=cdls cdls_ms=19.809988022 rocsolver_ms=27.128084183 cdls_submit_ms=0.429569000 roc_submit_ms=9.122711000 cdls_wall_ms=19.818643000 roc_wall_ms=27.138240000
sample n=8193 lda=8193 iteration=3 first=rocsolver cdls_ms=19.982412338 rocsolver_ms=28.078870773 cdls_submit_ms=0.488459000 roc_submit_ms=12.117911000 cdls_wall_ms=20.264166000 roc_wall_ms=28.088076000
sample n=8193 lda=8193 iteration=4 first=cdls cdls_ms=19.814723969 rocsolver_ms=27.250392914 cdls_submit_ms=0.416278000 roc_submit_ms=9.067035000 cdls_wall_ms=19.823500000 roc_wall_ms=27.261449000
sample n=8193 lda=8193 iteration=5 first=rocsolver cdls_ms=20.043035507 rocsolver_ms=27.679338455 cdls_submit_ms=0.940201000 roc_submit_ms=11.684197000 cdls_wall_ms=20.052350000 roc_wall_ms=27.980721000
sample n=8193 lda=8193 iteration=6 first=cdls cdls_ms=19.891624451 rocsolver_ms=27.271244049 cdls_submit_ms=0.415516000 roc_submit_ms=9.042138000 cdls_wall_ms=19.900669000 roc_wall_ms=27.280098000
sample n=8193 lda=8193 iteration=7 first=rocsolver cdls_ms=19.757068634 rocsolver_ms=27.792812347 cdls_submit_ms=0.629094000 roc_submit_ms=11.751369000 cdls_wall_ms=20.083989000 roc_wall_ms=28.100455000
sample n=8193 lda=8193 iteration=8 first=cdls cdls_ms=20.119951248 rocsolver_ms=27.440059662 cdls_submit_ms=0.315724000 roc_submit_ms=9.185277000 cdls_wall_ms=20.128127000 roc_wall_ms=27.446702000
sample n=8193 lda=8193 iteration=9 first=rocsolver cdls_ms=19.996576309 rocsolver_ms=28.240617752 cdls_submit_ms=0.981914000 roc_submit_ms=10.710895000 cdls_wall_ms=20.006510000 roc_wall_ms=28.250214000
sample n=8193 lda=8193 iteration=10 first=cdls cdls_ms=19.861236572 rocsolver_ms=27.362062454 cdls_submit_ms=0.330807000 roc_submit_ms=8.887620000 cdls_wall_ms=19.869851000 roc_wall_ms=27.371047000
sample n=8193 lda=8193 iteration=11 first=rocsolver cdls_ms=20.081516266 rocsolver_ms=28.183921814 cdls_submit_ms=0.642425000 roc_submit_ms=10.619714000 cdls_wall_ms=20.088777000 roc_wall_ms=28.489140000
sample n=8193 lda=8193 iteration=12 first=cdls cdls_ms=19.861768723 rocsolver_ms=27.435955048 cdls_submit_ms=0.419553000 roc_submit_ms=8.956786000 cdls_wall_ms=19.870562000 roc_wall_ms=27.445181000
sample n=8193 lda=8193 iteration=13 first=rocsolver cdls_ms=20.134115219 rocsolver_ms=28.288602829 cdls_submit_ms=0.668464000 roc_submit_ms=10.720609000 cdls_wall_ms=20.451342000 roc_wall_ms=28.297816000
sample n=8193 lda=8193 iteration=14 first=cdls cdls_ms=19.908199310 rocsolver_ms=27.472511292 cdls_submit_ms=0.312488000 roc_submit_ms=8.984339000 cdls_wall_ms=19.916282000 roc_wall_ms=27.479733000
sample n=8193 lda=8193 iteration=15 first=rocsolver cdls_ms=20.241800308 rocsolver_ms=28.110399246 cdls_submit_ms=1.005291000 roc_submit_ms=10.665495000 cdls_wall_ms=20.251556000 roc_wall_ms=28.415577000
sample n=8193 lda=8193 iteration=16 first=cdls cdls_ms=19.876630783 rocsolver_ms=27.421752930 cdls_submit_ms=0.330256000 roc_submit_ms=9.028897000 cdls_wall_ms=19.883732000 roc_wall_ms=27.429306000
sample n=8193 lda=8193 iteration=17 first=rocsolver cdls_ms=19.866436005 rocsolver_ms=28.293428421 cdls_submit_ms=0.692751000 roc_submit_ms=10.383322000 cdls_wall_ms=20.176241000 roc_wall_ms=28.302354000
sample n=8193 lda=8193 iteration=18 first=cdls cdls_ms=19.990093231 rocsolver_ms=27.334648132 cdls_submit_ms=0.331689000 roc_submit_ms=9.062097000 cdls_wall_ms=20.000051000 roc_wall_ms=27.342944000
sample n=8193 lda=8193 iteration=19 first=rocsolver cdls_ms=20.168527603 rocsolver_ms=28.243061066 cdls_submit_ms=0.962806000 roc_submit_ms=10.827082000 cdls_wall_ms=20.177642000 roc_wall_ms=28.407675000
sample n=8193 lda=8193 iteration=20 first=cdls cdls_ms=20.041303635 rocsolver_ms=27.464559555 cdls_submit_ms=0.316816000 roc_submit_ms=9.019001000 cdls_wall_ms=20.049216000 roc_wall_ms=27.474265000
sample n=8193 lda=8193 iteration=21 first=rocsolver cdls_ms=20.425701141 rocsolver_ms=28.015062332 cdls_submit_ms=0.963416000 roc_submit_ms=10.536567000 cdls_wall_ms=20.435397000 roc_wall_ms=28.313421000
sample n=8193 lda=8193 iteration=22 first=cdls cdls_ms=20.037837982 rocsolver_ms=27.478740692 cdls_submit_ms=0.308172000 roc_submit_ms=8.857354000 cdls_wall_ms=20.045030000 roc_wall_ms=27.487766000
sample n=8193 lda=8193 iteration=23 first=rocsolver cdls_ms=20.070428848 rocsolver_ms=28.270324707 cdls_submit_ms=0.624947000 roc_submit_ms=10.770797000 cdls_wall_ms=20.077469000 roc_wall_ms=28.277677000
sample n=8193 lda=8193 iteration=24 first=cdls cdls_ms=19.753131866 rocsolver_ms=27.697967529 cdls_submit_ms=0.440225000 roc_submit_ms=9.170424000 cdls_wall_ms=19.761525000 roc_wall_ms=27.705279000
sample n=8193 lda=8193 iteration=25 first=rocsolver cdls_ms=20.469959259 rocsolver_ms=28.207597733 cdls_submit_ms=0.970247000 roc_submit_ms=10.605704000 cdls_wall_ms=20.478464000 roc_wall_ms=28.512837000
sample n=8193 lda=8193 iteration=26 first=cdls cdls_ms=19.991535187 rocsolver_ms=27.490739822 cdls_submit_ms=0.275011000 roc_submit_ms=9.066034000 cdls_wall_ms=20.045079000 roc_wall_ms=27.498812000
sample n=8193 lda=8193 iteration=27 first=rocsolver cdls_ms=19.985427856 rocsolver_ms=28.120311737 cdls_submit_ms=0.748828000 roc_submit_ms=11.030594000 cdls_wall_ms=20.171393000 roc_wall_ms=28.423840000
sample n=8193 lda=8193 iteration=28 first=cdls cdls_ms=20.016664505 rocsolver_ms=27.544961929 cdls_submit_ms=0.323786000 roc_submit_ms=8.961684000 cdls_wall_ms=20.024067000 roc_wall_ms=27.558324000
sample n=8193 lda=8193 iteration=29 first=rocsolver cdls_ms=20.299947739 rocsolver_ms=28.265895844 cdls_submit_ms=0.953751000 roc_submit_ms=10.936991000 cdls_wall_ms=20.309174000 roc_wall_ms=28.276064000
bench n=8193 lda=8193 repeats=30 cdls_median_ms=19.990814 rocsolver_median_ms=27.688653 cdls_mean_ms=19.999642 rocsolver_mean_ms=27.770436 cdls_gflops=18338.650053 workspace_bytes=66572 roc_workspace_bytes=34149632 cdls_submit_ms=0.554690 roc_submit_ms=9.839614 cdls_wall_ms=20.050783 roc_wall_ms=27.825589 rocsolver_gflops=13240.244881 speedup=1.385069
