device=AMD Instinct MI300A arch=gfx942:sramecc+:xnack- HIP=60443484 CUs=228 memory_bytes=137438953472 rocSOLVER=3.28.2.1b897f5 rocBLAS=4.4.1.f08d23e3 baseline=rocsolver_dgetrf_npvt fp64 seed=20261001 method=auto matrix=dense n=127 lda=127 offset=0 warmup=20 repeats=30
validate n=127 lda=127 kind=dense info=7/0 L_rel=1.7165e-16 U_rel=4.2150e-16 residual_scaled=1.4725e-02/6.1187e-03 cpu_residual_scaled=1.4632e-02/6.0576e-03 PASS
sample n=127 lda=127 iteration=0 first=cdls cdls_ms=0.081524998 rocsolver_ms=0.170260996 cdls_submit_ms=0.011358000 roc_submit_ms=0.129178000 cdls_wall_ms=0.104610000 roc_wall_ms=0.179395000
sample n=127 lda=127 iteration=1 first=rocsolver cdls_ms=0.088936001 rocsolver_ms=0.205074996 cdls_submit_ms=0.014102000 roc_submit_ms=0.194468000 cdls_wall_ms=0.100174000 roc_wall_ms=0.214449000
sample n=127 lda=127 iteration=2 first=cdls cdls_ms=0.086011998 rocsolver_ms=0.176069006 cdls_submit_ms=0.015233000 roc_submit_ms=0.127806000 cdls_wall_ms=0.102016000 roc_wall_ms=0.184582000
sample n=127 lda=127 iteration=3 first=rocsolver cdls_ms=0.082927004 rocsolver_ms=0.192093998 cdls_submit_ms=0.006410000 roc_submit_ms=0.185394000 cdls_wall_ms=0.090328000 roc_wall_ms=0.200017000
sample n=127 lda=127 iteration=4 first=cdls cdls_ms=0.081845999 rocsolver_ms=0.174146995 cdls_submit_ms=0.010577000 roc_submit_ms=0.137240000 cdls_wall_ms=0.089578000 roc_wall_ms=0.181398000
sample n=127 lda=127 iteration=5 first=rocsolver cdls_ms=0.083368003 rocsolver_ms=0.209561005 cdls_submit_ms=0.008924000 roc_submit_ms=0.201909000 cdls_wall_ms=0.092542000 roc_wall_ms=0.217263000
sample n=127 lda=127 iteration=6 first=cdls cdls_ms=0.080283001 rocsolver_ms=0.174948007 cdls_submit_ms=0.010476000 roc_submit_ms=0.138122000 cdls_wall_ms=0.088856000 roc_wall_ms=0.184863000
sample n=127 lda=127 iteration=7 first=rocsolver cdls_ms=0.081765004 rocsolver_ms=0.218895003 cdls_submit_ms=0.006870000 roc_submit_ms=0.212536000 cdls_wall_ms=0.089397000 roc_wall_ms=0.226457000
sample n=127 lda=127 iteration=8 first=cdls cdls_ms=0.080803998 rocsolver_ms=0.174548000 cdls_submit_ms=0.007702000 roc_submit_ms=0.127746000 cdls_wall_ms=0.088396000 roc_wall_ms=0.182519000
sample n=127 lda=127 iteration=9 first=rocsolver cdls_ms=0.080043003 rocsolver_ms=0.222020000 cdls_submit_ms=0.006039000 roc_submit_ms=0.212065000 cdls_wall_ms=0.088576000 roc_wall_ms=0.229531000
sample n=127 lda=127 iteration=10 first=cdls cdls_ms=0.094745003 rocsolver_ms=0.178472996 cdls_submit_ms=0.009985000 roc_submit_ms=0.142238000 cdls_wall_ms=0.102437000 roc_wall_ms=0.188078000
sample n=127 lda=127 iteration=11 first=rocsolver cdls_ms=0.080123000 rocsolver_ms=0.196741000 cdls_submit_ms=0.008132000 roc_submit_ms=0.189611000 cdls_wall_ms=0.088926000 roc_wall_ms=0.204754000
sample n=127 lda=127 iteration=12 first=cdls cdls_ms=0.086653002 rocsolver_ms=0.178433999 cdls_submit_ms=0.015835000 roc_submit_ms=0.136069000 cdls_wall_ms=0.096989000 roc_wall_ms=0.190803000
sample n=127 lda=127 iteration=13 first=rocsolver cdls_ms=0.080923997 rocsolver_ms=0.197383001 cdls_submit_ms=0.009966000 roc_submit_ms=0.187887000 cdls_wall_ms=0.089858000 roc_wall_ms=0.205354000
sample n=127 lda=127 iteration=14 first=cdls cdls_ms=0.080803998 rocsolver_ms=0.173265994 cdls_submit_ms=0.010255000 roc_submit_ms=0.131802000 cdls_wall_ms=0.088546000 roc_wall_ms=0.184102000
sample n=127 lda=127 iteration=15 first=rocsolver cdls_ms=0.091020003 rocsolver_ms=0.195700005 cdls_submit_ms=0.020040000 roc_submit_ms=0.189741000 cdls_wall_ms=0.099552000 roc_wall_ms=0.204103000
sample n=127 lda=127 iteration=16 first=cdls cdls_ms=0.097108997 rocsolver_ms=0.179113999 cdls_submit_ms=0.027261000 roc_submit_ms=0.159835000 cdls_wall_ms=0.105292000 roc_wall_ms=0.189931000
sample n=127 lda=127 iteration=17 first=rocsolver cdls_ms=0.080443002 rocsolver_ms=0.197742999 cdls_submit_ms=0.007311000 roc_submit_ms=0.190162000 cdls_wall_ms=0.089557000 roc_wall_ms=0.205204000
sample n=127 lda=127 iteration=18 first=cdls cdls_ms=0.082686000 rocsolver_ms=0.175909996 cdls_submit_ms=0.011308000 roc_submit_ms=0.131923000 cdls_wall_ms=0.091770000 roc_wall_ms=0.185885000
sample n=127 lda=127 iteration=19 first=rocsolver cdls_ms=0.080202997 rocsolver_ms=0.262122005 cdls_submit_ms=0.007632000 roc_submit_ms=0.256053000 cdls_wall_ms=0.088706000 roc_wall_ms=0.270024000
sample n=127 lda=127 iteration=20 first=cdls cdls_ms=0.080123000 rocsolver_ms=0.185243994 cdls_submit_ms=0.009835000 roc_submit_ms=0.161637000 cdls_wall_ms=0.087264000 roc_wall_ms=0.194629000
sample n=127 lda=127 iteration=21 first=rocsolver cdls_ms=0.080642998 rocsolver_ms=0.210402995 cdls_submit_ms=0.009966000 roc_submit_ms=0.204784000 cdls_wall_ms=0.090949000 roc_wall_ms=0.218956000
sample n=127 lda=127 iteration=22 first=cdls cdls_ms=0.081445001 rocsolver_ms=0.178793997 cdls_submit_ms=0.010486000 roc_submit_ms=0.141677000 cdls_wall_ms=0.089287000 roc_wall_ms=0.189160000
sample n=127 lda=127 iteration=23 first=rocsolver cdls_ms=0.081404001 rocsolver_ms=0.202189997 cdls_submit_ms=0.010486000 roc_submit_ms=0.195700000 cdls_wall_ms=0.089967000 roc_wall_ms=0.210042000
sample n=127 lda=127 iteration=24 first=cdls cdls_ms=0.081804998 rocsolver_ms=0.173065007 cdls_submit_ms=0.010726000 roc_submit_ms=0.127455000 cdls_wall_ms=0.090539000 roc_wall_ms=0.180997000
sample n=127 lda=127 iteration=25 first=rocsolver cdls_ms=0.080963999 rocsolver_ms=0.204072997 cdls_submit_ms=0.008353000 roc_submit_ms=0.196782000 cdls_wall_ms=0.088506000 roc_wall_ms=0.212516000
sample n=127 lda=127 iteration=26 first=cdls cdls_ms=0.081285000 rocsolver_ms=0.173345000 cdls_submit_ms=0.010717000 roc_submit_ms=0.131442000 cdls_wall_ms=0.089537000 roc_wall_ms=0.181498000
sample n=127 lda=127 iteration=27 first=rocsolver cdls_ms=0.081485003 rocsolver_ms=0.196180999 cdls_submit_ms=0.010746000 roc_submit_ms=0.190211000 cdls_wall_ms=0.091080000 roc_wall_ms=0.204784000
sample n=127 lda=127 iteration=28 first=cdls cdls_ms=0.084089004 rocsolver_ms=0.177791998 cdls_submit_ms=0.011718000 roc_submit_ms=0.144521000 cdls_wall_ms=0.108927000 roc_wall_ms=0.186486000
sample n=127 lda=127 iteration=29 first=rocsolver cdls_ms=0.082405999 rocsolver_ms=0.194858998 cdls_submit_ms=0.010065000 roc_submit_ms=0.188108000 cdls_wall_ms=0.090860000 roc_wall_ms=0.202591000
bench n=127 lda=127 repeats=30 cdls_median_ms=0.081505 rocsolver_median_ms=0.188669 cdls_mean_ms=0.083262 rocsolver_mean_ms=0.191615 cdls_gflops=16.655457 workspace_bytes=24 roc_workspace_bytes=259328 cdls_submit_ms=0.010365 roc_submit_ms=0.173515 cdls_wall_ms=0.090148 roc_wall_ms=0.197323 rocsolver_gflops=7.195157 speedup=2.314815
