device=AMD Instinct MI300A arch=gfx942:sramecc+:xnack- HIP=60443484 CUs=228 memory_bytes=137438953472 rocSOLVER=3.28.2.1b897f5 rocBLAS=4.4.1.f08d23e3 baseline=rocsolver_dgetrf_npvt fp64 seed=20261001 method=auto matrix=dense n=2559 lda=2559 offset=0 warmup=5 repeats=30
validate n=2559 lda=2559 kind=dense info=7/0 L_rel=7.9246e-16 U_rel=1.8396e-15 residual_scaled=3.1693e-03/7.9183e-04 PASS
sample n=2559 lda=2559 iteration=0 first=cdls cdls_ms=2.412898064 rocsolver_ms=5.552329063 cdls_submit_ms=0.008023000 roc_submit_ms=2.834123000 cdls_wall_ms=2.427701000 roc_wall_ms=5.559230000
sample n=2559 lda=2559 iteration=1 first=rocsolver cdls_ms=2.425117016 rocsolver_ms=5.926571846 cdls_submit_ms=0.013481000 roc_submit_ms=5.246370000 cdls_wall_ms=2.434521000 roc_wall_ms=5.933534000
sample n=2559 lda=2559 iteration=2 first=cdls cdls_ms=2.328567982 rocsolver_ms=5.529734135 cdls_submit_ms=0.009164000 roc_submit_ms=2.912263000 cdls_wall_ms=2.492089000 roc_wall_ms=5.537797000
sample n=2559 lda=2559 iteration=3 first=rocsolver cdls_ms=2.385094881 rocsolver_ms=6.037001133 cdls_submit_ms=0.012870000 roc_submit_ms=5.320364000 cdls_wall_ms=2.391825000 roc_wall_ms=6.045606000
sample n=2559 lda=2559 iteration=4 first=cdls cdls_ms=2.345194101 rocsolver_ms=5.562064171 cdls_submit_ms=0.008643000 roc_submit_ms=2.898702000 cdls_wall_ms=2.516046000 roc_wall_ms=5.569155000
sample n=2559 lda=2559 iteration=5 first=rocsolver cdls_ms=2.421631098 rocsolver_ms=6.051123142 cdls_submit_ms=0.010807000 roc_submit_ms=5.385794000 cdls_wall_ms=2.430685000 roc_wall_ms=6.058034000
sample n=2559 lda=2559 iteration=6 first=cdls cdls_ms=2.528114080 rocsolver_ms=5.594152927 cdls_submit_ms=0.164942000 roc_submit_ms=2.941568000 cdls_wall_ms=2.536647000 roc_wall_ms=5.604780000
sample n=2559 lda=2559 iteration=7 first=rocsolver cdls_ms=2.440700054 rocsolver_ms=5.964770794 cdls_submit_ms=0.019681000 roc_submit_ms=5.260022000 cdls_wall_ms=2.448442000 roc_wall_ms=5.974067000
sample n=2559 lda=2559 iteration=8 first=cdls cdls_ms=2.324522018 rocsolver_ms=5.404262066 cdls_submit_ms=0.013150000 roc_submit_ms=2.949330000 cdls_wall_ms=2.333686000 roc_wall_ms=5.413056000
sample n=2559 lda=2559 iteration=9 first=rocsolver cdls_ms=2.440099001 rocsolver_ms=6.084094048 cdls_submit_ms=0.017898000 roc_submit_ms=5.401249000 cdls_wall_ms=2.449554000 roc_wall_ms=6.093679000
sample n=2559 lda=2559 iteration=10 first=cdls cdls_ms=2.364664078 rocsolver_ms=5.415989876 cdls_submit_ms=0.011908000 roc_submit_ms=2.951874000 cdls_wall_ms=2.375090000 roc_wall_ms=5.426246000
sample n=2559 lda=2559 iteration=11 first=rocsolver cdls_ms=2.385576010 rocsolver_ms=6.089332104 cdls_submit_ms=0.016736000 roc_submit_ms=5.456192000 cdls_wall_ms=2.393899000 roc_wall_ms=6.097595000
sample n=2559 lda=2559 iteration=12 first=cdls cdls_ms=2.353766918 rocsolver_ms=5.590786934 cdls_submit_ms=0.012238000 roc_submit_ms=2.961509000 cdls_wall_ms=2.362501000 roc_wall_ms=5.601846000
sample n=2559 lda=2559 iteration=13 first=rocsolver cdls_ms=2.405647039 rocsolver_ms=6.038794994 cdls_submit_ms=0.018127000 roc_submit_ms=5.371001000 cdls_wall_ms=2.414631000 roc_wall_ms=6.049151000
sample n=2559 lda=2559 iteration=14 first=cdls cdls_ms=2.489734888 rocsolver_ms=5.569786072 cdls_submit_ms=0.166185000 roc_submit_ms=2.859983000 cdls_wall_ms=2.498839000 roc_wall_ms=5.580102000
sample n=2559 lda=2559 iteration=15 first=rocsolver cdls_ms=2.446669102 rocsolver_ms=6.064754009 cdls_submit_ms=0.019110000 roc_submit_ms=5.307685000 cdls_wall_ms=2.453831000 roc_wall_ms=6.073328000
sample n=2559 lda=2559 iteration=16 first=cdls cdls_ms=2.362139940 rocsolver_ms=5.565217972 cdls_submit_ms=0.018158000 roc_submit_ms=2.907746000 cdls_wall_ms=2.370683000 roc_wall_ms=5.574834000
sample n=2559 lda=2559 iteration=17 first=rocsolver cdls_ms=2.400319099 rocsolver_ms=6.120308876 cdls_submit_ms=0.017217000 roc_submit_ms=5.379114000 cdls_wall_ms=2.409242000 roc_wall_ms=6.126750000
sample n=2559 lda=2559 iteration=18 first=cdls cdls_ms=2.383091927 rocsolver_ms=5.409669876 cdls_submit_ms=0.015183000 roc_submit_ms=2.796967000 cdls_wall_ms=2.390645000 roc_wall_ms=5.417723000
sample n=2559 lda=2559 iteration=19 first=rocsolver cdls_ms=2.401441097 rocsolver_ms=6.033405781 cdls_submit_ms=0.022375000 roc_submit_ms=5.395419000 cdls_wall_ms=2.410644000 roc_wall_ms=6.040919000
sample n=2559 lda=2559 iteration=20 first=cdls cdls_ms=2.387578011 rocsolver_ms=5.599340916 cdls_submit_ms=0.016855000 roc_submit_ms=2.911602000 cdls_wall_ms=2.396664000 roc_wall_ms=5.612511000
sample n=2559 lda=2559 iteration=21 first=rocsolver cdls_ms=2.439457893 rocsolver_ms=5.934073925 cdls_submit_ms=0.018068000 roc_submit_ms=5.286002000 cdls_wall_ms=2.448252000 roc_wall_ms=5.943579000
sample n=2559 lda=2559 iteration=22 first=cdls cdls_ms=2.394989967 rocsolver_ms=5.590727806 cdls_submit_ms=0.010987000 roc_submit_ms=2.874465000 cdls_wall_ms=2.403633000 roc_wall_ms=5.601114000
sample n=2559 lda=2559 iteration=23 first=rocsolver cdls_ms=2.421030045 rocsolver_ms=5.849834919 cdls_submit_ms=0.018208000 roc_submit_ms=5.344762000 cdls_wall_ms=2.429994000 roc_wall_ms=5.857748000
sample n=2559 lda=2559 iteration=24 first=cdls cdls_ms=2.372476101 rocsolver_ms=5.578217983 cdls_submit_ms=0.012719000 roc_submit_ms=2.877381000 cdls_wall_ms=2.380288000 roc_wall_ms=5.587373000
sample n=2559 lda=2559 iteration=25 first=rocsolver cdls_ms=2.379606962 rocsolver_ms=5.919560909 cdls_submit_ms=0.016916000 roc_submit_ms=5.239790000 cdls_wall_ms=2.386437000 roc_wall_ms=5.926874000
sample n=2559 lda=2559 iteration=26 first=cdls cdls_ms=2.361299038 rocsolver_ms=5.404592037 cdls_submit_ms=0.009384000 roc_submit_ms=2.750987000 cdls_wall_ms=2.370984000 roc_wall_ms=5.413677000
sample n=2559 lda=2559 iteration=27 first=rocsolver cdls_ms=2.446269035 rocsolver_ms=5.975477219 cdls_submit_ms=0.020061000 roc_submit_ms=5.339934000 cdls_wall_ms=2.452418000 roc_wall_ms=5.982790000
sample n=2559 lda=2559 iteration=28 first=cdls cdls_ms=2.369271040 rocsolver_ms=5.583897114 cdls_submit_ms=0.050337000 roc_submit_ms=2.889378000 cdls_wall_ms=2.380338000 roc_wall_ms=5.593022000
sample n=2559 lda=2559 iteration=29 first=rocsolver cdls_ms=2.417464972 rocsolver_ms=5.990220070 cdls_submit_ms=0.017196000 roc_submit_ms=5.292171000 cdls_wall_ms=2.426178000 roc_wall_ms=5.998864000
bench n=2559 lda=2559 repeats=30 cdls_median_ms=2.397655 rocsolver_median_ms=5.724588 cdls_mean_ms=2.401148 rocsolver_mean_ms=5.767670 cdls_gflops=4658.066358 workspace_bytes=6408 roc_workspace_bytes=11027648 cdls_submit_ms=0.016885 roc_submit_ms=4.100650 cdls_wall_ms=2.412637 roc_wall_ms=5.735129 rocsolver_gflops=1950.958581 speedup=2.387578
