device=AMD Instinct MI300A arch=gfx942:sramecc+:xnack- HIP=60443484 CUs=228 memory_bytes=137438953472 rocSOLVER=3.28.2.1b897f5 rocBLAS=4.4.1.f08d23e3 baseline=rocsolver_dgetrf_npvt fp64 seed=20261001 method=auto matrix=dense n=7 lda=7 offset=0 warmup=20 repeats=30
validate n=7 lda=7 kind=dense info=7/0 L_rel=2.8092e-17 U_rel=0.0000e+00 residual_scaled=5.9726e-02/5.9720e-02 cpu_residual_scaled=6.1483e-02/6.1832e-02 PASS
sample n=7 lda=7 iteration=0 first=cdls cdls_ms=0.012259000 rocsolver_ms=0.010897000 cdls_submit_ms=0.008383000 roc_submit_ms=0.007351000 cdls_wall_ms=0.025589000 roc_wall_ms=0.019119000
sample n=7 lda=7 iteration=1 first=rocsolver cdls_ms=0.007291000 rocsolver_ms=0.019509999 cdls_submit_ms=0.002764000 roc_submit_ms=0.013621000 cdls_wall_ms=0.015795000 roc_wall_ms=0.027742000
sample n=7 lda=7 iteration=2 first=cdls cdls_ms=0.008893000 rocsolver_ms=0.010537000 cdls_submit_ms=0.004136000 roc_submit_ms=0.005849000 cdls_wall_ms=0.023657000 roc_wall_ms=0.019259000
sample n=7 lda=7 iteration=3 first=rocsolver cdls_ms=0.010496000 rocsolver_ms=0.016586000 cdls_submit_ms=0.003655000 roc_submit_ms=0.008153000 cdls_wall_ms=0.020221000 roc_wall_ms=0.023306000
sample n=7 lda=7 iteration=4 first=cdls cdls_ms=0.007011000 rocsolver_ms=0.017747000 cdls_submit_ms=0.002153000 roc_submit_ms=0.007932000 cdls_wall_ms=0.016025000 roc_wall_ms=0.025108000
sample n=7 lda=7 iteration=5 first=rocsolver cdls_ms=0.007211000 rocsolver_ms=0.018588999 cdls_submit_ms=0.002805000 roc_submit_ms=0.013500000 cdls_wall_ms=0.015344000 roc_wall_ms=0.027072000
sample n=7 lda=7 iteration=6 first=cdls cdls_ms=0.010697000 rocsolver_ms=0.010015000 cdls_submit_ms=0.003496000 roc_submit_ms=0.006650000 cdls_wall_ms=0.018218000 roc_wall_ms=0.018959000
sample n=7 lda=7 iteration=7 first=rocsolver cdls_ms=0.007852000 rocsolver_ms=0.013781000 cdls_submit_ms=0.004026000 roc_submit_ms=0.011317000 cdls_wall_ms=0.018068000 roc_wall_ms=0.022354000
sample n=7 lda=7 iteration=8 first=cdls cdls_ms=0.008253000 rocsolver_ms=0.011137000 cdls_submit_ms=0.002724000 roc_submit_ms=0.008062000 cdls_wall_ms=0.015754000 roc_wall_ms=0.019630000
sample n=7 lda=7 iteration=9 first=rocsolver cdls_ms=0.006369000 rocsolver_ms=0.017106000 cdls_submit_ms=0.003075000 roc_submit_ms=0.012109000 cdls_wall_ms=0.014012000 roc_wall_ms=0.025660000
sample n=7 lda=7 iteration=10 first=cdls cdls_ms=0.011818000 rocsolver_ms=0.016705999 cdls_submit_ms=0.003315000 roc_submit_ms=0.012660000 cdls_wall_ms=0.020010000 roc_wall_ms=0.026250000
sample n=7 lda=7 iteration=11 first=rocsolver cdls_ms=0.007211000 rocsolver_ms=0.018107999 cdls_submit_ms=0.002254000 roc_submit_ms=0.014092000 cdls_wall_ms=0.016375000 roc_wall_ms=0.026811000
sample n=7 lda=7 iteration=12 first=cdls cdls_ms=0.008293000 rocsolver_ms=0.012860000 cdls_submit_ms=0.003526000 roc_submit_ms=0.008042000 cdls_wall_ms=0.018468000 roc_wall_ms=0.020070000
sample n=7 lda=7 iteration=13 first=rocsolver cdls_ms=0.012859000 rocsolver_ms=0.011939000 cdls_submit_ms=0.002864000 roc_submit_ms=0.006390000 cdls_wall_ms=0.022394000 roc_wall_ms=0.019940000
sample n=7 lda=7 iteration=14 first=cdls cdls_ms=0.009214000 rocsolver_ms=0.015945001 cdls_submit_ms=0.004867000 roc_submit_ms=0.009514000 cdls_wall_ms=0.017678000 roc_wall_ms=0.023275000
sample n=7 lda=7 iteration=15 first=rocsolver cdls_ms=0.006931000 rocsolver_ms=0.011778000 cdls_submit_ms=0.002434000 roc_submit_ms=0.007722000 cdls_wall_ms=0.016365000 roc_wall_ms=0.025990000
sample n=7 lda=7 iteration=16 first=cdls cdls_ms=0.007973000 rocsolver_ms=0.015823999 cdls_submit_ms=0.003475000 roc_submit_ms=0.007772000 cdls_wall_ms=0.016956000 roc_wall_ms=0.024167000
sample n=7 lda=7 iteration=17 first=rocsolver cdls_ms=0.006970000 rocsolver_ms=0.011297000 cdls_submit_ms=0.002774000 roc_submit_ms=0.007662000 cdls_wall_ms=0.015103000 roc_wall_ms=0.022504000
sample n=7 lda=7 iteration=18 first=cdls cdls_ms=0.006811000 rocsolver_ms=0.013501000 cdls_submit_ms=0.002123000 roc_submit_ms=0.008954000 cdls_wall_ms=0.016005000 roc_wall_ms=0.021693000
sample n=7 lda=7 iteration=19 first=rocsolver cdls_ms=0.008974000 rocsolver_ms=0.011658000 cdls_submit_ms=0.002634000 roc_submit_ms=0.007382000 cdls_wall_ms=0.016165000 roc_wall_ms=0.018578000
sample n=7 lda=7 iteration=20 first=cdls cdls_ms=0.007091000 rocsolver_ms=0.013300000 cdls_submit_ms=0.002163000 roc_submit_ms=0.007632000 cdls_wall_ms=0.021042000 roc_wall_ms=0.022064000
sample n=7 lda=7 iteration=21 first=rocsolver cdls_ms=0.007051000 rocsolver_ms=0.010777000 cdls_submit_ms=0.002023000 roc_submit_ms=0.007371000 cdls_wall_ms=0.014552000 roc_wall_ms=0.017877000
sample n=7 lda=7 iteration=22 first=cdls cdls_ms=0.007652000 rocsolver_ms=0.015423000 cdls_submit_ms=0.003346000 roc_submit_ms=0.009805000 cdls_wall_ms=0.015083000 roc_wall_ms=0.023356000
sample n=7 lda=7 iteration=23 first=rocsolver cdls_ms=0.011899000 rocsolver_ms=0.013181000 cdls_submit_ms=0.003185000 roc_submit_ms=0.008553000 cdls_wall_ms=0.019210000 roc_wall_ms=0.020502000
sample n=7 lda=7 iteration=24 first=cdls cdls_ms=0.007011000 rocsolver_ms=0.014222000 cdls_submit_ms=0.001923000 roc_submit_ms=0.009916000 cdls_wall_ms=0.020301000 roc_wall_ms=0.025669000
sample n=7 lda=7 iteration=25 first=rocsolver cdls_ms=0.011577000 rocsolver_ms=0.012138000 cdls_submit_ms=0.003335000 roc_submit_ms=0.007412000 cdls_wall_ms=0.019109000 roc_wall_ms=0.020802000
sample n=7 lda=7 iteration=26 first=cdls cdls_ms=0.008213000 rocsolver_ms=0.015144000 cdls_submit_ms=0.004196000 roc_submit_ms=0.009315000 cdls_wall_ms=0.017797000 roc_wall_ms=0.022174000
sample n=7 lda=7 iteration=27 first=rocsolver cdls_ms=0.010375000 rocsolver_ms=0.009735000 cdls_submit_ms=0.004056000 roc_submit_ms=0.006310000 cdls_wall_ms=0.018368000 roc_wall_ms=0.018338000
sample n=7 lda=7 iteration=28 first=cdls cdls_ms=0.007131000 rocsolver_ms=0.017828001 cdls_submit_ms=0.002063000 roc_submit_ms=0.013311000 cdls_wall_ms=0.013941000 roc_wall_ms=0.026560000
sample n=7 lda=7 iteration=29 first=rocsolver cdls_ms=0.010696000 rocsolver_ms=0.013100000 cdls_submit_ms=0.002454000 roc_submit_ms=0.007802000 cdls_wall_ms=0.017718000 roc_wall_ms=0.019821000
bench n=7 lda=7 repeats=30 cdls_median_ms=0.008093 rocsolver_median_ms=0.013400 cdls_mean_ms=0.008736 rocsolver_mean_ms=0.014012 cdls_gflops=0.025083 workspace_bytes=12 roc_workspace_bytes=0 cdls_submit_ms=0.002969 roc_submit_ms=0.008052 cdls_wall_ms=0.017698 roc_wall_ms=0.022264 rocsolver_gflops=0.015149 speedup=1.655814
