device=AMD Instinct MI300A arch=gfx942:sramecc+:xnack- HIP=60443484 CUs=228 memory_bytes=137438953472 rocSOLVER=3.28.2.1b897f5 rocBLAS=4.4.1.f08d23e3 baseline=rocsolver_dgetrf_npvt fp64 seed=20261001 method=auto matrix=dense n=129 lda=129 offset=0 warmup=5 repeats=30
validate n=129 lda=129 kind=dense info=7/0 L_rel=2.0622e-16 U_rel=5.3352e-16 residual_scaled=1.8029e-02/7.7731e-03 PASS
sample n=129 lda=129 iteration=0 first=cdls cdls_ms=0.112251997 rocsolver_ms=0.210321993 cdls_submit_ms=0.013160000 roc_submit_ms=0.164733000 cdls_wall_ms=0.125493000 roc_wall_ms=0.216982000
sample n=129 lda=129 iteration=1 first=rocsolver cdls_ms=0.110529996 rocsolver_ms=0.218814999 cdls_submit_ms=0.010977000 roc_submit_ms=0.216912000 cdls_wall_ms=0.117630000 roc_wall_ms=0.224594000
sample n=129 lda=129 iteration=2 first=cdls cdls_ms=0.117219999 rocsolver_ms=0.197383001 cdls_submit_ms=0.014452000 roc_submit_ms=0.150090000 cdls_wall_ms=0.130710000 roc_wall_ms=0.205445000
sample n=129 lda=129 iteration=3 first=rocsolver cdls_ms=0.109929003 rocsolver_ms=0.197904006 cdls_submit_ms=0.010536000 roc_submit_ms=0.192526000 cdls_wall_ms=0.118501000 roc_wall_ms=0.205886000
sample n=129 lda=129 iteration=4 first=cdls cdls_ms=0.109848000 rocsolver_ms=0.186406001 cdls_submit_ms=0.011838000 roc_submit_ms=0.144081000 cdls_wall_ms=0.118242000 roc_wall_ms=0.193216000
sample n=129 lda=129 iteration=5 first=rocsolver cdls_ms=0.109448001 rocsolver_ms=0.243252993 cdls_submit_ms=0.011368000 roc_submit_ms=0.240258000 cdls_wall_ms=0.118342000 roc_wall_ms=0.251946000
sample n=129 lda=129 iteration=6 first=cdls cdls_ms=0.110528998 rocsolver_ms=0.193455994 cdls_submit_ms=0.011277000 roc_submit_ms=0.159445000 cdls_wall_ms=0.123169000 roc_wall_ms=0.201418000
sample n=129 lda=129 iteration=7 first=rocsolver cdls_ms=0.107363999 rocsolver_ms=0.237804994 cdls_submit_ms=0.008463000 roc_submit_ms=0.235231000 cdls_wall_ms=0.115217000 roc_wall_ms=0.246668000
sample n=129 lda=129 iteration=8 first=cdls cdls_ms=0.106482998 rocsolver_ms=0.188168004 cdls_submit_ms=0.007852000 roc_submit_ms=0.140426000 cdls_wall_ms=0.114124000 roc_wall_ms=0.196972000
sample n=129 lda=129 iteration=9 first=rocsolver cdls_ms=0.107165001 rocsolver_ms=0.222221002 cdls_submit_ms=0.010035000 roc_submit_ms=0.216121000 cdls_wall_ms=0.115727000 roc_wall_ms=0.231094000
sample n=129 lda=129 iteration=10 first=cdls cdls_ms=0.108406000 rocsolver_ms=0.190090999 cdls_submit_ms=0.012820000 roc_submit_ms=0.148317000 cdls_wall_ms=0.121816000 roc_wall_ms=0.200468000
sample n=129 lda=129 iteration=11 first=rocsolver cdls_ms=0.104680002 rocsolver_ms=0.228510007 cdls_submit_ms=0.009184000 roc_submit_ms=0.221760000 cdls_wall_ms=0.113084000 roc_wall_ms=0.237033000
sample n=129 lda=129 iteration=12 first=cdls cdls_ms=0.111971997 rocsolver_ms=0.185203999 cdls_submit_ms=0.010666000 roc_submit_ms=0.139594000 cdls_wall_ms=0.120335000 roc_wall_ms=0.194047000
sample n=129 lda=129 iteration=13 first=rocsolver cdls_ms=0.104640000 rocsolver_ms=0.216973007 cdls_submit_ms=0.009334000 roc_submit_ms=0.210693000 cdls_wall_ms=0.114506000 roc_wall_ms=0.225105000
sample n=129 lda=129 iteration=14 first=cdls cdls_ms=0.107484996 rocsolver_ms=0.184483007 cdls_submit_ms=0.009735000 roc_submit_ms=0.143800000 cdls_wall_ms=0.115797000 roc_wall_ms=0.192255000
sample n=129 lda=129 iteration=15 first=rocsolver cdls_ms=0.111451000 rocsolver_ms=0.215610996 cdls_submit_ms=0.013511000 roc_submit_ms=0.211203000 cdls_wall_ms=0.119433000 roc_wall_ms=0.222420000
sample n=129 lda=129 iteration=16 first=cdls cdls_ms=0.104920998 rocsolver_ms=0.194699004 cdls_submit_ms=0.007792000 roc_submit_ms=0.144852000 cdls_wall_ms=0.113584000 roc_wall_ms=0.203902000
sample n=129 lda=129 iteration=17 first=rocsolver cdls_ms=0.111611001 rocsolver_ms=0.206836998 cdls_submit_ms=0.013741000 roc_submit_ms=0.205805000 cdls_wall_ms=0.118802000 roc_wall_ms=0.215941000
sample n=129 lda=129 iteration=18 first=cdls cdls_ms=0.108847000 rocsolver_ms=0.196219996 cdls_submit_ms=0.010566000 roc_submit_ms=0.146254000 cdls_wall_ms=0.116719000 roc_wall_ms=0.204664000
sample n=129 lda=129 iteration=19 first=rocsolver cdls_ms=0.105842002 rocsolver_ms=0.224703997 cdls_submit_ms=0.010056000 roc_submit_ms=0.221459000 cdls_wall_ms=0.113844000 roc_wall_ms=0.232276000
sample n=129 lda=129 iteration=20 first=cdls cdls_ms=0.110729001 rocsolver_ms=0.193617001 cdls_submit_ms=0.015283000 roc_submit_ms=0.147767000 cdls_wall_ms=0.126945000 roc_wall_ms=0.202351000
sample n=129 lda=129 iteration=21 first=rocsolver cdls_ms=0.104759999 rocsolver_ms=0.224745005 cdls_submit_ms=0.009474000 roc_submit_ms=0.218585000 cdls_wall_ms=0.113213000 roc_wall_ms=0.233558000
sample n=129 lda=129 iteration=22 first=cdls cdls_ms=0.107886001 rocsolver_ms=0.196902007 cdls_submit_ms=0.012059000 roc_submit_ms=0.147165000 cdls_wall_ms=0.121967000 roc_wall_ms=0.208039000
sample n=129 lda=129 iteration=23 first=rocsolver cdls_ms=0.104240000 rocsolver_ms=0.211685002 cdls_submit_ms=0.009284000 roc_submit_ms=0.208359000 cdls_wall_ms=0.112793000 roc_wall_ms=0.219606000
sample n=129 lda=129 iteration=24 first=cdls cdls_ms=0.104520001 rocsolver_ms=0.181477994 cdls_submit_ms=0.009464000 roc_submit_ms=0.136198000 cdls_wall_ms=0.112913000 roc_wall_ms=0.190382000
sample n=129 lda=129 iteration=25 first=rocsolver cdls_ms=0.113293998 rocsolver_ms=0.192615002 cdls_submit_ms=0.018378000 roc_submit_ms=0.188009000 cdls_wall_ms=0.123179000 roc_wall_ms=0.200427000
sample n=129 lda=129 iteration=26 first=cdls cdls_ms=0.108165003 rocsolver_ms=0.188809007 cdls_submit_ms=0.011528000 roc_submit_ms=0.149198000 cdls_wall_ms=0.124691000 roc_wall_ms=0.200567000
sample n=129 lda=129 iteration=27 first=rocsolver cdls_ms=0.111290000 rocsolver_ms=0.183641002 cdls_submit_ms=0.015704000 roc_submit_ms=0.181478000 cdls_wall_ms=0.120755000 roc_wall_ms=0.192225000
sample n=129 lda=129 iteration=28 first=cdls cdls_ms=0.105962001 rocsolver_ms=0.208638996 cdls_submit_ms=0.008894000 roc_submit_ms=0.158132000 cdls_wall_ms=0.113814000 roc_wall_ms=0.216131000
sample n=129 lda=129 iteration=29 first=rocsolver cdls_ms=0.109647997 rocsolver_ms=0.188207999 cdls_submit_ms=0.015945000 roc_submit_ms=0.183321000 cdls_wall_ms=0.119954000 roc_wall_ms=0.196361000
bench n=129 lda=129 repeats=30 cdls_median_ms=0.108626 rocsolver_median_ms=0.197143 cdls_mean_ms=0.108704 rocsolver_mean_ms=0.203647 cdls_gflops=13.097946 workspace_bytes=44 roc_workspace_bytes=265472 cdls_submit_ms=0.010822 roc_submit_ms=0.173105 cdls_wall_ms=0.118292 roc_wall_ms=0.205666 rocsolver_gflops=7.217033 speedup=1.814866
