device=AMD Instinct MI300A arch=gfx942:sramecc+:xnack- HIP=60443484 CUs=228 memory_bytes=137438953472 rocSOLVER=3.28.2.1b897f5 rocBLAS=4.4.1.f08d23e3 baseline=rocsolver_dgetrf_npvt fp64 seed=20261001 method=auto matrix=dense n=15 lda=15 offset=0 warmup=20 repeats=30
validate n=15 lda=15 kind=dense info=7/0 L_rel=3.7362e-17 U_rel=2.2981e-18 residual_scaled=4.0113e-02/4.0207e-02 cpu_residual_scaled=3.2036e-02/3.2136e-02 PASS
sample n=15 lda=15 iteration=0 first=cdls cdls_ms=0.010335000 rocsolver_ms=0.013701000 cdls_submit_ms=0.002714000 roc_submit_ms=0.006831000 cdls_wall_ms=0.029395000 roc_wall_ms=0.021663000
sample n=15 lda=15 iteration=1 first=rocsolver cdls_ms=0.009494000 rocsolver_ms=0.028442999 cdls_submit_ms=0.002383000 roc_submit_ms=0.021413000 cdls_wall_ms=0.017337000 roc_wall_ms=0.036085000
sample n=15 lda=15 iteration=2 first=cdls cdls_ms=0.010777000 rocsolver_ms=0.014422000 cdls_submit_ms=0.003966000 roc_submit_ms=0.007191000 cdls_wall_ms=0.018448000 roc_wall_ms=0.023446000
sample n=15 lda=15 iteration=3 first=rocsolver cdls_ms=0.009134000 rocsolver_ms=0.016225001 cdls_submit_ms=0.003175000 roc_submit_ms=0.009925000 cdls_wall_ms=0.017697000 roc_wall_ms=0.026360000
sample n=15 lda=15 iteration=4 first=cdls cdls_ms=0.009335000 rocsolver_ms=0.014542000 cdls_submit_ms=0.002343000 roc_submit_ms=0.007512000 cdls_wall_ms=0.016996000 roc_wall_ms=0.021873000
sample n=15 lda=15 iteration=5 first=rocsolver cdls_ms=0.009415000 rocsolver_ms=0.012218000 cdls_submit_ms=0.002343000 roc_submit_ms=0.005778000 cdls_wall_ms=0.017277000 roc_wall_ms=0.019049000
sample n=15 lda=15 iteration=6 first=cdls cdls_ms=0.010496000 rocsolver_ms=0.015823999 cdls_submit_ms=0.002364000 roc_submit_ms=0.009334000 cdls_wall_ms=0.017787000 roc_wall_ms=0.024047000
sample n=15 lda=15 iteration=7 first=rocsolver cdls_ms=0.009254000 rocsolver_ms=0.014663000 cdls_submit_ms=0.002143000 roc_submit_ms=0.007802000 cdls_wall_ms=0.016585000 roc_wall_ms=0.022364000
sample n=15 lda=15 iteration=8 first=cdls cdls_ms=0.010456000 rocsolver_ms=0.013541000 cdls_submit_ms=0.003495000 roc_submit_ms=0.007862000 cdls_wall_ms=0.020602000 roc_wall_ms=0.022154000
sample n=15 lda=15 iteration=9 first=rocsolver cdls_ms=0.009695000 rocsolver_ms=0.013581000 cdls_submit_ms=0.002564000 roc_submit_ms=0.006540000 cdls_wall_ms=0.019089000 roc_wall_ms=0.020531000
sample n=15 lda=15 iteration=10 first=cdls cdls_ms=0.009454000 rocsolver_ms=0.015624000 cdls_submit_ms=0.002364000 roc_submit_ms=0.008773000 cdls_wall_ms=0.018809000 roc_wall_ms=0.022885000
sample n=15 lda=15 iteration=11 first=rocsolver cdls_ms=0.011818000 rocsolver_ms=0.011337000 cdls_submit_ms=0.002554000 roc_submit_ms=0.004918000 cdls_wall_ms=0.020281000 roc_wall_ms=0.018689000
sample n=15 lda=15 iteration=12 first=cdls cdls_ms=0.010736000 rocsolver_ms=0.012659000 cdls_submit_ms=0.003596000 roc_submit_ms=0.007101000 cdls_wall_ms=0.019389000 roc_wall_ms=0.022935000
sample n=15 lda=15 iteration=13 first=rocsolver cdls_ms=0.012139000 rocsolver_ms=0.010696000 cdls_submit_ms=0.002363000 roc_submit_ms=0.005448000 cdls_wall_ms=0.020081000 roc_wall_ms=0.018959000
sample n=15 lda=15 iteration=14 first=cdls cdls_ms=0.013621000 rocsolver_ms=0.018468000 cdls_submit_ms=0.004767000 roc_submit_ms=0.011738000 cdls_wall_ms=0.022886000 roc_wall_ms=0.026090000
sample n=15 lda=15 iteration=15 first=rocsolver cdls_ms=0.009334000 rocsolver_ms=0.011538000 cdls_submit_ms=0.002584000 roc_submit_ms=0.007070000 cdls_wall_ms=0.016405000 roc_wall_ms=0.022805000
sample n=15 lda=15 iteration=16 first=cdls cdls_ms=0.011498000 rocsolver_ms=0.016945999 cdls_submit_ms=0.004688000 roc_submit_ms=0.008493000 cdls_wall_ms=0.021022000 roc_wall_ms=0.025369000
sample n=15 lda=15 iteration=17 first=rocsolver cdls_ms=0.009495000 rocsolver_ms=0.018588001 cdls_submit_ms=0.002434000 roc_submit_ms=0.012359000 cdls_wall_ms=0.018238000 roc_wall_ms=0.027171000
sample n=15 lda=15 iteration=18 first=cdls cdls_ms=0.009375000 rocsolver_ms=0.015423000 cdls_submit_ms=0.002233000 roc_submit_ms=0.009174000 cdls_wall_ms=0.017217000 roc_wall_ms=0.028033000
sample n=15 lda=15 iteration=19 first=rocsolver cdls_ms=0.009575000 rocsolver_ms=0.012099000 cdls_submit_ms=0.002223000 roc_submit_ms=0.006530000 cdls_wall_ms=0.018167000 roc_wall_ms=0.021113000
sample n=15 lda=15 iteration=20 first=cdls cdls_ms=0.009735000 rocsolver_ms=0.015143000 cdls_submit_ms=0.002724000 roc_submit_ms=0.009094000 cdls_wall_ms=0.017447000 roc_wall_ms=0.024637000
sample n=15 lda=15 iteration=21 first=rocsolver cdls_ms=0.009414000 rocsolver_ms=0.012819000 cdls_submit_ms=0.002043000 roc_submit_ms=0.008203000 cdls_wall_ms=0.016966000 roc_wall_ms=0.022244000
sample n=15 lda=15 iteration=22 first=cdls cdls_ms=0.011338000 rocsolver_ms=0.015744001 cdls_submit_ms=0.004086000 roc_submit_ms=0.008863000 cdls_wall_ms=0.019009000 roc_wall_ms=0.023266000
sample n=15 lda=15 iteration=23 first=rocsolver cdls_ms=0.011899000 rocsolver_ms=0.012379000 cdls_submit_ms=0.002654000 roc_submit_ms=0.005889000 cdls_wall_ms=0.020111000 roc_wall_ms=0.021143000
sample n=15 lda=15 iteration=24 first=cdls cdls_ms=0.010896000 rocsolver_ms=0.019710001 cdls_submit_ms=0.002794000 roc_submit_ms=0.012339000 cdls_wall_ms=0.020141000 roc_wall_ms=0.028905000
sample n=15 lda=15 iteration=25 first=rocsolver cdls_ms=0.009254000 rocsolver_ms=0.012419000 cdls_submit_ms=0.001993000 roc_submit_ms=0.007302000 cdls_wall_ms=0.016776000 roc_wall_ms=0.020962000
sample n=15 lda=15 iteration=26 first=cdls cdls_ms=0.009494000 rocsolver_ms=0.013821000 cdls_submit_ms=0.002934000 roc_submit_ms=0.009444000 cdls_wall_ms=0.017436000 roc_wall_ms=0.023546000
sample n=15 lda=15 iteration=27 first=rocsolver cdls_ms=0.010015000 rocsolver_ms=0.012819000 cdls_submit_ms=0.002383000 roc_submit_ms=0.008053000 cdls_wall_ms=0.018749000 roc_wall_ms=0.022494000
sample n=15 lda=15 iteration=28 first=cdls cdls_ms=0.009574000 rocsolver_ms=0.013701000 cdls_submit_ms=0.002474000 roc_submit_ms=0.008563000 cdls_wall_ms=0.017987000 roc_wall_ms=0.023096000
sample n=15 lda=15 iteration=29 first=rocsolver cdls_ms=0.009455000 rocsolver_ms=0.013861000 cdls_submit_ms=0.002444000 roc_submit_ms=0.008162000 cdls_wall_ms=0.018509000 roc_wall_ms=0.023777000
bench n=15 lda=15 repeats=30 cdls_median_ms=0.009635 rocsolver_median_ms=0.013841 cdls_mean_ms=0.010217 rocsolver_mean_ms=0.014765 cdls_gflops=0.221588 workspace_bytes=12 roc_workspace_bytes=0 cdls_submit_ms=0.002514 roc_submit_ms=0.008108 cdls_wall_ms=0.018343 roc_wall_ms=0.022910 rocsolver_gflops=0.154252 speedup=1.436533
