device=AMD Instinct MI300A arch=gfx942:sramecc+:xnack- HIP=60443484 CUs=228 memory_bytes=137438953472 rocSOLVER=3.28.2.1b897f5 rocBLAS=4.4.1.f08d23e3 baseline=rocsolver_dgetrf_npvt fp64 seed=20261001 method=auto matrix=dense n=8193 lda=8193 offset=0 warmup=5 repeats=30
validate n=8193 lda=8193 kind=dense info=7/0 L_rel=6.5345e-16 U_rel=1.9751e-15 residual_scaled=1.1400e-03/3.9529e-04 PASS
sample n=8193 lda=8193 iteration=0 first=cdls cdls_ms=20.100753784 rocsolver_ms=27.353979111 cdls_submit_ms=0.885187000 roc_submit_ms=9.114778000 cdls_wall_ms=20.117871000 roc_wall_ms=27.362152000
sample n=8193 lda=8193 iteration=1 first=rocsolver cdls_ms=20.096578598 rocsolver_ms=27.897602081 cdls_submit_ms=0.947923000 roc_submit_ms=12.844394000 cdls_wall_ms=20.106262000 roc_wall_ms=28.198555000
sample n=8193 lda=8193 iteration=2 first=cdls cdls_ms=19.824459076 rocsolver_ms=27.321699142 cdls_submit_ms=0.500798000 roc_submit_ms=9.181080000 cdls_wall_ms=19.831912000 roc_wall_ms=27.332588000
sample n=8193 lda=8193 iteration=3 first=rocsolver cdls_ms=19.862680435 rocsolver_ms=27.931392670 cdls_submit_ms=0.616185000 roc_submit_ms=12.650697000 cdls_wall_ms=20.208069000 roc_wall_ms=28.238785000
sample n=8193 lda=8193 iteration=4 first=cdls cdls_ms=19.993560791 rocsolver_ms=27.282020569 cdls_submit_ms=0.520448000 roc_submit_ms=9.165647000 cdls_wall_ms=20.002654000 roc_wall_ms=27.291404000
sample n=8193 lda=8193 iteration=5 first=rocsolver cdls_ms=19.899124146 rocsolver_ms=28.196729660 cdls_submit_ms=0.662315000 roc_submit_ms=12.108987000 cdls_wall_ms=20.225385000 roc_wall_ms=28.207568000
sample n=8193 lda=8193 iteration=6 first=cdls cdls_ms=19.769916534 rocsolver_ms=27.435483932 cdls_submit_ms=0.376317000 roc_submit_ms=8.991449000 cdls_wall_ms=19.780233000 roc_wall_ms=27.442615000
sample n=8193 lda=8193 iteration=7 first=rocsolver cdls_ms=20.084980011 rocsolver_ms=28.146903992 cdls_submit_ms=0.952279000 roc_submit_ms=11.624625000 cdls_wall_ms=20.092983000 roc_wall_ms=28.447366000
sample n=8193 lda=8193 iteration=8 first=cdls cdls_ms=19.683593750 rocsolver_ms=27.454893112 cdls_submit_ms=0.329294000 roc_submit_ms=8.936356000 cdls_wall_ms=19.692129000 roc_wall_ms=27.463117000
sample n=8193 lda=8193 iteration=9 first=rocsolver cdls_ms=19.905254364 rocsolver_ms=28.293830872 cdls_submit_ms=0.833267000 roc_submit_ms=10.736624000 cdls_wall_ms=19.913308000 roc_wall_ms=28.425282000
sample n=8193 lda=8193 iteration=10 first=cdls cdls_ms=19.830789566 rocsolver_ms=27.464267731 cdls_submit_ms=0.327221000 roc_submit_ms=9.072774000 cdls_wall_ms=19.840786000 roc_wall_ms=27.472071000
sample n=8193 lda=8193 iteration=11 first=rocsolver cdls_ms=20.278116226 rocsolver_ms=28.157760620 cdls_submit_ms=0.933060000 roc_submit_ms=10.600015000 cdls_wall_ms=20.287691000 roc_wall_ms=28.449068000
sample n=8193 lda=8193 iteration=12 first=cdls cdls_ms=19.817407608 rocsolver_ms=27.542127609 cdls_submit_ms=0.360302000 roc_submit_ms=9.398353000 cdls_wall_ms=19.826554000 roc_wall_ms=27.550351000
sample n=8193 lda=8193 iteration=13 first=rocsolver cdls_ms=20.108095169 rocsolver_ms=28.353939056 cdls_submit_ms=0.657037000 roc_submit_ms=10.528214000 cdls_wall_ms=20.410799000 roc_wall_ms=28.363457000
sample n=8193 lda=8193 iteration=14 first=cdls cdls_ms=19.934879303 rocsolver_ms=27.436016083 cdls_submit_ms=0.345139000 roc_submit_ms=8.959941000 cdls_wall_ms=19.942762000 roc_wall_ms=27.444389000
sample n=8193 lda=8193 iteration=15 first=rocsolver cdls_ms=19.775875092 rocsolver_ms=28.411369324 cdls_submit_ms=0.640641000 roc_submit_ms=10.861005000 cdls_wall_ms=20.092782000 roc_wall_ms=28.421195000
sample n=8193 lda=8193 iteration=16 first=cdls cdls_ms=19.847486496 rocsolver_ms=27.437416077 cdls_submit_ms=0.338840000 roc_submit_ms=8.956385000 cdls_wall_ms=19.856500000 roc_wall_ms=27.445069000
sample n=8193 lda=8193 iteration=17 first=rocsolver cdls_ms=20.334842682 rocsolver_ms=28.305475235 cdls_submit_ms=0.984198000 roc_submit_ms=10.558070000 cdls_wall_ms=20.344618000 roc_wall_ms=28.314151000
sample n=8193 lda=8193 iteration=18 first=cdls cdls_ms=19.969421387 rocsolver_ms=27.418508530 cdls_submit_ms=0.329014000 roc_submit_ms=8.914632000 cdls_wall_ms=19.978336000 roc_wall_ms=27.427562000
sample n=8193 lda=8193 iteration=19 first=rocsolver cdls_ms=19.974679947 rocsolver_ms=28.262680054 cdls_submit_ms=0.665189000 roc_submit_ms=10.951933000 cdls_wall_ms=20.280650000 roc_wall_ms=28.271767000
sample n=8193 lda=8193 iteration=20 first=cdls cdls_ms=20.071107864 rocsolver_ms=27.599925995 cdls_submit_ms=0.326500000 roc_submit_ms=8.969596000 cdls_wall_ms=20.078009000 roc_wall_ms=27.607869000
sample n=8193 lda=8193 iteration=21 first=rocsolver cdls_ms=19.936681747 rocsolver_ms=28.483228683 cdls_submit_ms=0.665130000 roc_submit_ms=10.610370000 cdls_wall_ms=20.258456000 roc_wall_ms=28.770451000
sample n=8193 lda=8193 iteration=22 first=cdls cdls_ms=19.904142380 rocsolver_ms=27.418287277 cdls_submit_ms=0.346441000 roc_submit_ms=8.965469000 cdls_wall_ms=19.912036000 roc_wall_ms=27.428283000
sample n=8193 lda=8193 iteration=23 first=rocsolver cdls_ms=20.069105148 rocsolver_ms=28.412071228 cdls_submit_ms=0.643166000 roc_submit_ms=10.751447000 cdls_wall_ms=20.381265000 roc_wall_ms=28.701966000
sample n=8193 lda=8193 iteration=24 first=cdls cdls_ms=19.941919327 rocsolver_ms=27.527784348 cdls_submit_ms=0.335804000 roc_submit_ms=8.890195000 cdls_wall_ms=19.949423000 roc_wall_ms=27.537612000
sample n=8193 lda=8193 iteration=25 first=rocsolver cdls_ms=19.837959290 rocsolver_ms=28.600187302 cdls_submit_ms=0.591356000 roc_submit_ms=10.754842000 cdls_wall_ms=19.846494000 roc_wall_ms=28.609444000
sample n=8193 lda=8193 iteration=26 first=cdls cdls_ms=20.019939423 rocsolver_ms=27.509115219 cdls_submit_ms=0.436619000 roc_submit_ms=8.907891000 cdls_wall_ms=20.028824000 roc_wall_ms=27.517751000
sample n=8193 lda=8193 iteration=27 first=rocsolver cdls_ms=20.175888062 rocsolver_ms=28.243371964 cdls_submit_ms=0.923416000 roc_submit_ms=10.670132000 cdls_wall_ms=20.185504000 roc_wall_ms=28.536722000
sample n=8193 lda=8193 iteration=28 first=cdls cdls_ms=19.862920761 rocsolver_ms=27.517147064 cdls_submit_ms=0.324457000 roc_submit_ms=8.996207000 cdls_wall_ms=19.870402000 roc_wall_ms=27.526915000
sample n=8193 lda=8193 iteration=29 first=rocsolver cdls_ms=20.244474411 rocsolver_ms=28.234920502 cdls_submit_ms=0.963467000 roc_submit_ms=10.860564000 cdls_wall_ms=20.252547000 roc_wall_ms=28.539407000
bench n=8193 lda=8193 repeats=30 cdls_median_ms=19.939301 rocsolver_median_ms=27.748764 cdls_mean_ms=19.971888 rocsolver_mean_ms=27.855005 cdls_gflops=18386.028405 workspace_bytes=66572 roc_workspace_bytes=34149632 cdls_submit_ms=0.603770 roc_submit_ms=9.963283 cdls_wall_ms=20.053417 roc_wall_ms=27.903212 rocsolver_gflops=13211.563064 speedup=1.391662
