device=AMD Instinct MI300A arch=gfx942:sramecc+:xnack- HIP=60443484 CUs=228 memory_bytes=137438953472 rocSOLVER=3.28.2.1b897f5 rocBLAS=4.4.1.f08d23e3 baseline=rocsolver_dgetrf_npvt fp64 seed=20261001 method=auto matrix=dense n=8191 lda=8191 offset=0 warmup=5 repeats=30
validate n=8191 lda=8191 kind=dense info=7/0 L_rel=6.2888e-16 U_rel=1.7450e-15 residual_scaled=1.0001e-03/3.1715e-04 PASS
sample n=8191 lda=8191 iteration=0 first=cdls cdls_ms=19.119880676 rocsolver_ms=27.165260315 cdls_submit_ms=0.502210000 roc_submit_ms=9.156052000 cdls_wall_ms=19.133683000 roc_wall_ms=27.174376000
sample n=8191 lda=8191 iteration=1 first=rocsolver cdls_ms=19.476348877 rocsolver_ms=27.768384933 cdls_submit_ms=0.606249000 roc_submit_ms=11.866235000 cdls_wall_ms=19.811522000 roc_wall_ms=28.067975000
sample n=8191 lda=8191 iteration=2 first=cdls cdls_ms=19.303604126 rocsolver_ms=27.315591812 cdls_submit_ms=0.113984000 roc_submit_ms=9.053675000 cdls_wall_ms=19.312067000 roc_wall_ms=27.324626000
sample n=8191 lda=8191 iteration=3 first=rocsolver cdls_ms=19.700799942 rocsolver_ms=27.733831406 cdls_submit_ms=0.886799000 roc_submit_ms=12.094946000 cdls_wall_ms=19.709275000 roc_wall_ms=28.035886000
sample n=8191 lda=8191 iteration=4 first=cdls cdls_ms=19.165882111 rocsolver_ms=27.342792511 cdls_submit_ms=0.338699000 roc_submit_ms=9.048348000 cdls_wall_ms=19.294039000 roc_wall_ms=27.352148000
sample n=8191 lda=8191 iteration=5 first=rocsolver cdls_ms=19.799983978 rocsolver_ms=27.777929306 cdls_submit_ms=0.958009000 roc_submit_ms=11.805823000 cdls_wall_ms=19.810861000 roc_wall_ms=28.100306000
sample n=8191 lda=8191 iteration=6 first=cdls cdls_ms=19.236249924 rocsolver_ms=27.449447632 cdls_submit_ms=0.341784000 roc_submit_ms=9.192427000 cdls_wall_ms=19.340721000 roc_wall_ms=27.456799000
sample n=8191 lda=8191 iteration=7 first=rocsolver cdls_ms=19.445119858 rocsolver_ms=27.766742706 cdls_submit_ms=0.653492000 roc_submit_ms=12.015014000 cdls_wall_ms=19.792483000 roc_wall_ms=28.089789000
sample n=8191 lda=8191 iteration=8 first=cdls cdls_ms=19.343774796 rocsolver_ms=27.403163910 cdls_submit_ms=0.328253000 roc_submit_ms=8.937848000 cdls_wall_ms=19.351677000 roc_wall_ms=27.410658000
sample n=8191 lda=8191 iteration=9 first=rocsolver cdls_ms=19.453222275 rocsolver_ms=27.931816101 cdls_submit_ms=0.662045000 roc_submit_ms=10.957674000 cdls_wall_ms=19.781476000 roc_wall_ms=28.217094000
sample n=8191 lda=8191 iteration=10 first=cdls cdls_ms=19.238672256 rocsolver_ms=27.372537613 cdls_submit_ms=0.204614000 roc_submit_ms=9.013364000 cdls_wall_ms=19.246646000 roc_wall_ms=27.380061000
sample n=8191 lda=8191 iteration=11 first=rocsolver cdls_ms=19.667680740 rocsolver_ms=27.989734650 cdls_submit_ms=0.928573000 roc_submit_ms=10.920917000 cdls_wall_ms=19.678838000 roc_wall_ms=28.307112000
sample n=8191 lda=8191 iteration=12 first=cdls cdls_ms=19.272544861 rocsolver_ms=27.358778000 cdls_submit_ms=0.195530000 roc_submit_ms=9.042368000 cdls_wall_ms=19.284274000 roc_wall_ms=27.368984000
sample n=8191 lda=8191 iteration=13 first=rocsolver cdls_ms=19.302799225 rocsolver_ms=28.041814804 cdls_submit_ms=0.642976000 roc_submit_ms=10.933466000 cdls_wall_ms=19.634571000 roc_wall_ms=28.363448000
sample n=8191 lda=8191 iteration=14 first=cdls cdls_ms=19.380079269 rocsolver_ms=27.359308243 cdls_submit_ms=0.212136000 roc_submit_ms=9.031001000 cdls_wall_ms=19.391218000 roc_wall_ms=27.367102000
sample n=8191 lda=8191 iteration=15 first=rocsolver cdls_ms=19.553123474 rocsolver_ms=28.126352310 cdls_submit_ms=0.946080000 roc_submit_ms=10.848366000 cdls_wall_ms=19.561458000 roc_wall_ms=28.340103000
sample n=8191 lda=8191 iteration=16 first=cdls cdls_ms=19.224632263 rocsolver_ms=27.355302811 cdls_submit_ms=0.207949000 roc_submit_ms=9.060135000 cdls_wall_ms=19.233386000 roc_wall_ms=27.362764000
sample n=8191 lda=8191 iteration=17 first=rocsolver cdls_ms=19.457820892 rocsolver_ms=28.012247086 cdls_submit_ms=0.681885000 roc_submit_ms=10.815345000 cdls_wall_ms=19.786433000 roc_wall_ms=28.077510000
sample n=8191 lda=8191 iteration=18 first=cdls cdls_ms=19.158792496 rocsolver_ms=27.427711487 cdls_submit_ms=0.203411000 roc_submit_ms=9.104663000 cdls_wall_ms=19.166964000 roc_wall_ms=27.435757000
sample n=8191 lda=8191 iteration=19 first=rocsolver cdls_ms=19.708292007 rocsolver_ms=28.099264145 cdls_submit_ms=0.987203000 roc_submit_ms=10.950852000 cdls_wall_ms=19.717118000 roc_wall_ms=28.307632000
sample n=8191 lda=8191 iteration=20 first=cdls cdls_ms=19.336854935 rocsolver_ms=27.322040558 cdls_submit_ms=0.183081000 roc_submit_ms=9.062219000 cdls_wall_ms=19.346359000 roc_wall_ms=27.329794000
sample n=8191 lda=8191 iteration=21 first=rocsolver cdls_ms=19.467264175 rocsolver_ms=28.071992874 cdls_submit_ms=0.673352000 roc_submit_ms=10.964454000 cdls_wall_ms=19.799925000 roc_wall_ms=28.395147000
sample n=8191 lda=8191 iteration=22 first=cdls cdls_ms=19.284975052 rocsolver_ms=27.429805756 cdls_submit_ms=0.173716000 roc_submit_ms=9.625591000 cdls_wall_ms=19.294470000 roc_wall_ms=27.438821000
sample n=8191 lda=8191 iteration=23 first=rocsolver cdls_ms=19.694051743 rocsolver_ms=28.238626480 cdls_submit_ms=0.972330000 roc_submit_ms=10.919334000 cdls_wall_ms=19.703917000 roc_wall_ms=28.387465000
sample n=8191 lda=8191 iteration=24 first=cdls cdls_ms=19.250272751 rocsolver_ms=27.355161667 cdls_submit_ms=0.219937000 roc_submit_ms=9.111925000 cdls_wall_ms=19.260658000 roc_wall_ms=27.364507000
sample n=8191 lda=8191 iteration=25 first=rocsolver cdls_ms=19.271303177 rocsolver_ms=28.119344711 cdls_submit_ms=0.632480000 roc_submit_ms=10.860184000 cdls_wall_ms=19.599818000 roc_wall_ms=28.447507000
sample n=8191 lda=8191 iteration=26 first=cdls cdls_ms=19.367652893 rocsolver_ms=27.437337875 cdls_submit_ms=0.288572000 roc_submit_ms=9.095699000 cdls_wall_ms=19.377988000 roc_wall_ms=27.444490000
sample n=8191 lda=8191 iteration=27 first=rocsolver cdls_ms=19.425548553 rocsolver_ms=28.192443848 cdls_submit_ms=0.650407000 roc_submit_ms=11.008671000 cdls_wall_ms=19.765572000 roc_wall_ms=28.513678000
sample n=8191 lda=8191 iteration=28 first=cdls cdls_ms=19.410507202 rocsolver_ms=27.531784058 cdls_submit_ms=0.265447000 roc_submit_ms=9.083972000 cdls_wall_ms=19.471762000 roc_wall_ms=27.540407000
sample n=8191 lda=8191 iteration=29 first=rocsolver cdls_ms=19.576572418 rocsolver_ms=28.063417435 cdls_submit_ms=0.617176000 roc_submit_ms=10.854645000 cdls_wall_ms=19.905957000 roc_wall_ms=28.383849000
bench n=8191 lda=8191 repeats=30 cdls_median_ms=19.373866 rocsolver_median_ms=27.632808 cdls_mean_ms=19.403144 rocsolver_mean_ms=27.685332 cdls_gflops=18908.777703 workspace_bytes=65544 roc_workspace_bytes=34141376 cdls_submit_ms=0.554230 roc_submit_ms=10.220468 cdls_wall_ms=19.516610 roc_wall_ms=27.788146 rocsolver_gflops=13257.289326 speedup=1.426293
