device=AMD Instinct MI300A arch=gfx942:sramecc+:xnack- HIP=60443484 CUs=228 memory_bytes=137438953472 rocSOLVER=3.28.2.1b897f5 rocBLAS=4.4.1.f08d23e3 baseline=rocsolver_dgetrf_npvt fp64 seed=20261001 method=auto matrix=column_scaled n=16384 lda=16384 offset=0 warmup=5 repeats=20
validate n=16384 lda=16384 kind=column_scaled info=7/0 L_rel=4.9313e-16 U_rel=1.2931e-15 residual_scaled=3.7948e-04/1.5771e-04 PASS
sample n=16384 lda=16384 iteration=0 first=cdls cdls_ms=103.891952515 rocsolver_ms=110.160697937 cdls_submit_ms=0.651438000 roc_submit_ms=67.940222000 cdls_wall_ms=103.907321000 roc_wall_ms=110.170044000
sample n=16384 lda=16384 iteration=1 first=rocsolver cdls_ms=104.757240295 rocsolver_ms=111.305389404 cdls_submit_ms=1.940472000 roc_submit_ms=45.290881000 cdls_wall_ms=104.766267000 roc_wall_ms=111.798088000
sample n=16384 lda=16384 iteration=2 first=cdls cdls_ms=105.222053528 rocsolver_ms=111.502677917 cdls_submit_ms=0.495559000 roc_submit_ms=68.817566000 cdls_wall_ms=105.232932000 roc_wall_ms=111.511128000
sample n=16384 lda=16384 iteration=3 first=rocsolver cdls_ms=104.984359741 rocsolver_ms=112.214714050 cdls_submit_ms=1.673814000 roc_submit_ms=45.795454000 cdls_wall_ms=104.992073000 roc_wall_ms=112.245423000
sample n=16384 lda=16384 iteration=4 first=cdls cdls_ms=104.016250610 rocsolver_ms=111.542869568 cdls_submit_ms=0.525655000 roc_submit_ms=68.767750000 cdls_wall_ms=104.025433000 roc_wall_ms=111.550809000
sample n=16384 lda=16384 iteration=5 first=rocsolver cdls_ms=104.452644348 rocsolver_ms=113.008163452 cdls_submit_ms=1.350749000 roc_submit_ms=46.225151000 cdls_wall_ms=105.122423000 roc_wall_ms=113.469297000
sample n=16384 lda=16384 iteration=6 first=cdls cdls_ms=104.756958008 rocsolver_ms=111.928741455 cdls_submit_ms=0.511614000 roc_submit_ms=69.237959000 cdls_wall_ms=104.765325000 roc_wall_ms=111.936920000
sample n=16384 lda=16384 iteration=7 first=rocsolver cdls_ms=105.263359070 rocsolver_ms=112.508003235 cdls_submit_ms=1.288533000 roc_submit_ms=46.064555000 cdls_wall_ms=105.892932000 roc_wall_ms=112.963463000
sample n=16384 lda=16384 iteration=8 first=cdls cdls_ms=104.468597412 rocsolver_ms=111.133331299 cdls_submit_ms=0.484662000 roc_submit_ms=68.216785000 cdls_wall_ms=104.477865000 roc_wall_ms=111.141532000
sample n=16384 lda=16384 iteration=9 first=rocsolver cdls_ms=105.788352966 rocsolver_ms=112.574806213 cdls_submit_ms=1.936436000 roc_submit_ms=45.966675000 cdls_wall_ms=105.796225000 roc_wall_ms=113.008772000
sample n=16384 lda=16384 iteration=10 first=cdls cdls_ms=104.796821594 rocsolver_ms=111.666076660 cdls_submit_ms=0.482168000 roc_submit_ms=68.690261000 cdls_wall_ms=104.805967000 roc_wall_ms=111.676381000
sample n=16384 lda=16384 iteration=11 first=rocsolver cdls_ms=105.505241394 rocsolver_ms=113.466461182 cdls_submit_ms=1.394476000 roc_submit_ms=46.513203000 cdls_wall_ms=106.049993000 roc_wall_ms=113.479112000
sample n=16384 lda=16384 iteration=12 first=cdls cdls_ms=105.210662842 rocsolver_ms=112.696792603 cdls_submit_ms=0.463800000 roc_submit_ms=69.206471000 cdls_wall_ms=105.219441000 roc_wall_ms=112.704596000
sample n=16384 lda=16384 iteration=13 first=rocsolver cdls_ms=105.687721252 rocsolver_ms=113.172668457 cdls_submit_ms=1.305249000 roc_submit_ms=46.209568000 cdls_wall_ms=106.318615000 roc_wall_ms=113.620839000
sample n=16384 lda=16384 iteration=14 first=cdls cdls_ms=105.031776428 rocsolver_ms=112.808868408 cdls_submit_ms=0.474166000 roc_submit_ms=69.201314000 cdls_wall_ms=105.039445000 roc_wall_ms=112.816357000
sample n=16384 lda=16384 iteration=15 first=rocsolver cdls_ms=106.396873474 rocsolver_ms=112.946975708 cdls_submit_ms=1.925429000 roc_submit_ms=45.750805000 cdls_wall_ms=106.406078000 roc_wall_ms=112.956612000
sample n=16384 lda=16384 iteration=16 first=cdls cdls_ms=105.776161194 rocsolver_ms=111.961799622 cdls_submit_ms=0.458773000 roc_submit_ms=68.945011000 cdls_wall_ms=105.784978000 roc_wall_ms=111.971803000
sample n=16384 lda=16384 iteration=17 first=rocsolver cdls_ms=105.762550354 rocsolver_ms=112.964599609 cdls_submit_ms=1.907362000 roc_submit_ms=45.485548000 cdls_wall_ms=105.770566000 roc_wall_ms=113.059089000
sample n=16384 lda=16384 iteration=18 first=cdls cdls_ms=105.334663391 rocsolver_ms=112.923034668 cdls_submit_ms=0.474346000 roc_submit_ms=69.470095000 cdls_wall_ms=105.342900000 roc_wall_ms=112.931383000
sample n=16384 lda=16384 iteration=19 first=rocsolver cdls_ms=105.708953857 rocsolver_ms=114.371849060 cdls_submit_ms=1.535371000 roc_submit_ms=46.485721000 cdls_wall_ms=105.956770000 roc_wall_ms=114.817823000
bench n=16384 lda=16384 repeats=20 cdls_median_ms=105.216358 rocsolver_median_ms=112.541405 cdls_mean_ms=105.140660 rocsolver_mean_ms=112.342926 cdls_gflops=27865.408360 workspace_bytes=262152 roc_workspace_bytes=67765440 cdls_submit_ms=0.969985 roc_submit_ms=57.226713 cdls_wall_ms=105.226187 roc_wall_ms=112.760476 rocsolver_gflops=26051.716647 speedup=1.069619
