device=AMD Instinct MI300A arch=gfx942:sramecc+:xnack- HIP=60443484 CUs=228 memory_bytes=137438953472 rocSOLVER=3.28.2.1b897f5 rocBLAS=4.4.1.f08d23e3 baseline=rocsolver_dgetrf_npvt fp64 seed=20261001 method=auto matrix=scale_high n=2048 lda=2048 offset=0 warmup=5 repeats=20
validate n=2048 lda=2048 kind=scale_high info=7/0 L_rel=8.1245e-16 U_rel=2.0337e-15 residual_scaled=4.3742e-03/1.2203e-03 PASS
sample n=2048 lda=2048 iteration=0 first=cdls cdls_ms=2.019532919 rocsolver_ms=4.082623005 cdls_submit_ms=0.009574000 roc_submit_ms=2.260292000 cdls_wall_ms=2.034576000 roc_wall_ms=4.090706000
sample n=2048 lda=2048 iteration=1 first=rocsolver cdls_ms=1.996938944 rocsolver_ms=4.820532799 cdls_submit_ms=0.014592000 roc_submit_ms=4.507114000 cdls_wall_ms=2.004890000 roc_wall_ms=4.829868000
sample n=2048 lda=2048 iteration=2 first=cdls cdls_ms=1.906479955 rocsolver_ms=4.093399048 cdls_submit_ms=0.009955000 roc_submit_ms=2.338121000 cdls_wall_ms=1.914983000 roc_wall_ms=4.102764000
sample n=2048 lda=2048 iteration=3 first=rocsolver cdls_ms=2.010638952 rocsolver_ms=4.856287956 cdls_submit_ms=0.016776000 roc_submit_ms=4.431798000 cdls_wall_ms=2.018312000 roc_wall_ms=4.865872000
sample n=2048 lda=2048 iteration=4 first=cdls cdls_ms=1.890575051 rocsolver_ms=4.109333992 cdls_submit_ms=0.012909000 roc_submit_ms=2.343790000 cdls_wall_ms=1.898528000 roc_wall_ms=4.119370000
sample n=2048 lda=2048 iteration=5 first=rocsolver cdls_ms=2.011359930 rocsolver_ms=4.787171841 cdls_submit_ms=0.015654000 roc_submit_ms=4.390665000 cdls_wall_ms=2.018112000 roc_wall_ms=4.795615000
sample n=2048 lda=2048 iteration=6 first=cdls cdls_ms=1.898308039 rocsolver_ms=4.096154213 cdls_submit_ms=0.014703000 roc_submit_ms=2.304319000 cdls_wall_ms=1.905899000 roc_wall_ms=4.107401000
sample n=2048 lda=2048 iteration=7 first=rocsolver cdls_ms=1.962245941 rocsolver_ms=4.800282001 cdls_submit_ms=0.017827000 roc_submit_ms=4.537430000 cdls_wall_ms=1.971590000 roc_wall_ms=4.809246000
sample n=2048 lda=2048 iteration=8 first=cdls cdls_ms=1.916175008 rocsolver_ms=4.099237919 cdls_submit_ms=0.015064000 roc_submit_ms=2.322728000 cdls_wall_ms=1.925028000 roc_wall_ms=4.111237000
sample n=2048 lda=2048 iteration=9 first=rocsolver cdls_ms=2.032072067 rocsolver_ms=4.932865143 cdls_submit_ms=0.037928000 roc_submit_ms=4.560946000 cdls_wall_ms=2.039534000 roc_wall_ms=4.941519000
sample n=2048 lda=2048 iteration=10 first=cdls cdls_ms=1.912569046 rocsolver_ms=4.096885204 cdls_submit_ms=0.008092000 roc_submit_ms=2.313043000 cdls_wall_ms=1.922645000 roc_wall_ms=4.107732000
sample n=2048 lda=2048 iteration=11 first=rocsolver cdls_ms=1.980633020 rocsolver_ms=4.864018917 cdls_submit_ms=0.013501000 roc_submit_ms=4.561877000 cdls_wall_ms=1.995035000 roc_wall_ms=4.872813000
sample n=2048 lda=2048 iteration=12 first=cdls cdls_ms=1.925068974 rocsolver_ms=4.105577946 cdls_submit_ms=0.014132000 roc_submit_ms=2.327575000 cdls_wall_ms=2.077993000 roc_wall_ms=4.117086000
sample n=2048 lda=2048 iteration=13 first=rocsolver cdls_ms=1.997658968 rocsolver_ms=4.927727222 cdls_submit_ms=0.017827000 roc_submit_ms=4.531221000 cdls_wall_ms=2.006523000 roc_wall_ms=4.936501000
sample n=2048 lda=2048 iteration=14 first=cdls cdls_ms=1.905076981 rocsolver_ms=4.012745857 cdls_submit_ms=0.008904000 roc_submit_ms=2.389550000 cdls_wall_ms=2.051933000 roc_wall_ms=4.022311000
sample n=2048 lda=2048 iteration=15 first=rocsolver cdls_ms=2.014846087 rocsolver_ms=4.870449066 cdls_submit_ms=0.016085000 roc_submit_ms=4.457347000 cdls_wall_ms=2.022668000 roc_wall_ms=4.877611000
sample n=2048 lda=2048 iteration=16 first=cdls cdls_ms=1.914613008 rocsolver_ms=4.111055851 cdls_submit_ms=0.010716000 roc_submit_ms=2.338201000 cdls_wall_ms=1.923005000 roc_wall_ms=4.118888000
sample n=2048 lda=2048 iteration=17 first=rocsolver cdls_ms=1.982596993 rocsolver_ms=4.866613865 cdls_submit_ms=0.017306000 roc_submit_ms=4.494364000 cdls_wall_ms=1.989917000 roc_wall_ms=4.874376000
sample n=2048 lda=2048 iteration=18 first=cdls cdls_ms=1.898988962 rocsolver_ms=4.101311207 cdls_submit_ms=0.008574000 roc_submit_ms=2.300433000 cdls_wall_ms=1.907171000 roc_wall_ms=4.110015000
sample n=2048 lda=2048 iteration=19 first=rocsolver cdls_ms=1.993774056 rocsolver_ms=4.854966164 cdls_submit_ms=0.013541000 roc_submit_ms=4.448724000 cdls_wall_ms=2.003229000 roc_wall_ms=4.863048000
bench n=2048 lda=2048 repeats=20 cdls_median_ms=1.971439 rocsolver_median_ms=4.449114 cdls_mean_ms=1.958508 rocsolver_mean_ms=4.474462 cdls_gflops=2903.728785 workspace_bytes=4104 roc_workspace_bytes=8930496 cdls_submit_ms=0.014362 roc_submit_ms=3.390108 cdls_wall_ms=1.999132 roc_wall_ms=4.457492 rocsolver_gflops=1286.666461 speedup=2.256784
