device=AMD Instinct MI300A arch=gfx942:sramecc+:xnack- HIP=60443484 CUs=228 memory_bytes=137438953472 rocSOLVER=3.28.2.1b897f5 rocBLAS=4.4.1.f08d23e3 baseline=rocsolver_dgetrf_npvt fp64 seed=20261001 method=auto matrix=column_scaled n=16384 lda=16384 offset=0 warmup=5 repeats=20
validate n=16384 lda=16384 kind=column_scaled info=7/0 L_rel=4.9313e-16 U_rel=1.2931e-15 residual_scaled=3.7948e-04/1.5771e-04 PASS
sample n=16384 lda=16384 iteration=0 first=cdls cdls_ms=104.137619019 rocsolver_ms=111.125343323 cdls_submit_ms=1.477463000 roc_submit_ms=69.224662000 cdls_wall_ms=104.152440000 roc_wall_ms=111.135306000
sample n=16384 lda=16384 iteration=1 first=rocsolver cdls_ms=104.797912598 rocsolver_ms=111.746772766 cdls_submit_ms=1.560911000 roc_submit_ms=45.721041000 cdls_wall_ms=105.592326000 roc_wall_ms=112.291175000
sample n=16384 lda=16384 iteration=2 first=cdls cdls_ms=103.400810242 rocsolver_ms=110.400978088 cdls_submit_ms=0.503171000 roc_submit_ms=68.202125000 cdls_wall_ms=103.409993000 roc_wall_ms=110.408302000
sample n=16384 lda=16384 iteration=3 first=rocsolver cdls_ms=105.244102478 rocsolver_ms=112.146057129 cdls_submit_ms=1.965731000 roc_submit_ms=45.878222000 cdls_wall_ms=105.251824000 roc_wall_ms=112.608272000
sample n=16384 lda=16384 iteration=4 first=cdls cdls_ms=104.782119751 rocsolver_ms=111.753990173 cdls_submit_ms=0.485814000 roc_submit_ms=69.166993000 cdls_wall_ms=104.789786000 roc_wall_ms=111.763537000
sample n=16384 lda=16384 iteration=5 first=rocsolver cdls_ms=104.835296631 rocsolver_ms=111.732345581 cdls_submit_ms=1.337949000 roc_submit_ms=45.332236000 cdls_wall_ms=105.509579000 roc_wall_ms=112.180025000
sample n=16384 lda=16384 iteration=6 first=cdls cdls_ms=103.836799622 rocsolver_ms=111.444229126 cdls_submit_ms=0.499896000 roc_submit_ms=68.837568000 cdls_wall_ms=103.845289000 roc_wall_ms=111.452871000
sample n=16384 lda=16384 iteration=7 first=rocsolver cdls_ms=105.154876709 rocsolver_ms=112.309005737 cdls_submit_ms=1.355406000 roc_submit_ms=45.510067000 cdls_wall_ms=105.829338000 roc_wall_ms=112.774896000
sample n=16384 lda=16384 iteration=8 first=cdls cdls_ms=104.879310608 rocsolver_ms=112.279281616 cdls_submit_ms=0.491803000 roc_submit_ms=69.395443000 cdls_wall_ms=104.888076000 roc_wall_ms=112.288262000
sample n=16384 lda=16384 iteration=9 first=rocsolver cdls_ms=104.810714722 rocsolver_ms=112.461715698 cdls_submit_ms=1.303847000 roc_submit_ms=46.019357000 cdls_wall_ms=105.486644000 roc_wall_ms=112.924847000
sample n=16384 lda=16384 iteration=10 first=cdls cdls_ms=105.095130920 rocsolver_ms=112.358100891 cdls_submit_ms=0.524524000 roc_submit_ms=69.545463000 cdls_wall_ms=105.102805000 roc_wall_ms=112.365359000
sample n=16384 lda=16384 iteration=11 first=rocsolver cdls_ms=105.977767944 rocsolver_ms=112.351005554 cdls_submit_ms=1.938229000 roc_submit_ms=46.035843000 cdls_wall_ms=105.985407000 roc_wall_ms=112.821738000
sample n=16384 lda=16384 iteration=12 first=cdls cdls_ms=105.299057007 rocsolver_ms=111.612289429 cdls_submit_ms=0.482119000 roc_submit_ms=68.651924000 cdls_wall_ms=105.308120000 roc_wall_ms=111.619948000
sample n=16384 lda=16384 iteration=13 first=rocsolver cdls_ms=104.723175049 rocsolver_ms=112.878852844 cdls_submit_ms=1.581783000 roc_submit_ms=45.830749000 cdls_wall_ms=104.980699000 roc_wall_ms=112.889763000
sample n=16384 lda=16384 iteration=14 first=cdls cdls_ms=104.714843750 rocsolver_ms=112.279434204 cdls_submit_ms=0.475618000 roc_submit_ms=69.188206000 cdls_wall_ms=104.722393000 roc_wall_ms=112.288201000
sample n=16384 lda=16384 iteration=15 first=rocsolver cdls_ms=104.651939392 rocsolver_ms=113.482360840 cdls_submit_ms=1.315024000 roc_submit_ms=46.723035000 cdls_wall_ms=105.321881000 roc_wall_ms=113.946060000
sample n=16384 lda=16384 iteration=16 first=cdls cdls_ms=105.074829102 rocsolver_ms=113.306831360 cdls_submit_ms=0.503752000 roc_submit_ms=69.753431000 cdls_wall_ms=105.082464000 roc_wall_ms=113.316056000
sample n=16384 lda=16384 iteration=17 first=rocsolver cdls_ms=106.084388733 rocsolver_ms=114.407470703 cdls_submit_ms=1.424942000 roc_submit_ms=46.888228000 cdls_wall_ms=106.579076000 roc_wall_ms=114.519429000
sample n=16384 lda=16384 iteration=18 first=cdls cdls_ms=105.322097778 rocsolver_ms=113.075447083 cdls_submit_ms=0.530924000 roc_submit_ms=69.360529000 cdls_wall_ms=105.330484000 roc_wall_ms=113.083209000
sample n=16384 lda=16384 iteration=19 first=rocsolver cdls_ms=105.449127197 rocsolver_ms=113.692855835 cdls_submit_ms=1.364199000 roc_submit_ms=46.304855000 cdls_wall_ms=106.114996000 roc_wall_ms=113.701716000
bench n=16384 lda=16384 repeats=20 cdls_median_ms=104.857304 rocsolver_median_ms=112.294220 cdls_mean_ms=104.913596 rocsolver_mean_ms=112.342218 cdls_gflops=27960.825672 workspace_bytes=262152 roc_workspace_bytes=67765440 cdls_submit_ms=1.309435 roc_submit_ms=57.545176 cdls_wall_ms=105.279972 roc_wall_ms=112.486816 rocsolver_gflops=26109.062316 speedup=1.070924
