device=AMD Instinct MI300A arch=gfx942:sramecc+:xnack- HIP=60443484 CUs=228 memory_bytes=137438953472 rocSOLVER=3.28.2.1b897f5 rocBLAS=4.4.1.f08d23e3 baseline=rocsolver_dgetrf_npvt fp64 seed=20261001 method=auto matrix=column_scaled n=8192 lda=8192 offset=0 warmup=5 repeats=20
validate n=8192 lda=8192 kind=column_scaled info=7/0 L_rel=6.3318e-16 U_rel=1.6386e-15 residual_scaled=9.3820e-04/3.1313e-04 PASS
sample n=8192 lda=8192 iteration=0 first=cdls cdls_ms=19.158794403 rocsolver_ms=26.375156403 cdls_submit_ms=0.514448000 roc_submit_ms=9.867483000 cdls_wall_ms=19.174048000 roc_wall_ms=26.383260000
sample n=8192 lda=8192 iteration=1 first=rocsolver cdls_ms=19.134265900 rocsolver_ms=26.662395477 cdls_submit_ms=0.579878000 roc_submit_ms=13.136601000 cdls_wall_ms=19.448058000 roc_wall_ms=26.929717000
sample n=8192 lda=8192 iteration=2 first=cdls cdls_ms=18.950193405 rocsolver_ms=26.237266541 cdls_submit_ms=0.200186000 roc_submit_ms=9.572763000 cdls_wall_ms=18.958428000 roc_wall_ms=26.246511000
sample n=8192 lda=8192 iteration=3 first=rocsolver cdls_ms=19.164772034 rocsolver_ms=26.542791367 cdls_submit_ms=0.589343000 roc_submit_ms=12.950997000 cdls_wall_ms=19.488771000 roc_wall_ms=26.817786000
sample n=8192 lda=8192 iteration=4 first=cdls cdls_ms=19.108488083 rocsolver_ms=26.153335571 cdls_submit_ms=0.187998000 roc_submit_ms=9.377964000 cdls_wall_ms=19.116951000 roc_wall_ms=26.162352000
sample n=8192 lda=8192 iteration=5 first=rocsolver cdls_ms=19.289743423 rocsolver_ms=26.639020920 cdls_submit_ms=0.909152000 roc_submit_ms=12.739442000 cdls_wall_ms=19.300012000 roc_wall_ms=26.943528000
sample n=8192 lda=8192 iteration=6 first=cdls cdls_ms=18.801696777 rocsolver_ms=26.149419785 cdls_submit_ms=0.189390000 roc_submit_ms=9.374709000 cdls_wall_ms=18.810862000 roc_wall_ms=26.157504000
sample n=8192 lda=8192 iteration=7 first=rocsolver cdls_ms=19.306539536 rocsolver_ms=26.481307983 cdls_submit_ms=0.817583000 roc_submit_ms=12.846026000 cdls_wall_ms=19.314934000 roc_wall_ms=26.777585000
sample n=8192 lda=8192 iteration=8 first=cdls cdls_ms=19.001691818 rocsolver_ms=26.098972321 cdls_submit_ms=0.303996000 roc_submit_ms=8.722570000 cdls_wall_ms=19.112304000 roc_wall_ms=26.108399000
sample n=8192 lda=8192 iteration=9 first=rocsolver cdls_ms=18.909923553 rocsolver_ms=26.805023193 cdls_submit_ms=0.557594000 roc_submit_ms=11.015692000 cdls_wall_ms=19.157793000 roc_wall_ms=27.079306000
sample n=8192 lda=8192 iteration=10 first=cdls cdls_ms=18.999219894 rocsolver_ms=26.228731155 cdls_submit_ms=0.377528000 roc_submit_ms=8.782071000 cdls_wall_ms=19.008805000 roc_wall_ms=26.235655000
sample n=8192 lda=8192 iteration=11 first=rocsolver cdls_ms=19.552675247 rocsolver_ms=26.755859375 cdls_submit_ms=0.805464000 roc_submit_ms=11.084488000 cdls_wall_ms=19.562593000 roc_wall_ms=26.960324000
sample n=8192 lda=8192 iteration=12 first=cdls cdls_ms=18.889480591 rocsolver_ms=26.321735382 cdls_submit_ms=0.401736000 roc_submit_ms=8.786017000 cdls_wall_ms=18.897214000 roc_wall_ms=26.330580000
sample n=8192 lda=8192 iteration=13 first=rocsolver cdls_ms=19.124332428 rocsolver_ms=26.750522614 cdls_submit_ms=0.560348000 roc_submit_ms=10.875618000 cdls_wall_ms=19.411772000 roc_wall_ms=27.016691000
sample n=8192 lda=8192 iteration=14 first=cdls cdls_ms=18.948951721 rocsolver_ms=26.357067108 cdls_submit_ms=0.379662000 roc_submit_ms=8.790424000 cdls_wall_ms=18.957527000 roc_wall_ms=26.364572000
sample n=8192 lda=8192 iteration=15 first=rocsolver cdls_ms=19.150932312 rocsolver_ms=26.756160736 cdls_submit_ms=0.548960000 roc_submit_ms=11.077878000 cdls_wall_ms=19.441789000 roc_wall_ms=27.014747000
sample n=8192 lda=8192 iteration=16 first=cdls cdls_ms=19.079994202 rocsolver_ms=26.372411728 cdls_submit_ms=0.312248000 roc_submit_ms=8.848904000 cdls_wall_ms=19.173948000 roc_wall_ms=26.381798000
sample n=8192 lda=8192 iteration=17 first=rocsolver cdls_ms=19.260780334 rocsolver_ms=26.722537994 cdls_submit_ms=0.510802000 roc_submit_ms=11.038137000 cdls_wall_ms=19.523313000 roc_wall_ms=26.784675000
sample n=8192 lda=8192 iteration=18 first=cdls cdls_ms=18.978897095 rocsolver_ms=26.338699341 cdls_submit_ms=0.316515000 roc_submit_ms=8.843935000 cdls_wall_ms=18.987522000 roc_wall_ms=26.346564000
sample n=8192 lda=8192 iteration=19 first=rocsolver cdls_ms=19.296615601 rocsolver_ms=26.714176178 cdls_submit_ms=0.804843000 roc_submit_ms=11.168957000 cdls_wall_ms=19.303977000 roc_wall_ms=26.900412000
bench n=8192 lda=8192 repeats=20 cdls_median_ms=19.116410 rocsolver_median_ms=26.428232 cdls_mean_ms=19.105399 rocsolver_mean_ms=26.473130 cdls_gflops=19170.456965 workspace_bytes=65544 roc_workspace_bytes=34145472 cdls_submit_ms=0.512625 roc_submit_ms=10.371550 cdls_wall_ms=19.173998 roc_wall_ms=26.580422 rocsolver_gflops=13866.622537 speedup=1.382489
