device=AMD Instinct MI300A arch=gfx942:sramecc+:xnack- HIP=60443484 CUs=228 memory_bytes=137438953472 rocSOLVER=3.28.2.1b897f5 rocBLAS=4.4.1.f08d23e3 baseline=rocsolver_dgetrf_npvt fp64 seed=20261001 method=auto matrix=identity n=16384 lda=16384 offset=0 warmup=5 repeats=20
validate n=16384 lda=16384 kind=identity info=7/0 L_rel=0.0000e+00 U_rel=0.0000e+00 residual_scaled=0.0000e+00/0.0000e+00 PASS
sample n=16384 lda=16384 iteration=0 first=cdls cdls_ms=65.465072632 rocsolver_ms=70.395843506 cdls_submit_ms=1.302725000 roc_submit_ms=39.403914000 cdls_wall_ms=65.478902000 roc_wall_ms=70.406560000
sample n=16384 lda=16384 iteration=1 first=rocsolver cdls_ms=66.061973572 rocsolver_ms=72.291229248 cdls_submit_ms=2.065885000 roc_submit_ms=28.501715000 cdls_wall_ms=66.069346000 roc_wall_ms=72.317176000
sample n=16384 lda=16384 iteration=2 first=cdls cdls_ms=65.637657166 rocsolver_ms=71.532928467 cdls_submit_ms=0.444020000 roc_submit_ms=40.395012000 cdls_wall_ms=65.647460000 roc_wall_ms=71.542580000
sample n=16384 lda=16384 iteration=3 first=rocsolver cdls_ms=65.462280273 rocsolver_ms=72.749961853 cdls_submit_ms=1.330107000 roc_submit_ms=28.674049000 cdls_wall_ms=66.189321000 roc_wall_ms=73.218497000
sample n=16384 lda=16384 iteration=4 first=cdls cdls_ms=65.462768555 rocsolver_ms=71.034736633 cdls_submit_ms=0.476741000 roc_submit_ms=39.939174000 cdls_wall_ms=65.470439000 roc_wall_ms=71.043175000
sample n=16384 lda=16384 iteration=5 first=rocsolver cdls_ms=65.562103271 rocsolver_ms=71.475563049 cdls_submit_ms=1.345771000 roc_submit_ms=27.683493000 cdls_wall_ms=66.298008000 roc_wall_ms=71.947631000
sample n=16384 lda=16384 iteration=6 first=cdls cdls_ms=65.530555725 rocsolver_ms=71.644989014 cdls_submit_ms=0.476920000 roc_submit_ms=40.420691000 cdls_wall_ms=65.538133000 roc_wall_ms=71.652068000
sample n=16384 lda=16384 iteration=7 first=rocsolver cdls_ms=66.184265137 rocsolver_ms=72.587669373 cdls_submit_ms=1.699603000 roc_submit_ms=28.389904000 cdls_wall_ms=66.430880000 roc_wall_ms=73.050970000
sample n=16384 lda=16384 iteration=8 first=cdls cdls_ms=65.580245972 rocsolver_ms=71.810813904 cdls_submit_ms=0.488959000 roc_submit_ms=40.526092000 cdls_wall_ms=65.588190000 roc_wall_ms=71.818793000
sample n=16384 lda=16384 iteration=9 first=rocsolver cdls_ms=66.395980835 rocsolver_ms=72.567626953 cdls_submit_ms=1.753706000 roc_submit_ms=28.368121000 cdls_wall_ms=66.574621000 roc_wall_ms=73.041445000
sample n=16384 lda=16384 iteration=10 first=cdls cdls_ms=65.473014832 rocsolver_ms=70.620948792 cdls_submit_ms=0.467356000 roc_submit_ms=39.427730000 cdls_wall_ms=65.480955000 roc_wall_ms=70.629802000
sample n=16384 lda=16384 iteration=11 first=rocsolver cdls_ms=66.347808838 rocsolver_ms=72.502265930 cdls_submit_ms=1.348635000 roc_submit_ms=28.161224000 cdls_wall_ms=67.021345000 roc_wall_ms=72.964939000
sample n=16384 lda=16384 iteration=12 first=cdls cdls_ms=65.844955444 rocsolver_ms=72.028442383 cdls_submit_ms=0.502800000 roc_submit_ms=40.852052000 cdls_wall_ms=65.853436000 roc_wall_ms=72.037988000
sample n=16384 lda=16384 iteration=13 first=rocsolver cdls_ms=66.041442871 rocsolver_ms=72.510673523 cdls_submit_ms=1.548682000 roc_submit_ms=28.260335000 cdls_wall_ms=66.298207000 roc_wall_ms=73.010488000
sample n=16384 lda=16384 iteration=14 first=cdls cdls_ms=65.585960388 rocsolver_ms=71.648071289 cdls_submit_ms=0.472404000 roc_submit_ms=40.278343000 cdls_wall_ms=65.594099000 roc_wall_ms=71.657657000
sample n=16384 lda=16384 iteration=15 first=rocsolver cdls_ms=66.625030518 rocsolver_ms=72.657585144 cdls_submit_ms=1.917897000 roc_submit_ms=28.349251000 cdls_wall_ms=66.633481000 roc_wall_ms=73.121759000
sample n=16384 lda=16384 iteration=16 first=cdls cdls_ms=66.212715149 rocsolver_ms=71.573570251 cdls_submit_ms=0.452503000 roc_submit_ms=40.295339000 cdls_wall_ms=66.220949000 roc_wall_ms=71.582711000
sample n=16384 lda=16384 iteration=17 first=rocsolver cdls_ms=66.698059082 rocsolver_ms=72.979133606 cdls_submit_ms=1.920963000 roc_submit_ms=28.551631000 cdls_wall_ms=66.706303000 roc_wall_ms=72.993672000
sample n=16384 lda=16384 iteration=18 first=cdls cdls_ms=65.907882690 rocsolver_ms=71.680541992 cdls_submit_ms=0.472573000 roc_submit_ms=40.241377000 cdls_wall_ms=65.915432000 roc_wall_ms=71.688936000
sample n=16384 lda=16384 iteration=19 first=rocsolver cdls_ms=66.815673828 rocsolver_ms=73.204811096 cdls_submit_ms=1.974725000 roc_submit_ms=28.807483000 cdls_wall_ms=66.823903000 roc_wall_ms=73.211403000
bench n=16384 lda=16384 repeats=20 cdls_median_ms=65.876419 rocsolver_median_ms=71.919628 cdls_mean_ms=65.944772 rocsolver_mean_ms=71.974870 cdls_gflops=44506.013357 workspace_bytes=262152 roc_workspace_bytes=67765440 cdls_submit_ms=1.316416 roc_submit_ms=34.105699 cdls_wall_ms=66.129334 roc_wall_ms=71.992809 rocsolver_gflops=40766.295136 speedup=1.091736
