device=AMD Instinct MI300A arch=gfx942:sramecc+:xnack- HIP=60443484 CUs=228 memory_bytes=137438953472 rocSOLVER=3.28.2.1b897f5 rocBLAS=4.4.1.f08d23e3 baseline=rocsolver_dgetrf_npvt fp64 seed=20261001 method=auto matrix=scale_high n=65 lda=65 offset=0 warmup=20 repeats=20
validate n=65 lda=65 kind=scale_high info=7/0 L_rel=1.1644e-16 U_rel=3.1004e-16 residual_scaled=2.5662e-02/1.1092e-02 cpu_residual_scaled=2.5101e-02/1.0854e-02 PASS
sample n=65 lda=65 iteration=0 first=cdls cdls_ms=0.076157004 rocsolver_ms=0.091259003 cdls_submit_ms=0.013871000 roc_submit_ms=0.087775000 cdls_wall_ms=0.100123000 roc_wall_ms=0.099452000
sample n=65 lda=65 iteration=1 first=rocsolver cdls_ms=0.073752999 rocsolver_ms=0.121987000 cdls_submit_ms=0.009865000 roc_submit_ms=0.115167000 cdls_wall_ms=0.084129000 roc_wall_ms=0.131161000
sample n=65 lda=65 iteration=2 first=cdls cdls_ms=0.072391003 rocsolver_ms=0.100514002 cdls_submit_ms=0.009445000 roc_submit_ms=0.087444000 cdls_wall_ms=0.081475000 roc_wall_ms=0.108526000
sample n=65 lda=65 iteration=3 first=rocsolver cdls_ms=0.086411998 rocsolver_ms=0.111050002 cdls_submit_ms=0.022224000 roc_submit_ms=0.106423000 cdls_wall_ms=0.098411000 roc_wall_ms=0.125993000
sample n=65 lda=65 iteration=4 first=cdls cdls_ms=0.073112004 rocsolver_ms=0.099032000 cdls_submit_ms=0.008894000 roc_submit_ms=0.089648000 cdls_wall_ms=0.081244000 roc_wall_ms=0.107405000
sample n=65 lda=65 iteration=5 first=rocsolver cdls_ms=0.074514002 rocsolver_ms=0.121105000 cdls_submit_ms=0.010676000 roc_submit_ms=0.112682000 cdls_wall_ms=0.084309000 roc_wall_ms=0.129608000
sample n=65 lda=65 iteration=6 first=cdls cdls_ms=0.070949003 rocsolver_ms=0.099151000 cdls_submit_ms=0.009535000 roc_submit_ms=0.087174000 cdls_wall_ms=0.079572000 roc_wall_ms=0.106794000
sample n=65 lda=65 iteration=7 first=rocsolver cdls_ms=0.078158997 rocsolver_ms=0.114375003 cdls_submit_ms=0.013581000 roc_submit_ms=0.106903000 cdls_wall_ms=0.088205000 roc_wall_ms=0.121716000
sample n=65 lda=65 iteration=8 first=cdls cdls_ms=0.073513001 rocsolver_ms=0.097510003 cdls_submit_ms=0.010385000 roc_submit_ms=0.082957000 cdls_wall_ms=0.081484000 roc_wall_ms=0.105692000
sample n=65 lda=65 iteration=9 first=rocsolver cdls_ms=0.073633000 rocsolver_ms=0.117700003 cdls_submit_ms=0.013000000 roc_submit_ms=0.115577000 cdls_wall_ms=0.083107000 roc_wall_ms=0.126113000
sample n=65 lda=65 iteration=10 first=cdls cdls_ms=0.069546998 rocsolver_ms=0.097388998 cdls_submit_ms=0.008714000 roc_submit_ms=0.083828000 cdls_wall_ms=0.078570000 roc_wall_ms=0.106073000
sample n=65 lda=65 iteration=11 first=rocsolver cdls_ms=0.082286000 rocsolver_ms=0.106844001 cdls_submit_ms=0.023846000 roc_submit_ms=0.101555000 cdls_wall_ms=0.093092000 roc_wall_ms=0.115888000
sample n=65 lda=65 iteration=12 first=cdls cdls_ms=0.071549997 rocsolver_ms=0.100474000 cdls_submit_ms=0.007852000 roc_submit_ms=0.085161000 cdls_wall_ms=0.080523000 roc_wall_ms=0.110699000
sample n=65 lda=65 iteration=13 first=rocsolver cdls_ms=0.079040997 rocsolver_ms=0.125512004 cdls_submit_ms=0.017206000 roc_submit_ms=0.115096000 cdls_wall_ms=0.087945000 roc_wall_ms=0.133264000
sample n=65 lda=65 iteration=14 first=cdls cdls_ms=0.070909001 rocsolver_ms=0.098150000 cdls_submit_ms=0.010446000 roc_submit_ms=0.088866000 cdls_wall_ms=0.079071000 roc_wall_ms=0.107024000
sample n=65 lda=65 iteration=15 first=rocsolver cdls_ms=0.075396001 rocsolver_ms=0.116457999 cdls_submit_ms=0.013752000 roc_submit_ms=0.105511000 cdls_wall_ms=0.084229000 roc_wall_ms=0.126043000
sample n=65 lda=65 iteration=16 first=cdls cdls_ms=0.070348002 rocsolver_ms=0.097629003 cdls_submit_ms=0.009725000 roc_submit_ms=0.085060000 cdls_wall_ms=0.077899000 roc_wall_ms=0.105141000
sample n=65 lda=65 iteration=17 first=rocsolver cdls_ms=0.071869999 rocsolver_ms=0.110969000 cdls_submit_ms=0.011518000 roc_submit_ms=0.109528000 cdls_wall_ms=0.080934000 roc_wall_ms=0.118903000
sample n=65 lda=65 iteration=18 first=cdls cdls_ms=0.070266999 rocsolver_ms=0.104800999 cdls_submit_ms=0.008683000 roc_submit_ms=0.094574000 cdls_wall_ms=0.077679000 roc_wall_ms=0.113153000
sample n=65 lda=65 iteration=19 first=rocsolver cdls_ms=0.086813003 rocsolver_ms=0.109568000 cdls_submit_ms=0.024458000 roc_submit_ms=0.103148000 cdls_wall_ms=0.095336000 roc_wall_ms=0.118191000
bench n=65 lda=65 repeats=20 cdls_median_ms=0.073573 rocsolver_median_ms=0.105822 cdls_mean_ms=0.075031 rocsolver_mean_ms=0.107074 cdls_gflops=2.459598 workspace_bytes=24 roc_workspace_bytes=100608 cdls_submit_ms=0.010561 roc_submit_ms=0.098064 cdls_wall_ms=0.082295 roc_wall_ms=0.114520 rocsolver_gflops=1.710033 speedup=1.438333
