device=AMD Instinct MI300A arch=gfx942:sramecc+:xnack- HIP=60443484 CUs=228 memory_bytes=137438953472 rocSOLVER=3.28.2.1b897f5 rocBLAS=4.4.1.f08d23e3 baseline=rocsolver_dgetrf_npvt fp64 seed=20261001 method=auto matrix=identity n=8192 lda=8192 offset=0 warmup=5 repeats=20
validate n=8192 lda=8192 kind=identity info=7/0 L_rel=0.0000e+00 U_rel=0.0000e+00 residual_scaled=0.0000e+00/0.0000e+00 PASS
sample n=8192 lda=8192 iteration=0 first=cdls cdls_ms=15.006012917 rocsolver_ms=21.335597992 cdls_submit_ms=0.664879000 roc_submit_ms=8.924940000 cdls_wall_ms=15.019766000 roc_wall_ms=21.343802000
sample n=8192 lda=8192 iteration=1 first=rocsolver cdls_ms=15.017801285 rocsolver_ms=21.515272141 cdls_submit_ms=0.838745000 roc_submit_ms=11.836901000 cdls_wall_ms=15.026777000 roc_wall_ms=21.765308000
sample n=8192 lda=8192 iteration=2 first=cdls cdls_ms=14.669537544 rocsolver_ms=21.071771622 cdls_submit_ms=0.213747000 roc_submit_ms=8.280553000 cdls_wall_ms=14.677982000 roc_wall_ms=21.082972000
sample n=8192 lda=8192 iteration=3 first=rocsolver cdls_ms=14.873119354 rocsolver_ms=21.609968185 cdls_submit_ms=0.554439000 roc_submit_ms=12.041975000 cdls_wall_ms=14.883376000 roc_wall_ms=21.880284000
sample n=8192 lda=8192 iteration=4 first=cdls cdls_ms=14.541291237 rocsolver_ms=21.143192291 cdls_submit_ms=0.415256000 roc_submit_ms=8.340565000 cdls_wall_ms=14.550667000 roc_wall_ms=21.151377000
sample n=8192 lda=8192 iteration=5 first=rocsolver cdls_ms=14.654423714 rocsolver_ms=21.588735580 cdls_submit_ms=0.591206000 roc_submit_ms=11.612136000 cdls_wall_ms=14.992494000 roc_wall_ms=21.891561000
sample n=8192 lda=8192 iteration=6 first=cdls cdls_ms=14.587242126 rocsolver_ms=21.092504501 cdls_submit_ms=0.259578000 roc_submit_ms=8.310870000 cdls_wall_ms=14.595175000 roc_wall_ms=21.101481000
sample n=8192 lda=8192 iteration=7 first=rocsolver cdls_ms=14.736008644 rocsolver_ms=21.486267090 cdls_submit_ms=0.552747000 roc_submit_ms=11.629834000 cdls_wall_ms=15.070133000 roc_wall_ms=21.792860000
sample n=8192 lda=8192 iteration=8 first=cdls cdls_ms=14.823993683 rocsolver_ms=21.070892334 cdls_submit_ms=0.525515000 roc_submit_ms=8.291220000 cdls_wall_ms=14.833671000 roc_wall_ms=21.079727000
sample n=8192 lda=8192 iteration=9 first=rocsolver cdls_ms=14.679762840 rocsolver_ms=21.737382889 cdls_submit_ms=0.494768000 roc_submit_ms=10.910712000 cdls_wall_ms=14.980265000 roc_wall_ms=21.994579000
sample n=8192 lda=8192 iteration=10 first=cdls cdls_ms=14.787487984 rocsolver_ms=21.140888214 cdls_submit_ms=0.420354000 roc_submit_ms=8.228003000 cdls_wall_ms=14.796423000 roc_wall_ms=21.150676000
sample n=8192 lda=8192 iteration=11 first=rocsolver cdls_ms=14.448929787 rocsolver_ms=21.766336441 cdls_submit_ms=0.591045000 roc_submit_ms=10.506733000 cdls_wall_ms=14.753168000 roc_wall_ms=22.039588000
sample n=8192 lda=8192 iteration=12 first=cdls cdls_ms=14.766434669 rocsolver_ms=21.121747971 cdls_submit_ms=0.431020000 roc_submit_ms=8.117093000 cdls_wall_ms=14.774680000 roc_wall_ms=21.129674000
sample n=8192 lda=8192 iteration=13 first=rocsolver cdls_ms=15.119376183 rocsolver_ms=21.643400192 cdls_submit_ms=0.860718000 roc_submit_ms=10.424938000 cdls_wall_ms=15.128892000 roc_wall_ms=21.921237000
sample n=8192 lda=8192 iteration=14 first=cdls cdls_ms=14.785676003 rocsolver_ms=21.113166809 cdls_submit_ms=0.410358000 roc_submit_ms=8.169784000 cdls_wall_ms=14.793239000 roc_wall_ms=21.121882000
sample n=8192 lda=8192 iteration=15 first=rocsolver cdls_ms=14.934613228 rocsolver_ms=21.790523529 cdls_submit_ms=0.848560000 roc_submit_ms=10.380300000 cdls_wall_ms=14.944450000 roc_wall_ms=22.069464000
sample n=8192 lda=8192 iteration=16 first=cdls cdls_ms=14.512586594 rocsolver_ms=21.113515854 cdls_submit_ms=0.330737000 roc_submit_ms=8.146848000 cdls_wall_ms=14.523706000 roc_wall_ms=21.121061000
sample n=8192 lda=8192 iteration=17 first=rocsolver cdls_ms=14.682046890 rocsolver_ms=21.794439316 cdls_submit_ms=0.566157000 roc_submit_ms=10.484499000 cdls_wall_ms=14.993996000 roc_wall_ms=21.802755000
sample n=8192 lda=8192 iteration=18 first=cdls cdls_ms=14.785414696 rocsolver_ms=21.099224091 cdls_submit_ms=0.427725000 roc_submit_ms=8.222224000 cdls_wall_ms=14.794079000 roc_wall_ms=21.108953000
sample n=8192 lda=8192 iteration=19 first=rocsolver cdls_ms=14.783963203 rocsolver_ms=21.579271317 cdls_submit_ms=0.628613000 roc_submit_ms=10.479001000 cdls_wall_ms=14.791626000 roc_wall_ms=21.859632000
bench n=8192 lda=8192 repeats=20 cdls_median_ms=14.775199 rocsolver_median_ms=21.410933 cdls_mean_ms=14.759786 rocsolver_mean_ms=21.390705 cdls_gflops=24803.071803 workspace_bytes=65544 roc_workspace_bytes=34145472 cdls_submit_ms=0.539131 roc_submit_ms=9.652620 cdls_wall_ms=14.815047 roc_wall_ms=21.554555 rocsolver_gflops=17116.037306 speedup=1.449113
