device=AMD Instinct MI300A arch=gfx942:sramecc+:xnack- HIP=60443484 CUs=228 memory_bytes=137438953472 rocSOLVER=3.28.2.1b897f5 rocBLAS=4.4.1.f08d23e3 baseline=rocsolver_dgetrf_npvt fp64 seed=20261001 method=auto matrix=identity n=8192 lda=8192 offset=0 warmup=5 repeats=20
validate n=8192 lda=8192 kind=identity info=7/0 L_rel=0.0000e+00 U_rel=0.0000e+00 residual_scaled=0.0000e+00/0.0000e+00 PASS
sample n=8192 lda=8192 iteration=0 first=cdls cdls_ms=14.994544983 rocsolver_ms=21.324420929 cdls_submit_ms=0.615763000 roc_submit_ms=8.305962000 cdls_wall_ms=15.009991000 roc_wall_ms=21.487452000
sample n=8192 lda=8192 iteration=1 first=rocsolver cdls_ms=14.485876083 rocsolver_ms=21.460227966 cdls_submit_ms=0.496701000 roc_submit_ms=11.564173000 cdls_wall_ms=14.787019000 roc_wall_ms=21.715110000
sample n=8192 lda=8192 iteration=2 first=cdls cdls_ms=14.374094963 rocsolver_ms=21.110332489 cdls_submit_ms=0.472554000 roc_submit_ms=8.001546000 cdls_wall_ms=14.382689000 roc_wall_ms=21.118817000
sample n=8192 lda=8192 iteration=3 first=rocsolver cdls_ms=14.635695457 rocsolver_ms=21.477344513 cdls_submit_ms=0.362776000 roc_submit_ms=11.633258000 cdls_wall_ms=14.883847000 roc_wall_ms=21.732397000
sample n=8192 lda=8192 iteration=4 first=cdls cdls_ms=14.488880157 rocsolver_ms=21.176723480 cdls_submit_ms=0.401185000 roc_submit_ms=8.090001000 cdls_wall_ms=14.498667000 roc_wall_ms=21.184609000
sample n=8192 lda=8192 iteration=5 first=rocsolver cdls_ms=14.596824646 rocsolver_ms=21.470272064 cdls_submit_ms=0.565887000 roc_submit_ms=11.320659000 cdls_wall_ms=14.915075000 roc_wall_ms=21.763274000
sample n=8192 lda=8192 iteration=6 first=cdls cdls_ms=14.442720413 rocsolver_ms=21.114307404 cdls_submit_ms=0.197963000 roc_submit_ms=8.273101000 cdls_wall_ms=14.452717000 roc_wall_ms=21.123495000
sample n=8192 lda=8192 iteration=7 first=rocsolver cdls_ms=14.475549698 rocsolver_ms=21.419355392 cdls_submit_ms=0.522731000 roc_submit_ms=11.192143000 cdls_wall_ms=14.777875000 roc_wall_ms=21.687779000
sample n=8192 lda=8192 iteration=8 first=cdls cdls_ms=14.469109535 rocsolver_ms=21.088638306 cdls_submit_ms=0.460545000 roc_submit_ms=7.995607000 cdls_wall_ms=14.479287000 roc_wall_ms=21.096262000
sample n=8192 lda=8192 iteration=9 first=rocsolver cdls_ms=14.469670296 rocsolver_ms=21.623155594 cdls_submit_ms=0.583954000 roc_submit_ms=10.994189000 cdls_wall_ms=14.751014000 roc_wall_ms=21.632754000
sample n=8192 lda=8192 iteration=10 first=cdls cdls_ms=14.405973434 rocsolver_ms=21.108217239 cdls_submit_ms=0.406202000 roc_submit_ms=7.924978000 cdls_wall_ms=14.416982000 roc_wall_ms=21.116233000
sample n=8192 lda=8192 iteration=11 first=rocsolver cdls_ms=14.541521072 rocsolver_ms=21.743711472 cdls_submit_ms=0.558135000 roc_submit_ms=10.439230000 cdls_wall_ms=14.841222000 roc_wall_ms=22.026087000
sample n=8192 lda=8192 iteration=12 first=cdls cdls_ms=14.550785065 rocsolver_ms=21.121458054 cdls_submit_ms=0.408025000 roc_submit_ms=7.886860000 cdls_wall_ms=14.559730000 roc_wall_ms=21.129303000
sample n=8192 lda=8192 iteration=13 first=rocsolver cdls_ms=14.590866089 rocsolver_ms=21.809961319 cdls_submit_ms=0.541158000 roc_submit_ms=10.570150000 cdls_wall_ms=14.899221000 roc_wall_ms=22.091387000
sample n=8192 lda=8192 iteration=14 first=cdls cdls_ms=14.510152817 rocsolver_ms=21.176092148 cdls_submit_ms=0.433063000 roc_submit_ms=7.892539000 cdls_wall_ms=14.519750000 roc_wall_ms=21.183937000
sample n=8192 lda=8192 iteration=15 first=rocsolver cdls_ms=14.688365936 rocsolver_ms=21.722547531 cdls_submit_ms=0.704489000 roc_submit_ms=10.403645000 cdls_wall_ms=14.697362000 roc_wall_ms=22.010022000
sample n=8192 lda=8192 iteration=16 first=cdls cdls_ms=14.468738556 rocsolver_ms=21.099643707 cdls_submit_ms=0.400663000 roc_submit_ms=7.959462000 cdls_wall_ms=14.475362000 roc_wall_ms=21.106898000
sample n=8192 lda=8192 iteration=17 first=rocsolver cdls_ms=14.550495148 rocsolver_ms=21.796924591 cdls_submit_ms=0.522010000 roc_submit_ms=10.342161000 cdls_wall_ms=14.829614000 roc_wall_ms=21.805559000
sample n=8192 lda=8192 iteration=18 first=cdls cdls_ms=14.387314796 rocsolver_ms=21.130231857 cdls_submit_ms=0.418972000 roc_submit_ms=7.930357000 cdls_wall_ms=14.396782000 roc_wall_ms=21.138958000
sample n=8192 lda=8192 iteration=19 first=rocsolver cdls_ms=14.548221588 rocsolver_ms=21.642105103 cdls_submit_ms=0.496961000 roc_submit_ms=10.405588000 cdls_wall_ms=14.848814000 roc_wall_ms=21.927385000
bench n=8192 lda=8192 repeats=20 cdls_median_ms=14.499516 rocsolver_median_ms=21.371888 cdls_mean_ms=14.533770 rocsolver_mean_ms=21.380784 cdls_gflops=25274.657983 workspace_bytes=65544 roc_workspace_bytes=34145472 cdls_submit_ms=0.484627 roc_submit_ms=9.324061 cdls_wall_ms=14.724188 roc_wall_ms=21.560103 rocsolver_gflops=17147.306657 speedup=1.473972
