device=AMD Instinct MI300A arch=gfx942:sramecc+:xnack- HIP=60443484 CUs=228 memory_bytes=137438953472 rocSOLVER=3.28.2.1b897f5 rocBLAS=4.4.1.f08d23e3 baseline=rocsolver_dgetrf_npvt fp64 seed=20261001 method=auto matrix=identity n=16384 lda=16384 offset=0 warmup=5 repeats=20
validate n=16384 lda=16384 kind=identity info=7/0 L_rel=0.0000e+00 U_rel=0.0000e+00 residual_scaled=0.0000e+00/0.0000e+00 PASS
sample n=16384 lda=16384 iteration=0 first=cdls cdls_ms=65.355941772 rocsolver_ms=71.464546204 cdls_submit_ms=1.389669000 roc_submit_ms=40.569339000 cdls_wall_ms=65.492334000 roc_wall_ms=71.477120000
sample n=16384 lda=16384 iteration=1 first=rocsolver cdls_ms=65.759399414 rocsolver_ms=71.609840393 cdls_submit_ms=1.589956000 roc_submit_ms=27.966035000 cdls_wall_ms=66.544807000 roc_wall_ms=72.153457000
sample n=16384 lda=16384 iteration=2 first=cdls cdls_ms=64.916213989 rocsolver_ms=71.235992432 cdls_submit_ms=0.432583000 roc_submit_ms=40.225833000 cdls_wall_ms=64.925866000 roc_wall_ms=71.245836000
sample n=16384 lda=16384 iteration=3 first=rocsolver cdls_ms=65.404350281 rocsolver_ms=72.783363342 cdls_submit_ms=1.383769000 roc_submit_ms=28.793062000 cdls_wall_ms=66.075477000 roc_wall_ms=72.790673000
sample n=16384 lda=16384 iteration=4 first=cdls cdls_ms=65.582595825 rocsolver_ms=71.869895935 cdls_submit_ms=0.487046000 roc_submit_ms=40.587417000 cdls_wall_ms=65.591416000 roc_wall_ms=71.880318000
sample n=16384 lda=16384 iteration=5 first=rocsolver cdls_ms=65.544723511 rocsolver_ms=72.754516602 cdls_submit_ms=1.336647000 roc_submit_ms=28.769075000 cdls_wall_ms=66.205616000 roc_wall_ms=73.202974000
sample n=16384 lda=16384 iteration=6 first=cdls cdls_ms=65.685157776 rocsolver_ms=70.572006226 cdls_submit_ms=0.489149000 roc_submit_ms=39.436234000 cdls_wall_ms=65.693692000 roc_wall_ms=70.579396000
sample n=16384 lda=16384 iteration=7 first=rocsolver cdls_ms=66.390335083 rocsolver_ms=72.756797791 cdls_submit_ms=2.016899000 roc_submit_ms=28.605545000 cdls_wall_ms=66.398622000 roc_wall_ms=73.220460000
sample n=16384 lda=16384 iteration=8 first=cdls cdls_ms=65.788482666 rocsolver_ms=71.342346191 cdls_submit_ms=0.483681000 roc_submit_ms=40.132340000 cdls_wall_ms=65.796309000 roc_wall_ms=71.351758000
sample n=16384 lda=16384 iteration=9 first=rocsolver cdls_ms=66.291946411 rocsolver_ms=72.770347595 cdls_submit_ms=1.750491000 roc_submit_ms=28.601458000 cdls_wall_ms=66.552548000 roc_wall_ms=73.226460000
sample n=16384 lda=16384 iteration=10 first=cdls cdls_ms=65.361923218 rocsolver_ms=71.119331360 cdls_submit_ms=0.469520000 roc_submit_ms=39.861605000 cdls_wall_ms=65.369936000 roc_wall_ms=71.126754000
sample n=16384 lda=16384 iteration=11 first=rocsolver cdls_ms=65.640281677 rocsolver_ms=73.311737061 cdls_submit_ms=1.328515000 roc_submit_ms=28.608659000 cdls_wall_ms=66.380424000 roc_wall_ms=73.325783000
sample n=16384 lda=16384 iteration=12 first=cdls cdls_ms=66.142463684 rocsolver_ms=71.105422974 cdls_submit_ms=0.463971000 roc_submit_ms=39.894205000 cdls_wall_ms=66.150332000 roc_wall_ms=71.113985000
sample n=16384 lda=16384 iteration=13 first=rocsolver cdls_ms=66.616088867 rocsolver_ms=73.013717651 cdls_submit_ms=1.983948000 roc_submit_ms=28.619576000 cdls_wall_ms=66.624337000 roc_wall_ms=73.480900000
sample n=16384 lda=16384 iteration=14 first=cdls cdls_ms=65.783164978 rocsolver_ms=72.178764343 cdls_submit_ms=0.461397000 roc_submit_ms=40.787944000 cdls_wall_ms=65.790941000 roc_wall_ms=72.186928000
sample n=16384 lda=16384 iteration=15 first=rocsolver cdls_ms=66.307327271 rocsolver_ms=73.469581604 cdls_submit_ms=1.342987000 roc_submit_ms=28.562820000 cdls_wall_ms=66.981795000 roc_wall_ms=73.931691000
sample n=16384 lda=16384 iteration=16 first=cdls cdls_ms=66.159675598 rocsolver_ms=72.078933716 cdls_submit_ms=0.475909000 roc_submit_ms=40.680800000 cdls_wall_ms=66.168049000 roc_wall_ms=72.087816000
sample n=16384 lda=16384 iteration=17 first=rocsolver cdls_ms=66.447372437 rocsolver_ms=73.707023621 cdls_submit_ms=1.977048000 roc_submit_ms=28.810509000 cdls_wall_ms=66.455289000 roc_wall_ms=73.716360000
sample n=16384 lda=16384 iteration=18 first=cdls cdls_ms=65.917396545 rocsolver_ms=71.653060913 cdls_submit_ms=0.508900000 roc_submit_ms=40.450848000 cdls_wall_ms=65.926449000 roc_wall_ms=71.662134000
sample n=16384 lda=16384 iteration=19 first=rocsolver cdls_ms=67.187065125 rocsolver_ms=73.186859131 cdls_submit_ms=1.991710000 roc_submit_ms=28.401052000 cdls_wall_ms=67.195102000 roc_wall_ms=73.679193000
bench n=16384 lda=16384 repeats=20 cdls_median_ms=65.785824 rocsolver_median_ms=72.128849 cdls_mean_ms=65.914095 rocsolver_mean_ms=72.199204 cdls_gflops=44567.303662 workspace_bytes=262152 roc_workspace_bytes=67765440 cdls_submit_ms=1.332581 roc_submit_ms=34.123371 cdls_wall_ms=66.159190 roc_wall_ms=72.170192 rocsolver_gflops=40648.046189 speedup=1.096419
