device=AMD Instinct MI300A arch=gfx942:sramecc+:xnack- HIP=60443484 CUs=228 memory_bytes=137438953472 rocSOLVER=3.28.2.1b897f5 rocBLAS=4.4.1.f08d23e3 baseline=rocsolver_dgetrf_npvt fp64 seed=20261001 method=auto matrix=scale_low n=2048 lda=2048 offset=0 warmup=5 repeats=20
validate n=2048 lda=2048 kind=scale_low info=7/0 L_rel=8.1245e-16 U_rel=4.5448e-191 residual_scaled=4.3742e-03/1.2203e-03 PASS
sample n=2048 lda=2048 iteration=0 first=cdls cdls_ms=1.905158043 rocsolver_ms=4.061018944 cdls_submit_ms=0.010045000 roc_submit_ms=2.202363000 cdls_wall_ms=1.918318000 roc_wall_ms=4.068421000
sample n=2048 lda=2048 iteration=1 first=rocsolver cdls_ms=2.028826952 rocsolver_ms=4.561205864 cdls_submit_ms=0.014432000 roc_submit_ms=4.216117000 cdls_wall_ms=2.036279000 roc_wall_ms=4.569148000
sample n=2048 lda=2048 iteration=2 first=cdls cdls_ms=2.023539066 rocsolver_ms=4.083494186 cdls_submit_ms=0.125703000 roc_submit_ms=2.286503000 cdls_wall_ms=2.032173000 roc_wall_ms=4.091587000
sample n=2048 lda=2048 iteration=3 first=rocsolver cdls_ms=1.972460985 rocsolver_ms=4.580334187 cdls_submit_ms=0.016204000 roc_submit_ms=4.198371000 cdls_wall_ms=1.978270000 roc_wall_ms=4.589420000
sample n=2048 lda=2048 iteration=4 first=cdls cdls_ms=1.905398011 rocsolver_ms=4.009871960 cdls_submit_ms=0.009415000 roc_submit_ms=2.273352000 cdls_wall_ms=1.915604000 roc_wall_ms=4.019877000
sample n=2048 lda=2048 iteration=5 first=rocsolver cdls_ms=1.949144959 rocsolver_ms=4.657282829 cdls_submit_ms=0.014673000 roc_submit_ms=4.288899000 cdls_wall_ms=1.956778000 roc_wall_ms=4.665396000
sample n=2048 lda=2048 iteration=6 first=cdls cdls_ms=1.919700027 rocsolver_ms=4.062891960 cdls_submit_ms=0.007722000 roc_submit_ms=2.326773000 cdls_wall_ms=1.927862000 roc_wall_ms=4.071636000
sample n=2048 lda=2048 iteration=7 first=rocsolver cdls_ms=2.033634901 rocsolver_ms=4.698646069 cdls_submit_ms=0.018428000 roc_submit_ms=4.299045000 cdls_wall_ms=2.042459000 roc_wall_ms=4.707340000
sample n=2048 lda=2048 iteration=8 first=cdls cdls_ms=1.907641053 rocsolver_ms=3.929858923 cdls_submit_ms=0.008263000 roc_submit_ms=2.229776000 cdls_wall_ms=1.917327000 roc_wall_ms=3.938142000
sample n=2048 lda=2048 iteration=9 first=rocsolver cdls_ms=1.984320045 rocsolver_ms=4.638614178 cdls_submit_ms=0.011848000 roc_submit_ms=4.260977000 cdls_wall_ms=1.991901000 roc_wall_ms=4.646848000
sample n=2048 lda=2048 iteration=10 first=cdls cdls_ms=1.939571023 rocsolver_ms=4.082743168 cdls_submit_ms=0.014112000 roc_submit_ms=2.281154000 cdls_wall_ms=1.947713000 roc_wall_ms=4.092257000
sample n=2048 lda=2048 iteration=11 first=rocsolver cdls_ms=1.973101974 rocsolver_ms=4.636781216 cdls_submit_ms=0.014963000 roc_submit_ms=4.337704000 cdls_wall_ms=1.981275000 roc_wall_ms=4.645325000
sample n=2048 lda=2048 iteration=12 first=cdls cdls_ms=1.950026989 rocsolver_ms=4.063724041 cdls_submit_ms=0.011938000 roc_submit_ms=2.259260000 cdls_wall_ms=1.959211000 roc_wall_ms=4.073489000
sample n=2048 lda=2048 iteration=13 first=rocsolver cdls_ms=1.945940018 rocsolver_ms=4.600084782 cdls_submit_ms=0.016675000 roc_submit_ms=4.182817000 cdls_wall_ms=1.955635000 roc_wall_ms=4.606255000
sample n=2048 lda=2048 iteration=14 first=cdls cdls_ms=1.899027944 rocsolver_ms=4.076913834 cdls_submit_ms=0.012109000 roc_submit_ms=2.270958000 cdls_wall_ms=1.908183000 roc_wall_ms=4.087621000
sample n=2048 lda=2048 iteration=15 first=rocsolver cdls_ms=1.990568995 rocsolver_ms=4.709362030 cdls_submit_ms=0.014412000 roc_submit_ms=4.341199000 cdls_wall_ms=1.998310000 roc_wall_ms=4.718167000
sample n=2048 lda=2048 iteration=16 first=cdls cdls_ms=1.891857028 rocsolver_ms=4.091567039 cdls_submit_ms=0.014622000 roc_submit_ms=2.354206000 cdls_wall_ms=1.900430000 roc_wall_ms=4.102053000
sample n=2048 lda=2048 iteration=17 first=rocsolver cdls_ms=1.959321022 rocsolver_ms=4.652015209 cdls_submit_ms=0.019029000 roc_submit_ms=4.230379000 cdls_wall_ms=1.968715000 roc_wall_ms=4.658696000
sample n=2048 lda=2048 iteration=18 first=cdls cdls_ms=1.880800009 rocsolver_ms=4.073719025 cdls_submit_ms=0.012639000 roc_submit_ms=2.317259000 cdls_wall_ms=1.889855000 roc_wall_ms=4.087741000
sample n=2048 lda=2048 iteration=19 first=rocsolver cdls_ms=1.983677983 rocsolver_ms=4.698195934 cdls_submit_ms=0.016876000 roc_submit_ms=4.327718000 cdls_wall_ms=1.992411000 roc_wall_ms=4.706379000
bench n=2048 lda=2048 repeats=20 cdls_median_ms=1.949586 rocsolver_median_ms=4.326386 cdls_mean_ms=1.952186 rocsolver_mean_ms=4.348416 cdls_gflops=2936.277571 workspace_bytes=4104 roc_workspace_bytes=8930496 cdls_submit_ms=0.014422 roc_submit_ms=3.268511 cdls_wall_ms=1.957994 roc_wall_ms=4.335600 rocsolver_gflops=1323.165564 speedup=2.219131
