device=AMD Instinct MI300A arch=gfx942:sramecc+:xnack- HIP=60443484 CUs=228 memory_bytes=137438953472 rocSOLVER=3.28.2.1b897f5 rocBLAS=4.4.1.f08d23e3 baseline=rocsolver_dgetrf_npvt fp64 seed=20261001 method=auto matrix=signed n=16384 lda=16384 offset=0 warmup=5 repeats=20
validate n=16384 lda=16384 kind=signed info=7/0 L_rel=5.6674e-16 U_rel=1.6922e-15 residual_scaled=4.9351e-04/2.0353e-04 PASS
sample n=16384 lda=16384 iteration=0 first=cdls cdls_ms=102.080459595 rocsolver_ms=109.494361877 cdls_submit_ms=1.274532000 roc_submit_ms=67.763995000 cdls_wall_ms=102.225971000 roc_wall_ms=109.505430000
sample n=16384 lda=16384 iteration=1 first=rocsolver cdls_ms=102.268981934 rocsolver_ms=109.127670288 cdls_submit_ms=1.580851000 roc_submit_ms=44.579272000 cdls_wall_ms=103.022901000 roc_wall_ms=109.677253000
sample n=16384 lda=16384 iteration=2 first=cdls cdls_ms=101.402130127 rocsolver_ms=109.707687378 cdls_submit_ms=0.448076000 roc_submit_ms=67.354738000 cdls_wall_ms=101.411623000 roc_wall_ms=109.717225000
sample n=16384 lda=16384 iteration=3 first=rocsolver cdls_ms=103.384582520 rocsolver_ms=110.031745911 cdls_submit_ms=1.359112000 roc_submit_ms=45.002962000 cdls_wall_ms=103.393318000 roc_wall_ms=110.464950000
sample n=16384 lda=16384 iteration=4 first=cdls cdls_ms=102.130439758 rocsolver_ms=109.862663269 cdls_submit_ms=0.446594000 roc_submit_ms=67.597580000 cdls_wall_ms=102.139598000 roc_wall_ms=109.872292000
sample n=16384 lda=16384 iteration=5 first=rocsolver cdls_ms=104.002471924 rocsolver_ms=110.619934082 cdls_submit_ms=1.842573000 roc_submit_ms=45.272474000 cdls_wall_ms=104.015842000 roc_wall_ms=111.049636000
sample n=16384 lda=16384 iteration=6 first=cdls cdls_ms=102.095169067 rocsolver_ms=109.835777283 cdls_submit_ms=0.464862000 roc_submit_ms=67.585001000 cdls_wall_ms=102.103253000 roc_wall_ms=109.845492000
sample n=16384 lda=16384 iteration=7 first=rocsolver cdls_ms=103.482353210 rocsolver_ms=110.444587708 cdls_submit_ms=1.280742000 roc_submit_ms=44.767501000 cdls_wall_ms=104.115244000 roc_wall_ms=110.868548000
sample n=16384 lda=16384 iteration=8 first=cdls cdls_ms=103.009429932 rocsolver_ms=110.391204834 cdls_submit_ms=0.458433000 roc_submit_ms=68.110606000 cdls_wall_ms=103.017453000 roc_wall_ms=110.398859000
sample n=16384 lda=16384 iteration=9 first=rocsolver cdls_ms=103.212730408 rocsolver_ms=111.092178345 cdls_submit_ms=1.284318000 roc_submit_ms=45.310192000 cdls_wall_ms=103.836567000 roc_wall_ms=111.535089000
sample n=16384 lda=16384 iteration=10 first=cdls cdls_ms=102.816482544 rocsolver_ms=110.061729431 cdls_submit_ms=0.455127000 roc_submit_ms=67.682760000 cdls_wall_ms=102.824056000 roc_wall_ms=110.070345000
sample n=16384 lda=16384 iteration=11 first=rocsolver cdls_ms=103.342437744 rocsolver_ms=111.462409973 cdls_submit_ms=1.291679000 roc_submit_ms=45.218512000 cdls_wall_ms=103.972806000 roc_wall_ms=111.901010000
sample n=16384 lda=16384 iteration=12 first=cdls cdls_ms=103.066810608 rocsolver_ms=110.784439087 cdls_submit_ms=0.472283000 roc_submit_ms=67.889507000 cdls_wall_ms=103.074780000 roc_wall_ms=110.791911000
sample n=16384 lda=16384 iteration=13 first=rocsolver cdls_ms=103.400299072 rocsolver_ms=110.613929749 cdls_submit_ms=1.287632000 roc_submit_ms=44.605823000 cdls_wall_ms=104.021811000 roc_wall_ms=111.041303000
sample n=16384 lda=16384 iteration=14 first=cdls cdls_ms=103.120094299 rocsolver_ms=110.579673767 cdls_submit_ms=0.450930000 roc_submit_ms=67.570118000 cdls_wall_ms=103.129224000 roc_wall_ms=110.586907000
sample n=16384 lda=16384 iteration=15 first=rocsolver cdls_ms=103.750854492 rocsolver_ms=110.793106079 cdls_submit_ms=1.295104000 roc_submit_ms=44.958994000 cdls_wall_ms=104.386119000 roc_wall_ms=111.218334000
sample n=16384 lda=16384 iteration=16 first=cdls cdls_ms=103.331581116 rocsolver_ms=111.042587280 cdls_submit_ms=0.448557000 roc_submit_ms=68.562467000 cdls_wall_ms=103.340478000 roc_wall_ms=111.050207000
sample n=16384 lda=16384 iteration=17 first=rocsolver cdls_ms=103.284370422 rocsolver_ms=111.765960693 cdls_submit_ms=1.296385000 roc_submit_ms=45.424417000 cdls_wall_ms=103.904120000 roc_wall_ms=111.773304000
sample n=16384 lda=16384 iteration=18 first=cdls cdls_ms=104.118698120 rocsolver_ms=110.851150513 cdls_submit_ms=0.461917000 roc_submit_ms=68.063253000 cdls_wall_ms=104.127653000 roc_wall_ms=110.859594000
sample n=16384 lda=16384 iteration=19 first=rocsolver cdls_ms=105.125679016 rocsolver_ms=111.716674805 cdls_submit_ms=1.813467000 roc_submit_ms=45.503088000 cdls_wall_ms=105.135947000 roc_wall_ms=112.162811000
bench n=16384 lda=16384 repeats=20 cdls_median_ms=103.248550 rocsolver_median_ms=110.596802 cdls_mean_ms=103.121303 rocsolver_mean_ms=110.513974 cdls_gflops=28396.493463 workspace_bytes=262152 roc_workspace_bytes=67765440 cdls_submit_ms=1.277637 roc_submit_ms=56.428913 cdls_wall_ms=103.366898 roc_wall_ms=110.825752 rocsolver_gflops=26509.779129 speedup=1.071171
