device=AMD Instinct MI300A arch=gfx942:sramecc+:xnack- HIP=60443484 CUs=228 memory_bytes=137438953472 rocSOLVER=3.28.2.1b897f5 rocBLAS=4.4.1.f08d23e3 baseline=rocsolver_dgetrf_npvt fp64 seed=20261001 method=auto matrix=column_scaled n=16384 lda=16384 offset=0 warmup=5 repeats=20
validate n=16384 lda=16384 kind=column_scaled info=7/0 L_rel=4.9313e-16 U_rel=1.2931e-15 residual_scaled=3.7948e-04/1.5771e-04 PASS
sample n=16384 lda=16384 iteration=0 first=cdls cdls_ms=104.067977905 rocsolver_ms=110.661003113 cdls_submit_ms=1.354866000 roc_submit_ms=68.431152000 cdls_wall_ms=104.085061000 roc_wall_ms=110.669276000
sample n=16384 lda=16384 iteration=1 first=rocsolver cdls_ms=104.076705933 rocsolver_ms=111.474998474 cdls_submit_ms=1.637187000 roc_submit_ms=45.607745000 cdls_wall_ms=104.848400000 roc_wall_ms=111.928835000
sample n=16384 lda=16384 iteration=2 first=cdls cdls_ms=103.745971680 rocsolver_ms=111.516380310 cdls_submit_ms=0.453484000 roc_submit_ms=68.966492000 cdls_wall_ms=103.755827000 roc_wall_ms=111.527060000
sample n=16384 lda=16384 iteration=3 first=rocsolver cdls_ms=104.413482666 rocsolver_ms=112.262176514 cdls_submit_ms=1.361005000 roc_submit_ms=46.214033000 cdls_wall_ms=105.071552000 roc_wall_ms=112.719706000
sample n=16384 lda=16384 iteration=4 first=cdls cdls_ms=104.649772644 rocsolver_ms=111.386627197 cdls_submit_ms=0.490832000 roc_submit_ms=68.776360000 cdls_wall_ms=104.658530000 roc_wall_ms=111.395247000
sample n=16384 lda=16384 iteration=5 first=rocsolver cdls_ms=105.081542969 rocsolver_ms=112.544967651 cdls_submit_ms=1.593951000 roc_submit_ms=45.976830000 cdls_wall_ms=105.582745000 roc_wall_ms=113.010021000
sample n=16384 lda=16384 iteration=6 first=cdls cdls_ms=104.562057495 rocsolver_ms=112.320358276 cdls_submit_ms=0.516541000 roc_submit_ms=69.178386000 cdls_wall_ms=104.570274000 roc_wall_ms=112.328026000
sample n=16384 lda=16384 iteration=7 first=rocsolver cdls_ms=105.804420471 rocsolver_ms=112.797416687 cdls_submit_ms=2.024681000 roc_submit_ms=45.905831000 cdls_wall_ms=105.814560000 roc_wall_ms=113.029330000
sample n=16384 lda=16384 iteration=8 first=cdls cdls_ms=105.022254944 rocsolver_ms=111.962944031 cdls_submit_ms=0.481086000 roc_submit_ms=68.693073000 cdls_wall_ms=105.030609000 roc_wall_ms=111.973504000
sample n=16384 lda=16384 iteration=9 first=rocsolver cdls_ms=105.206092834 rocsolver_ms=113.374107361 cdls_submit_ms=1.601462000 roc_submit_ms=46.549728000 cdls_wall_ms=105.460348000 roc_wall_ms=113.832440000
sample n=16384 lda=16384 iteration=10 first=cdls cdls_ms=105.024169922 rocsolver_ms=111.612052917 cdls_submit_ms=0.486615000 roc_submit_ms=68.776862000 cdls_wall_ms=105.032392000 roc_wall_ms=111.620002000
sample n=16384 lda=16384 iteration=11 first=rocsolver cdls_ms=105.377471924 rocsolver_ms=113.224166870 cdls_submit_ms=1.352181000 roc_submit_ms=46.411356000 cdls_wall_ms=106.046175000 roc_wall_ms=113.676653000
sample n=16384 lda=16384 iteration=12 first=cdls cdls_ms=104.441940308 rocsolver_ms=112.019744873 cdls_submit_ms=0.535881000 roc_submit_ms=69.023350000 cdls_wall_ms=104.450801000 roc_wall_ms=112.026886000
sample n=16384 lda=16384 iteration=13 first=rocsolver cdls_ms=106.321937561 rocsolver_ms=113.794151306 cdls_submit_ms=1.558397000 roc_submit_ms=46.742653000 cdls_wall_ms=106.571269000 roc_wall_ms=114.257902000
sample n=16384 lda=16384 iteration=14 first=cdls cdls_ms=105.996330261 rocsolver_ms=113.285621643 cdls_submit_ms=0.499915000 roc_submit_ms=69.941505000 cdls_wall_ms=106.004280000 roc_wall_ms=113.293125000
sample n=16384 lda=16384 iteration=15 first=rocsolver cdls_ms=105.725112915 rocsolver_ms=113.871871948 cdls_submit_ms=1.399984000 roc_submit_ms=46.596730000 cdls_wall_ms=106.405415000 roc_wall_ms=113.880444000
sample n=16384 lda=16384 iteration=16 first=cdls cdls_ms=105.532112122 rocsolver_ms=112.950958252 cdls_submit_ms=0.491743000 roc_submit_ms=69.674877000 cdls_wall_ms=105.540310000 roc_wall_ms=112.958361000
sample n=16384 lda=16384 iteration=17 first=rocsolver cdls_ms=105.886169434 rocsolver_ms=113.963127136 cdls_submit_ms=2.024751000 roc_submit_ms=46.840583000 cdls_wall_ms=105.893671000 roc_wall_ms=113.972144000
sample n=16384 lda=16384 iteration=18 first=cdls cdls_ms=105.525177002 rocsolver_ms=112.969184875 cdls_submit_ms=0.476099000 roc_submit_ms=69.776633000 cdls_wall_ms=105.533359000 roc_wall_ms=112.977391000
sample n=16384 lda=16384 iteration=19 first=rocsolver cdls_ms=105.933120728 rocsolver_ms=114.019447327 cdls_submit_ms=1.778214000 roc_submit_ms=46.616410000 cdls_wall_ms=106.184136000 roc_wall_ms=114.030614000
bench n=16384 lda=16384 repeats=20 cdls_median_ms=105.143818 rocsolver_median_ms=112.671192 cdls_mean_ms=105.119691 rocsolver_mean_ms=112.600565 cdls_gflops=27884.633119 workspace_bytes=262152 roc_workspace_bytes=67765440 cdls_submit_ms=1.353524 roc_submit_ms=57.635868 cdls_wall_ms=105.496854 roc_wall_ms=112.967876 rocsolver_gflops=26021.707328 speedup=1.071591
