device=AMD Instinct MI300A arch=gfx942:sramecc+:xnack- HIP=60443484 CUs=228 memory_bytes=137438953472 rocSOLVER=3.28.2.1b897f5 rocBLAS=4.4.1.f08d23e3 baseline=rocsolver_dgetrf_npvt fp64 seed=20261001 method=auto matrix=identity n=2048 lda=2048 offset=0 warmup=5 repeats=20
validate n=2048 lda=2048 kind=identity info=7/0 L_rel=0.0000e+00 U_rel=0.0000e+00 residual_scaled=0.0000e+00/0.0000e+00 PASS
sample n=2048 lda=2048 iteration=0 first=cdls cdls_ms=1.717190027 rocsolver_ms=4.046477795 cdls_submit_ms=0.008283000 roc_submit_ms=2.281725000 cdls_wall_ms=1.736270000 roc_wall_ms=4.054901000
sample n=2048 lda=2048 iteration=1 first=rocsolver cdls_ms=1.693112969 rocsolver_ms=4.801393986 cdls_submit_ms=0.014202000 roc_submit_ms=4.313617000 cdls_wall_ms=1.702187000 roc_wall_ms=4.808626000
sample n=2048 lda=2048 iteration=2 first=cdls cdls_ms=1.647364020 rocsolver_ms=4.051404953 cdls_submit_ms=0.014872000 roc_submit_ms=2.279642000 cdls_wall_ms=1.657358000 roc_wall_ms=4.063183000
sample n=2048 lda=2048 iteration=3 first=rocsolver cdls_ms=1.726685047 rocsolver_ms=4.703723907 cdls_submit_ms=0.013541000 roc_submit_ms=4.265563000 cdls_wall_ms=1.736059000 roc_wall_ms=4.711717000
sample n=2048 lda=2048 iteration=4 first=cdls cdls_ms=1.686303020 rocsolver_ms=4.045155048 cdls_submit_ms=0.007401000 roc_submit_ms=2.300524000 cdls_wall_ms=1.829613000 roc_wall_ms=4.053649000
sample n=2048 lda=2048 iteration=5 first=rocsolver cdls_ms=1.714226007 rocsolver_ms=4.684295177 cdls_submit_ms=0.017317000 roc_submit_ms=4.285394000 cdls_wall_ms=1.721678000 roc_wall_ms=4.691976000
sample n=2048 lda=2048 iteration=6 first=cdls cdls_ms=1.646682024 rocsolver_ms=4.023362160 cdls_submit_ms=0.013811000 roc_submit_ms=2.316629000 cdls_wall_ms=1.654845000 roc_wall_ms=4.030463000
sample n=2048 lda=2048 iteration=7 first=rocsolver cdls_ms=1.693192959 rocsolver_ms=4.780401230 cdls_submit_ms=0.016585000 roc_submit_ms=4.320437000 cdls_wall_ms=1.701246000 roc_wall_ms=4.789315000
sample n=2048 lda=2048 iteration=8 first=cdls cdls_ms=1.685181022 rocsolver_ms=4.051886082 cdls_submit_ms=0.015183000 roc_submit_ms=2.280713000 cdls_wall_ms=1.692872000 roc_wall_ms=4.062572000
sample n=2048 lda=2048 iteration=9 first=rocsolver cdls_ms=1.687904954 rocsolver_ms=4.707810879 cdls_submit_ms=0.009595000 roc_submit_ms=4.295931000 cdls_wall_ms=1.696249000 roc_wall_ms=4.715042000
sample n=2048 lda=2048 iteration=10 first=cdls cdls_ms=1.724040985 rocsolver_ms=4.057494164 cdls_submit_ms=0.008312000 roc_submit_ms=2.281405000 cdls_wall_ms=1.863985000 roc_wall_ms=4.068191000
sample n=2048 lda=2048 iteration=11 first=rocsolver cdls_ms=1.725803018 rocsolver_ms=4.708210945 cdls_submit_ms=0.018438000 roc_submit_ms=4.309041000 cdls_wall_ms=1.732864000 roc_wall_ms=4.717125000
sample n=2048 lda=2048 iteration=12 first=cdls cdls_ms=1.660542965 rocsolver_ms=4.048520088 cdls_submit_ms=0.015143000 roc_submit_ms=2.322608000 cdls_wall_ms=1.668296000 roc_wall_ms=4.056944000
sample n=2048 lda=2048 iteration=13 first=rocsolver cdls_ms=1.752923965 rocsolver_ms=4.825870991 cdls_submit_ms=0.010656000 roc_submit_ms=4.446551000 cdls_wall_ms=1.762549000 roc_wall_ms=4.834825000
sample n=2048 lda=2048 iteration=14 first=cdls cdls_ms=1.689026952 rocsolver_ms=4.062702179 cdls_submit_ms=0.013600000 roc_submit_ms=2.298831000 cdls_wall_ms=1.698030000 roc_wall_ms=4.073920000
sample n=2048 lda=2048 iteration=15 first=rocsolver cdls_ms=1.742068052 rocsolver_ms=4.673397064 cdls_submit_ms=0.017396000 roc_submit_ms=4.301709000 cdls_wall_ms=1.750311000 roc_wall_ms=4.682292000
sample n=2048 lda=2048 iteration=16 first=cdls cdls_ms=1.670799017 rocsolver_ms=4.042390823 cdls_submit_ms=0.015454000 roc_submit_ms=2.309768000 cdls_wall_ms=1.678281000 roc_wall_ms=4.050353000
sample n=2048 lda=2048 iteration=17 first=rocsolver cdls_ms=1.710980058 rocsolver_ms=4.667267799 cdls_submit_ms=0.017808000 roc_submit_ms=4.194645000 cdls_wall_ms=1.719694000 roc_wall_ms=4.675862000
sample n=2048 lda=2048 iteration=18 first=cdls cdls_ms=1.673962951 rocsolver_ms=4.051603794 cdls_submit_ms=0.010817000 roc_submit_ms=2.291650000 cdls_wall_ms=1.682657000 roc_wall_ms=4.063013000
sample n=2048 lda=2048 iteration=19 first=rocsolver cdls_ms=1.735658050 rocsolver_ms=4.794622898 cdls_submit_ms=0.016095000 roc_submit_ms=4.426901000 cdls_wall_ms=1.744492000 roc_wall_ms=4.804369000
bench n=2048 lda=2048 repeats=20 cdls_median_ms=1.693153 rocsolver_median_ms=4.364985 cdls_mean_ms=1.699182 rocsolver_mean_ms=4.391400 cdls_gflops=3380.985469 workspace_bytes=4104 roc_workspace_bytes=8930496 cdls_submit_ms=0.014537 roc_submit_ms=3.258627 cdls_wall_ms=1.710940 roc_wall_ms=4.374891 rocsolver_gflops=1311.465121 speedup=2.578022
