device=AMD Instinct MI300A arch=gfx942:sramecc+:xnack- HIP=60443484 CUs=228 memory_bytes=137438953472 rocSOLVER=3.28.2.1b897f5 rocBLAS=4.4.1.f08d23e3 baseline=rocsolver_dgetrf_npvt fp64 seed=20261001 method=auto matrix=signed n=16384 lda=16384 offset=0 warmup=5 repeats=20
validate n=16384 lda=16384 kind=signed info=7/0 L_rel=5.6674e-16 U_rel=1.6922e-15 residual_scaled=4.9351e-04/2.0353e-04 PASS
sample n=16384 lda=16384 iteration=0 first=cdls cdls_ms=102.109741211 rocsolver_ms=108.860595703 cdls_submit_ms=0.677618000 roc_submit_ms=67.167157000 cdls_wall_ms=102.125212000 roc_wall_ms=108.868479000
sample n=16384 lda=16384 iteration=1 first=rocsolver cdls_ms=102.289894104 rocsolver_ms=109.710311890 cdls_submit_ms=1.814088000 roc_submit_ms=45.325964000 cdls_wall_ms=102.794666000 roc_wall_ms=110.275094000
sample n=16384 lda=16384 iteration=2 first=cdls cdls_ms=101.991615295 rocsolver_ms=109.473937988 cdls_submit_ms=0.526786000 roc_submit_ms=67.624458000 cdls_wall_ms=102.001902000 roc_wall_ms=109.483261000
sample n=16384 lda=16384 iteration=3 first=rocsolver cdls_ms=103.077621460 rocsolver_ms=109.895095825 cdls_submit_ms=1.348526000 roc_submit_ms=44.482932000 cdls_wall_ms=103.782861000 roc_wall_ms=110.356679000
sample n=16384 lda=16384 iteration=4 first=cdls cdls_ms=101.532257080 rocsolver_ms=110.396972656 cdls_submit_ms=0.520256000 roc_submit_ms=68.061788000 cdls_wall_ms=101.540195000 roc_wall_ms=110.404933000
sample n=16384 lda=16384 iteration=5 first=rocsolver cdls_ms=102.514419556 rocsolver_ms=110.060646057 cdls_submit_ms=1.338360000 roc_submit_ms=45.097885000 cdls_wall_ms=103.169130000 roc_wall_ms=110.515692000
sample n=16384 lda=16384 iteration=6 first=cdls cdls_ms=103.177864075 rocsolver_ms=110.306694031 cdls_submit_ms=0.520547000 roc_submit_ms=67.996076000 cdls_wall_ms=103.186026000 roc_wall_ms=110.314595000
sample n=16384 lda=16384 iteration=7 first=rocsolver cdls_ms=103.480247498 rocsolver_ms=110.702140808 cdls_submit_ms=1.353503000 roc_submit_ms=45.119067000 cdls_wall_ms=104.145906000 roc_wall_ms=111.155923000
sample n=16384 lda=16384 iteration=8 first=cdls cdls_ms=102.493019104 rocsolver_ms=110.913650513 cdls_submit_ms=0.490622000 roc_submit_ms=68.499247000 cdls_wall_ms=102.501988000 roc_wall_ms=110.922175000
sample n=16384 lda=16384 iteration=9 first=rocsolver cdls_ms=102.998001099 rocsolver_ms=111.510978699 cdls_submit_ms=1.377079000 roc_submit_ms=45.826310000 cdls_wall_ms=103.658700000 roc_wall_ms=112.031043000
sample n=16384 lda=16384 iteration=10 first=cdls cdls_ms=102.237190247 rocsolver_ms=110.061614990 cdls_submit_ms=0.496871000 roc_submit_ms=67.778563000 cdls_wall_ms=102.244735000 roc_wall_ms=110.069219000
sample n=16384 lda=16384 iteration=11 first=rocsolver cdls_ms=102.974273682 rocsolver_ms=110.597442627 cdls_submit_ms=1.351290000 roc_submit_ms=45.091185000 cdls_wall_ms=103.631147000 roc_wall_ms=111.070723000
sample n=16384 lda=16384 iteration=12 first=cdls cdls_ms=102.969963074 rocsolver_ms=110.248352051 cdls_submit_ms=0.483420000 roc_submit_ms=67.890044000 cdls_wall_ms=102.980201000 roc_wall_ms=110.255394000
sample n=16384 lda=16384 iteration=13 first=rocsolver cdls_ms=104.634132385 rocsolver_ms=111.359130859 cdls_submit_ms=1.936747000 roc_submit_ms=45.382381000 cdls_wall_ms=104.642677000 roc_wall_ms=111.827332000
sample n=16384 lda=16384 iteration=14 first=cdls cdls_ms=102.850303650 rocsolver_ms=110.146011353 cdls_submit_ms=0.484903000 roc_submit_ms=67.466375000 cdls_wall_ms=102.858244000 roc_wall_ms=110.153378000
sample n=16384 lda=16384 iteration=15 first=rocsolver cdls_ms=103.932945251 rocsolver_ms=111.956527710 cdls_submit_ms=1.583796000 roc_submit_ms=45.481803000 cdls_wall_ms=104.184525000 roc_wall_ms=111.963770000
sample n=16384 lda=16384 iteration=16 first=cdls cdls_ms=103.814491272 rocsolver_ms=110.940292358 cdls_submit_ms=0.486755000 roc_submit_ms=68.241833000 cdls_wall_ms=103.822862000 roc_wall_ms=110.947504000
sample n=16384 lda=16384 iteration=17 first=rocsolver cdls_ms=104.640419006 rocsolver_ms=111.635848999 cdls_submit_ms=1.926101000 roc_submit_ms=45.128141000 cdls_wall_ms=104.647364000 roc_wall_ms=111.643680000
sample n=16384 lda=16384 iteration=18 first=cdls cdls_ms=103.277046204 rocsolver_ms=111.630836487 cdls_submit_ms=0.504453000 roc_submit_ms=68.228803000 cdls_wall_ms=103.285047000 roc_wall_ms=111.638432000
sample n=16384 lda=16384 iteration=19 first=rocsolver cdls_ms=104.504837036 rocsolver_ms=112.235183716 cdls_submit_ms=1.596516000 roc_submit_ms=45.871269000 cdls_wall_ms=104.912921000 roc_wall_ms=112.243098000
bench n=16384 lda=16384 repeats=20 cdls_median_ms=102.986137 rocsolver_median_ms=110.497208 cdls_mean_ms=103.075014 rocsolver_mean_ms=110.632113 cdls_gflops=28468.848927 workspace_bytes=262152 roc_workspace_bytes=67765440 cdls_submit_ms=1.007989 roc_submit_ms=56.519213 cdls_wall_ms=103.235536 roc_wall_ms=110.718933 rocsolver_gflops=26533.673108 speedup=1.072933
