device=AMD Instinct MI300A arch=gfx942:sramecc+:xnack- HIP=60443484 CUs=228 memory_bytes=137438953472 rocSOLVER=3.28.2.1b897f5 rocBLAS=4.4.1.f08d23e3 baseline=rocsolver_dgetrf_npvt fp64 seed=20261001 method=auto matrix=column_scaled n=8192 lda=8192 offset=0 warmup=5 repeats=20
validate n=8192 lda=8192 kind=column_scaled info=7/0 L_rel=6.3318e-16 U_rel=1.6386e-15 residual_scaled=9.3820e-04/3.1313e-04 PASS
sample n=8192 lda=8192 iteration=0 first=cdls cdls_ms=19.199716568 rocsolver_ms=26.392414093 cdls_submit_ms=0.473406000 roc_submit_ms=9.335719000 cdls_wall_ms=19.215432000 roc_wall_ms=26.402882000
sample n=8192 lda=8192 iteration=1 first=rocsolver cdls_ms=18.955654144 rocsolver_ms=26.563476562 cdls_submit_ms=0.700983000 roc_submit_ms=12.705521000 cdls_wall_ms=18.963357000 roc_wall_ms=26.833962000
sample n=8192 lda=8192 iteration=2 first=cdls cdls_ms=19.205284119 rocsolver_ms=25.997999191 cdls_submit_ms=0.514218000 roc_submit_ms=8.777635000 cdls_wall_ms=19.213770000 roc_wall_ms=26.007095000
sample n=8192 lda=8192 iteration=3 first=rocsolver cdls_ms=19.473606110 rocsolver_ms=26.306451797 cdls_submit_ms=0.860458000 roc_submit_ms=12.770711000 cdls_wall_ms=19.482691000 roc_wall_ms=26.567183000
sample n=8192 lda=8192 iteration=4 first=cdls cdls_ms=18.961261749 rocsolver_ms=26.183244705 cdls_submit_ms=0.239597000 roc_submit_ms=8.962928000 cdls_wall_ms=18.968464000 roc_wall_ms=26.192139000
sample n=8192 lda=8192 iteration=5 first=rocsolver cdls_ms=18.798912048 rocsolver_ms=26.611158371 cdls_submit_ms=0.570935000 roc_submit_ms=12.873348000 cdls_wall_ms=19.132455000 roc_wall_ms=26.917259000
sample n=8192 lda=8192 iteration=6 first=cdls cdls_ms=18.873668671 rocsolver_ms=26.190956116 cdls_submit_ms=0.501238000 roc_submit_ms=8.985904000 cdls_wall_ms=18.882062000 roc_wall_ms=26.200021000
sample n=8192 lda=8192 iteration=7 first=rocsolver cdls_ms=18.871643066 rocsolver_ms=26.570005417 cdls_submit_ms=0.530142000 roc_submit_ms=12.734766000 cdls_wall_ms=18.953871000 roc_wall_ms=26.871589000
sample n=8192 lda=8192 iteration=8 first=cdls cdls_ms=19.053443909 rocsolver_ms=26.148559570 cdls_submit_ms=0.399142000 roc_submit_ms=8.792557000 cdls_wall_ms=19.061958000 roc_wall_ms=26.158046000
sample n=8192 lda=8192 iteration=9 first=rocsolver cdls_ms=19.299039841 rocsolver_ms=26.564228058 cdls_submit_ms=0.822069000 roc_submit_ms=11.412260000 cdls_wall_ms=19.308214000 roc_wall_ms=26.819660000
sample n=8192 lda=8192 iteration=10 first=cdls cdls_ms=19.032089233 rocsolver_ms=26.121219635 cdls_submit_ms=0.390619000 roc_submit_ms=8.621335000 cdls_wall_ms=19.040314000 roc_wall_ms=26.129753000
sample n=8192 lda=8192 iteration=11 first=rocsolver cdls_ms=19.207027435 rocsolver_ms=26.849773407 cdls_submit_ms=0.835320000 roc_submit_ms=11.290494000 cdls_wall_ms=19.216214000 roc_wall_ms=27.037443000
sample n=8192 lda=8192 iteration=12 first=cdls cdls_ms=18.872264862 rocsolver_ms=26.142499924 cdls_submit_ms=0.376407000 roc_submit_ms=8.620574000 cdls_wall_ms=18.882252000 roc_wall_ms=26.150705000
sample n=8192 lda=8192 iteration=13 first=rocsolver cdls_ms=19.491212845 rocsolver_ms=26.667415619 cdls_submit_ms=0.804773000 roc_submit_ms=11.031027000 cdls_wall_ms=19.499577000 roc_wall_ms=26.933374000
sample n=8192 lda=8192 iteration=14 first=cdls cdls_ms=18.989643097 rocsolver_ms=26.230825424 cdls_submit_ms=0.413664000 roc_submit_ms=8.646444000 cdls_wall_ms=18.998250000 roc_wall_ms=26.240683000
sample n=8192 lda=8192 iteration=15 first=rocsolver cdls_ms=19.229501724 rocsolver_ms=26.869293213 cdls_submit_ms=0.804322000 roc_submit_ms=11.148566000 cdls_wall_ms=19.239099000 roc_wall_ms=27.144217000
sample n=8192 lda=8192 iteration=16 first=cdls cdls_ms=19.116628647 rocsolver_ms=26.179256439 cdls_submit_ms=0.409177000 roc_submit_ms=8.550907000 cdls_wall_ms=19.123792000 roc_wall_ms=26.186199000
sample n=8192 lda=8192 iteration=17 first=rocsolver cdls_ms=19.256574631 rocsolver_ms=26.866710663 cdls_submit_ms=0.834308000 roc_submit_ms=11.702875000 cdls_wall_ms=19.266320000 roc_wall_ms=26.875966000
sample n=8192 lda=8192 iteration=18 first=cdls cdls_ms=19.057218552 rocsolver_ms=26.140195847 cdls_submit_ms=0.409878000 roc_submit_ms=8.620554000 cdls_wall_ms=19.065683000 roc_wall_ms=26.147750000
sample n=8192 lda=8192 iteration=19 first=rocsolver cdls_ms=19.180328369 rocsolver_ms=26.650499344 cdls_submit_ms=0.534689000 roc_submit_ms=11.032939000 cdls_wall_ms=19.410251000 roc_wall_ms=26.925241000
bench n=8192 lda=8192 repeats=20 cdls_median_ms=19.086924 rocsolver_median_ms=26.349433 cdls_mean_ms=19.106236 rocsolver_mean_ms=26.412309 cdls_gflops=19200.072669 workspace_bytes=65544 roc_workspace_bytes=34145472 cdls_submit_ms=0.522180 roc_submit_ms=10.183373 cdls_wall_ms=19.128124 roc_wall_ms=26.485033 rocsolver_gflops=13908.091339 speedup=1.380497
