device=AMD Instinct MI300A arch=gfx942:sramecc+:xnack- HIP=60443484 CUs=228 memory_bytes=137438953472 rocSOLVER=3.28.2.1b897f5 rocBLAS=4.4.1.f08d23e3 baseline=rocsolver_dgetrf_npvt fp64 seed=20261001 method=auto matrix=column_scaled n=64 lda=64 offset=0 warmup=20 repeats=20
validate n=64 lda=64 kind=column_scaled info=7/0 L_rel=3.4656e-17 U_rel=1.2776e-18 residual_scaled=1.8726e-02/1.8727e-02 cpu_residual_scaled=1.8065e-02/1.8067e-02 PASS
sample n=64 lda=64 iteration=0 first=cdls cdls_ms=0.026400000 rocsolver_ms=0.080762997 cdls_submit_ms=0.002473000 roc_submit_ms=0.007772000 cdls_wall_ms=0.041293000 roc_wall_ms=0.088495000
sample n=64 lda=64 iteration=1 first=rocsolver cdls_ms=0.027402001 rocsolver_ms=0.078479998 cdls_submit_ms=0.002534000 roc_submit_ms=0.006339000 cdls_wall_ms=0.036345000 roc_wall_ms=0.087494000
sample n=64 lda=64 iteration=2 first=cdls cdls_ms=0.026319999 rocsolver_ms=0.081524998 cdls_submit_ms=0.002684000 roc_submit_ms=0.008283000 cdls_wall_ms=0.034533000 roc_wall_ms=0.090218000
sample n=64 lda=64 iteration=3 first=rocsolver cdls_ms=0.027322000 rocsolver_ms=0.077719003 cdls_submit_ms=0.002244000 roc_submit_ms=0.005157000 cdls_wall_ms=0.035474000 roc_wall_ms=0.086513000
sample n=64 lda=64 iteration=4 first=cdls cdls_ms=0.027081000 rocsolver_ms=0.080002002 cdls_submit_ms=0.003024000 roc_submit_ms=0.008563000 cdls_wall_ms=0.034963000 roc_wall_ms=0.088867000
sample n=64 lda=64 iteration=5 first=rocsolver cdls_ms=0.027162001 rocsolver_ms=0.079882003 cdls_submit_ms=0.002464000 roc_submit_ms=0.006630000 cdls_wall_ms=0.035454000 roc_wall_ms=0.090188000
sample n=64 lda=64 iteration=6 first=cdls cdls_ms=0.026881000 rocsolver_ms=0.082446001 cdls_submit_ms=0.002634000 roc_submit_ms=0.008563000 cdls_wall_ms=0.034433000 roc_wall_ms=0.089698000
sample n=64 lda=64 iteration=7 first=rocsolver cdls_ms=0.027682999 rocsolver_ms=0.077878997 cdls_submit_ms=0.002174000 roc_submit_ms=0.005549000 cdls_wall_ms=0.035064000 roc_wall_ms=0.085992000
sample n=64 lda=64 iteration=8 first=cdls cdls_ms=0.026641000 rocsolver_ms=0.082525998 cdls_submit_ms=0.002153000 roc_submit_ms=0.009084000 cdls_wall_ms=0.034243000 roc_wall_ms=0.089758000
sample n=64 lda=64 iteration=9 first=rocsolver cdls_ms=0.027481999 rocsolver_ms=0.079121001 cdls_submit_ms=0.002374000 roc_submit_ms=0.006460000 cdls_wall_ms=0.034763000 roc_wall_ms=0.086393000
sample n=64 lda=64 iteration=10 first=cdls cdls_ms=0.026681000 rocsolver_ms=0.081766002 cdls_submit_ms=0.002023000 roc_submit_ms=0.007541000 cdls_wall_ms=0.034042000 roc_wall_ms=0.089477000
sample n=64 lda=64 iteration=11 first=rocsolver cdls_ms=0.027040999 rocsolver_ms=0.080643997 cdls_submit_ms=0.002834000 roc_submit_ms=0.006309000 cdls_wall_ms=0.034953000 roc_wall_ms=0.087655000
sample n=64 lda=64 iteration=12 first=cdls cdls_ms=0.026760999 rocsolver_ms=0.079040997 cdls_submit_ms=0.001993000 roc_submit_ms=0.007131000 cdls_wall_ms=0.034573000 roc_wall_ms=0.086863000
sample n=64 lda=64 iteration=13 first=rocsolver cdls_ms=0.026721001 rocsolver_ms=0.081485003 cdls_submit_ms=0.002403000 roc_submit_ms=0.007332000 cdls_wall_ms=0.034703000 roc_wall_ms=0.089026000
sample n=64 lda=64 iteration=14 first=cdls cdls_ms=0.027882000 rocsolver_ms=0.080564000 cdls_submit_ms=0.003446000 roc_submit_ms=0.007532000 cdls_wall_ms=0.035525000 roc_wall_ms=0.088505000
sample n=64 lda=64 iteration=15 first=rocsolver cdls_ms=0.026440000 rocsolver_ms=0.079682000 cdls_submit_ms=0.002414000 roc_submit_ms=0.007391000 cdls_wall_ms=0.034803000 roc_wall_ms=0.087203000
sample n=64 lda=64 iteration=16 first=cdls cdls_ms=0.027001999 rocsolver_ms=0.080202997 cdls_submit_ms=0.002093000 roc_submit_ms=0.008293000 cdls_wall_ms=0.035304000 roc_wall_ms=0.088445000
sample n=64 lda=64 iteration=17 first=rocsolver cdls_ms=0.026601000 rocsolver_ms=0.079121001 cdls_submit_ms=0.002343000 roc_submit_ms=0.007581000 cdls_wall_ms=0.034252000 roc_wall_ms=0.088275000
sample n=64 lda=64 iteration=18 first=cdls cdls_ms=0.026481001 rocsolver_ms=0.081565000 cdls_submit_ms=0.002143000 roc_submit_ms=0.008753000 cdls_wall_ms=0.034974000 roc_wall_ms=0.089297000
sample n=64 lda=64 iteration=19 first=rocsolver cdls_ms=0.026841000 rocsolver_ms=0.094664998 cdls_submit_ms=0.002083000 roc_submit_ms=0.021333000 cdls_wall_ms=0.034954000 roc_wall_ms=0.105111000
bench n=64 lda=64 repeats=20 cdls_median_ms=0.026861 rocsolver_median_ms=0.080383 cdls_mean_ms=0.026941 rocsolver_mean_ms=0.080954 cdls_gflops=6.429545 workspace_bytes=12 roc_workspace_bytes=0 cdls_submit_ms=0.002388 roc_submit_ms=0.007536 cdls_wall_ms=0.034953 roc_wall_ms=0.088500 rocsolver_gflops=2.148501 speedup=2.992573
