device=AMD Instinct MI300A arch=gfx942:sramecc+:xnack- HIP=60443484 CUs=228 memory_bytes=137438953472 rocSOLVER=3.28.2.1b897f5 rocBLAS=4.4.1.f08d23e3 baseline=rocsolver_dgetrf_npvt fp64 seed=20261001 method=auto matrix=signed n=16384 lda=16384 offset=0 warmup=5 repeats=20
validate n=16384 lda=16384 kind=signed info=7/0 L_rel=5.6674e-16 U_rel=1.6922e-15 residual_scaled=4.9351e-04/2.0353e-04 PASS
sample n=16384 lda=16384 iteration=0 first=cdls cdls_ms=102.057022095 rocsolver_ms=109.080711365 cdls_submit_ms=0.536402000 roc_submit_ms=67.129409000 cdls_wall_ms=102.070836000 roc_wall_ms=109.089115000
sample n=16384 lda=16384 iteration=1 first=rocsolver cdls_ms=103.286918640 rocsolver_ms=111.331062317 cdls_submit_ms=1.419935000 roc_submit_ms=45.862095000 cdls_wall_ms=103.945408000 roc_wall_ms=111.789532000
sample n=16384 lda=16384 iteration=2 first=cdls cdls_ms=100.989791870 rocsolver_ms=109.301643372 cdls_submit_ms=0.495900000 roc_submit_ms=67.063147000 cdls_wall_ms=100.999866000 roc_wall_ms=109.311567000
sample n=16384 lda=16384 iteration=3 first=rocsolver cdls_ms=102.497894287 rocsolver_ms=111.047462463 cdls_submit_ms=1.341865000 roc_submit_ms=45.630060000 cdls_wall_ms=103.170561000 roc_wall_ms=111.508071000
sample n=16384 lda=16384 iteration=4 first=cdls cdls_ms=102.556213379 rocsolver_ms=110.034065247 cdls_submit_ms=0.460596000 roc_submit_ms=67.809570000 cdls_wall_ms=102.564513000 roc_wall_ms=110.041876000
sample n=16384 lda=16384 iteration=5 first=rocsolver cdls_ms=103.058029175 rocsolver_ms=110.832183838 cdls_submit_ms=1.341225000 roc_submit_ms=45.350210000 cdls_wall_ms=103.741326000 roc_wall_ms=111.286562000
sample n=16384 lda=16384 iteration=6 first=cdls cdls_ms=101.827133179 rocsolver_ms=110.168052673 cdls_submit_ms=0.487116000 roc_submit_ms=67.705120000 cdls_wall_ms=101.834965000 roc_wall_ms=110.175881000
sample n=16384 lda=16384 iteration=7 first=rocsolver cdls_ms=103.976402283 rocsolver_ms=111.209754944 cdls_submit_ms=1.402077000 roc_submit_ms=45.194963000 cdls_wall_ms=104.507108000 roc_wall_ms=111.668456000
sample n=16384 lda=16384 iteration=8 first=cdls cdls_ms=102.737457275 rocsolver_ms=110.740020752 cdls_submit_ms=0.475849000 roc_submit_ms=67.844634000 cdls_wall_ms=102.745370000 roc_wall_ms=110.748759000
sample n=16384 lda=16384 iteration=9 first=rocsolver cdls_ms=102.866424561 rocsolver_ms=111.100067139 cdls_submit_ms=1.346432000 roc_submit_ms=44.999754000 cdls_wall_ms=103.537784000 roc_wall_ms=111.560983000
sample n=16384 lda=16384 iteration=10 first=cdls cdls_ms=102.971817017 rocsolver_ms=111.118797302 cdls_submit_ms=0.475248000 roc_submit_ms=68.423962000 cdls_wall_ms=102.979669000 roc_wall_ms=111.127318000
sample n=16384 lda=16384 iteration=11 first=rocsolver cdls_ms=103.954711914 rocsolver_ms=111.714660645 cdls_submit_ms=1.353803000 roc_submit_ms=45.864008000 cdls_wall_ms=104.616216000 roc_wall_ms=112.181823000
sample n=16384 lda=16384 iteration=12 first=cdls cdls_ms=101.904594421 rocsolver_ms=110.759956360 cdls_submit_ms=0.487206000 roc_submit_ms=67.591847000 cdls_wall_ms=101.912955000 roc_wall_ms=110.767337000
sample n=16384 lda=16384 iteration=13 first=rocsolver cdls_ms=104.824157715 rocsolver_ms=111.173286438 cdls_submit_ms=1.928394000 roc_submit_ms=45.353966000 cdls_wall_ms=104.833969000 roc_wall_ms=111.210225000
sample n=16384 lda=16384 iteration=14 first=cdls cdls_ms=103.981651306 rocsolver_ms=111.214973450 cdls_submit_ms=0.451271000 roc_submit_ms=68.330068000 cdls_wall_ms=103.989536000 roc_wall_ms=111.222243000
sample n=16384 lda=16384 iteration=15 first=rocsolver cdls_ms=104.118682861 rocsolver_ms=111.922554016 cdls_submit_ms=1.333353000 roc_submit_ms=45.644040000 cdls_wall_ms=104.783973000 roc_wall_ms=111.930268000
sample n=16384 lda=16384 iteration=16 first=cdls cdls_ms=103.719215393 rocsolver_ms=110.701339722 cdls_submit_ms=0.470961000 roc_submit_ms=67.834669000 cdls_wall_ms=103.727384000 roc_wall_ms=110.708697000
sample n=16384 lda=16384 iteration=17 first=rocsolver cdls_ms=104.248817444 rocsolver_ms=112.259651184 cdls_submit_ms=1.918519000 roc_submit_ms=46.107861000 cdls_wall_ms=104.257526000 roc_wall_ms=112.267354000
sample n=16384 lda=16384 iteration=18 first=cdls cdls_ms=102.519981384 rocsolver_ms=111.124069214 cdls_submit_ms=0.494077000 roc_submit_ms=68.452876000 cdls_wall_ms=102.528127000 roc_wall_ms=111.132275000
sample n=16384 lda=16384 iteration=19 first=rocsolver cdls_ms=103.757522583 rocsolver_ms=111.876243591 cdls_submit_ms=1.986834000 roc_submit_ms=45.602717000 cdls_wall_ms=103.766113000 roc_wall_ms=111.917478000
bench n=16384 lda=16384 repeats=20 cdls_median_ms=103.014923 rocsolver_median_ms=111.109432 cdls_mean_ms=103.092722 rocsolver_mean_ms=110.935528 cdls_gflops=28460.893809 workspace_bytes=262152 roc_workspace_bytes=67765440 cdls_submit_ms=0.934878 roc_submit_ms=56.585504 cdls_wall_ms=103.632584 roc_wall_ms=111.216234 rocsolver_gflops=26387.469798 speedup=1.078576
