device=AMD Instinct MI300A arch=gfx942:sramecc+:xnack- HIP=60443484 CUs=228 memory_bytes=137438953472 rocSOLVER=3.28.2.1b897f5 rocBLAS=4.4.1.f08d23e3 baseline=rocsolver_dgetrf_npvt fp64 seed=20261001 method=auto matrix=column_scaled n=2048 lda=2048 offset=0 warmup=5 repeats=20
validate n=2048 lda=2048 kind=column_scaled info=7/0 L_rel=7.2122e-16 U_rel=1.6319e-15 residual_scaled=3.4412e-03/9.7803e-04 PASS
sample n=2048 lda=2048 iteration=0 first=cdls cdls_ms=1.956717014 rocsolver_ms=4.061440945 cdls_submit_ms=0.010456000 roc_submit_ms=2.229084000 cdls_wall_ms=1.970358000 roc_wall_ms=4.068821000
sample n=2048 lda=2048 iteration=1 first=rocsolver cdls_ms=2.041766882 rocsolver_ms=4.636701107 cdls_submit_ms=0.015504000 roc_submit_ms=4.289861000 cdls_wall_ms=2.049139000 roc_wall_ms=4.644193000
sample n=2048 lda=2048 iteration=2 first=cdls cdls_ms=1.916775942 rocsolver_ms=3.987678051 cdls_submit_ms=0.008142000 roc_submit_ms=2.329297000 cdls_wall_ms=1.924327000 roc_wall_ms=3.994488000
sample n=2048 lda=2048 iteration=3 first=rocsolver cdls_ms=1.974264026 rocsolver_ms=4.708631039 cdls_submit_ms=0.030056000 roc_submit_ms=4.236890000 cdls_wall_ms=1.981375000 roc_wall_ms=4.717416000
sample n=2048 lda=2048 iteration=4 first=cdls cdls_ms=1.932438970 rocsolver_ms=4.077674866 cdls_submit_ms=0.014032000 roc_submit_ms=2.356690000 cdls_wall_ms=1.942536000 roc_wall_ms=4.084646000
sample n=2048 lda=2048 iteration=5 first=rocsolver cdls_ms=1.992691040 rocsolver_ms=4.721089840 cdls_submit_ms=0.028093000 roc_submit_ms=4.284682000 cdls_wall_ms=1.999742000 roc_wall_ms=4.729915000
sample n=2048 lda=2048 iteration=6 first=cdls cdls_ms=1.931118011 rocsolver_ms=4.076103210 cdls_submit_ms=0.013531000 roc_submit_ms=2.332513000 cdls_wall_ms=1.942766000 roc_wall_ms=4.083444000
sample n=2048 lda=2048 iteration=7 first=rocsolver cdls_ms=1.998940945 rocsolver_ms=4.701290131 cdls_submit_ms=0.028994000 roc_submit_ms=4.299605000 cdls_wall_ms=2.008115000 roc_wall_ms=4.709654000
sample n=2048 lda=2048 iteration=8 first=cdls cdls_ms=1.929875970 rocsolver_ms=3.929598093 cdls_submit_ms=0.014292000 roc_submit_ms=2.275606000 cdls_wall_ms=1.937528000 roc_wall_ms=4.002500000
sample n=2048 lda=2048 iteration=9 first=rocsolver cdls_ms=1.964247942 rocsolver_ms=4.697414875 cdls_submit_ms=0.015383000 roc_submit_ms=4.310843000 cdls_wall_ms=1.972752000 roc_wall_ms=4.705487000
sample n=2048 lda=2048 iteration=10 first=cdls cdls_ms=1.923625946 rocsolver_ms=4.057944775 cdls_submit_ms=0.009975000 roc_submit_ms=2.324921000 cdls_wall_ms=1.932499000 roc_wall_ms=4.066849000
sample n=2048 lda=2048 iteration=11 first=rocsolver cdls_ms=2.036158085 rocsolver_ms=4.794072151 cdls_submit_ms=0.014272000 roc_submit_ms=4.289910000 cdls_wall_ms=2.045703000 roc_wall_ms=4.801424000
sample n=2048 lda=2048 iteration=12 first=cdls cdls_ms=1.925868988 rocsolver_ms=4.071365833 cdls_submit_ms=0.009815000 roc_submit_ms=2.295596000 cdls_wall_ms=1.934623000 roc_wall_ms=4.083113000
sample n=2048 lda=2048 iteration=13 first=rocsolver cdls_ms=2.005110979 rocsolver_ms=4.825039864 cdls_submit_ms=0.014743000 roc_submit_ms=4.430346000 cdls_wall_ms=2.012121000 roc_wall_ms=4.833483000
sample n=2048 lda=2048 iteration=14 first=cdls cdls_ms=1.895262003 rocsolver_ms=4.077134132 cdls_submit_ms=0.009704000 roc_submit_ms=2.322668000 cdls_wall_ms=1.903275000 roc_wall_ms=4.085167000
sample n=2048 lda=2048 iteration=15 first=rocsolver cdls_ms=1.985921979 rocsolver_ms=4.787942886 cdls_submit_ms=0.016245000 roc_submit_ms=4.368982000 cdls_wall_ms=1.993343000 roc_wall_ms=4.794894000
sample n=2048 lda=2048 iteration=16 first=cdls cdls_ms=1.905238032 rocsolver_ms=4.075281143 cdls_submit_ms=0.014823000 roc_submit_ms=2.312772000 cdls_wall_ms=1.914813000 roc_wall_ms=4.085247000
sample n=2048 lda=2048 iteration=17 first=rocsolver cdls_ms=1.998741031 rocsolver_ms=4.809114933 cdls_submit_ms=0.015513000 roc_submit_ms=4.472901000 cdls_wall_ms=2.006123000 roc_wall_ms=4.816116000
sample n=2048 lda=2048 iteration=18 first=cdls cdls_ms=1.928352952 rocsolver_ms=4.070594788 cdls_submit_ms=0.013421000 roc_submit_ms=2.312051000 cdls_wall_ms=1.936686000 roc_wall_ms=4.081631000
sample n=2048 lda=2048 iteration=19 first=rocsolver cdls_ms=2.045413017 rocsolver_ms=4.813150883 cdls_submit_ms=0.029114000 roc_submit_ms=4.435113000 cdls_wall_ms=2.053615000 roc_wall_ms=4.821164000
bench n=2048 lda=2048 repeats=20 cdls_median_ms=1.960482 rocsolver_median_ms=4.357188 cdls_mean_ms=1.964426 rocsolver_mean_ms=4.398963 cdls_gflops=2919.957527 workspace_bytes=4104 roc_workspace_bytes=8930496 cdls_submit_ms=0.014517 roc_submit_ms=3.296790 cdls_wall_ms=1.971555 roc_wall_ms=4.364720 rocsolver_gflops=1313.811932 speedup=2.222508
