device=AMD Instinct MI300A arch=gfx942:sramecc+:xnack- HIP=60443484 CUs=228 memory_bytes=137438953472 rocSOLVER=3.28.2.1b897f5 rocBLAS=4.4.1.f08d23e3 baseline=rocsolver_dgetrf_npvt fp64 seed=20261001 method=auto matrix=dense n=64 lda=64 offset=1 warmup=20 repeats=30
validate n=64 lda=64 kind=dense info=7/0 L_rel=2.5493e-17 U_rel=1.2316e-18 residual_scaled=2.4209e-02/2.4209e-02 cpu_residual_scaled=2.3512e-02/2.3513e-02 PASS
sample n=64 lda=64 iteration=0 first=cdls cdls_ms=0.027042000 rocsolver_ms=0.079883002 cdls_submit_ms=0.003165000 roc_submit_ms=0.006079000 cdls_wall_ms=0.041143000 roc_wall_ms=0.090168000
sample n=64 lda=64 iteration=1 first=rocsolver cdls_ms=0.027882000 rocsolver_ms=0.079801999 cdls_submit_ms=0.003265000 roc_submit_ms=0.005489000 cdls_wall_ms=0.036806000 roc_wall_ms=0.088386000
sample n=64 lda=64 iteration=2 first=cdls cdls_ms=0.026601000 rocsolver_ms=0.082085997 cdls_submit_ms=0.002293000 roc_submit_ms=0.007432000 cdls_wall_ms=0.035454000 roc_wall_ms=0.090789000
sample n=64 lda=64 iteration=3 first=rocsolver cdls_ms=0.027362000 rocsolver_ms=0.078160003 cdls_submit_ms=0.003065000 roc_submit_ms=0.005559000 cdls_wall_ms=0.036205000 roc_wall_ms=0.087054000
sample n=64 lda=64 iteration=4 first=cdls cdls_ms=0.026962001 rocsolver_ms=0.082566001 cdls_submit_ms=0.002324000 roc_submit_ms=0.007942000 cdls_wall_ms=0.034212000 roc_wall_ms=0.090359000
sample n=64 lda=64 iteration=5 first=rocsolver cdls_ms=0.027001999 rocsolver_ms=0.079161003 cdls_submit_ms=0.003054000 roc_submit_ms=0.005038000 cdls_wall_ms=0.035024000 roc_wall_ms=0.087704000
sample n=64 lda=64 iteration=6 first=cdls cdls_ms=0.026841000 rocsolver_ms=0.085211001 cdls_submit_ms=0.002223000 roc_submit_ms=0.009514000 cdls_wall_ms=0.034603000 roc_wall_ms=0.092422000
sample n=64 lda=64 iteration=7 first=rocsolver cdls_ms=0.026559999 rocsolver_ms=0.081684999 cdls_submit_ms=0.003105000 roc_submit_ms=0.006700000 cdls_wall_ms=0.035234000 roc_wall_ms=0.090078000
sample n=64 lda=64 iteration=8 first=cdls cdls_ms=0.026440000 rocsolver_ms=0.078760996 cdls_submit_ms=0.002364000 roc_submit_ms=0.006180000 cdls_wall_ms=0.035083000 roc_wall_ms=0.087314000
sample n=64 lda=64 iteration=9 first=rocsolver cdls_ms=0.027082000 rocsolver_ms=0.078561001 cdls_submit_ms=0.003025000 roc_submit_ms=0.005839000 cdls_wall_ms=0.035354000 roc_wall_ms=0.087113000
sample n=64 lda=64 iteration=10 first=cdls cdls_ms=0.026841000 rocsolver_ms=0.083407998 cdls_submit_ms=0.001913000 roc_submit_ms=0.007892000 cdls_wall_ms=0.034533000 roc_wall_ms=0.090940000
sample n=64 lda=64 iteration=11 first=rocsolver cdls_ms=0.027082000 rocsolver_ms=0.080242999 cdls_submit_ms=0.003025000 roc_submit_ms=0.004627000 cdls_wall_ms=0.035254000 roc_wall_ms=0.088135000
sample n=64 lda=64 iteration=12 first=cdls cdls_ms=0.028003000 rocsolver_ms=0.079360999 cdls_submit_ms=0.001613000 roc_submit_ms=0.006500000 cdls_wall_ms=0.037698000 roc_wall_ms=0.088366000
sample n=64 lda=64 iteration=13 first=rocsolver cdls_ms=0.026601000 rocsolver_ms=0.078280002 cdls_submit_ms=0.003034000 roc_submit_ms=0.005358000 cdls_wall_ms=0.036196000 roc_wall_ms=0.087694000
sample n=64 lda=64 iteration=14 first=cdls cdls_ms=0.027001999 rocsolver_ms=0.081485003 cdls_submit_ms=0.001793000 roc_submit_ms=0.008142000 cdls_wall_ms=0.035064000 roc_wall_ms=0.090769000
sample n=64 lda=64 iteration=15 first=rocsolver cdls_ms=0.026440000 rocsolver_ms=0.079121999 cdls_submit_ms=0.003174000 roc_submit_ms=0.005468000 cdls_wall_ms=0.035404000 roc_wall_ms=0.087824000
sample n=64 lda=64 iteration=16 first=cdls cdls_ms=0.026520999 rocsolver_ms=0.081644997 cdls_submit_ms=0.002403000 roc_submit_ms=0.006800000 cdls_wall_ms=0.036126000 roc_wall_ms=0.089778000
sample n=64 lda=64 iteration=17 first=rocsolver cdls_ms=0.026520001 rocsolver_ms=0.079481997 cdls_submit_ms=0.003175000 roc_submit_ms=0.004727000 cdls_wall_ms=0.036546000 roc_wall_ms=0.088235000
sample n=64 lda=64 iteration=18 first=cdls cdls_ms=0.026520999 rocsolver_ms=0.082686000 cdls_submit_ms=0.002503000 roc_submit_ms=0.008463000 cdls_wall_ms=0.035234000 roc_wall_ms=0.090348000
sample n=64 lda=64 iteration=19 first=rocsolver cdls_ms=0.026922001 rocsolver_ms=0.092582002 cdls_submit_ms=0.003085000 roc_submit_ms=0.018158000 cdls_wall_ms=0.036856000 roc_wall_ms=0.099993000
sample n=64 lda=64 iteration=20 first=cdls cdls_ms=0.027000999 rocsolver_ms=0.081485003 cdls_submit_ms=0.002123000 roc_submit_ms=0.006970000 cdls_wall_ms=0.034153000 roc_wall_ms=0.089317000
sample n=64 lda=64 iteration=21 first=rocsolver cdls_ms=0.026601000 rocsolver_ms=0.080403000 cdls_submit_ms=0.002874000 roc_submit_ms=0.005619000 cdls_wall_ms=0.035133000 roc_wall_ms=0.088946000
sample n=64 lda=64 iteration=22 first=cdls cdls_ms=0.026721001 rocsolver_ms=0.081004001 cdls_submit_ms=0.003175000 roc_submit_ms=0.007041000 cdls_wall_ms=0.035534000 roc_wall_ms=0.089987000
sample n=64 lda=64 iteration=23 first=rocsolver cdls_ms=0.026560999 rocsolver_ms=0.081284001 cdls_submit_ms=0.002704000 roc_submit_ms=0.006940000 cdls_wall_ms=0.035404000 roc_wall_ms=0.090219000
sample n=64 lda=64 iteration=24 first=cdls cdls_ms=0.026520001 rocsolver_ms=0.079521999 cdls_submit_ms=0.001983000 roc_submit_ms=0.006560000 cdls_wall_ms=0.038439000 roc_wall_ms=0.088566000
sample n=64 lda=64 iteration=25 first=rocsolver cdls_ms=0.026520999 rocsolver_ms=0.078881003 cdls_submit_ms=0.002945000 roc_submit_ms=0.005278000 cdls_wall_ms=0.036656000 roc_wall_ms=0.088094000
sample n=64 lda=64 iteration=26 first=cdls cdls_ms=0.026601000 rocsolver_ms=0.081964999 cdls_submit_ms=0.002374000 roc_submit_ms=0.008854000 cdls_wall_ms=0.034944000 roc_wall_ms=0.091189000
sample n=64 lda=64 iteration=27 first=rocsolver cdls_ms=0.027082000 rocsolver_ms=0.079962000 cdls_submit_ms=0.002884000 roc_submit_ms=0.005278000 cdls_wall_ms=0.034964000 roc_wall_ms=0.088736000
sample n=64 lda=64 iteration=28 first=cdls cdls_ms=0.026361000 rocsolver_ms=0.079962000 cdls_submit_ms=0.002274000 roc_submit_ms=0.007692000 cdls_wall_ms=0.035004000 roc_wall_ms=0.089317000
sample n=64 lda=64 iteration=29 first=rocsolver cdls_ms=0.026600000 rocsolver_ms=0.079442002 cdls_submit_ms=0.003095000 roc_submit_ms=0.005819000 cdls_wall_ms=0.035275000 roc_wall_ms=0.088826000
bench n=64 lda=64 repeats=30 cdls_median_ms=0.026661 rocsolver_median_ms=0.080102 cdls_mean_ms=0.026827 rocsolver_mean_ms=0.080936 cdls_gflops=6.477776 workspace_bytes=12 roc_workspace_bytes=0 cdls_submit_ms=0.002879 roc_submit_ms=0.006530 cdls_wall_ms=0.035314 roc_wall_ms=0.089132 rocsolver_gflops=2.156038 speedup=3.004482
