device=AMD Instinct MI300A arch=gfx942:sramecc+:xnack- HIP=60443484 CUs=228 memory_bytes=137438953472 rocSOLVER=3.28.2.1b897f5 rocBLAS=4.4.1.f08d23e3 baseline=rocsolver_dgetrf_npvt fp64 seed=20261001 method=auto matrix=dense n=2048 lda=2048 offset=1 warmup=5 repeats=30
validate n=2048 lda=2048 kind=dense info=7/0 L_rel=8.1213e-16 U_rel=2.0337e-15 residual_scaled=4.3742e-03/1.2203e-03 PASS
sample n=2048 lda=2048 iteration=0 first=cdls cdls_ms=1.786175013 rocsolver_ms=4.127812862 cdls_submit_ms=0.006109000 roc_submit_ms=2.210115000 cdls_wall_ms=1.802121000 roc_wall_ms=4.136356000
sample n=2048 lda=2048 iteration=1 first=rocsolver cdls_ms=1.787737966 rocsolver_ms=4.520574093 cdls_submit_ms=0.015123000 roc_submit_ms=4.055081000 cdls_wall_ms=1.797693000 roc_wall_ms=4.528125000
sample n=2048 lda=2048 iteration=2 first=cdls cdls_ms=1.695235968 rocsolver_ms=4.011414051 cdls_submit_ms=0.007472000 roc_submit_ms=2.280163000 cdls_wall_ms=1.703780000 roc_wall_ms=4.020318000
sample n=2048 lda=2048 iteration=3 first=rocsolver cdls_ms=1.777802944 rocsolver_ms=4.566443920 cdls_submit_ms=0.014382000 roc_submit_ms=4.086610000 cdls_wall_ms=1.786717000 roc_wall_ms=4.575258000
sample n=2048 lda=2048 iteration=4 first=cdls cdls_ms=1.712023020 rocsolver_ms=4.173682213 cdls_submit_ms=0.013561000 roc_submit_ms=2.270959000 cdls_wall_ms=1.719303000 roc_wall_ms=4.181765000
sample n=2048 lda=2048 iteration=5 first=rocsolver cdls_ms=1.768628955 rocsolver_ms=4.569309235 cdls_submit_ms=0.016725000 roc_submit_ms=4.142375000 cdls_wall_ms=1.774588000 roc_wall_ms=4.577421000
sample n=2048 lda=2048 iteration=6 first=cdls cdls_ms=1.724079967 rocsolver_ms=4.150096893 cdls_submit_ms=0.009154000 roc_submit_ms=2.278660000 cdls_wall_ms=1.732214000 roc_wall_ms=4.159661000
sample n=2048 lda=2048 iteration=7 first=rocsolver cdls_ms=1.767066002 rocsolver_ms=4.548245907 cdls_submit_ms=0.023076000 roc_submit_ms=4.139030000 cdls_wall_ms=1.775450000 roc_wall_ms=4.557171000
sample n=2048 lda=2048 iteration=8 first=cdls cdls_ms=1.738222003 rocsolver_ms=4.156516075 cdls_submit_ms=0.010176000 roc_submit_ms=2.275936000 cdls_wall_ms=1.747016000 roc_wall_ms=4.166712000
sample n=2048 lda=2048 iteration=9 first=rocsolver cdls_ms=1.780045986 rocsolver_ms=4.555697918 cdls_submit_ms=0.028663000 roc_submit_ms=4.113331000 cdls_wall_ms=1.790032000 roc_wall_ms=4.564852000
sample n=2048 lda=2048 iteration=10 first=cdls cdls_ms=1.733894944 rocsolver_ms=4.163547039 cdls_submit_ms=0.014832000 roc_submit_ms=2.258099000 cdls_wall_ms=1.742239000 roc_wall_ms=4.175877000
sample n=2048 lda=2048 iteration=11 first=rocsolver cdls_ms=1.787979007 rocsolver_ms=4.558571815 cdls_submit_ms=0.016165000 roc_submit_ms=4.111508000 cdls_wall_ms=1.796191000 roc_wall_ms=4.566505000
sample n=2048 lda=2048 iteration=12 first=cdls cdls_ms=1.766945958 rocsolver_ms=4.149946213 cdls_submit_ms=0.012510000 roc_submit_ms=2.258820000 cdls_wall_ms=1.774998000 roc_wall_ms=4.159892000
sample n=2048 lda=2048 iteration=13 first=rocsolver cdls_ms=1.837654948 rocsolver_ms=4.564361095 cdls_submit_ms=0.016085000 roc_submit_ms=4.145099000 cdls_wall_ms=1.845907000 roc_wall_ms=4.573475000
sample n=2048 lda=2048 iteration=14 first=cdls cdls_ms=1.708135962 rocsolver_ms=4.149195194 cdls_submit_ms=0.012049000 roc_submit_ms=2.291210000 cdls_wall_ms=1.715758000 roc_wall_ms=4.159642000
sample n=2048 lda=2048 iteration=15 first=rocsolver cdls_ms=1.803241968 rocsolver_ms=4.556980133 cdls_submit_ms=0.015203000 roc_submit_ms=4.005855000 cdls_wall_ms=1.810633000 roc_wall_ms=4.564862000
sample n=2048 lda=2048 iteration=16 first=cdls cdls_ms=1.796952009 rocsolver_ms=4.156226158 cdls_submit_ms=0.008583000 roc_submit_ms=2.300984000 cdls_wall_ms=1.804244000 roc_wall_ms=4.165781000
sample n=2048 lda=2048 iteration=17 first=rocsolver cdls_ms=1.749879956 rocsolver_ms=4.612955093 cdls_submit_ms=0.015814000 roc_submit_ms=4.188154000 cdls_wall_ms=1.758123000 roc_wall_ms=4.620647000
sample n=2048 lda=2048 iteration=18 first=cdls cdls_ms=1.727406025 rocsolver_ms=4.017943859 cdls_submit_ms=0.008573000 roc_submit_ms=2.271779000 cdls_wall_ms=1.735999000 roc_wall_ms=4.027208000
sample n=2048 lda=2048 iteration=19 first=rocsolver cdls_ms=1.747756958 rocsolver_ms=4.651463985 cdls_submit_ms=0.015033000 roc_submit_ms=4.187894000 cdls_wall_ms=1.756421000 roc_wall_ms=4.660849000
sample n=2048 lda=2048 iteration=20 first=cdls cdls_ms=1.750000000 rocsolver_ms=4.160593033 cdls_submit_ms=0.008984000 roc_submit_ms=2.278730000 cdls_wall_ms=1.892469000 roc_wall_ms=4.173152000
sample n=2048 lda=2048 iteration=21 first=rocsolver cdls_ms=1.781167984 rocsolver_ms=4.586574078 cdls_submit_ms=0.016836000 roc_submit_ms=4.079039000 cdls_wall_ms=1.792276000 roc_wall_ms=4.594708000
sample n=2048 lda=2048 iteration=22 first=cdls cdls_ms=1.726163983 rocsolver_ms=4.174304008 cdls_submit_ms=0.010806000 roc_submit_ms=2.301726000 cdls_wall_ms=1.735298000 roc_wall_ms=4.186323000
sample n=2048 lda=2048 iteration=23 first=rocsolver cdls_ms=1.797873974 rocsolver_ms=4.666546822 cdls_submit_ms=0.013500000 roc_submit_ms=4.142525000 cdls_wall_ms=1.805065000 roc_wall_ms=4.675212000
sample n=2048 lda=2048 iteration=24 first=cdls cdls_ms=1.721276045 rocsolver_ms=4.153561115 cdls_submit_ms=0.011247000 roc_submit_ms=2.306383000 cdls_wall_ms=1.728567000 roc_wall_ms=4.160703000
sample n=2048 lda=2048 iteration=25 first=rocsolver cdls_ms=1.823472977 rocsolver_ms=4.644062996 cdls_submit_ms=0.014031000 roc_submit_ms=4.170368000 cdls_wall_ms=1.832046000 roc_wall_ms=4.652707000
sample n=2048 lda=2048 iteration=26 first=cdls cdls_ms=1.714506030 rocsolver_ms=4.168594837 cdls_submit_ms=0.008132000 roc_submit_ms=2.297149000 cdls_wall_ms=1.723069000 roc_wall_ms=4.177870000
sample n=2048 lda=2048 iteration=27 first=rocsolver cdls_ms=1.779765964 rocsolver_ms=4.665676117 cdls_submit_ms=0.015705000 roc_submit_ms=4.086159000 cdls_wall_ms=1.787227000 roc_wall_ms=4.672868000
sample n=2048 lda=2048 iteration=28 first=cdls cdls_ms=1.761939049 rocsolver_ms=4.160902977 cdls_submit_ms=0.009555000 roc_submit_ms=2.217296000 cdls_wall_ms=1.772445000 roc_wall_ms=4.172021000
sample n=2048 lda=2048 iteration=29 first=rocsolver cdls_ms=1.764502048 rocsolver_ms=4.634879112 cdls_submit_ms=0.012759000 roc_submit_ms=4.183769000 cdls_wall_ms=1.772084000 roc_wall_ms=4.641860000
bench n=2048 lda=2048 repeats=30 cdls_median_ms=1.765724 rocsolver_median_ms=4.347439 cdls_mean_ms=1.760584 rocsolver_mean_ms=4.365889 cdls_gflops=3242.027382 workspace_bytes=4104 roc_workspace_bytes=8930496 cdls_submit_ms=0.013531 roc_submit_ms=3.156119 cdls_wall_ms=1.774793 roc_wall_ms=4.357224 rocsolver_gflops=1316.758096 speedup=2.462128
