device=AMD Instinct MI300A arch=gfx942:sramecc+:xnack- HIP=60443484 CUs=228 memory_bytes=137438953472 rocSOLVER=3.28.2.1b897f5 rocBLAS=4.4.1.f08d23e3 baseline=rocsolver_dgetrf_npvt fp64 seed=20261001 method=auto matrix=dense n=64 lda=64 offset=1 warmup=20 repeats=30
validate n=64 lda=64 kind=dense info=7/0 L_rel=2.5493e-17 U_rel=1.2316e-18 residual_scaled=2.4209e-02/2.4209e-02 cpu_residual_scaled=2.3512e-02/2.3513e-02 PASS
sample n=64 lda=64 iteration=0 first=cdls cdls_ms=0.027362000 rocsolver_ms=0.078961000 cdls_submit_ms=0.003144000 roc_submit_ms=0.006530000 cdls_wall_ms=0.044639000 roc_wall_ms=0.088165000
sample n=64 lda=64 iteration=1 first=rocsolver cdls_ms=0.026559999 rocsolver_ms=0.078359999 cdls_submit_ms=0.003085000 roc_submit_ms=0.005678000 cdls_wall_ms=0.035174000 roc_wall_ms=0.087804000
sample n=64 lda=64 iteration=2 first=cdls cdls_ms=0.026560999 rocsolver_ms=0.084569000 cdls_submit_ms=0.002644000 roc_submit_ms=0.011127000 cdls_wall_ms=0.035695000 roc_wall_ms=0.093002000
sample n=64 lda=64 iteration=3 first=rocsolver cdls_ms=0.027522000 rocsolver_ms=0.081124000 cdls_submit_ms=0.002864000 roc_submit_ms=0.006881000 cdls_wall_ms=0.035354000 roc_wall_ms=0.090128000
sample n=64 lda=64 iteration=4 first=cdls cdls_ms=0.026962001 rocsolver_ms=0.084008999 cdls_submit_ms=0.002664000 roc_submit_ms=0.010216000 cdls_wall_ms=0.037357000 roc_wall_ms=0.092992000
sample n=64 lda=64 iteration=5 first=rocsolver cdls_ms=0.028083000 rocsolver_ms=0.081644997 cdls_submit_ms=0.003215000 roc_submit_ms=0.008593000 cdls_wall_ms=0.036425000 roc_wall_ms=0.091620000
sample n=64 lda=64 iteration=6 first=cdls cdls_ms=0.026721001 rocsolver_ms=0.084810004 cdls_submit_ms=0.002263000 roc_submit_ms=0.010466000 cdls_wall_ms=0.035294000 roc_wall_ms=0.092792000
sample n=64 lda=64 iteration=7 first=rocsolver cdls_ms=0.028244000 rocsolver_ms=0.080683999 cdls_submit_ms=0.003716000 roc_submit_ms=0.006420000 cdls_wall_ms=0.035755000 roc_wall_ms=0.090048000
sample n=64 lda=64 iteration=8 first=cdls cdls_ms=0.027161000 rocsolver_ms=0.086172000 cdls_submit_ms=0.002554000 roc_submit_ms=0.011397000 cdls_wall_ms=0.034974000 roc_wall_ms=0.093903000
sample n=64 lda=64 iteration=9 first=rocsolver cdls_ms=0.027042000 rocsolver_ms=0.081725001 cdls_submit_ms=0.002764000 roc_submit_ms=0.006850000 cdls_wall_ms=0.035154000 roc_wall_ms=0.090909000
sample n=64 lda=64 iteration=10 first=cdls cdls_ms=0.027082000 rocsolver_ms=0.085530996 cdls_submit_ms=0.002443000 roc_submit_ms=0.009425000 cdls_wall_ms=0.035294000 roc_wall_ms=0.092782000
sample n=64 lda=64 iteration=11 first=rocsolver cdls_ms=0.027241999 rocsolver_ms=0.083407998 cdls_submit_ms=0.003015000 roc_submit_ms=0.008883000 cdls_wall_ms=0.035304000 roc_wall_ms=0.091069000
sample n=64 lda=64 iteration=12 first=cdls cdls_ms=0.026921000 rocsolver_ms=0.083167002 cdls_submit_ms=0.002394000 roc_submit_ms=0.008944000 cdls_wall_ms=0.035314000 roc_wall_ms=0.093984000
sample n=64 lda=64 iteration=13 first=rocsolver cdls_ms=0.026520999 rocsolver_ms=0.079200998 cdls_submit_ms=0.002825000 roc_submit_ms=0.006310000 cdls_wall_ms=0.035905000 roc_wall_ms=0.088115000
sample n=64 lda=64 iteration=14 first=cdls cdls_ms=0.026481001 rocsolver_ms=0.090819001 cdls_submit_ms=0.003044000 roc_submit_ms=0.016335000 cdls_wall_ms=0.035685000 roc_wall_ms=0.099763000
sample n=64 lda=64 iteration=15 first=rocsolver cdls_ms=0.028524000 rocsolver_ms=0.083048001 cdls_submit_ms=0.003696000 roc_submit_ms=0.008933000 cdls_wall_ms=0.063999000 roc_wall_ms=0.092462000
sample n=64 lda=64 iteration=16 first=cdls cdls_ms=0.026881000 rocsolver_ms=0.081725001 cdls_submit_ms=0.003686000 roc_submit_ms=0.008884000 cdls_wall_ms=0.035845000 roc_wall_ms=0.090439000
sample n=64 lda=64 iteration=17 first=rocsolver cdls_ms=0.026760999 rocsolver_ms=0.081004001 cdls_submit_ms=0.003666000 roc_submit_ms=0.007582000 cdls_wall_ms=0.038919000 roc_wall_ms=0.090749000
sample n=64 lda=64 iteration=18 first=cdls cdls_ms=0.026921000 rocsolver_ms=0.086212002 cdls_submit_ms=0.002504000 roc_submit_ms=0.011327000 cdls_wall_ms=0.036236000 roc_wall_ms=0.093824000
sample n=64 lda=64 iteration=19 first=rocsolver cdls_ms=0.027121000 rocsolver_ms=0.098390996 cdls_submit_ms=0.002784000 roc_submit_ms=0.023165000 cdls_wall_ms=0.035305000 roc_wall_ms=0.108786000
sample n=64 lda=64 iteration=20 first=cdls cdls_ms=0.027162001 rocsolver_ms=0.083247997 cdls_submit_ms=0.002624000 roc_submit_ms=0.009926000 cdls_wall_ms=0.034713000 roc_wall_ms=0.094495000
sample n=64 lda=64 iteration=21 first=rocsolver cdls_ms=0.027442001 rocsolver_ms=0.079442002 cdls_submit_ms=0.003205000 roc_submit_ms=0.006349000 cdls_wall_ms=0.037658000 roc_wall_ms=0.087964000
sample n=64 lda=64 iteration=22 first=cdls cdls_ms=0.027040999 rocsolver_ms=0.083687998 cdls_submit_ms=0.003866000 roc_submit_ms=0.010637000 cdls_wall_ms=0.038459000 roc_wall_ms=0.092041000
sample n=64 lda=64 iteration=23 first=rocsolver cdls_ms=0.026560999 rocsolver_ms=0.085972004 cdls_submit_ms=0.002834000 roc_submit_ms=0.011658000 cdls_wall_ms=0.036335000 roc_wall_ms=0.097008000
sample n=64 lda=64 iteration=24 first=cdls cdls_ms=0.026681000 rocsolver_ms=0.083527997 cdls_submit_ms=0.002374000 roc_submit_ms=0.008634000 cdls_wall_ms=0.034763000 roc_wall_ms=0.093283000
sample n=64 lda=64 iteration=25 first=rocsolver cdls_ms=0.026480000 rocsolver_ms=0.082767002 cdls_submit_ms=0.002994000 roc_submit_ms=0.007511000 cdls_wall_ms=0.036486000 roc_wall_ms=0.090799000
sample n=64 lda=64 iteration=26 first=cdls cdls_ms=0.026841000 rocsolver_ms=0.085371003 cdls_submit_ms=0.002664000 roc_submit_ms=0.010847000 cdls_wall_ms=0.035174000 roc_wall_ms=0.093113000
sample n=64 lda=64 iteration=27 first=rocsolver cdls_ms=0.027042000 rocsolver_ms=0.079162002 cdls_submit_ms=0.002784000 roc_submit_ms=0.005989000 cdls_wall_ms=0.034743000 roc_wall_ms=0.090239000
sample n=64 lda=64 iteration=28 first=cdls cdls_ms=0.026600000 rocsolver_ms=0.085051000 cdls_submit_ms=0.002483000 roc_submit_ms=0.011367000 cdls_wall_ms=0.036666000 roc_wall_ms=0.093192000
sample n=64 lda=64 iteration=29 first=rocsolver cdls_ms=0.026962001 rocsolver_ms=0.085450999 cdls_submit_ms=0.002784000 roc_submit_ms=0.011117000 cdls_wall_ms=0.035585000 roc_wall_ms=0.094935000
bench n=64 lda=64 repeats=30 cdls_median_ms=0.026962 rocsolver_median_ms=0.083328 cdls_mean_ms=0.027049 rocsolver_mean_ms=0.083608 cdls_gflops=6.405459 workspace_bytes=12 roc_workspace_bytes=0 cdls_submit_ms=0.002804 roc_submit_ms=0.008939 cdls_wall_ms=0.035690 roc_wall_ms=0.092622 rocsolver_gflops=2.072581 speedup=3.090572
