device=AMD Instinct MI300A arch=gfx942:sramecc+:xnack- HIP=60443484 CUs=228 memory_bytes=137438953472 rocSOLVER=3.28.2.1b897f5 rocBLAS=4.4.1.f08d23e3 baseline=rocsolver_dgetrf_npvt fp64 seed=20261001 method=auto matrix=dense n=8192 lda=8192 offset=1 warmup=5 repeats=30
validate n=8192 lda=8192 kind=dense info=7/0 L_rel=7.2829e-16 U_rel=2.1479e-15 residual_scaled=1.2306e-03/3.9221e-04 PASS
sample n=8192 lda=8192 iteration=0 first=cdls cdls_ms=18.991939545 rocsolver_ms=26.690319061 cdls_submit_ms=0.236212000 roc_submit_ms=9.731697000 cdls_wall_ms=19.370931000 roc_wall_ms=26.701660000
sample n=8192 lda=8192 iteration=1 first=rocsolver cdls_ms=19.524255753 rocsolver_ms=27.073928833 cdls_submit_ms=0.647251000 roc_submit_ms=13.218147000 cdls_wall_ms=19.719875000 roc_wall_ms=27.339456000
sample n=8192 lda=8192 iteration=2 first=cdls cdls_ms=19.136451721 rocsolver_ms=26.615886688 cdls_submit_ms=0.111451000 roc_submit_ms=9.412167000 cdls_wall_ms=19.145926000 roc_wall_ms=26.623240000
sample n=8192 lda=8192 iteration=3 first=rocsolver cdls_ms=19.175649643 rocsolver_ms=27.019483566 cdls_submit_ms=0.569042000 roc_submit_ms=13.204586000 cdls_wall_ms=19.504105000 roc_wall_ms=27.302790000
sample n=8192 lda=8192 iteration=4 first=cdls cdls_ms=19.221519470 rocsolver_ms=26.778318405 cdls_submit_ms=0.427605000 roc_submit_ms=9.023291000 cdls_wall_ms=19.230676000 roc_wall_ms=26.785668000
sample n=8192 lda=8192 iteration=5 first=rocsolver cdls_ms=19.606449127 rocsolver_ms=27.088474274 cdls_submit_ms=0.907730000 roc_submit_ms=12.482219000 cdls_wall_ms=19.615646000 roc_wall_ms=27.396003000
sample n=8192 lda=8192 iteration=6 first=cdls cdls_ms=19.204114914 rocsolver_ms=26.733396530 cdls_submit_ms=0.223943000 roc_submit_ms=8.956960000 cdls_wall_ms=19.249986000 roc_wall_ms=26.741651000
sample n=8192 lda=8192 iteration=7 first=rocsolver cdls_ms=19.461168289 rocsolver_ms=27.145507812 cdls_submit_ms=0.623715000 roc_submit_ms=12.579609000 cdls_wall_ms=19.477975000 roc_wall_ms=27.456836000
sample n=8192 lda=8192 iteration=8 first=cdls cdls_ms=19.236204147 rocsolver_ms=26.699216843 cdls_submit_ms=0.280209000 roc_submit_ms=8.740679000 cdls_wall_ms=19.315706000 roc_wall_ms=26.707238000
sample n=8192 lda=8192 iteration=9 first=rocsolver cdls_ms=19.197124481 rocsolver_ms=27.274635315 cdls_submit_ms=0.590714000 roc_submit_ms=11.634862000 cdls_wall_ms=19.498236000 roc_wall_ms=27.285403000
sample n=8192 lda=8192 iteration=10 first=cdls cdls_ms=19.307111740 rocsolver_ms=26.726747513 cdls_submit_ms=0.345138000 roc_submit_ms=8.729662000 cdls_wall_ms=19.315666000 roc_wall_ms=26.734300000
sample n=8192 lda=8192 iteration=11 first=rocsolver cdls_ms=19.378871918 rocsolver_ms=27.334096909 cdls_submit_ms=0.586188000 roc_submit_ms=11.122837000 cdls_wall_ms=19.671551000 roc_wall_ms=27.602178000
sample n=8192 lda=8192 iteration=12 first=cdls cdls_ms=19.238407135 rocsolver_ms=26.750062943 cdls_submit_ms=0.339911000 roc_submit_ms=8.585400000 cdls_wall_ms=19.247422000 roc_wall_ms=26.757435000
sample n=8192 lda=8192 iteration=13 first=rocsolver cdls_ms=19.733926773 rocsolver_ms=27.360345840 cdls_submit_ms=0.879647000 roc_submit_ms=10.871662000 cdls_wall_ms=19.742189000 roc_wall_ms=27.648880000
sample n=8192 lda=8192 iteration=14 first=cdls cdls_ms=19.131824493 rocsolver_ms=26.671562195 cdls_submit_ms=0.197383000 roc_submit_ms=8.692094000 cdls_wall_ms=19.162191000 roc_wall_ms=26.680858000
sample n=8192 lda=8192 iteration=15 first=rocsolver cdls_ms=19.162820816 rocsolver_ms=27.182764053 cdls_submit_ms=0.627341000 roc_submit_ms=11.377888000 cdls_wall_ms=19.456933000 roc_wall_ms=27.467572000
sample n=8192 lda=8192 iteration=16 first=cdls cdls_ms=19.298379898 rocsolver_ms=26.809631348 cdls_submit_ms=0.276734000 roc_submit_ms=9.174913000 cdls_wall_ms=19.370851000 roc_wall_ms=26.817777000
sample n=8192 lda=8192 iteration=17 first=rocsolver cdls_ms=19.484733582 rocsolver_ms=27.333246231 cdls_submit_ms=0.550423000 roc_submit_ms=11.322013000 cdls_wall_ms=19.764985000 roc_wall_ms=27.417156000
sample n=8192 lda=8192 iteration=18 first=cdls cdls_ms=19.391220093 rocsolver_ms=26.777656555 cdls_submit_ms=0.343296000 roc_submit_ms=9.002008000 cdls_wall_ms=19.399284000 roc_wall_ms=26.785038000
sample n=8192 lda=8192 iteration=19 first=rocsolver cdls_ms=19.387456894 rocsolver_ms=27.419607162 cdls_submit_ms=0.585067000 roc_submit_ms=11.351327000 cdls_wall_ms=19.580041000 roc_wall_ms=27.691946000
sample n=8192 lda=8192 iteration=20 first=cdls cdls_ms=19.263263702 rocsolver_ms=26.826099396 cdls_submit_ms=0.340101000 roc_submit_ms=9.042411000 cdls_wall_ms=19.270987000 roc_wall_ms=26.832870000
sample n=8192 lda=8192 iteration=21 first=rocsolver cdls_ms=19.436599731 rocsolver_ms=27.383031845 cdls_submit_ms=0.593909000 roc_submit_ms=11.242630000 cdls_wall_ms=19.726235000 roc_wall_ms=27.657113000
sample n=8192 lda=8192 iteration=22 first=cdls cdls_ms=19.362026215 rocsolver_ms=26.747688293 cdls_submit_ms=0.322945000 roc_submit_ms=9.032575000 cdls_wall_ms=19.371441000 roc_wall_ms=26.757315000
sample n=8192 lda=8192 iteration=23 first=rocsolver cdls_ms=19.520568848 rocsolver_ms=27.294988632 cdls_submit_ms=0.513567000 roc_submit_ms=11.676715000 cdls_wall_ms=19.805948000 roc_wall_ms=27.580857000
sample n=8192 lda=8192 iteration=24 first=cdls cdls_ms=19.367715836 rocsolver_ms=26.790403366 cdls_submit_ms=0.353732000 roc_submit_ms=9.020798000 cdls_wall_ms=19.376409000 roc_wall_ms=26.801232000
sample n=8192 lda=8192 iteration=25 first=rocsolver cdls_ms=19.526388168 rocsolver_ms=27.382740021 cdls_submit_ms=0.617045000 roc_submit_ms=11.399861000 cdls_wall_ms=19.731293000 roc_wall_ms=27.665756000
sample n=8192 lda=8192 iteration=26 first=cdls cdls_ms=19.271797180 rocsolver_ms=26.873891830 cdls_submit_ms=0.330987000 roc_submit_ms=9.030081000 cdls_wall_ms=19.280062000 roc_wall_ms=26.882446000
sample n=8192 lda=8192 iteration=27 first=rocsolver cdls_ms=19.485855103 rocsolver_ms=27.481811523 cdls_submit_ms=0.631357000 roc_submit_ms=11.369796000 cdls_wall_ms=19.781249000 roc_wall_ms=27.758519000
sample n=8192 lda=8192 iteration=28 first=cdls cdls_ms=19.277856827 rocsolver_ms=26.852308273 cdls_submit_ms=0.318819000 roc_submit_ms=9.094770000 cdls_wall_ms=19.286431000 roc_wall_ms=26.861454000
sample n=8192 lda=8192 iteration=29 first=rocsolver cdls_ms=19.434978485 rocsolver_ms=27.421499252 cdls_submit_ms=0.860599000 roc_submit_ms=11.429137000 cdls_wall_ms=19.447298000 roc_wall_ms=27.692558000
bench n=8192 lda=8192 repeats=30 cdls_median_ms=19.334569 rocsolver_median_ms=26.946688 cdls_mean_ms=19.340556 rocsolver_mean_ms=27.017978 cdls_gflops=18954.149977 workspace_bytes=65544 roc_workspace_bytes=34145472 cdls_submit_ms=0.470586 roc_submit_ms=10.301680 cdls_wall_ms=19.423291 roc_wall_ms=27.083925 rocsolver_gflops=13599.828084 speedup=1.393705
