device=AMD Instinct MI300A arch=gfx942:sramecc+:xnack- HIP=60443484 CUs=228 memory_bytes=137438953472 rocSOLVER=3.28.2.1b897f5 rocBLAS=4.4.1.f08d23e3 baseline=rocsolver_dgetrf_npvt fp64 seed=20261001 method=auto matrix=dense n=8192 lda=8192 offset=1 warmup=5 repeats=30
validate n=8192 lda=8192 kind=dense info=7/0 L_rel=7.2829e-16 U_rel=2.1479e-15 residual_scaled=1.2306e-03/3.9221e-04 PASS
sample n=8192 lda=8192 iteration=0 first=cdls cdls_ms=19.360563278 rocsolver_ms=26.877698898 cdls_submit_ms=0.240459000 roc_submit_ms=9.681319000 cdls_wall_ms=19.535503000 roc_wall_ms=26.888596000
sample n=8192 lda=8192 iteration=1 first=rocsolver cdls_ms=19.354963303 rocsolver_ms=27.341527939 cdls_submit_ms=0.610034000 roc_submit_ms=13.017740000 cdls_wall_ms=19.688087000 roc_wall_ms=27.355872000
sample n=8192 lda=8192 iteration=2 first=cdls cdls_ms=19.276063919 rocsolver_ms=26.778636932 cdls_submit_ms=0.104259000 roc_submit_ms=9.302889000 cdls_wall_ms=19.283757000 roc_wall_ms=26.785939000
sample n=8192 lda=8192 iteration=3 first=rocsolver cdls_ms=19.327804565 rocsolver_ms=27.150136948 cdls_submit_ms=0.561611000 roc_submit_ms=12.681085000 cdls_wall_ms=19.668186000 roc_wall_ms=27.434973000
sample n=8192 lda=8192 iteration=4 first=cdls cdls_ms=19.201179504 rocsolver_ms=26.642887115 cdls_submit_ms=0.401045000 roc_submit_ms=8.923588000 cdls_wall_ms=19.209163000 roc_wall_ms=26.655049000
sample n=8192 lda=8192 iteration=5 first=rocsolver cdls_ms=19.428707123 rocsolver_ms=27.111364365 cdls_submit_ms=0.623075000 roc_submit_ms=12.386533000 cdls_wall_ms=19.437974000 roc_wall_ms=27.425499000
sample n=8192 lda=8192 iteration=6 first=cdls cdls_ms=19.320871353 rocsolver_ms=26.824827194 cdls_submit_ms=0.382396000 roc_submit_ms=8.763544000 cdls_wall_ms=19.463032000 roc_wall_ms=26.834894000
sample n=8192 lda=8192 iteration=7 first=rocsolver cdls_ms=19.774095535 rocsolver_ms=27.277879715 cdls_submit_ms=0.868420000 roc_submit_ms=12.130440000 cdls_wall_ms=19.787749000 roc_wall_ms=27.598634000
sample n=8192 lda=8192 iteration=8 first=cdls cdls_ms=19.266260147 rocsolver_ms=26.879720688 cdls_submit_ms=0.279809000 roc_submit_ms=8.598200000 cdls_wall_ms=19.344721000 roc_wall_ms=26.888205000
sample n=8192 lda=8192 iteration=9 first=rocsolver cdls_ms=19.500518799 rocsolver_ms=27.405555725 cdls_submit_ms=0.601271000 roc_submit_ms=11.191132000 cdls_wall_ms=19.801009000 roc_wall_ms=27.675812000
sample n=8192 lda=8192 iteration=10 first=cdls cdls_ms=19.498786926 rocsolver_ms=26.721727371 cdls_submit_ms=0.204283000 roc_submit_ms=8.729441000 cdls_wall_ms=19.506398000 roc_wall_ms=26.730183000
sample n=8192 lda=8192 iteration=11 first=rocsolver cdls_ms=19.332452774 rocsolver_ms=27.359575272 cdls_submit_ms=0.643075000 roc_submit_ms=10.647920000 cdls_wall_ms=19.541913000 roc_wall_ms=27.642981000
sample n=8192 lda=8192 iteration=12 first=cdls cdls_ms=19.308124542 rocsolver_ms=26.822654724 cdls_submit_ms=0.310826000 roc_submit_ms=8.537798000 cdls_wall_ms=19.316938000 roc_wall_ms=26.831217000
sample n=8192 lda=8192 iteration=13 first=rocsolver cdls_ms=19.585367203 rocsolver_ms=27.360095978 cdls_submit_ms=0.640682000 roc_submit_ms=10.806913000 cdls_wall_ms=19.809313000 roc_wall_ms=27.643893000
sample n=8192 lda=8192 iteration=14 first=cdls cdls_ms=19.469499588 rocsolver_ms=26.761940002 cdls_submit_ms=0.335304000 roc_submit_ms=8.654726000 cdls_wall_ms=19.477745000 roc_wall_ms=26.769204000
sample n=8192 lda=8192 iteration=15 first=rocsolver cdls_ms=19.821159363 rocsolver_ms=27.331851959 cdls_submit_ms=0.859847000 roc_submit_ms=10.760433000 cdls_wall_ms=19.829704000 roc_wall_ms=27.578112000
sample n=8192 lda=8192 iteration=16 first=cdls cdls_ms=19.431331635 rocsolver_ms=26.781110764 cdls_submit_ms=0.210963000 roc_submit_ms=8.697583000 cdls_wall_ms=19.439806000 roc_wall_ms=26.788833000
sample n=8192 lda=8192 iteration=17 first=rocsolver cdls_ms=19.339029312 rocsolver_ms=27.458738327 cdls_submit_ms=0.635814000 roc_submit_ms=11.186324000 cdls_wall_ms=19.561763000 roc_wall_ms=27.469426000
sample n=8192 lda=8192 iteration=18 first=cdls cdls_ms=19.294151306 rocsolver_ms=26.843124390 cdls_submit_ms=0.197272000 roc_submit_ms=8.706766000 cdls_wall_ms=19.302866000 roc_wall_ms=26.851990000
sample n=8192 lda=8192 iteration=19 first=rocsolver cdls_ms=19.452564240 rocsolver_ms=27.276027679 cdls_submit_ms=0.576423000 roc_submit_ms=10.704346000 cdls_wall_ms=19.752526000 roc_wall_ms=27.563941000
sample n=8192 lda=8192 iteration=20 first=cdls cdls_ms=19.368888855 rocsolver_ms=26.822032928 cdls_submit_ms=0.310175000 roc_submit_ms=8.626804000 cdls_wall_ms=19.377110000 roc_wall_ms=26.830187000
sample n=8192 lda=8192 iteration=21 first=rocsolver cdls_ms=19.396137238 rocsolver_ms=27.331424713 cdls_submit_ms=0.590945000 roc_submit_ms=10.837109000 cdls_wall_ms=19.692974000 roc_wall_ms=27.603111000
sample n=8192 lda=8192 iteration=22 first=cdls cdls_ms=19.564725876 rocsolver_ms=26.808912277 cdls_submit_ms=0.358840000 roc_submit_ms=8.709801000 cdls_wall_ms=19.574533000 roc_wall_ms=26.818068000
sample n=8192 lda=8192 iteration=23 first=rocsolver cdls_ms=19.334976196 rocsolver_ms=27.400939941 cdls_submit_ms=0.573398000 roc_submit_ms=10.811971000 cdls_wall_ms=19.620583000 roc_wall_ms=27.682793000
sample n=8192 lda=8192 iteration=24 first=cdls cdls_ms=19.446184158 rocsolver_ms=26.742820740 cdls_submit_ms=0.180957000 roc_submit_ms=8.694638000 cdls_wall_ms=19.478145000 roc_wall_ms=26.751746000
sample n=8192 lda=8192 iteration=25 first=rocsolver cdls_ms=19.426925659 rocsolver_ms=27.291179657 cdls_submit_ms=0.580960000 roc_submit_ms=10.874997000 cdls_wall_ms=19.635487000 roc_wall_ms=27.574747000
sample n=8192 lda=8192 iteration=26 first=cdls cdls_ms=19.365060806 rocsolver_ms=26.793237686 cdls_submit_ms=0.329855000 roc_submit_ms=8.731684000 cdls_wall_ms=19.374306000 roc_wall_ms=26.801592000
sample n=8192 lda=8192 iteration=27 first=rocsolver cdls_ms=19.428268433 rocsolver_ms=27.386388779 cdls_submit_ms=0.630777000 roc_submit_ms=10.817580000 cdls_wall_ms=19.651381000 roc_wall_ms=27.666397000
sample n=8192 lda=8192 iteration=28 first=cdls cdls_ms=19.427675247 rocsolver_ms=26.888853073 cdls_submit_ms=0.351598000 roc_submit_ms=8.705635000 cdls_wall_ms=19.435009000 roc_wall_ms=26.897269000
sample n=8192 lda=8192 iteration=29 first=rocsolver cdls_ms=19.443439484 rocsolver_ms=27.421819687 cdls_submit_ms=0.611487000 roc_submit_ms=10.684987000 cdls_wall_ms=19.660324000 roc_wall_ms=27.710024000
bench n=8192 lda=8192 repeats=30 cdls_median_ms=19.411531 rocsolver_median_ms=27.000109 cdls_mean_ms=19.418193 rocsolver_mean_ms=27.063156 cdls_gflops=18879.000923 workspace_bytes=65544 roc_workspace_bytes=34145472 cdls_submit_ms=0.481328 roc_submit_ms=10.164620 cdls_wall_ms=19.538708 roc_wall_ms=27.126570 rocsolver_gflops=13572.920166 speedup=1.390931
