device=AMD Instinct MI300A arch=gfx942:sramecc+:xnack- HIP=60443484 CUs=228 memory_bytes=137438953472 rocSOLVER=3.28.2.1b897f5 rocBLAS=4.4.1.f08d23e3 baseline=rocsolver_dgetrf_npvt fp64 seed=20261001 method=auto matrix=dense n=2048 lda=2049 offset=0 warmup=5 repeats=30
validate n=2048 lda=2049 kind=dense info=7/0 L_rel=8.1213e-16 U_rel=2.0337e-15 residual_scaled=4.3742e-03/1.2203e-03 PASS
sample n=2048 lda=2049 iteration=0 first=cdls cdls_ms=1.768388033 rocsolver_ms=4.088572979 cdls_submit_ms=0.009634000 roc_submit_ms=2.229626000 cdls_wall_ms=1.782441000 roc_wall_ms=4.096556000
sample n=2048 lda=2049 iteration=1 first=rocsolver cdls_ms=1.750641942 rocsolver_ms=4.526422977 cdls_submit_ms=0.019600000 roc_submit_ms=4.127832000 cdls_wall_ms=1.757252000 roc_wall_ms=4.532974000
sample n=2048 lda=2049 iteration=2 first=cdls cdls_ms=1.691110015 rocsolver_ms=4.098027229 cdls_submit_ms=0.013851000 roc_submit_ms=2.252961000 cdls_wall_ms=1.698993000 roc_wall_ms=4.105248000
sample n=2048 lda=2049 iteration=3 first=rocsolver cdls_ms=1.772956014 rocsolver_ms=4.715933800 cdls_submit_ms=0.017186000 roc_submit_ms=4.359658000 cdls_wall_ms=1.779726000 roc_wall_ms=4.724788000
sample n=2048 lda=2049 iteration=4 first=cdls cdls_ms=1.723680019 rocsolver_ms=4.115684032 cdls_submit_ms=0.012769000 roc_submit_ms=2.280003000 cdls_wall_ms=1.731833000 roc_wall_ms=4.123225000
sample n=2048 lda=2049 iteration=5 first=rocsolver cdls_ms=1.802201033 rocsolver_ms=4.558482170 cdls_submit_ms=0.010997000 roc_submit_ms=4.341050000 cdls_wall_ms=1.810052000 roc_wall_ms=4.567437000
sample n=2048 lda=2049 iteration=6 first=cdls cdls_ms=1.714465976 rocsolver_ms=4.099528790 cdls_submit_ms=0.013010000 roc_submit_ms=2.292242000 cdls_wall_ms=1.723740000 roc_wall_ms=4.109335000
sample n=2048 lda=2049 iteration=7 first=rocsolver cdls_ms=1.753285050 rocsolver_ms=4.657824039 cdls_submit_ms=0.015343000 roc_submit_ms=4.271904000 cdls_wall_ms=1.761198000 roc_wall_ms=4.667450000
sample n=2048 lda=2049 iteration=8 first=cdls cdls_ms=1.736338973 rocsolver_ms=4.102454185 cdls_submit_ms=0.014533000 roc_submit_ms=2.270848000 cdls_wall_ms=1.743982000 roc_wall_ms=4.112169000
sample n=2048 lda=2049 iteration=9 first=rocsolver cdls_ms=1.783090949 rocsolver_ms=4.599474907 cdls_submit_ms=0.014913000 roc_submit_ms=4.307138000 cdls_wall_ms=1.792896000 roc_wall_ms=4.607758000
sample n=2048 lda=2049 iteration=10 first=cdls cdls_ms=1.714025021 rocsolver_ms=4.094480991 cdls_submit_ms=0.014873000 roc_submit_ms=2.286252000 cdls_wall_ms=1.724191000 roc_wall_ms=4.104558000
sample n=2048 lda=2049 iteration=11 first=rocsolver cdls_ms=1.803802967 rocsolver_ms=4.618093014 cdls_submit_ms=0.015233000 roc_submit_ms=4.373760000 cdls_wall_ms=1.812857000 roc_wall_ms=4.626297000
sample n=2048 lda=2049 iteration=12 first=cdls cdls_ms=1.714066029 rocsolver_ms=4.104917049 cdls_submit_ms=0.009855000 roc_submit_ms=2.327666000 cdls_wall_ms=1.723019000 roc_wall_ms=4.115905000
sample n=2048 lda=2049 iteration=13 first=rocsolver cdls_ms=1.758772969 rocsolver_ms=4.635439873 cdls_submit_ms=0.012559000 roc_submit_ms=4.229860000 cdls_wall_ms=1.767066000 roc_wall_ms=4.642852000
sample n=2048 lda=2049 iteration=14 first=cdls cdls_ms=1.729128957 rocsolver_ms=4.108653069 cdls_submit_ms=0.008773000 roc_submit_ms=2.306884000 cdls_wall_ms=1.737181000 roc_wall_ms=4.117096000
sample n=2048 lda=2049 iteration=15 first=rocsolver cdls_ms=1.744793057 rocsolver_ms=4.660327911 cdls_submit_ms=0.016104000 roc_submit_ms=4.366819000 cdls_wall_ms=1.752525000 roc_wall_ms=4.668441000
sample n=2048 lda=2049 iteration=16 first=cdls cdls_ms=1.698482037 rocsolver_ms=4.110765934 cdls_submit_ms=0.010556000 roc_submit_ms=2.321005000 cdls_wall_ms=1.705462000 roc_wall_ms=4.117978000
sample n=2048 lda=2049 iteration=17 first=rocsolver cdls_ms=1.766345978 rocsolver_ms=4.676161766 cdls_submit_ms=0.014913000 roc_submit_ms=4.255459000 cdls_wall_ms=1.775990000 roc_wall_ms=4.683554000
sample n=2048 lda=2049 iteration=18 first=cdls cdls_ms=1.741145968 rocsolver_ms=4.109613895 cdls_submit_ms=0.011047000 roc_submit_ms=2.317821000 cdls_wall_ms=1.748528000 roc_wall_ms=4.118018000
sample n=2048 lda=2049 iteration=19 first=rocsolver cdls_ms=1.768308997 rocsolver_ms=4.628068924 cdls_submit_ms=0.017297000 roc_submit_ms=4.327168000 cdls_wall_ms=1.777342000 roc_wall_ms=4.635961000
sample n=2048 lda=2049 iteration=20 first=cdls cdls_ms=1.732774019 rocsolver_ms=4.078927994 cdls_submit_ms=0.010887000 roc_submit_ms=2.318021000 cdls_wall_ms=1.740636000 roc_wall_ms=4.087422000
sample n=2048 lda=2049 iteration=21 first=rocsolver cdls_ms=1.750921965 rocsolver_ms=4.570840836 cdls_submit_ms=0.015684000 roc_submit_ms=4.341941000 cdls_wall_ms=1.758163000 roc_wall_ms=4.578433000
sample n=2048 lda=2049 iteration=22 first=cdls cdls_ms=1.713906050 rocsolver_ms=4.088262081 cdls_submit_ms=0.012199000 roc_submit_ms=2.336710000 cdls_wall_ms=1.721677000 roc_wall_ms=4.096054000
sample n=2048 lda=2049 iteration=23 first=rocsolver cdls_ms=1.777202010 rocsolver_ms=4.576259136 cdls_submit_ms=0.016485000 roc_submit_ms=4.233185000 cdls_wall_ms=1.786276000 roc_wall_ms=4.583572000
sample n=2048 lda=2049 iteration=24 first=cdls cdls_ms=1.736819983 rocsolver_ms=4.126821041 cdls_submit_ms=0.013681000 roc_submit_ms=2.307865000 cdls_wall_ms=1.745574000 roc_wall_ms=4.134344000
sample n=2048 lda=2049 iteration=25 first=rocsolver cdls_ms=1.784654021 rocsolver_ms=4.542478085 cdls_submit_ms=0.013981000 roc_submit_ms=4.268629000 cdls_wall_ms=1.792876000 roc_wall_ms=4.549369000
sample n=2048 lda=2049 iteration=26 first=cdls cdls_ms=1.755128026 rocsolver_ms=4.022171021 cdls_submit_ms=0.009024000 roc_submit_ms=2.351912000 cdls_wall_ms=1.762951000 roc_wall_ms=4.031546000
sample n=2048 lda=2049 iteration=27 first=rocsolver cdls_ms=1.744752049 rocsolver_ms=4.533362865 cdls_submit_ms=0.015294000 roc_submit_ms=4.283852000 cdls_wall_ms=1.752495000 roc_wall_ms=4.540936000
sample n=2048 lda=2049 iteration=28 first=cdls cdls_ms=1.711701035 rocsolver_ms=4.020236969 cdls_submit_ms=0.010416000 roc_submit_ms=2.362038000 cdls_wall_ms=1.719644000 roc_wall_ms=4.028031000
sample n=2048 lda=2049 iteration=29 first=rocsolver cdls_ms=1.743670940 rocsolver_ms=4.635499954 cdls_submit_ms=0.015914000 roc_submit_ms=4.258253000 cdls_wall_ms=1.751713000 roc_wall_ms=4.644415000
bench n=2048 lda=2049 repeats=30 cdls_median_ms=1.744773 rocsolver_median_ms=4.326622 cdls_mean_ms=1.746219 rocsolver_mean_ms=4.350126 cdls_gflops=3280.958058 workspace_bytes=4104 roc_workspace_bytes=8930496 cdls_submit_ms=0.013916 roc_submit_ms=3.244935 cdls_wall_ms=1.752510 roc_wall_ms=4.333659 rocsolver_gflops=1323.093526 speedup=2.479763
