device=AMD Instinct MI300A arch=gfx942:sramecc+:xnack- HIP=60443484 CUs=228 memory_bytes=137438953472 rocSOLVER=3.28.2.1b897f5 rocBLAS=4.4.1.f08d23e3 baseline=rocsolver_dgetrf_npvt fp64 seed=20261001 method=auto matrix=dense n=4096 lda=4224 offset=0 warmup=5 repeats=30
validate n=4096 lda=4224 kind=dense info=7/0 L_rel=1.1684e-15 U_rel=2.9224e-15 residual_scaled=3.1381e-03/8.3217e-04 PASS
sample n=4096 lda=4224 iteration=0 first=cdls cdls_ms=4.869459152 rocsolver_ms=9.306424141 cdls_submit_ms=0.009535000 roc_submit_ms=4.435744000 cdls_wall_ms=4.894267000 roc_wall_ms=9.313667000
sample n=4096 lda=4224 iteration=1 first=rocsolver cdls_ms=4.824669838 rocsolver_ms=9.221002579 cdls_submit_ms=0.008132000 roc_submit_ms=8.240783000 cdls_wall_ms=4.834956000 roc_wall_ms=9.228957000
sample n=4096 lda=4224 iteration=2 first=cdls cdls_ms=4.724435806 rocsolver_ms=9.372064590 cdls_submit_ms=0.012879000 roc_submit_ms=4.406550000 cdls_wall_ms=4.732680000 roc_wall_ms=9.379318000
sample n=4096 lda=4224 iteration=3 first=rocsolver cdls_ms=4.937042236 rocsolver_ms=9.304071426 cdls_submit_ms=0.015323000 roc_submit_ms=8.114039000 cdls_wall_ms=4.945425000 roc_wall_ms=9.312565000
sample n=4096 lda=4224 iteration=4 first=cdls cdls_ms=4.755242825 rocsolver_ms=9.374859810 cdls_submit_ms=0.007932000 roc_submit_ms=4.533044000 cdls_wall_ms=4.984735000 roc_wall_ms=9.383213000
sample n=4096 lda=4224 iteration=5 first=rocsolver cdls_ms=4.835806847 rocsolver_ms=9.442592621 cdls_submit_ms=0.008423000 roc_submit_ms=8.231078000 cdls_wall_ms=4.844071000 roc_wall_ms=9.451208000
sample n=4096 lda=4224 iteration=6 first=cdls cdls_ms=4.698276043 rocsolver_ms=9.434821129 cdls_submit_ms=0.017147000 roc_submit_ms=4.736065000 cdls_wall_ms=4.707380000 roc_wall_ms=9.444026000
sample n=4096 lda=4224 iteration=7 first=rocsolver cdls_ms=4.802315235 rocsolver_ms=9.743784904 cdls_submit_ms=0.029285000 roc_submit_ms=9.048591000 cdls_wall_ms=4.811119000 roc_wall_ms=9.752599000
sample n=4096 lda=4224 iteration=8 first=cdls cdls_ms=4.774151802 rocsolver_ms=9.369151115 cdls_submit_ms=0.012979000 roc_submit_ms=4.612947000 cdls_wall_ms=4.782105000 roc_wall_ms=9.378205000
sample n=4096 lda=4224 iteration=9 first=rocsolver cdls_ms=4.807363033 rocsolver_ms=9.951891899 cdls_submit_ms=0.014042000 roc_submit_ms=8.857378000 cdls_wall_ms=4.816137000 roc_wall_ms=9.960688000
sample n=4096 lda=4224 iteration=10 first=cdls cdls_ms=4.664865017 rocsolver_ms=9.497567177 cdls_submit_ms=0.013221000 roc_submit_ms=4.672888000 cdls_wall_ms=4.673198000 roc_wall_ms=9.506052000
sample n=4096 lda=4224 iteration=11 first=rocsolver cdls_ms=4.930350780 rocsolver_ms=10.083353996 cdls_submit_ms=0.016466000 roc_submit_ms=9.152991000 cdls_wall_ms=4.938204000 roc_wall_ms=10.091908000
sample n=4096 lda=4224 iteration=12 first=cdls cdls_ms=4.720550060 rocsolver_ms=9.129241943 cdls_submit_ms=0.010005000 roc_submit_ms=4.491490000 cdls_wall_ms=4.729264000 roc_wall_ms=9.141012000
sample n=4096 lda=4224 iteration=13 first=rocsolver cdls_ms=4.852591991 rocsolver_ms=9.870137215 cdls_submit_ms=0.010466000 roc_submit_ms=8.981117000 cdls_wall_ms=4.861497000 roc_wall_ms=9.877350000
sample n=4096 lda=4224 iteration=14 first=cdls cdls_ms=4.759170055 rocsolver_ms=9.216376305 cdls_submit_ms=0.014973000 roc_submit_ms=4.646507000 cdls_wall_ms=4.768274000 roc_wall_ms=9.225441000
sample n=4096 lda=4224 iteration=15 first=rocsolver cdls_ms=4.881277084 rocsolver_ms=9.976099968 cdls_submit_ms=0.012619000 roc_submit_ms=8.967747000 cdls_wall_ms=4.889270000 roc_wall_ms=9.985826000
sample n=4096 lda=4224 iteration=16 first=cdls cdls_ms=4.700921059 rocsolver_ms=9.399896622 cdls_submit_ms=0.011517000 roc_submit_ms=4.730696000 cdls_wall_ms=4.710555000 roc_wall_ms=9.408452000
sample n=4096 lda=4224 iteration=17 first=rocsolver cdls_ms=4.836688042 rocsolver_ms=9.977852821 cdls_submit_ms=0.027873000 roc_submit_ms=9.022642000 cdls_wall_ms=4.845492000 roc_wall_ms=9.985416000
sample n=4096 lda=4224 iteration=18 first=cdls cdls_ms=4.649682045 rocsolver_ms=9.418995857 cdls_submit_ms=0.009805000 roc_submit_ms=4.708803000 cdls_wall_ms=4.658476000 roc_wall_ms=9.427452000
sample n=4096 lda=4224 iteration=19 first=rocsolver cdls_ms=4.884120941 rocsolver_ms=9.942467690 cdls_submit_ms=0.015013000 roc_submit_ms=8.863407000 cdls_wall_ms=4.891964000 roc_wall_ms=9.950663000
sample n=4096 lda=4224 iteration=20 first=cdls cdls_ms=4.648681164 rocsolver_ms=9.397635460 cdls_submit_ms=0.014422000 roc_submit_ms=4.664415000 cdls_wall_ms=4.657645000 roc_wall_ms=9.407190000
sample n=4096 lda=4224 iteration=21 first=rocsolver cdls_ms=4.762374878 rocsolver_ms=10.011334419 cdls_submit_ms=0.011958000 roc_submit_ms=8.955878000 cdls_wall_ms=4.770648000 roc_wall_ms=10.019218000
sample n=4096 lda=4224 iteration=22 first=cdls cdls_ms=4.764616966 rocsolver_ms=9.408510208 cdls_submit_ms=0.013931000 roc_submit_ms=4.725689000 cdls_wall_ms=4.774213000 roc_wall_ms=9.419889000
sample n=4096 lda=4224 iteration=23 first=rocsolver cdls_ms=4.865852833 rocsolver_ms=9.971983910 cdls_submit_ms=0.014172000 roc_submit_ms=9.016512000 cdls_wall_ms=4.874847000 roc_wall_ms=9.979807000
sample n=4096 lda=4224 iteration=24 first=cdls cdls_ms=4.669753075 rocsolver_ms=9.394178391 cdls_submit_ms=0.007942000 roc_submit_ms=4.729314000 cdls_wall_ms=4.947569000 roc_wall_ms=9.403354000
sample n=4096 lda=4224 iteration=25 first=rocsolver cdls_ms=4.814134121 rocsolver_ms=9.961997986 cdls_submit_ms=0.015434000 roc_submit_ms=8.869717000 cdls_wall_ms=4.822898000 roc_wall_ms=9.969892000
sample n=4096 lda=4224 iteration=26 first=cdls cdls_ms=4.860404968 rocsolver_ms=9.404012680 cdls_submit_ms=0.015704000 roc_submit_ms=4.749425000 cdls_wall_ms=4.869469000 roc_wall_ms=9.414592000
sample n=4096 lda=4224 iteration=27 first=rocsolver cdls_ms=4.817618847 rocsolver_ms=9.849455833 cdls_submit_ms=0.011046000 roc_submit_ms=8.932533000 cdls_wall_ms=4.826283000 roc_wall_ms=9.857680000
sample n=4096 lda=4224 iteration=28 first=cdls cdls_ms=4.765419006 rocsolver_ms=9.418606758 cdls_submit_ms=0.012329000 roc_submit_ms=4.757317000 cdls_wall_ms=4.774284000 roc_wall_ms=9.427682000
sample n=4096 lda=4224 iteration=29 first=rocsolver cdls_ms=4.896018982 rocsolver_ms=10.020897865 cdls_submit_ms=0.015183000 roc_submit_ms=8.915166000 cdls_wall_ms=4.902650000 roc_wall_ms=10.029613000
bench n=4096 lda=4224 repeats=30 cdls_median_ms=4.804839 rocsolver_median_ms=9.426908 cdls_mean_ms=4.792462 rocsolver_mean_ms=9.595709 cdls_gflops=9533.013264 workspace_bytes=16392 roc_workspace_bytes=17335488 cdls_submit_ms=0.013100 roc_submit_ms=6.435678 cdls_wall_ms=4.824591 roc_wall_ms=9.435854 rocsolver_gflops=4858.920104 speedup=1.961961
