device=AMD Instinct MI300A arch=gfx942:sramecc+:xnack- HIP=60443484 CUs=228 memory_bytes=137438953472 rocSOLVER=3.28.2.1b897f5 rocBLAS=4.4.1.f08d23e3 baseline=rocsolver_dgetrf_npvt fp64 seed=20261001 method=auto matrix=dense n=16384 lda=16401 offset=0 warmup=5 repeats=30
validate n=16384 lda=16401 kind=dense info=7/0 L_rel=5.6795e-16 U_rel=1.7038e-15 residual_scaled=4.9962e-04/2.0443e-04 PASS
sample n=16384 lda=16401 iteration=0 first=cdls cdls_ms=107.456962585 rocsolver_ms=113.103218079 cdls_submit_ms=1.465926000 roc_submit_ms=70.067097000 cdls_wall_ms=107.471031000 roc_wall_ms=113.112213000
sample n=16384 lda=16401 iteration=1 first=rocsolver cdls_ms=107.295150757 rocsolver_ms=114.298332214 cdls_submit_ms=1.540069000 roc_submit_ms=46.554521000 cdls_wall_ms=108.031089000 roc_wall_ms=114.833340000
sample n=16384 lda=16401 iteration=2 first=cdls cdls_ms=106.941406250 rocsolver_ms=113.109519958 cdls_submit_ms=0.537483000 roc_submit_ms=69.880331000 cdls_wall_ms=106.951957000 roc_wall_ms=113.118993000
sample n=16384 lda=16401 iteration=3 first=rocsolver cdls_ms=107.656402588 rocsolver_ms=114.451034546 cdls_submit_ms=1.695146000 roc_submit_ms=46.370489000 cdls_wall_ms=107.891956000 roc_wall_ms=114.890085000
sample n=16384 lda=16401 iteration=4 first=cdls cdls_ms=107.089996338 rocsolver_ms=113.696937561 cdls_submit_ms=0.474587000 roc_submit_ms=69.971330000 cdls_wall_ms=107.097970000 roc_wall_ms=113.705582000
sample n=16384 lda=16401 iteration=5 first=rocsolver cdls_ms=108.116592407 rocsolver_ms=114.266006470 cdls_submit_ms=1.289545000 roc_submit_ms=46.192817000 cdls_wall_ms=108.730280000 roc_wall_ms=114.700516000
sample n=16384 lda=16401 iteration=6 first=cdls cdls_ms=107.655082703 rocsolver_ms=114.055778503 cdls_submit_ms=0.439824000 roc_submit_ms=70.460410000 cdls_wall_ms=107.663927000 roc_wall_ms=114.065202000
sample n=16384 lda=16401 iteration=7 first=rocsolver cdls_ms=108.348861694 rocsolver_ms=114.765434265 cdls_submit_ms=1.288714000 roc_submit_ms=46.384701000 cdls_wall_ms=108.970789000 roc_wall_ms=115.196195000
sample n=16384 lda=16401 iteration=8 first=cdls cdls_ms=107.548355103 rocsolver_ms=114.253997803 cdls_submit_ms=0.464311000 roc_submit_ms=70.191468000 cdls_wall_ms=107.556643000 roc_wall_ms=114.261102000
sample n=16384 lda=16401 iteration=9 first=rocsolver cdls_ms=107.954788208 rocsolver_ms=115.567626953 cdls_submit_ms=1.292860000 roc_submit_ms=47.052794000 cdls_wall_ms=108.578939000 roc_wall_ms=115.993015000
sample n=16384 lda=16401 iteration=10 first=cdls cdls_ms=108.322952271 rocsolver_ms=114.995101929 cdls_submit_ms=0.473495000 roc_submit_ms=70.987888000 cdls_wall_ms=108.330518000 roc_wall_ms=115.004631000
sample n=16384 lda=16401 iteration=11 first=rocsolver cdls_ms=108.575042725 rocsolver_ms=116.688133240 cdls_submit_ms=1.819026000 roc_submit_ms=48.135503000 cdls_wall_ms=108.584177000 roc_wall_ms=116.713629000
sample n=16384 lda=16401 iteration=12 first=cdls cdls_ms=107.947990417 rocsolver_ms=115.015007019 cdls_submit_ms=0.501298000 roc_submit_ms=70.899623000 cdls_wall_ms=107.956395000 roc_wall_ms=115.022508000
sample n=16384 lda=16401 iteration=13 first=rocsolver cdls_ms=108.652099609 rocsolver_ms=115.572769165 cdls_submit_ms=1.284016000 roc_submit_ms=46.541131000 cdls_wall_ms=109.270708000 roc_wall_ms=116.012245000
sample n=16384 lda=16401 iteration=14 first=cdls cdls_ms=107.828659058 rocsolver_ms=115.219596863 cdls_submit_ms=0.484773000 roc_submit_ms=70.980176000 cdls_wall_ms=107.837242000 roc_wall_ms=115.227833000
sample n=16384 lda=16401 iteration=15 first=rocsolver cdls_ms=109.118820190 rocsolver_ms=115.952957153 cdls_submit_ms=1.296617000 roc_submit_ms=46.789811000 cdls_wall_ms=109.758266000 roc_wall_ms=116.386578000
sample n=16384 lda=16401 iteration=16 first=cdls cdls_ms=108.747695923 rocsolver_ms=115.487159729 cdls_submit_ms=0.476009000 roc_submit_ms=71.231651000 cdls_wall_ms=108.755659000 roc_wall_ms=115.496986000
sample n=16384 lda=16401 iteration=17 first=rocsolver cdls_ms=108.746101379 rocsolver_ms=116.006080627 cdls_submit_ms=1.285609000 roc_submit_ms=47.075088000 cdls_wall_ms=109.367106000 roc_wall_ms=116.103074000
sample n=16384 lda=16401 iteration=18 first=cdls cdls_ms=108.458778381 rocsolver_ms=115.996894836 cdls_submit_ms=0.479394000 roc_submit_ms=71.698896000 cdls_wall_ms=108.466777000 roc_wall_ms=116.004072000
sample n=16384 lda=16401 iteration=19 first=rocsolver cdls_ms=108.798233032 rocsolver_ms=116.272323608 cdls_submit_ms=1.288834000 roc_submit_ms=46.720205000 cdls_wall_ms=109.428390000 roc_wall_ms=116.720930000
sample n=16384 lda=16401 iteration=20 first=cdls cdls_ms=108.930435181 rocsolver_ms=116.008834839 cdls_submit_ms=0.504814000 roc_submit_ms=71.524229000 cdls_wall_ms=108.938349000 roc_wall_ms=116.016832000
sample n=16384 lda=16401 iteration=21 first=rocsolver cdls_ms=109.253784180 rocsolver_ms=116.693885803 cdls_submit_ms=1.288624000 roc_submit_ms=47.142361000 cdls_wall_ms=109.895435000 roc_wall_ms=116.702202000
sample n=16384 lda=16401 iteration=22 first=cdls cdls_ms=107.802558899 rocsolver_ms=116.259902954 cdls_submit_ms=0.496300000 roc_submit_ms=71.190177000 cdls_wall_ms=107.811583000 roc_wall_ms=116.267445000
sample n=16384 lda=16401 iteration=23 first=rocsolver cdls_ms=109.007789612 rocsolver_ms=116.582939148 cdls_submit_ms=1.299040000 roc_submit_ms=46.532207000 cdls_wall_ms=109.651130000 roc_wall_ms=116.872943000
sample n=16384 lda=16401 iteration=24 first=cdls cdls_ms=108.626411438 rocsolver_ms=115.781806946 cdls_submit_ms=0.473726000 roc_submit_ms=70.906703000 cdls_wall_ms=108.634473000 roc_wall_ms=115.789383000
sample n=16384 lda=16401 iteration=25 first=rocsolver cdls_ms=108.806144714 rocsolver_ms=117.560661316 cdls_submit_ms=1.389078000 roc_submit_ms=47.509925000 cdls_wall_ms=109.302327000 roc_wall_ms=118.009113000
sample n=16384 lda=16401 iteration=26 first=cdls cdls_ms=108.181892395 rocsolver_ms=116.075340271 cdls_submit_ms=0.474297000 roc_submit_ms=71.025826000 cdls_wall_ms=108.190544000 roc_wall_ms=116.082482000
sample n=16384 lda=16401 iteration=27 first=rocsolver cdls_ms=109.213607788 rocsolver_ms=117.579338074 cdls_submit_ms=1.315135000 roc_submit_ms=47.388969000 cdls_wall_ms=109.846871000 roc_wall_ms=117.588690000
sample n=16384 lda=16401 iteration=28 first=cdls cdls_ms=109.083709717 rocsolver_ms=116.475189209 cdls_submit_ms=0.476861000 roc_submit_ms=71.535827000 cdls_wall_ms=109.091564000 roc_wall_ms=116.483246000
sample n=16384 lda=16401 iteration=29 first=rocsolver cdls_ms=109.598999023 rocsolver_ms=117.631118774 cdls_submit_ms=1.320683000 roc_submit_ms=47.342939000 cdls_wall_ms=110.239993000 roc_wall_ms=118.083958000
bench n=16384 lda=16401 repeats=30 cdls_median_ms=108.403820 rocsolver_median_ms=115.677288 cdls_mean_ms=108.325510 rocsolver_mean_ms=115.514098 cdls_gflops=27046.065221 workspace_bytes=262152 roc_workspace_bytes=67765440 cdls_submit_ms=1.284813 roc_submit_ms=59.007917 cdls_wall_ms=108.609325 roc_wall_ms=115.998543 rocsolver_gflops=25345.483424 speedup=1.067096
