device=AMD Instinct MI300A arch=gfx942:sramecc+:xnack- HIP=60443484 CUs=228 memory_bytes=137438953472 rocSOLVER=3.28.2.1b897f5 rocBLAS=4.4.1.f08d23e3 baseline=rocsolver_dgetrf_npvt fp64 seed=20261001 method=auto matrix=dense n=16384 lda=16512 offset=0 warmup=5 repeats=30
validate n=16384 lda=16512 kind=dense info=7/0 L_rel=5.6795e-16 U_rel=1.7038e-15 residual_scaled=4.9962e-04/2.0443e-04 PASS
sample n=16384 lda=16512 iteration=0 first=cdls cdls_ms=103.787643433 rocsolver_ms=110.707290649 cdls_submit_ms=1.264948000 roc_submit_ms=68.724460000 cdls_wall_ms=103.927703000 roc_wall_ms=110.717633000
sample n=16384 lda=16512 iteration=1 first=rocsolver cdls_ms=104.495552063 rocsolver_ms=111.754417419 cdls_submit_ms=1.901573000 roc_submit_ms=45.650876000 cdls_wall_ms=104.762501000 roc_wall_ms=112.267387000
sample n=16384 lda=16512 iteration=2 first=cdls cdls_ms=103.968376160 rocsolver_ms=111.345817566 cdls_submit_ms=0.395316000 roc_submit_ms=68.598286000 cdls_wall_ms=103.977820000 roc_wall_ms=111.361519000
sample n=16384 lda=16512 iteration=3 first=rocsolver cdls_ms=104.566017151 rocsolver_ms=112.054634094 cdls_submit_ms=1.286491000 roc_submit_ms=45.492013000 cdls_wall_ms=105.198398000 roc_wall_ms=112.492412000
sample n=16384 lda=16512 iteration=4 first=cdls cdls_ms=104.232246399 rocsolver_ms=111.440368652 cdls_submit_ms=0.479764000 roc_submit_ms=68.389967000 cdls_wall_ms=104.241313000 roc_wall_ms=111.448462000
sample n=16384 lda=16512 iteration=5 first=rocsolver cdls_ms=104.745079041 rocsolver_ms=112.366523743 cdls_submit_ms=1.283185000 roc_submit_ms=45.344978000 cdls_wall_ms=105.395421000 roc_wall_ms=112.812732000
sample n=16384 lda=16512 iteration=6 first=cdls cdls_ms=104.437614441 rocsolver_ms=112.192077637 cdls_submit_ms=0.479725000 roc_submit_ms=69.410310000 cdls_wall_ms=104.446267000 roc_wall_ms=112.202478000
sample n=16384 lda=16512 iteration=7 first=rocsolver cdls_ms=104.621437073 rocsolver_ms=111.999229431 cdls_submit_ms=1.826327000 roc_submit_ms=45.506085000 cdls_wall_ms=104.629597000 roc_wall_ms=112.435895000
sample n=16384 lda=16512 iteration=8 first=cdls cdls_ms=103.927108765 rocsolver_ms=112.684768677 cdls_submit_ms=0.475939000 roc_submit_ms=69.655786000 cdls_wall_ms=103.934953000 roc_wall_ms=112.692999000
sample n=16384 lda=16512 iteration=9 first=rocsolver cdls_ms=105.265205383 rocsolver_ms=112.481582642 cdls_submit_ms=1.808771000 roc_submit_ms=45.618267000 cdls_wall_ms=105.273704000 roc_wall_ms=112.915129000
sample n=16384 lda=16512 iteration=10 first=cdls cdls_ms=104.627281189 rocsolver_ms=112.582023621 cdls_submit_ms=0.485383000 roc_submit_ms=69.395718000 cdls_wall_ms=104.635918000 roc_wall_ms=112.591383000
sample n=16384 lda=16512 iteration=11 first=rocsolver cdls_ms=104.675689697 rocsolver_ms=113.124977112 cdls_submit_ms=1.306621000 roc_submit_ms=46.120245000 cdls_wall_ms=105.309930000 roc_wall_ms=113.137550000
sample n=16384 lda=16512 iteration=12 first=cdls cdls_ms=105.066406250 rocsolver_ms=112.615837097 cdls_submit_ms=0.489160000 roc_submit_ms=69.024289000 cdls_wall_ms=105.074519000 roc_wall_ms=112.623824000
sample n=16384 lda=16512 iteration=13 first=rocsolver cdls_ms=105.055587769 rocsolver_ms=112.856613159 cdls_submit_ms=1.266820000 roc_submit_ms=45.841328000 cdls_wall_ms=105.685155000 roc_wall_ms=113.297085000
sample n=16384 lda=16512 iteration=14 first=cdls cdls_ms=105.425071716 rocsolver_ms=111.873916626 cdls_submit_ms=0.494297000 roc_submit_ms=68.487206000 cdls_wall_ms=105.433989000 roc_wall_ms=111.883660000
sample n=16384 lda=16512 iteration=15 first=rocsolver cdls_ms=105.492607117 rocsolver_ms=113.957893372 cdls_submit_ms=1.298630000 roc_submit_ms=46.777642000 cdls_wall_ms=106.194385000 roc_wall_ms=113.966330000
sample n=16384 lda=16512 iteration=16 first=cdls cdls_ms=105.308456421 rocsolver_ms=112.518272400 cdls_submit_ms=0.473105000 roc_submit_ms=68.910905000 cdls_wall_ms=105.316089000 roc_wall_ms=112.526665000
sample n=16384 lda=16512 iteration=17 first=rocsolver cdls_ms=106.327224731 rocsolver_ms=113.559333801 cdls_submit_ms=1.291799000 roc_submit_ms=45.716317000 cdls_wall_ms=106.959296000 roc_wall_ms=113.992710000
sample n=16384 lda=16512 iteration=18 first=cdls cdls_ms=104.151222229 rocsolver_ms=112.808982849 cdls_submit_ms=0.502800000 roc_submit_ms=69.291720000 cdls_wall_ms=104.158595000 roc_wall_ms=112.818144000
sample n=16384 lda=16512 iteration=19 first=rocsolver cdls_ms=105.170265198 rocsolver_ms=113.005615234 cdls_submit_ms=1.845066000 roc_submit_ms=45.751280000 cdls_wall_ms=105.180791000 roc_wall_ms=113.014241000
sample n=16384 lda=16512 iteration=20 first=cdls cdls_ms=105.626632690 rocsolver_ms=113.008590698 cdls_submit_ms=0.477782000 roc_submit_ms=69.387124000 cdls_wall_ms=105.635599000 roc_wall_ms=113.015142000
sample n=16384 lda=16512 iteration=21 first=rocsolver cdls_ms=105.508125305 rocsolver_ms=113.832992554 cdls_submit_ms=1.512997000 roc_submit_ms=45.839375000 cdls_wall_ms=105.771407000 roc_wall_ms=113.841058000
sample n=16384 lda=16512 iteration=22 first=cdls cdls_ms=105.569374084 rocsolver_ms=113.405677795 cdls_submit_ms=0.479885000 roc_submit_ms=69.527820000 cdls_wall_ms=105.578121000 roc_wall_ms=113.415045000
sample n=16384 lda=16512 iteration=23 first=rocsolver cdls_ms=104.954391479 rocsolver_ms=113.229049683 cdls_submit_ms=1.296156000 roc_submit_ms=45.241289000 cdls_wall_ms=105.590299000 roc_wall_ms=113.672829000
sample n=16384 lda=16512 iteration=24 first=cdls cdls_ms=104.553321838 rocsolver_ms=112.793945312 cdls_submit_ms=0.487327000 roc_submit_ms=68.915262000 cdls_wall_ms=104.561653000 roc_wall_ms=112.801635000
sample n=16384 lda=16512 iteration=25 first=rocsolver cdls_ms=105.667427063 rocsolver_ms=113.660446167 cdls_submit_ms=1.350999000 roc_submit_ms=45.587048000 cdls_wall_ms=106.187785000 roc_wall_ms=114.103289000
sample n=16384 lda=16512 iteration=26 first=cdls cdls_ms=105.948883057 rocsolver_ms=113.574371338 cdls_submit_ms=0.460605000 roc_submit_ms=69.558397000 cdls_wall_ms=105.956941000 roc_wall_ms=113.583393000
sample n=16384 lda=16512 iteration=27 first=rocsolver cdls_ms=106.077117920 rocsolver_ms=113.525978088 cdls_submit_ms=1.290066000 roc_submit_ms=45.270193000 cdls_wall_ms=106.707861000 roc_wall_ms=113.963655000
sample n=16384 lda=16512 iteration=28 first=cdls cdls_ms=106.074958801 rocsolver_ms=113.583000183 cdls_submit_ms=0.509350000 roc_submit_ms=69.456040000 cdls_wall_ms=106.082513000 roc_wall_ms=113.592117000
sample n=16384 lda=16512 iteration=29 first=rocsolver cdls_ms=106.945465088 rocsolver_ms=113.735115051 cdls_submit_ms=1.850034000 roc_submit_ms=45.394533000 cdls_wall_ms=106.955510000 roc_wall_ms=114.186967000
bench n=16384 lda=16512 repeats=30 cdls_median_ms=105.060997 rocsolver_median_ms=112.801464 cdls_mean_ms=105.075726 rocsolver_mean_ms=112.742645 cdls_gflops=27906.614923 workspace_bytes=262152 roc_workspace_bytes=67765440 cdls_submit_ms=1.265884 roc_submit_ms=57.583804 cdls_wall_ms=105.313009 roc_wall_ms=112.866636 rocsolver_gflops=25991.655435 speedup=1.073676
