device=AMD Instinct MI300A arch=gfx942:sramecc+:xnack- HIP=60443484 CUs=228 memory_bytes=137438953472 rocSOLVER=3.28.2.1b897f5 rocBLAS=4.4.1.f08d23e3 baseline=rocsolver_dgetrf_npvt fp64 seed=20261001 method=auto matrix=dense n=64 lda=65 offset=0 warmup=20 repeats=30
validate n=64 lda=65 kind=dense info=7/0 L_rel=2.5493e-17 U_rel=1.2316e-18 residual_scaled=2.4209e-02/2.4209e-02 cpu_residual_scaled=2.3512e-02/2.3513e-02 PASS
sample n=64 lda=65 iteration=0 first=cdls cdls_ms=0.028243000 rocsolver_ms=0.081324004 cdls_submit_ms=0.003285000 roc_submit_ms=0.009034000 cdls_wall_ms=0.043947000 roc_wall_ms=0.088715000
sample n=64 lda=65 iteration=1 first=rocsolver cdls_ms=0.027280999 rocsolver_ms=0.077719003 cdls_submit_ms=0.003125000 roc_submit_ms=0.006370000 cdls_wall_ms=0.037828000 roc_wall_ms=0.086402000
sample n=64 lda=65 iteration=2 first=cdls cdls_ms=0.026520001 rocsolver_ms=0.080683999 cdls_submit_ms=0.003035000 roc_submit_ms=0.009705000 cdls_wall_ms=0.035374000 roc_wall_ms=0.090318000
sample n=64 lda=65 iteration=3 first=rocsolver cdls_ms=0.027522000 rocsolver_ms=0.077319004 cdls_submit_ms=0.002985000 roc_submit_ms=0.006510000 cdls_wall_ms=0.036366000 roc_wall_ms=0.088616000
sample n=64 lda=65 iteration=4 first=cdls cdls_ms=0.026520001 rocsolver_ms=0.080683000 cdls_submit_ms=0.002765000 roc_submit_ms=0.009735000 cdls_wall_ms=0.036516000 roc_wall_ms=0.089577000
sample n=64 lda=65 iteration=5 first=rocsolver cdls_ms=0.027562000 rocsolver_ms=0.079722002 cdls_submit_ms=0.003335000 roc_submit_ms=0.006900000 cdls_wall_ms=0.035765000 roc_wall_ms=0.090529000
sample n=64 lda=65 iteration=6 first=cdls cdls_ms=0.026721001 rocsolver_ms=0.082286000 cdls_submit_ms=0.001983000 roc_submit_ms=0.009625000 cdls_wall_ms=0.034483000 roc_wall_ms=0.089306000
sample n=64 lda=65 iteration=7 first=rocsolver cdls_ms=0.027362000 rocsolver_ms=0.078601003 cdls_submit_ms=0.002954000 roc_submit_ms=0.005468000 cdls_wall_ms=0.044348000 roc_wall_ms=0.088406000
sample n=64 lda=65 iteration=8 first=cdls cdls_ms=0.026441000 rocsolver_ms=0.080803998 cdls_submit_ms=0.002184000 roc_submit_ms=0.010105000 cdls_wall_ms=0.034733000 roc_wall_ms=0.088276000
sample n=64 lda=65 iteration=9 first=rocsolver cdls_ms=0.026841000 rocsolver_ms=0.077198997 cdls_submit_ms=0.002915000 roc_submit_ms=0.006340000 cdls_wall_ms=0.034513000 roc_wall_ms=0.087064000
sample n=64 lda=65 iteration=10 first=cdls cdls_ms=0.026961001 rocsolver_ms=0.081124000 cdls_submit_ms=0.002143000 roc_submit_ms=0.009224000 cdls_wall_ms=0.035694000 roc_wall_ms=0.088255000
sample n=64 lda=65 iteration=11 first=rocsolver cdls_ms=0.028083000 rocsolver_ms=0.078759998 cdls_submit_ms=0.003426000 roc_submit_ms=0.007121000 cdls_wall_ms=0.035414000 roc_wall_ms=0.086542000
sample n=64 lda=65 iteration=12 first=cdls cdls_ms=0.027040999 rocsolver_ms=0.081644997 cdls_submit_ms=0.002253000 roc_submit_ms=0.009324000 cdls_wall_ms=0.034914000 roc_wall_ms=0.091340000
sample n=64 lda=65 iteration=13 first=rocsolver cdls_ms=0.027882000 rocsolver_ms=0.078400001 cdls_submit_ms=0.003135000 roc_submit_ms=0.006269000 cdls_wall_ms=0.036446000 roc_wall_ms=0.086833000
sample n=64 lda=65 iteration=14 first=cdls cdls_ms=0.026441000 rocsolver_ms=0.085371003 cdls_submit_ms=0.002564000 roc_submit_ms=0.013401000 cdls_wall_ms=0.040322000 roc_wall_ms=0.093764000
sample n=64 lda=65 iteration=15 first=rocsolver cdls_ms=0.026760999 rocsolver_ms=0.078520000 cdls_submit_ms=0.002914000 roc_submit_ms=0.006911000 cdls_wall_ms=0.035475000 roc_wall_ms=0.089047000
sample n=64 lda=65 iteration=16 first=cdls cdls_ms=0.026841000 rocsolver_ms=0.078841001 cdls_submit_ms=0.002354000 roc_submit_ms=0.008684000 cdls_wall_ms=0.036636000 roc_wall_ms=0.088265000
sample n=64 lda=65 iteration=17 first=rocsolver cdls_ms=0.026641000 rocsolver_ms=0.077598996 cdls_submit_ms=0.003064000 roc_submit_ms=0.006900000 cdls_wall_ms=0.035144000 roc_wall_ms=0.089016000
sample n=64 lda=65 iteration=18 first=cdls cdls_ms=0.026800999 rocsolver_ms=0.079080999 cdls_submit_ms=0.002293000 roc_submit_ms=0.008824000 cdls_wall_ms=0.035484000 roc_wall_ms=0.087674000
sample n=64 lda=65 iteration=19 first=rocsolver cdls_ms=0.027362000 rocsolver_ms=0.091140002 cdls_submit_ms=0.003055000 roc_submit_ms=0.020101000 cdls_wall_ms=0.036115000 roc_wall_ms=0.102056000
sample n=64 lda=65 iteration=20 first=cdls cdls_ms=0.026520999 rocsolver_ms=0.085851997 cdls_submit_ms=0.002394000 roc_submit_ms=0.013361000 cdls_wall_ms=0.040572000 roc_wall_ms=0.096067000
sample n=64 lda=65 iteration=21 first=rocsolver cdls_ms=0.028283000 rocsolver_ms=0.079121999 cdls_submit_ms=0.004167000 roc_submit_ms=0.007582000 cdls_wall_ms=0.036145000 roc_wall_ms=0.089287000
sample n=64 lda=65 iteration=22 first=cdls cdls_ms=0.027121000 rocsolver_ms=0.079361998 cdls_submit_ms=0.003225000 roc_submit_ms=0.007281000 cdls_wall_ms=0.035204000 roc_wall_ms=0.087373000
sample n=64 lda=65 iteration=23 first=rocsolver cdls_ms=0.026961001 rocsolver_ms=0.077799000 cdls_submit_ms=0.002404000 roc_submit_ms=0.005608000 cdls_wall_ms=0.034843000 roc_wall_ms=0.088095000
sample n=64 lda=65 iteration=24 first=cdls cdls_ms=0.026721001 rocsolver_ms=0.081205003 cdls_submit_ms=0.002443000 roc_submit_ms=0.008794000 cdls_wall_ms=0.034603000 roc_wall_ms=0.088545000
sample n=64 lda=65 iteration=25 first=rocsolver cdls_ms=0.026882000 rocsolver_ms=0.079442002 cdls_submit_ms=0.002715000 roc_submit_ms=0.006190000 cdls_wall_ms=0.034383000 roc_wall_ms=0.088025000
sample n=64 lda=65 iteration=26 first=cdls cdls_ms=0.026760999 rocsolver_ms=0.081404999 cdls_submit_ms=0.002333000 roc_submit_ms=0.008563000 cdls_wall_ms=0.036666000 roc_wall_ms=0.088205000
sample n=64 lda=65 iteration=27 first=rocsolver cdls_ms=0.026760999 rocsolver_ms=0.078681000 cdls_submit_ms=0.002334000 roc_submit_ms=0.006220000 cdls_wall_ms=0.034563000 roc_wall_ms=0.085651000
sample n=64 lda=65 iteration=28 first=cdls cdls_ms=0.026962001 rocsolver_ms=0.082525998 cdls_submit_ms=0.002283000 roc_submit_ms=0.009284000 cdls_wall_ms=0.034393000 roc_wall_ms=0.089407000
sample n=64 lda=65 iteration=29 first=rocsolver cdls_ms=0.026760999 rocsolver_ms=0.077758998 cdls_submit_ms=0.002343000 roc_submit_ms=0.005078000 cdls_wall_ms=0.034092000 roc_wall_ms=0.087384000
bench n=64 lda=65 repeats=30 cdls_median_ms=0.026861 rocsolver_median_ms=0.079402 cdls_mean_ms=0.027052 rocsolver_mean_ms=0.080332 cdls_gflops=6.429425 workspace_bytes=12 roc_workspace_bytes=0 cdls_submit_ms=0.002740 roc_submit_ms=0.008072 cdls_wall_ms=0.035479 roc_wall_ms=0.088475 rocsolver_gflops=2.175059 speedup=2.955978
