device=AMD Instinct MI300A arch=gfx942:sramecc+:xnack- HIP=60443484 CUs=228 memory_bytes=137438953472 rocSOLVER=3.28.2.1b897f5 rocBLAS=4.4.1.f08d23e3 baseline=rocsolver_dgetrf_npvt fp64 seed=20261001 method=auto matrix=dense n=8192 lda=8193 offset=0 warmup=5 repeats=30
validate n=8192 lda=8193 kind=dense info=7/0 L_rel=7.2829e-16 U_rel=2.1479e-15 residual_scaled=1.2306e-03/3.9221e-04 PASS
sample n=8192 lda=8193 iteration=0 first=cdls cdls_ms=19.473979950 rocsolver_ms=26.584280014 cdls_submit_ms=0.690718000 roc_submit_ms=9.151408000 cdls_wall_ms=19.490606000 roc_wall_ms=26.753051000
sample n=8192 lda=8193 iteration=1 first=rocsolver cdls_ms=19.488462448 rocsolver_ms=26.739488602 cdls_submit_ms=0.853938000 roc_submit_ms=13.172377000 cdls_wall_ms=19.499108000 roc_wall_ms=26.923061000
sample n=8192 lda=8193 iteration=2 first=cdls cdls_ms=19.009517670 rocsolver_ms=26.421400070 cdls_submit_ms=0.183330000 roc_submit_ms=8.880964000 cdls_wall_ms=19.017511000 roc_wall_ms=26.430557000
sample n=8192 lda=8193 iteration=3 first=rocsolver cdls_ms=19.535753250 rocsolver_ms=26.684213638 cdls_submit_ms=0.842951000 roc_submit_ms=12.832838000 cdls_wall_ms=19.545660000 roc_wall_ms=26.956413000
sample n=8192 lda=8193 iteration=4 first=cdls cdls_ms=19.063619614 rocsolver_ms=26.425998688 cdls_submit_ms=0.188869000 roc_submit_ms=8.996241000 cdls_wall_ms=19.074037000 roc_wall_ms=26.435574000
sample n=8192 lda=8193 iteration=5 first=rocsolver cdls_ms=19.533340454 rocsolver_ms=27.012758255 cdls_submit_ms=0.856572000 roc_submit_ms=12.727226000 cdls_wall_ms=19.542946000 roc_wall_ms=27.320550000
sample n=8192 lda=8193 iteration=6 first=cdls cdls_ms=19.092763901 rocsolver_ms=26.595628738 cdls_submit_ms=0.197953000 roc_submit_ms=8.998404000 cdls_wall_ms=19.144465000 roc_wall_ms=26.602320000
sample n=8192 lda=8193 iteration=7 first=rocsolver cdls_ms=19.222663879 rocsolver_ms=26.952363968 cdls_submit_ms=0.669545000 roc_submit_ms=12.798796000 cdls_wall_ms=19.233873000 roc_wall_ms=27.258685000
sample n=8192 lda=8193 iteration=8 first=cdls cdls_ms=19.051059723 rocsolver_ms=26.572092056 cdls_submit_ms=0.405841000 roc_submit_ms=8.788162000 cdls_wall_ms=19.058414000 roc_wall_ms=26.581648000
sample n=8192 lda=8193 iteration=9 first=rocsolver cdls_ms=19.382909775 rocsolver_ms=27.192811966 cdls_submit_ms=0.829570000 roc_submit_ms=11.150441000 cdls_wall_ms=19.392757000 roc_wall_ms=27.350887000
sample n=8192 lda=8193 iteration=10 first=cdls cdls_ms=19.386676788 rocsolver_ms=26.584772110 cdls_submit_ms=0.388034000 roc_submit_ms=8.722191000 cdls_wall_ms=19.396041000 roc_wall_ms=26.593155000
sample n=8192 lda=8193 iteration=11 first=rocsolver cdls_ms=19.215463638 rocsolver_ms=27.133392334 cdls_submit_ms=0.704660000 roc_submit_ms=11.133745000 cdls_wall_ms=19.224699000 roc_wall_ms=27.352088000
sample n=8192 lda=8193 iteration=12 first=cdls cdls_ms=19.078834534 rocsolver_ms=26.499860764 cdls_submit_ms=0.380523000 roc_submit_ms=8.653086000 cdls_wall_ms=19.086847000 roc_wall_ms=26.507985000
sample n=8192 lda=8193 iteration=13 first=rocsolver cdls_ms=19.052223206 rocsolver_ms=27.151168823 cdls_submit_ms=0.583784000 roc_submit_ms=11.195890000 cdls_wall_ms=19.291871000 roc_wall_ms=27.419722000
sample n=8192 lda=8193 iteration=14 first=cdls cdls_ms=19.205720901 rocsolver_ms=26.669460297 cdls_submit_ms=0.350507000 roc_submit_ms=8.645793000 cdls_wall_ms=19.213722000 roc_wall_ms=26.676934000
sample n=8192 lda=8193 iteration=15 first=rocsolver cdls_ms=19.183044434 rocsolver_ms=27.254608154 cdls_submit_ms=0.693953000 roc_submit_ms=11.172374000 cdls_wall_ms=19.191808000 roc_wall_ms=27.519114000
sample n=8192 lda=8193 iteration=16 first=cdls cdls_ms=19.123432159 rocsolver_ms=26.458055496 cdls_submit_ms=0.360733000 roc_submit_ms=8.726467000 cdls_wall_ms=19.131876000 roc_wall_ms=26.465360000
sample n=8192 lda=8193 iteration=17 first=rocsolver cdls_ms=19.230848312 rocsolver_ms=27.231292725 cdls_submit_ms=0.677728000 roc_submit_ms=11.077579000 cdls_wall_ms=19.239722000 roc_wall_ms=27.243392000
sample n=8192 lda=8193 iteration=18 first=cdls cdls_ms=19.263275146 rocsolver_ms=26.632896423 cdls_submit_ms=0.359892000 roc_submit_ms=8.682080000 cdls_wall_ms=19.278501000 roc_wall_ms=26.642231000
sample n=8192 lda=8193 iteration=19 first=rocsolver cdls_ms=19.185308456 rocsolver_ms=27.158760071 cdls_submit_ms=0.573669000 roc_submit_ms=11.054394000 cdls_wall_ms=19.419227000 roc_wall_ms=27.427483000
sample n=8192 lda=8193 iteration=20 first=cdls cdls_ms=19.278379440 rocsolver_ms=26.703323364 cdls_submit_ms=0.375194000 roc_submit_ms=8.913934000 cdls_wall_ms=19.291110000 roc_wall_ms=26.712549000
sample n=8192 lda=8193 iteration=21 first=rocsolver cdls_ms=19.271127701 rocsolver_ms=27.311796188 cdls_submit_ms=0.565927000 roc_submit_ms=11.123799000 cdls_wall_ms=19.513651000 roc_wall_ms=27.579476000
sample n=8192 lda=8193 iteration=22 first=cdls cdls_ms=19.231147766 rocsolver_ms=26.690643311 cdls_submit_ms=0.227198000 roc_submit_ms=8.843897000 cdls_wall_ms=19.238941000 roc_wall_ms=26.697756000
sample n=8192 lda=8193 iteration=23 first=rocsolver cdls_ms=19.813140869 rocsolver_ms=27.303022385 cdls_submit_ms=0.803291000 roc_submit_ms=11.175429000 cdls_wall_ms=19.820982000 roc_wall_ms=27.517171000
sample n=8192 lda=8193 iteration=24 first=cdls cdls_ms=19.264097214 rocsolver_ms=26.562316895 cdls_submit_ms=0.193927000 roc_submit_ms=8.702932000 cdls_wall_ms=19.272632000 roc_wall_ms=26.571051000
sample n=8192 lda=8193 iteration=25 first=rocsolver cdls_ms=19.159227371 rocsolver_ms=27.283401489 cdls_submit_ms=0.631937000 roc_submit_ms=11.368644000 cdls_wall_ms=19.166490000 roc_wall_ms=27.489939000
sample n=8192 lda=8193 iteration=26 first=cdls cdls_ms=19.357280731 rocsolver_ms=26.603019714 cdls_submit_ms=0.359401000 roc_submit_ms=8.904319000 cdls_wall_ms=19.365535000 roc_wall_ms=26.610803000
sample n=8192 lda=8193 iteration=27 first=rocsolver cdls_ms=19.346534729 rocsolver_ms=27.166172028 cdls_submit_ms=0.564885000 roc_submit_ms=11.019520000 cdls_wall_ms=19.638462000 roc_wall_ms=27.431259000
sample n=8192 lda=8193 iteration=28 first=cdls cdls_ms=19.213911057 rocsolver_ms=26.635950089 cdls_submit_ms=0.304166000 roc_submit_ms=8.793770000 cdls_wall_ms=19.224118000 roc_wall_ms=26.644294000
sample n=8192 lda=8193 iteration=29 first=rocsolver cdls_ms=19.790134430 rocsolver_ms=27.342061996 cdls_submit_ms=0.808769000 roc_submit_ms=11.401916000 cdls_wall_ms=19.800049000 roc_wall_ms=27.516330000
bench n=8192 lda=8193 repeats=30 cdls_median_ms=19.230998 rocsolver_median_ms=26.696983 cdls_mean_ms=19.283463 rocsolver_mean_ms=26.851900 cdls_gflops=19056.229915 workspace_bytes=65544 roc_workspace_bytes=34145472 cdls_submit_ms=0.565406 roc_submit_ms=10.085464 cdls_wall_ms=19.275567 roc_wall_ms=26.838056 rocsolver_gflops=13727.031084 speedup=1.388227
