device=AMD Instinct MI300A arch=gfx942:sramecc+:xnack- HIP=60443484 CUs=228 memory_bytes=137438953472 rocSOLVER=3.28.2.1b897f5 rocBLAS=4.4.1.f08d23e3 baseline=rocsolver_dgetrf_npvt fp64 seed=20261001 method=auto matrix=dense n=512 lda=513 offset=0 warmup=5 repeats=30
validate n=512 lda=513 kind=dense info=7/0 L_rel=4.0826e-16 U_rel=9.9560e-16 residual_scaled=8.6935e-03/2.7223e-03 PASS
sample n=512 lda=513 iteration=0 first=cdls cdls_ms=0.370968014 rocsolver_ms=0.737609982 cdls_submit_ms=0.011657000 roc_submit_ms=0.477372000 cdls_wall_ms=0.393193000 roc_wall_ms=0.746884000
sample n=512 lda=513 iteration=1 first=rocsolver cdls_ms=0.380342007 rocsolver_ms=0.948572993 cdls_submit_ms=0.013861000 roc_submit_ms=0.859327000 cdls_wall_ms=0.388175000 roc_wall_ms=0.955353000
sample n=512 lda=513 iteration=2 first=cdls cdls_ms=0.376336992 rocsolver_ms=0.715215981 cdls_submit_ms=0.010416000 roc_submit_ms=0.450851000 cdls_wall_ms=0.383698000 roc_wall_ms=0.722727000
sample n=512 lda=513 iteration=3 first=rocsolver cdls_ms=0.379139990 rocsolver_ms=0.921091020 cdls_submit_ms=0.014512000 roc_submit_ms=0.850634000 cdls_wall_ms=0.387944000 roc_wall_ms=0.929475000
sample n=512 lda=513 iteration=4 first=cdls cdls_ms=0.376497000 rocsolver_ms=0.728875995 cdls_submit_ms=0.016215000 roc_submit_ms=0.454857000 cdls_wall_ms=0.385611000 roc_wall_ms=0.736749000
sample n=512 lda=513 iteration=5 first=rocsolver cdls_ms=0.379942000 rocsolver_ms=0.879787982 cdls_submit_ms=0.025118000 roc_submit_ms=0.821879000 cdls_wall_ms=0.389577000 roc_wall_ms=0.888001000
sample n=512 lda=513 iteration=6 first=cdls cdls_ms=0.377418011 rocsolver_ms=0.741855979 cdls_submit_ms=0.014322000 roc_submit_ms=0.494708000 cdls_wall_ms=0.384940000 roc_wall_ms=0.751321000
sample n=512 lda=513 iteration=7 first=rocsolver cdls_ms=0.372810990 rocsolver_ms=0.913559020 cdls_submit_ms=0.013921000 roc_submit_ms=0.850723000 cdls_wall_ms=0.380824000 roc_wall_ms=0.922464000
sample n=512 lda=513 iteration=8 first=cdls cdls_ms=0.363757998 rocsolver_ms=0.741254985 cdls_submit_ms=0.012860000 roc_submit_ms=0.453525000 cdls_wall_ms=0.372230000 roc_wall_ms=0.749338000
sample n=512 lda=513 iteration=9 first=rocsolver cdls_ms=0.379101008 rocsolver_ms=0.920650005 cdls_submit_ms=0.017437000 roc_submit_ms=0.822450000 cdls_wall_ms=0.388094000 roc_wall_ms=0.929184000
sample n=512 lda=513 iteration=10 first=cdls cdls_ms=0.370288014 rocsolver_ms=0.753113985 cdls_submit_ms=0.014041000 roc_submit_ms=0.477792000 cdls_wall_ms=0.379091000 roc_wall_ms=0.764030000
sample n=512 lda=513 iteration=11 first=rocsolver cdls_ms=0.378380001 rocsolver_ms=0.899218023 cdls_submit_ms=0.011398000 roc_submit_ms=0.781538000 cdls_wall_ms=0.390439000 roc_wall_ms=0.908221000
sample n=512 lda=513 iteration=12 first=cdls cdls_ms=0.376177013 rocsolver_ms=0.733723998 cdls_submit_ms=0.009204000 roc_submit_ms=0.443078000 cdls_wall_ms=0.383928000 roc_wall_ms=0.744821000
sample n=512 lda=513 iteration=13 first=rocsolver cdls_ms=0.371809989 rocsolver_ms=0.901741028 cdls_submit_ms=0.015383000 roc_submit_ms=0.823151000 cdls_wall_ms=0.380183000 roc_wall_ms=0.910385000
sample n=512 lda=513 iteration=14 first=cdls cdls_ms=0.357988000 rocsolver_ms=0.742977977 cdls_submit_ms=0.007722000 roc_submit_ms=0.456589000 cdls_wall_ms=0.367353000 roc_wall_ms=0.751532000
sample n=512 lda=513 iteration=15 first=rocsolver cdls_ms=0.372570992 rocsolver_ms=0.862001002 cdls_submit_ms=0.014723000 roc_submit_ms=0.754996000 cdls_wall_ms=0.381624000 roc_wall_ms=0.869572000
sample n=512 lda=513 iteration=16 first=cdls cdls_ms=0.369325995 rocsolver_ms=0.747425020 cdls_submit_ms=0.012790000 roc_submit_ms=0.461867000 cdls_wall_ms=0.377519000 roc_wall_ms=0.758783000
sample n=512 lda=513 iteration=17 first=rocsolver cdls_ms=0.376336008 rocsolver_ms=0.940681994 cdls_submit_ms=0.012409000 roc_submit_ms=0.814428000 cdls_wall_ms=0.384649000 roc_wall_ms=0.947802000
sample n=512 lda=513 iteration=18 first=cdls cdls_ms=0.372530997 rocsolver_ms=0.738771975 cdls_submit_ms=0.012869000 roc_submit_ms=0.456689000 cdls_wall_ms=0.407044000 roc_wall_ms=0.749479000
sample n=512 lda=513 iteration=19 first=rocsolver cdls_ms=0.389317006 rocsolver_ms=0.870413005 cdls_submit_ms=0.025779000 roc_submit_ms=0.783110000 cdls_wall_ms=0.397389000 roc_wall_ms=0.878977000
sample n=512 lda=513 iteration=20 first=cdls cdls_ms=0.359750986 rocsolver_ms=0.735526025 cdls_submit_ms=0.008243000 roc_submit_ms=0.462549000 cdls_wall_ms=0.402427000 roc_wall_ms=0.744902000
sample n=512 lda=513 iteration=21 first=rocsolver cdls_ms=0.373973012 rocsolver_ms=0.891165972 cdls_submit_ms=0.013861000 roc_submit_ms=0.818554000 cdls_wall_ms=0.382596000 roc_wall_ms=0.898917000
sample n=512 lda=513 iteration=22 first=cdls cdls_ms=0.368364006 rocsolver_ms=0.740814984 cdls_submit_ms=0.008894000 roc_submit_ms=0.464912000 cdls_wall_ms=0.376497000 roc_wall_ms=0.749308000
sample n=512 lda=513 iteration=23 first=rocsolver cdls_ms=0.372049987 rocsolver_ms=0.906387985 cdls_submit_ms=0.013000000 roc_submit_ms=0.857674000 cdls_wall_ms=0.381374000 roc_wall_ms=0.914441000
sample n=512 lda=513 iteration=24 first=cdls cdls_ms=0.355984986 rocsolver_ms=0.743179023 cdls_submit_ms=0.010666000 roc_submit_ms=0.485584000 cdls_wall_ms=0.364989000 roc_wall_ms=0.753594000
sample n=512 lda=513 iteration=25 first=rocsolver cdls_ms=0.358588994 rocsolver_ms=0.829231024 cdls_submit_ms=0.008333000 roc_submit_ms=0.753414000 cdls_wall_ms=0.366772000 roc_wall_ms=0.837243000
sample n=512 lda=513 iteration=26 first=cdls cdls_ms=0.365920991 rocsolver_ms=0.735967994 cdls_submit_ms=0.008894000 roc_submit_ms=0.453014000 cdls_wall_ms=0.400564000 roc_wall_ms=0.743008000
sample n=512 lda=513 iteration=27 first=rocsolver cdls_ms=0.356705993 rocsolver_ms=0.866927981 cdls_submit_ms=0.010245000 roc_submit_ms=0.770340000 cdls_wall_ms=0.364718000 roc_wall_ms=0.873868000
sample n=512 lda=513 iteration=28 first=cdls cdls_ms=0.366281003 rocsolver_ms=0.744580984 cdls_submit_ms=0.012319000 roc_submit_ms=0.451322000 cdls_wall_ms=0.374895000 roc_wall_ms=0.753685000
sample n=512 lda=513 iteration=29 first=rocsolver cdls_ms=0.374614000 rocsolver_ms=0.846055984 cdls_submit_ms=0.017167000 roc_submit_ms=0.758502000 cdls_wall_ms=0.383047000 roc_wall_ms=0.855231000
bench n=512 lda=513 repeats=30 cdls_median_ms=0.372551 rocsolver_median_ms=0.791173 cdls_mean_ms=0.371442 rocsolver_mean_ms=0.815946 cdls_gflops=239.825767 workspace_bytes=264 roc_workspace_bytes=2626752 cdls_submit_ms=0.012865 roc_submit_ms=0.624061 cdls_wall_ms=0.383373 roc_wall_ms=0.800636 rocsolver_gflops=112.930274 speedup=2.123662
