device=AMD Instinct MI300A arch=gfx942:sramecc+:xnack- HIP=60443484 CUs=228 memory_bytes=137438953472 rocSOLVER=3.28.2.1b897f5 rocBLAS=4.4.1.f08d23e3 baseline=rocsolver_dgetrf_npvt fp64 seed=20261001 method=auto matrix=dense n=8192 lda=8320 offset=0 warmup=5 repeats=30
validate n=8192 lda=8320 kind=dense info=7/0 L_rel=7.2829e-16 U_rel=2.1479e-15 residual_scaled=1.2306e-03/3.9221e-04 PASS
sample n=8192 lda=8320 iteration=0 first=cdls cdls_ms=18.753219604 rocsolver_ms=26.203323364 cdls_submit_ms=0.225576000 roc_submit_ms=9.042875000 cdls_wall_ms=18.915580000 roc_wall_ms=26.214702000
sample n=8192 lda=8320 iteration=1 first=rocsolver cdls_ms=18.984453201 rocsolver_ms=26.329435349 cdls_submit_ms=0.798504000 roc_submit_ms=13.473002000 cdls_wall_ms=18.994701000 roc_wall_ms=26.350050000
sample n=8192 lda=8320 iteration=2 first=cdls cdls_ms=18.754240036 rocsolver_ms=25.910524368 cdls_submit_ms=0.381024000 roc_submit_ms=8.710745000 cdls_wall_ms=18.909951000 roc_wall_ms=25.919319000
sample n=8192 lda=8320 iteration=3 first=rocsolver cdls_ms=18.953895569 rocsolver_ms=26.427776337 cdls_submit_ms=0.796491000 roc_submit_ms=12.787781000 cdls_wall_ms=18.962281000 roc_wall_ms=26.687847000
sample n=8192 lda=8320 iteration=4 first=cdls cdls_ms=18.608577728 rocsolver_ms=25.760843277 cdls_submit_ms=0.389938000 roc_submit_ms=8.724186000 cdls_wall_ms=18.763186000 roc_wall_ms=25.768008000
sample n=8192 lda=8320 iteration=5 first=rocsolver cdls_ms=19.080759048 rocsolver_ms=26.359952927 cdls_submit_ms=0.820006000 roc_submit_ms=12.242807000 cdls_wall_ms=19.091409000 roc_wall_ms=26.659694000
sample n=8192 lda=8320 iteration=6 first=cdls cdls_ms=18.674108505 rocsolver_ms=26.036108017 cdls_submit_ms=0.411680000 roc_submit_ms=8.955921000 cdls_wall_ms=18.682432000 roc_wall_ms=26.044892000
sample n=8192 lda=8320 iteration=7 first=rocsolver cdls_ms=18.924982071 rocsolver_ms=26.531196594 cdls_submit_ms=0.581081000 roc_submit_ms=13.081722000 cdls_wall_ms=18.935411000 roc_wall_ms=26.788762000
sample n=8192 lda=8320 iteration=8 first=cdls cdls_ms=18.646024704 rocsolver_ms=25.892446518 cdls_submit_ms=0.433214000 roc_submit_ms=8.660539000 cdls_wall_ms=18.654059000 roc_wall_ms=25.900731000
sample n=8192 lda=8320 iteration=9 first=rocsolver cdls_ms=18.673028946 rocsolver_ms=26.396320343 cdls_submit_ms=0.706162000 roc_submit_ms=11.311970000 cdls_wall_ms=18.681921000 roc_wall_ms=26.677381000
sample n=8192 lda=8320 iteration=10 first=cdls cdls_ms=18.538740158 rocsolver_ms=25.918176651 cdls_submit_ms=0.445953000 roc_submit_ms=8.625245000 cdls_wall_ms=18.547876000 roc_wall_ms=25.926801000
sample n=8192 lda=8320 iteration=11 first=rocsolver cdls_ms=18.783575058 rocsolver_ms=26.405212402 cdls_submit_ms=0.706843000 roc_submit_ms=11.446987000 cdls_wall_ms=18.790839000 roc_wall_ms=26.648126000
sample n=8192 lda=8320 iteration=12 first=cdls cdls_ms=18.649150848 rocsolver_ms=26.081386566 cdls_submit_ms=0.420795000 roc_submit_ms=8.676032000 cdls_wall_ms=18.658666000 roc_wall_ms=26.091373000
sample n=8192 lda=8320 iteration=13 first=rocsolver cdls_ms=18.715721130 rocsolver_ms=26.818836212 cdls_submit_ms=0.588372000 roc_submit_ms=11.318700000 cdls_wall_ms=19.022062000 roc_wall_ms=27.117635000
sample n=8192 lda=8320 iteration=14 first=cdls cdls_ms=18.617652893 rocsolver_ms=26.172164917 cdls_submit_ms=0.194318000 roc_submit_ms=8.729654000 cdls_wall_ms=18.662192000 roc_wall_ms=26.181551000
sample n=8192 lda=8320 iteration=15 first=rocsolver cdls_ms=18.617872238 rocsolver_ms=26.801471710 cdls_submit_ms=0.555411000 roc_submit_ms=11.499588000 cdls_wall_ms=18.928129000 roc_wall_ms=27.088752000
sample n=8192 lda=8320 iteration=16 first=cdls cdls_ms=18.661310196 rocsolver_ms=25.990898132 cdls_submit_ms=0.326730000 roc_submit_ms=8.652296000 cdls_wall_ms=18.669783000 roc_wall_ms=25.999132000
sample n=8192 lda=8320 iteration=17 first=rocsolver cdls_ms=18.905143738 rocsolver_ms=26.497964859 cdls_submit_ms=0.476450000 roc_submit_ms=11.365653000 cdls_wall_ms=19.184362000 roc_wall_ms=26.507841000
sample n=8192 lda=8320 iteration=18 first=cdls cdls_ms=18.739067078 rocsolver_ms=26.100164413 cdls_submit_ms=0.374003000 roc_submit_ms=8.745548000 cdls_wall_ms=18.746109000 roc_wall_ms=26.109300000
sample n=8192 lda=8320 iteration=19 first=rocsolver cdls_ms=18.828254700 rocsolver_ms=26.479848862 cdls_submit_ms=0.724701000 roc_submit_ms=11.337540000 cdls_wall_ms=18.837340000 roc_wall_ms=26.675568000
sample n=8192 lda=8320 iteration=20 first=cdls cdls_ms=18.372516632 rocsolver_ms=25.854127884 cdls_submit_ms=0.370858000 roc_submit_ms=8.685807000 cdls_wall_ms=18.382613000 roc_wall_ms=25.863765000
sample n=8192 lda=8320 iteration=21 first=rocsolver cdls_ms=18.619775772 rocsolver_ms=26.407115936 cdls_submit_ms=0.699341000 roc_submit_ms=11.946833000 cdls_wall_ms=18.627899000 roc_wall_ms=26.704112000
sample n=8192 lda=8320 iteration=22 first=cdls cdls_ms=18.698705673 rocsolver_ms=25.910985947 cdls_submit_ms=0.384299000 roc_submit_ms=8.892314000 cdls_wall_ms=18.706369000 roc_wall_ms=25.921343000
sample n=8192 lda=8320 iteration=23 first=rocsolver cdls_ms=18.889427185 rocsolver_ms=26.410932541 cdls_submit_ms=0.548390000 roc_submit_ms=11.404662000 cdls_wall_ms=18.898584000 roc_wall_ms=26.696641000
sample n=8192 lda=8320 iteration=24 first=cdls cdls_ms=18.663904190 rocsolver_ms=26.182172775 cdls_submit_ms=0.474767000 roc_submit_ms=8.730435000 cdls_wall_ms=18.671536000 roc_wall_ms=26.192528000
sample n=8192 lda=8320 iteration=25 first=rocsolver cdls_ms=18.636419296 rocsolver_ms=26.560630798 cdls_submit_ms=0.505285000 roc_submit_ms=11.400466000 cdls_wall_ms=18.921188000 roc_wall_ms=26.855694000
sample n=8192 lda=8320 iteration=26 first=cdls cdls_ms=18.591371536 rocsolver_ms=26.003225327 cdls_submit_ms=0.402267000 roc_submit_ms=8.620858000 cdls_wall_ms=18.601078000 roc_wall_ms=26.014005000
sample n=8192 lda=8320 iteration=27 first=rocsolver cdls_ms=18.783716202 rocsolver_ms=26.707965851 cdls_submit_ms=0.517533000 roc_submit_ms=11.388457000 cdls_wall_ms=19.076386000 roc_wall_ms=26.991472000
sample n=8192 lda=8320 iteration=28 first=cdls cdls_ms=18.658456802 rocsolver_ms=25.947862625 cdls_submit_ms=0.384209000 roc_submit_ms=8.652887000 cdls_wall_ms=18.667099000 roc_wall_ms=25.957157000
sample n=8192 lda=8320 iteration=29 first=rocsolver cdls_ms=18.784215927 rocsolver_ms=26.388227463 cdls_submit_ms=0.733333000 roc_submit_ms=11.433678000 cdls_wall_ms=18.793252000 roc_wall_ms=26.676320000
bench n=8192 lda=8320 repeats=30 cdls_median_ms=18.686407 rocsolver_median_ms=26.266379 cdls_mean_ms=18.726943 rocsolver_mean_ms=26.249577 cdls_gflops=19611.598869 workspace_bytes=65544 roc_workspace_bytes=34145472 cdls_submit_ms=0.475608 roc_submit_ms=10.177423 cdls_wall_ms=18.777012 roc_wall_ms=26.282376 rocsolver_gflops=13952.068352 speedup=1.405641
