device=AMD Instinct MI300A arch=gfx942:sramecc+:xnack- HIP=60443484 CUs=228 memory_bytes=137438953472 rocSOLVER=3.28.2.1b897f5 rocBLAS=4.4.1.f08d23e3 baseline=rocsolver_dgetrf_npvt fp64 seed=20261001 method=auto matrix=dense n=16384 lda=16385 offset=0 warmup=5 repeats=30
validate n=16384 lda=16385 kind=dense info=7/0 L_rel=5.6795e-16 U_rel=1.7038e-15 residual_scaled=4.9962e-04/2.0443e-04 PASS
sample n=16384 lda=16385 iteration=0 first=cdls cdls_ms=106.513946533 rocsolver_ms=113.436683655 cdls_submit_ms=1.431052000 roc_submit_ms=70.373778000 cdls_wall_ms=106.529471000 roc_wall_ms=113.447868000
sample n=16384 lda=16385 iteration=1 first=rocsolver cdls_ms=107.759780884 rocsolver_ms=113.417190552 cdls_submit_ms=2.251819000 roc_submit_ms=46.358432000 cdls_wall_ms=107.768880000 roc_wall_ms=113.942706000
sample n=16384 lda=16385 iteration=2 first=cdls cdls_ms=106.741363525 rocsolver_ms=114.037376404 cdls_submit_ms=0.409758000 roc_submit_ms=70.646176000 cdls_wall_ms=106.751170000 roc_wall_ms=114.046295000
sample n=16384 lda=16385 iteration=3 first=rocsolver cdls_ms=107.845672607 rocsolver_ms=114.281272888 cdls_submit_ms=1.291959000 roc_submit_ms=46.961054000 cdls_wall_ms=108.470043000 roc_wall_ms=114.721730000
sample n=16384 lda=16385 iteration=4 first=cdls cdls_ms=107.479026794 rocsolver_ms=114.136543274 cdls_submit_ms=0.487507000 roc_submit_ms=70.808875000 cdls_wall_ms=107.487899000 roc_wall_ms=114.144565000
sample n=16384 lda=16385 iteration=5 first=rocsolver cdls_ms=107.887985229 rocsolver_ms=114.700103760 cdls_submit_ms=1.303547000 roc_submit_ms=46.799096000 cdls_wall_ms=108.513860000 roc_wall_ms=115.140661000
sample n=16384 lda=16385 iteration=6 first=cdls cdls_ms=107.867652893 rocsolver_ms=114.132621765 cdls_submit_ms=0.461627000 roc_submit_ms=70.490457000 cdls_wall_ms=107.876113000 roc_wall_ms=114.141721000
sample n=16384 lda=16385 iteration=7 first=rocsolver cdls_ms=108.254241943 rocsolver_ms=114.933189392 cdls_submit_ms=1.901032000 roc_submit_ms=46.898198000 cdls_wall_ms=108.262996000 roc_wall_ms=115.367479000
sample n=16384 lda=16385 iteration=8 first=cdls cdls_ms=107.438400269 rocsolver_ms=114.245094299 cdls_submit_ms=0.430469000 roc_submit_ms=70.530959000 cdls_wall_ms=107.446646000 roc_wall_ms=114.252742000
sample n=16384 lda=16385 iteration=9 first=rocsolver cdls_ms=107.888603210 rocsolver_ms=115.371940613 cdls_submit_ms=1.283346000 roc_submit_ms=47.403993000 cdls_wall_ms=108.517507000 roc_wall_ms=115.822777000
sample n=16384 lda=16385 iteration=10 first=cdls cdls_ms=107.453689575 rocsolver_ms=114.064720154 cdls_submit_ms=0.461487000 roc_submit_ms=70.251771000 cdls_wall_ms=107.461959000 roc_wall_ms=114.072224000
sample n=16384 lda=16385 iteration=11 first=rocsolver cdls_ms=108.100547791 rocsolver_ms=115.257789612 cdls_submit_ms=1.269405000 roc_submit_ms=46.584016000 cdls_wall_ms=108.731373000 roc_wall_ms=115.688110000
sample n=16384 lda=16385 iteration=12 first=cdls cdls_ms=108.321952820 rocsolver_ms=114.306556702 cdls_submit_ms=0.459424000 roc_submit_ms=70.436844000 cdls_wall_ms=108.330590000 roc_wall_ms=114.315988000
sample n=16384 lda=16385 iteration=13 first=rocsolver cdls_ms=107.903022766 rocsolver_ms=115.123985291 cdls_submit_ms=1.702738000 roc_submit_ms=46.801881000 cdls_wall_ms=107.911948000 roc_wall_ms=115.563679000
sample n=16384 lda=16385 iteration=14 first=cdls cdls_ms=108.061050415 rocsolver_ms=115.435920715 cdls_submit_ms=0.490411000 roc_submit_ms=70.990903000 cdls_wall_ms=108.070000000 roc_wall_ms=115.444897000
sample n=16384 lda=16385 iteration=15 first=rocsolver cdls_ms=108.460220337 rocsolver_ms=115.905403137 cdls_submit_ms=1.264386000 roc_submit_ms=47.219040000 cdls_wall_ms=109.097905000 roc_wall_ms=116.345025000
sample n=16384 lda=16385 iteration=16 first=cdls cdls_ms=108.337760925 rocsolver_ms=114.643829346 cdls_submit_ms=0.473465000 roc_submit_ms=70.529386000 cdls_wall_ms=108.345593000 roc_wall_ms=114.651442000
sample n=16384 lda=16385 iteration=17 first=rocsolver cdls_ms=108.539855957 rocsolver_ms=116.048332214 cdls_submit_ms=1.282374000 roc_submit_ms=47.556377000 cdls_wall_ms=109.171377000 roc_wall_ms=116.056795000
sample n=16384 lda=16385 iteration=18 first=cdls cdls_ms=108.641471863 rocsolver_ms=114.751335144 cdls_submit_ms=0.465813000 roc_submit_ms=70.468633000 cdls_wall_ms=108.649207000 roc_wall_ms=114.761240000
sample n=16384 lda=16385 iteration=19 first=rocsolver cdls_ms=109.119400024 rocsolver_ms=115.741500854 cdls_submit_ms=1.269745000 roc_submit_ms=47.302528000 cdls_wall_ms=109.753709000 roc_wall_ms=116.183749000
sample n=16384 lda=16385 iteration=20 first=cdls cdls_ms=108.636260986 rocsolver_ms=115.108291626 cdls_submit_ms=0.471592000 roc_submit_ms=70.769404000 cdls_wall_ms=108.644701000 roc_wall_ms=115.115753000
sample n=16384 lda=16385 iteration=21 first=rocsolver cdls_ms=109.460807800 rocsolver_ms=116.281089783 cdls_submit_ms=1.276195000 roc_submit_ms=47.185899000 cdls_wall_ms=110.097797000 roc_wall_ms=116.723696000
sample n=16384 lda=16385 iteration=22 first=cdls cdls_ms=108.917137146 rocsolver_ms=114.476516724 cdls_submit_ms=0.465163000 roc_submit_ms=70.093168000 cdls_wall_ms=108.925941000 roc_wall_ms=114.483945000
sample n=16384 lda=16385 iteration=23 first=rocsolver cdls_ms=109.400131226 rocsolver_ms=116.059585571 cdls_submit_ms=1.285759000 roc_submit_ms=47.292101000 cdls_wall_ms=110.019757000 roc_wall_ms=116.072789000
sample n=16384 lda=16385 iteration=24 first=cdls cdls_ms=109.415901184 rocsolver_ms=115.375946045 cdls_submit_ms=0.493556000 roc_submit_ms=70.871400000 cdls_wall_ms=109.424805000 roc_wall_ms=115.384765000
sample n=16384 lda=16385 iteration=25 first=rocsolver cdls_ms=109.227668762 rocsolver_ms=116.148094177 cdls_submit_ms=1.281403000 roc_submit_ms=46.766847000 cdls_wall_ms=109.850888000 roc_wall_ms=116.246735000
sample n=16384 lda=16385 iteration=26 first=cdls cdls_ms=108.994499207 rocsolver_ms=115.335838318 cdls_submit_ms=0.475638000 roc_submit_ms=70.686807000 cdls_wall_ms=109.003390000 roc_wall_ms=115.345355000
sample n=16384 lda=16385 iteration=27 first=rocsolver cdls_ms=108.275413513 rocsolver_ms=116.396865845 cdls_submit_ms=1.517745000 roc_submit_ms=46.862904000 cdls_wall_ms=108.512378000 roc_wall_ms=116.831822000
sample n=16384 lda=16385 iteration=28 first=cdls cdls_ms=109.432960510 rocsolver_ms=115.358222961 cdls_submit_ms=0.445393000 roc_submit_ms=70.774401000 cdls_wall_ms=109.445918000 roc_wall_ms=115.367218000
sample n=16384 lda=16385 iteration=29 first=rocsolver cdls_ms=109.443458557 rocsolver_ms=116.966346741 cdls_submit_ms=1.502741000 roc_submit_ms=47.441510000 cdls_wall_ms=109.692606000 roc_wall_ms=117.407323000
bench n=16384 lda=16385 repeats=30 cdls_median_ms=108.298683 rocsolver_median_ms=115.116138 cdls_mean_ms=108.327330 rocsolver_mean_ms=115.049273 cdls_gflops=27072.321668 workspace_bytes=262152 roc_workspace_bytes=67765440 cdls_submit_ms=1.266895 roc_submit_ms=58.824773 cdls_wall_ms=108.515683 roc_wall_ms=115.356286 rocsolver_gflops=25469.033501 speedup=1.062950
