device=AMD Instinct MI300A arch=gfx942:sramecc+:xnack- HIP=60443484 CUs=228 memory_bytes=137438953472 rocSOLVER=3.28.2.1b897f5 rocBLAS=4.4.1.f08d23e3 baseline=rocsolver_dgetrf_npvt fp64 seed=20261001 method=auto matrix=dense n=8192 lda=8320 offset=0 warmup=5 repeats=30
validate n=8192 lda=8320 kind=dense info=7/0 L_rel=7.2829e-16 U_rel=2.1479e-15 residual_scaled=1.2306e-03/3.9221e-04 PASS
sample n=8192 lda=8320 iteration=0 first=cdls cdls_ms=18.709007263 rocsolver_ms=26.158447266 cdls_submit_ms=0.232416000 roc_submit_ms=9.060959000 cdls_wall_ms=19.194062000 roc_wall_ms=26.168034000
sample n=8192 lda=8320 iteration=1 first=rocsolver cdls_ms=18.831556320 rocsolver_ms=26.423683167 cdls_submit_ms=0.575742000 roc_submit_ms=12.632350000 cdls_wall_ms=18.838978000 roc_wall_ms=26.702823000
sample n=8192 lda=8320 iteration=2 first=cdls cdls_ms=18.845106125 rocsolver_ms=25.899379730 cdls_submit_ms=0.498274000 roc_submit_ms=8.916989000 cdls_wall_ms=18.852759000 roc_wall_ms=25.906794000
sample n=8192 lda=8320 iteration=3 first=rocsolver cdls_ms=18.680231094 rocsolver_ms=26.207292557 cdls_submit_ms=0.531083000 roc_submit_ms=12.723890000 cdls_wall_ms=18.688728000 roc_wall_ms=26.484589000
sample n=8192 lda=8320 iteration=4 first=cdls cdls_ms=18.567199707 rocsolver_ms=25.691852570 cdls_submit_ms=0.399762000 roc_submit_ms=8.792329000 cdls_wall_ms=18.732084000 roc_wall_ms=25.701009000
sample n=8192 lda=8320 iteration=5 first=rocsolver cdls_ms=19.066236496 rocsolver_ms=26.555505753 cdls_submit_ms=0.194959000 roc_submit_ms=12.678711000 cdls_wall_ms=19.388970000 roc_wall_ms=26.563731000
sample n=8192 lda=8320 iteration=6 first=cdls cdls_ms=18.920070648 rocsolver_ms=25.980995178 cdls_submit_ms=0.549332000 roc_submit_ms=8.899863000 cdls_wall_ms=18.933092000 roc_wall_ms=25.988139000
sample n=8192 lda=8320 iteration=7 first=rocsolver cdls_ms=18.735937119 rocsolver_ms=26.383731842 cdls_submit_ms=0.606168000 roc_submit_ms=12.390200000 cdls_wall_ms=19.027246000 roc_wall_ms=26.685618000
sample n=8192 lda=8320 iteration=8 first=cdls cdls_ms=18.628995895 rocsolver_ms=25.996679306 cdls_submit_ms=0.350467000 roc_submit_ms=8.843907000 cdls_wall_ms=18.637589000 roc_wall_ms=26.004183000
sample n=8192 lda=8320 iteration=9 first=rocsolver cdls_ms=18.741807938 rocsolver_ms=26.671934128 cdls_submit_ms=0.553067000 roc_submit_ms=10.854617000 cdls_wall_ms=19.025453000 roc_wall_ms=26.908148000
sample n=8192 lda=8320 iteration=10 first=cdls cdls_ms=18.789270401 rocsolver_ms=25.914583206 cdls_submit_ms=0.331558000 roc_submit_ms=8.668879000 cdls_wall_ms=18.799297000 roc_wall_ms=25.923059000
sample n=8192 lda=8320 iteration=11 first=rocsolver cdls_ms=18.726774216 rocsolver_ms=26.395360947 cdls_submit_ms=0.551795000 roc_submit_ms=10.831321000 cdls_wall_ms=19.011782000 roc_wall_ms=26.654749000
sample n=8192 lda=8320 iteration=12 first=cdls cdls_ms=18.792135239 rocsolver_ms=26.045364380 cdls_submit_ms=0.365630000 roc_submit_ms=8.602587000 cdls_wall_ms=18.799617000 roc_wall_ms=26.053980000
sample n=8192 lda=8320 iteration=13 first=rocsolver cdls_ms=18.876993179 rocsolver_ms=26.519891739 cdls_submit_ms=0.564805000 roc_submit_ms=10.801716000 cdls_wall_ms=19.165337000 roc_wall_ms=26.791870000
sample n=8192 lda=8320 iteration=14 first=cdls cdls_ms=18.758752823 rocsolver_ms=26.048660278 cdls_submit_ms=0.201659000 roc_submit_ms=8.631952000 cdls_wall_ms=18.766246000 roc_wall_ms=26.056163000
sample n=8192 lda=8320 iteration=15 first=rocsolver cdls_ms=18.857034683 rocsolver_ms=26.518690109 cdls_submit_ms=0.660502000 roc_submit_ms=10.909121000 cdls_wall_ms=18.864237000 roc_wall_ms=26.789877000
sample n=8192 lda=8320 iteration=16 first=cdls cdls_ms=18.632490158 rocsolver_ms=25.906972885 cdls_submit_ms=0.190622000 roc_submit_ms=8.711414000 cdls_wall_ms=18.642596000 roc_wall_ms=25.914526000
sample n=8192 lda=8320 iteration=17 first=rocsolver cdls_ms=18.788810730 rocsolver_ms=26.638263702 cdls_submit_ms=0.719492000 roc_submit_ms=11.386983000 cdls_wall_ms=18.797294000 roc_wall_ms=26.647539000
sample n=8192 lda=8320 iteration=18 first=cdls cdls_ms=18.685171127 rocsolver_ms=26.135932922 cdls_submit_ms=0.356677000 roc_submit_ms=8.861113000 cdls_wall_ms=18.692323000 roc_wall_ms=26.144669000
sample n=8192 lda=8320 iteration=19 first=rocsolver cdls_ms=19.075319290 rocsolver_ms=26.670843124 cdls_submit_ms=0.835851000 roc_submit_ms=10.930022000 cdls_wall_ms=19.082340000 roc_wall_ms=26.940958000
sample n=8192 lda=8320 iteration=20 first=cdls cdls_ms=18.739191055 rocsolver_ms=26.153739929 cdls_submit_ms=0.351088000 roc_submit_ms=8.731135000 cdls_wall_ms=18.747617000 roc_wall_ms=26.162656000
sample n=8192 lda=8320 iteration=21 first=rocsolver cdls_ms=18.933170319 rocsolver_ms=26.529905319 cdls_submit_ms=0.695656000 roc_submit_ms=11.289112000 cdls_wall_ms=18.940092000 roc_wall_ms=26.808516000
sample n=8192 lda=8320 iteration=22 first=cdls cdls_ms=18.692743301 rocsolver_ms=26.174631119 cdls_submit_ms=0.295403000 roc_submit_ms=8.645914000 cdls_wall_ms=18.781780000 roc_wall_ms=26.183518000
sample n=8192 lda=8320 iteration=23 first=rocsolver cdls_ms=18.844295502 rocsolver_ms=26.703643799 cdls_submit_ms=0.565446000 roc_submit_ms=10.905104000 cdls_wall_ms=19.126729000 roc_wall_ms=26.972687000
sample n=8192 lda=8320 iteration=24 first=cdls cdls_ms=18.562002182 rocsolver_ms=26.023992538 cdls_submit_ms=0.337427000 roc_submit_ms=8.590500000 cdls_wall_ms=18.571958000 roc_wall_ms=26.032367000
sample n=8192 lda=8320 iteration=25 first=rocsolver cdls_ms=18.754917145 rocsolver_ms=26.771005630 cdls_submit_ms=0.609664000 roc_submit_ms=10.915601000 cdls_wall_ms=18.979473000 roc_wall_ms=27.032589000
sample n=8192 lda=8320 iteration=26 first=cdls cdls_ms=18.578868866 rocsolver_ms=25.866912842 cdls_submit_ms=0.343507000 roc_submit_ms=8.825850000 cdls_wall_ms=18.588865000 roc_wall_ms=25.875506000
sample n=8192 lda=8320 iteration=27 first=rocsolver cdls_ms=18.667854309 rocsolver_ms=26.453779221 cdls_submit_ms=0.590404000 roc_submit_ms=11.274801000 cdls_wall_ms=18.675758000 roc_wall_ms=26.732259000
sample n=8192 lda=8320 iteration=28 first=cdls cdls_ms=18.586629868 rocsolver_ms=26.004032135 cdls_submit_ms=0.304206000 roc_submit_ms=8.708811000 cdls_wall_ms=18.594483000 roc_wall_ms=26.012466000
sample n=8192 lda=8320 iteration=29 first=rocsolver cdls_ms=19.076890945 rocsolver_ms=26.427080154 cdls_submit_ms=0.829932000 roc_submit_ms=10.866395000 cdls_wall_ms=19.086206000 roc_wall_ms=26.695202000
bench n=8192 lda=8320 repeats=30 cdls_median_ms=18.748363 rocsolver_median_ms=26.190962 cdls_mean_ms=18.771515 rocsolver_mean_ms=26.262426 cdls_gflops=19546.790784 workspace_bytes=65544 roc_workspace_bytes=34145472 cdls_submit_ms=0.514679 roc_submit_ms=9.931338 cdls_wall_ms=18.819298 roc_wall_ms=26.334053 rocsolver_gflops=13992.243675 speedup=1.396973
