device=AMD Instinct MI300A arch=gfx942:sramecc+:xnack- HIP=60443484 CUs=228 memory_bytes=137438953472 rocSOLVER=3.28.2.1b897f5 rocBLAS=4.4.1.f08d23e3 baseline=rocsolver_dgetrf_npvt fp64 seed=20261001 method=auto matrix=dense n=8192 lda=8209 offset=0 warmup=5 repeats=30
validate n=8192 lda=8209 kind=dense info=7/0 L_rel=7.2829e-16 U_rel=2.1479e-15 residual_scaled=1.2306e-03/3.9221e-04 PASS
sample n=8192 lda=8209 iteration=0 first=cdls cdls_ms=19.418586731 rocsolver_ms=26.790008545 cdls_submit_ms=0.253989000 roc_submit_ms=9.615159000 cdls_wall_ms=19.584300000 roc_wall_ms=26.799553000
sample n=8192 lda=8209 iteration=1 first=rocsolver cdls_ms=19.403432846 rocsolver_ms=26.975532532 cdls_submit_ms=0.558836000 roc_submit_ms=13.161222000 cdls_wall_ms=19.411506000 roc_wall_ms=27.247469000
sample n=8192 lda=8209 iteration=2 first=cdls cdls_ms=19.389259338 rocsolver_ms=26.655050278 cdls_submit_ms=0.559807000 roc_submit_ms=9.126250000 cdls_wall_ms=19.397354000 roc_wall_ms=26.663906000
sample n=8192 lda=8209 iteration=3 first=rocsolver cdls_ms=19.383771896 rocsolver_ms=27.048391342 cdls_submit_ms=0.520107000 roc_submit_ms=13.231490000 cdls_wall_ms=19.391295000 roc_wall_ms=27.319120000
sample n=8192 lda=8209 iteration=4 first=cdls cdls_ms=19.100498199 rocsolver_ms=26.503620148 cdls_submit_ms=0.421386000 roc_submit_ms=9.072578000 cdls_wall_ms=19.259402000 roc_wall_ms=26.512584000
sample n=8192 lda=8209 iteration=5 first=rocsolver cdls_ms=19.628608704 rocsolver_ms=27.085752487 cdls_submit_ms=0.875231000 roc_submit_ms=12.927133000 cdls_wall_ms=19.637202000 roc_wall_ms=27.287711000
sample n=8192 lda=8209 iteration=6 first=cdls cdls_ms=19.092607498 rocsolver_ms=26.536790848 cdls_submit_ms=0.275341000 roc_submit_ms=9.102213000 cdls_wall_ms=19.103635000 roc_wall_ms=26.545625000
sample n=8192 lda=8209 iteration=7 first=rocsolver cdls_ms=19.359785080 rocsolver_ms=27.160463333 cdls_submit_ms=0.553448000 roc_submit_ms=12.888964000 cdls_wall_ms=19.660447000 roc_wall_ms=27.468518000
sample n=8192 lda=8209 iteration=8 first=cdls cdls_ms=19.166669846 rocsolver_ms=26.640407562 cdls_submit_ms=0.408205000 roc_submit_ms=8.887184000 cdls_wall_ms=19.175715000 roc_wall_ms=26.649363000
sample n=8192 lda=8209 iteration=9 first=rocsolver cdls_ms=19.533201218 rocsolver_ms=27.289123535 cdls_submit_ms=0.570234000 roc_submit_ms=11.390428000 cdls_wall_ms=19.811999000 roc_wall_ms=27.475139000
sample n=8192 lda=8209 iteration=10 first=cdls cdls_ms=19.457895279 rocsolver_ms=26.768835068 cdls_submit_ms=0.385090000 roc_submit_ms=8.792129000 cdls_wall_ms=19.466850000 roc_wall_ms=26.775286000
sample n=8192 lda=8209 iteration=11 first=rocsolver cdls_ms=19.167320251 rocsolver_ms=27.362936020 cdls_submit_ms=0.551274000 roc_submit_ms=11.087705000 cdls_wall_ms=19.446600000 roc_wall_ms=27.635714000
sample n=8192 lda=8209 iteration=12 first=cdls cdls_ms=19.244350433 rocsolver_ms=26.737947464 cdls_submit_ms=0.214618000 roc_submit_ms=8.969440000 cdls_wall_ms=19.252812000 roc_wall_ms=26.744349000
sample n=8192 lda=8209 iteration=13 first=rocsolver cdls_ms=19.270248413 rocsolver_ms=27.302824020 cdls_submit_ms=0.543823000 roc_submit_ms=11.140265000 cdls_wall_ms=19.551841000 roc_wall_ms=27.567419000
sample n=8192 lda=8209 iteration=14 first=cdls cdls_ms=19.046104431 rocsolver_ms=26.750848770 cdls_submit_ms=0.205255000 roc_submit_ms=8.967798000 cdls_wall_ms=19.056602000 roc_wall_ms=26.759833000
sample n=8192 lda=8209 iteration=15 first=rocsolver cdls_ms=19.690544128 rocsolver_ms=27.363576889 cdls_submit_ms=0.819145000 roc_submit_ms=11.264146000 cdls_wall_ms=19.700279000 roc_wall_ms=27.543103000
sample n=8192 lda=8209 iteration=16 first=cdls cdls_ms=19.188463211 rocsolver_ms=26.679859161 cdls_submit_ms=0.397499000 roc_submit_ms=8.984723000 cdls_wall_ms=19.198981000 roc_wall_ms=26.688423000
sample n=8192 lda=8209 iteration=17 first=rocsolver cdls_ms=19.355007172 rocsolver_ms=27.383228302 cdls_submit_ms=0.584355000 roc_submit_ms=11.217113000 cdls_wall_ms=19.637913000 roc_wall_ms=27.390920000
sample n=8192 lda=8209 iteration=18 first=cdls cdls_ms=19.474079132 rocsolver_ms=26.774063110 cdls_submit_ms=0.387724000 roc_submit_ms=8.882887000 cdls_wall_ms=19.482404000 roc_wall_ms=26.782608000
sample n=8192 lda=8209 iteration=19 first=rocsolver cdls_ms=19.490095139 rocsolver_ms=27.225133896 cdls_submit_ms=0.810401000 roc_submit_ms=11.304297000 cdls_wall_ms=19.497047000 roc_wall_ms=27.406613000
sample n=8192 lda=8209 iteration=20 first=cdls cdls_ms=19.426437378 rocsolver_ms=26.747392654 cdls_submit_ms=0.404339000 roc_submit_ms=9.012285000 cdls_wall_ms=19.433420000 roc_wall_ms=26.760694000
sample n=8192 lda=8209 iteration=21 first=rocsolver cdls_ms=19.808412552 rocsolver_ms=27.378528595 cdls_submit_ms=0.857714000 roc_submit_ms=11.313731000 cdls_wall_ms=19.817909000 roc_wall_ms=27.563624000
sample n=8192 lda=8209 iteration=22 first=cdls cdls_ms=19.247604370 rocsolver_ms=26.769367218 cdls_submit_ms=0.199536000 roc_submit_ms=8.938844000 cdls_wall_ms=19.257089000 roc_wall_ms=26.776568000
sample n=8192 lda=8209 iteration=23 first=rocsolver cdls_ms=19.165378571 rocsolver_ms=27.080812454 cdls_submit_ms=0.570875000 roc_submit_ms=11.703688000 cdls_wall_ms=19.450847000 roc_wall_ms=27.368164000
sample n=8192 lda=8209 iteration=24 first=cdls cdls_ms=19.192300797 rocsolver_ms=26.508266449 cdls_submit_ms=0.393583000 roc_submit_ms=8.866462000 cdls_wall_ms=19.199822000 roc_wall_ms=26.515319000
sample n=8192 lda=8209 iteration=25 first=rocsolver cdls_ms=19.816265106 rocsolver_ms=27.295843124 cdls_submit_ms=0.846868000 roc_submit_ms=11.403879000 cdls_wall_ms=19.825751000 roc_wall_ms=27.506927000
sample n=8192 lda=8209 iteration=26 first=cdls cdls_ms=19.505500793 rocsolver_ms=26.731187820 cdls_submit_ms=0.388035000 roc_submit_ms=8.934897000 cdls_wall_ms=19.513002000 roc_wall_ms=26.739461000
sample n=8192 lda=8209 iteration=27 first=rocsolver cdls_ms=19.870777130 rocsolver_ms=27.320940018 cdls_submit_ms=0.817712000 roc_submit_ms=11.123229000 cdls_wall_ms=19.879612000 roc_wall_ms=27.591257000
sample n=8192 lda=8209 iteration=28 first=cdls cdls_ms=19.166107178 rocsolver_ms=26.837881088 cdls_submit_ms=0.357528000 roc_submit_ms=8.900454000 cdls_wall_ms=19.174082000 roc_wall_ms=26.846776000
sample n=8192 lda=8209 iteration=29 first=rocsolver cdls_ms=19.620405197 rocsolver_ms=27.198331833 cdls_submit_ms=0.825515000 roc_submit_ms=11.019711000 cdls_wall_ms=19.628379000 roc_wall_ms=27.423018000
bench n=8192 lda=8209 repeats=30 cdls_median_ms=19.386516 rocsolver_median_ms=26.906707 cdls_mean_ms=19.389324 rocsolver_mean_ms=26.963431 cdls_gflops=18903.361871 workspace_bytes=65544 roc_workspace_bytes=34145472 cdls_submit_ms=0.531965 roc_submit_ms=10.317435 cdls_wall_ms=19.458849 roc_wall_ms=27.047123 rocsolver_gflops=13620.036176 speedup=1.387908
