device=AMD Instinct MI300A arch=gfx942:sramecc+:xnack- HIP=60443484 CUs=228 memory_bytes=137438953472 rocSOLVER=3.28.2.1b897f5 rocBLAS=4.4.1.f08d23e3 baseline=rocsolver_dgetrf_npvt fp64 seed=20261001 method=auto matrix=dense n=8192 lda=8320 offset=0 warmup=5 repeats=30
validate n=8192 lda=8320 kind=dense info=7/0 L_rel=7.2829e-16 U_rel=2.1479e-15 residual_scaled=1.2306e-03/3.9221e-04 PASS
sample n=8192 lda=8320 iteration=0 first=cdls cdls_ms=18.729831696 rocsolver_ms=26.239915848 cdls_submit_ms=0.239667000 roc_submit_ms=9.094602000 cdls_wall_ms=19.186582000 roc_wall_ms=26.248630000
sample n=8192 lda=8320 iteration=1 first=rocsolver cdls_ms=18.755840302 rocsolver_ms=26.455204010 cdls_submit_ms=0.547028000 roc_submit_ms=12.919181000 cdls_wall_ms=18.764294000 roc_wall_ms=26.633460000
sample n=8192 lda=8320 iteration=2 first=cdls cdls_ms=18.719083786 rocsolver_ms=26.108152390 cdls_submit_ms=0.570174000 roc_submit_ms=8.896458000 cdls_wall_ms=18.727509000 roc_wall_ms=26.115796000
sample n=8192 lda=8320 iteration=3 first=rocsolver cdls_ms=18.827100754 rocsolver_ms=26.588048935 cdls_submit_ms=0.534519000 roc_submit_ms=13.061628000 cdls_wall_ms=19.137476000 roc_wall_ms=26.858083000
sample n=8192 lda=8320 iteration=4 first=cdls cdls_ms=18.473617554 rocsolver_ms=26.035692215 cdls_submit_ms=0.477622000 roc_submit_ms=8.736393000 cdls_wall_ms=18.483223000 roc_wall_ms=26.050376000
sample n=8192 lda=8320 iteration=5 first=rocsolver cdls_ms=19.013395309 rocsolver_ms=26.527156830 cdls_submit_ms=0.913910000 roc_submit_ms=12.565749000 cdls_wall_ms=19.023262000 roc_wall_ms=26.830471000
sample n=8192 lda=8320 iteration=6 first=cdls cdls_ms=18.679191589 rocsolver_ms=26.004444122 cdls_submit_ms=0.210943000 roc_submit_ms=8.865461000 cdls_wall_ms=18.690070000 roc_wall_ms=26.014781000
sample n=8192 lda=8320 iteration=7 first=rocsolver cdls_ms=18.912900925 rocsolver_ms=26.421272278 cdls_submit_ms=0.571125000 roc_submit_ms=12.599951000 cdls_wall_ms=19.205982000 roc_wall_ms=26.717388000
sample n=8192 lda=8320 iteration=8 first=cdls cdls_ms=18.699153900 rocsolver_ms=26.115413666 cdls_submit_ms=0.217514000 roc_submit_ms=8.631652000 cdls_wall_ms=18.707588000 roc_wall_ms=26.124610000
sample n=8192 lda=8320 iteration=9 first=rocsolver cdls_ms=18.966814041 rocsolver_ms=26.720781326 cdls_submit_ms=0.804703000 roc_submit_ms=11.221650000 cdls_wall_ms=18.975929000 roc_wall_ms=26.961993000
sample n=8192 lda=8320 iteration=10 first=cdls cdls_ms=18.708648682 rocsolver_ms=26.137720108 cdls_submit_ms=0.305278000 roc_submit_ms=8.626975000 cdls_wall_ms=18.718104000 roc_wall_ms=26.146634000
sample n=8192 lda=8320 iteration=11 first=rocsolver cdls_ms=18.685644150 rocsolver_ms=26.682792664 cdls_submit_ms=0.626330000 roc_submit_ms=11.060674000 cdls_wall_ms=18.693296000 roc_wall_ms=26.946789000
sample n=8192 lda=8320 iteration=12 first=cdls cdls_ms=18.696180344 rocsolver_ms=26.224571228 cdls_submit_ms=0.313450000 roc_submit_ms=8.561315000 cdls_wall_ms=18.704263000 roc_wall_ms=26.234338000
sample n=8192 lda=8320 iteration=13 first=rocsolver cdls_ms=18.922655106 rocsolver_ms=26.821596146 cdls_submit_ms=0.662745000 roc_submit_ms=11.105262000 cdls_wall_ms=18.931721000 roc_wall_ms=26.992500000
sample n=8192 lda=8320 iteration=14 first=cdls cdls_ms=18.699573517 rocsolver_ms=26.351375580 cdls_submit_ms=0.370357000 roc_submit_ms=8.603179000 cdls_wall_ms=18.708459000 roc_wall_ms=26.360992000
sample n=8192 lda=8320 iteration=15 first=rocsolver cdls_ms=18.732093811 rocsolver_ms=26.691106796 cdls_submit_ms=0.658529000 roc_submit_ms=11.069447000 cdls_wall_ms=18.740969000 roc_wall_ms=26.957856000
sample n=8192 lda=8320 iteration=16 first=cdls cdls_ms=18.609687805 rocsolver_ms=25.918773651 cdls_submit_ms=0.308713000 roc_submit_ms=8.467842000 cdls_wall_ms=18.618311000 roc_wall_ms=25.926907000
sample n=8192 lda=8320 iteration=17 first=rocsolver cdls_ms=18.694768906 rocsolver_ms=26.471809387 cdls_submit_ms=0.572677000 roc_submit_ms=10.787896000 cdls_wall_ms=18.915777000 roc_wall_ms=26.479053000
sample n=8192 lda=8320 iteration=18 first=cdls cdls_ms=18.561824799 rocsolver_ms=26.273288727 cdls_submit_ms=0.203492000 roc_submit_ms=8.651994000 cdls_wall_ms=18.571069000 roc_wall_ms=26.283453000
sample n=8192 lda=8320 iteration=19 first=rocsolver cdls_ms=19.064693451 rocsolver_ms=26.666038513 cdls_submit_ms=0.825164000 roc_submit_ms=11.187338000 cdls_wall_ms=19.073659000 roc_wall_ms=26.932077000
sample n=8192 lda=8320 iteration=20 first=cdls cdls_ms=18.681636810 rocsolver_ms=26.253116608 cdls_submit_ms=0.350146000 roc_submit_ms=8.630400000 cdls_wall_ms=18.691704000 roc_wall_ms=26.264955000
sample n=8192 lda=8320 iteration=21 first=rocsolver cdls_ms=18.899539948 rocsolver_ms=26.739170074 cdls_submit_ms=0.588953000 roc_submit_ms=11.058371000 cdls_wall_ms=19.048329000 roc_wall_ms=27.004888000
sample n=8192 lda=8320 iteration=22 first=cdls cdls_ms=18.843666077 rocsolver_ms=26.211832047 cdls_submit_ms=0.394514000 roc_submit_ms=8.547274000 cdls_wall_ms=18.852900000 roc_wall_ms=26.218774000
sample n=8192 lda=8320 iteration=23 first=rocsolver cdls_ms=19.094390869 rocsolver_ms=26.581428528 cdls_submit_ms=0.532466000 roc_submit_ms=10.894169000 cdls_wall_ms=19.379918000 roc_wall_ms=26.845093000
sample n=8192 lda=8320 iteration=24 first=cdls cdls_ms=18.688428879 rocsolver_ms=26.184148788 cdls_submit_ms=0.184983000 roc_submit_ms=8.576488000 cdls_wall_ms=18.696190000 roc_wall_ms=26.191552000
sample n=8192 lda=8320 iteration=25 first=rocsolver cdls_ms=18.789621353 rocsolver_ms=26.750396729 cdls_submit_ms=0.584886000 roc_submit_ms=10.987792000 cdls_wall_ms=19.032024000 roc_wall_ms=27.022876000
sample n=8192 lda=8320 iteration=26 first=cdls cdls_ms=18.735780716 rocsolver_ms=26.182056427 cdls_submit_ms=0.369476000 roc_submit_ms=8.570009000 cdls_wall_ms=18.744895000 roc_wall_ms=26.189609000
sample n=8192 lda=8320 iteration=27 first=rocsolver cdls_ms=18.953313828 rocsolver_ms=26.956752777 cdls_submit_ms=0.798583000 roc_submit_ms=11.227850000 cdls_wall_ms=18.963129000 roc_wall_ms=27.132264000
sample n=8192 lda=8320 iteration=28 first=cdls cdls_ms=18.719926834 rocsolver_ms=26.298946381 cdls_submit_ms=0.221800000 roc_submit_ms=8.778227000 cdls_wall_ms=18.728760000 roc_wall_ms=26.308001000
sample n=8192 lda=8320 iteration=29 first=rocsolver cdls_ms=19.097694397 rocsolver_ms=26.710535049 cdls_submit_ms=0.808478000 roc_submit_ms=11.511234000 cdls_wall_ms=19.105988000 roc_wall_ms=26.895190000
bench n=8192 lda=8320 repeats=30 cdls_median_ms=18.730963 rocsolver_median_ms=26.386324 cdls_mean_ms=18.788557 rocsolver_mean_ms=26.410785 cdls_gflops=19564.948420 workspace_bytes=65544 roc_workspace_bytes=34145472 cdls_submit_ms=0.533492 roc_submit_ms=9.941249 cdls_wall_ms=18.754594 roc_wall_ms=26.420023 rocsolver_gflops=13888.646297 speedup=1.408701
