device=AMD Instinct MI300A arch=gfx942:sramecc+:xnack- HIP=60443484 CUs=228 memory_bytes=137438953472 rocSOLVER=3.28.2.1b897f5 rocBLAS=4.4.1.f08d23e3 baseline=rocsolver_dgetrf_npvt fp64 seed=20261001 method=auto matrix=dense n=16384 lda=16512 offset=0 warmup=5 repeats=30
validate n=16384 lda=16512 kind=dense info=7/0 L_rel=5.6795e-16 U_rel=1.7038e-15 residual_scaled=4.9962e-04/2.0443e-04 PASS
sample n=16384 lda=16512 iteration=0 first=cdls cdls_ms=103.502975464 rocsolver_ms=110.910011292 cdls_submit_ms=1.428028000 roc_submit_ms=68.348116000 cdls_wall_ms=103.518424000 roc_wall_ms=110.919231000
sample n=16384 lda=16512 iteration=1 first=rocsolver cdls_ms=103.394599915 rocsolver_ms=111.708244324 cdls_submit_ms=1.455410000 roc_submit_ms=45.568869000 cdls_wall_ms=104.101758000 roc_wall_ms=112.223339000
sample n=16384 lda=16512 iteration=2 first=cdls cdls_ms=103.812156677 rocsolver_ms=111.744018555 cdls_submit_ms=0.468968000 roc_submit_ms=69.027566000 cdls_wall_ms=103.822260000 roc_wall_ms=111.754350000
sample n=16384 lda=16512 iteration=3 first=rocsolver cdls_ms=104.459281921 rocsolver_ms=111.745620728 cdls_submit_ms=1.375017000 roc_submit_ms=45.557732000 cdls_wall_ms=105.131766000 roc_wall_ms=112.211521000
sample n=16384 lda=16512 iteration=4 first=cdls cdls_ms=103.230529785 rocsolver_ms=111.556724548 cdls_submit_ms=0.460184000 roc_submit_ms=68.860600000 cdls_wall_ms=103.240708000 roc_wall_ms=111.566784000
sample n=16384 lda=16512 iteration=5 first=rocsolver cdls_ms=103.918052673 rocsolver_ms=112.349807739 cdls_submit_ms=1.964730000 roc_submit_ms=45.778479000 cdls_wall_ms=103.927240000 roc_wall_ms=112.821696000
sample n=16384 lda=16512 iteration=6 first=cdls cdls_ms=103.693748474 rocsolver_ms=111.860275269 cdls_submit_ms=0.516241000 roc_submit_ms=69.113518000 cdls_wall_ms=103.703948000 roc_wall_ms=111.869107000
sample n=16384 lda=16512 iteration=7 first=rocsolver cdls_ms=104.021301270 rocsolver_ms=112.283889771 cdls_submit_ms=1.327443000 roc_submit_ms=45.718869000 cdls_wall_ms=104.696748000 roc_wall_ms=112.742665000
sample n=16384 lda=16512 iteration=8 first=cdls cdls_ms=104.070526123 rocsolver_ms=111.658470154 cdls_submit_ms=0.495108000 roc_submit_ms=68.706133000 cdls_wall_ms=104.079443000 roc_wall_ms=111.669070000
sample n=16384 lda=16512 iteration=9 first=rocsolver cdls_ms=105.290840149 rocsolver_ms=112.865104675 cdls_submit_ms=1.929777000 roc_submit_ms=45.728292000 cdls_wall_ms=105.299623000 roc_wall_ms=112.929071000
sample n=16384 lda=16512 iteration=10 first=cdls cdls_ms=104.482528687 rocsolver_ms=112.060836792 cdls_submit_ms=0.499625000 roc_submit_ms=69.290699000 cdls_wall_ms=104.492376000 roc_wall_ms=112.069584000
sample n=16384 lda=16512 iteration=11 first=rocsolver cdls_ms=104.651062012 rocsolver_ms=113.043464661 cdls_submit_ms=1.583656000 roc_submit_ms=46.168647000 cdls_wall_ms=104.912099000 roc_wall_ms=113.056295000
sample n=16384 lda=16512 iteration=12 first=cdls cdls_ms=104.590591431 rocsolver_ms=112.188995361 cdls_submit_ms=0.486585000 roc_submit_ms=68.817054000 cdls_wall_ms=104.598910000 roc_wall_ms=112.196818000
sample n=16384 lda=16512 iteration=13 first=rocsolver cdls_ms=105.572837830 rocsolver_ms=112.801910400 cdls_submit_ms=1.937979000 roc_submit_ms=45.789036000 cdls_wall_ms=105.581044000 roc_wall_ms=113.272807000
sample n=16384 lda=16512 iteration=14 first=cdls cdls_ms=104.781723022 rocsolver_ms=112.285186768 cdls_submit_ms=0.486645000 roc_submit_ms=68.990930000 cdls_wall_ms=104.789792000 roc_wall_ms=112.295560000
sample n=16384 lda=16512 iteration=15 first=rocsolver cdls_ms=104.912719727 rocsolver_ms=113.929489136 cdls_submit_ms=1.349968000 roc_submit_ms=46.500085000 cdls_wall_ms=105.571198000 roc_wall_ms=113.937786000
sample n=16384 lda=16512 iteration=16 first=cdls cdls_ms=104.712867737 rocsolver_ms=112.736320496 cdls_submit_ms=0.500507000 roc_submit_ms=69.218779000 cdls_wall_ms=104.721327000 roc_wall_ms=112.743907000
sample n=16384 lda=16512 iteration=17 first=rocsolver cdls_ms=106.132888794 rocsolver_ms=114.020919800 cdls_submit_ms=1.897808000 roc_submit_ms=46.091719000 cdls_wall_ms=106.142845000 roc_wall_ms=114.028705000
sample n=16384 lda=16512 iteration=18 first=cdls cdls_ms=103.967002869 rocsolver_ms=112.854705811 cdls_submit_ms=0.479284000 roc_submit_ms=69.025794000 cdls_wall_ms=103.976105000 roc_wall_ms=112.864051000
sample n=16384 lda=16512 iteration=19 first=rocsolver cdls_ms=105.137817383 rocsolver_ms=113.727523804 cdls_submit_ms=1.796111000 roc_submit_ms=46.055594000 cdls_wall_ms=105.402810000 roc_wall_ms=114.194569000
sample n=16384 lda=16512 iteration=20 first=cdls cdls_ms=104.729415894 rocsolver_ms=112.548538208 cdls_submit_ms=0.452834000 roc_submit_ms=69.132617000 cdls_wall_ms=104.737271000 roc_wall_ms=112.557591000
sample n=16384 lda=16512 iteration=21 first=rocsolver cdls_ms=104.940605164 rocsolver_ms=113.790275574 cdls_submit_ms=1.345381000 roc_submit_ms=46.142978000 cdls_wall_ms=105.613974000 roc_wall_ms=114.256994000
sample n=16384 lda=16512 iteration=22 first=cdls cdls_ms=105.568794250 rocsolver_ms=113.000320435 cdls_submit_ms=0.533317000 roc_submit_ms=69.186399000 cdls_wall_ms=105.577638000 roc_wall_ms=113.009313000
sample n=16384 lda=16512 iteration=23 first=rocsolver cdls_ms=105.664810181 rocsolver_ms=113.663520813 cdls_submit_ms=1.342567000 roc_submit_ms=45.622691000 cdls_wall_ms=106.343111000 roc_wall_ms=114.127016000
sample n=16384 lda=16512 iteration=24 first=cdls cdls_ms=104.419067383 rocsolver_ms=112.887084961 cdls_submit_ms=0.486926000 roc_submit_ms=69.212489000 cdls_wall_ms=104.428367000 roc_wall_ms=112.893956000
sample n=16384 lda=16512 iteration=25 first=rocsolver cdls_ms=105.848800659 rocsolver_ms=113.443847656 cdls_submit_ms=1.319511000 roc_submit_ms=45.641580000 cdls_wall_ms=106.519841000 roc_wall_ms=113.911746000
sample n=16384 lda=16512 iteration=26 first=cdls cdls_ms=105.717864990 rocsolver_ms=113.937988281 cdls_submit_ms=0.495388000 roc_submit_ms=70.083954000 cdls_wall_ms=105.725535000 roc_wall_ms=113.947771000
sample n=16384 lda=16512 iteration=27 first=rocsolver cdls_ms=105.876739502 rocsolver_ms=114.894470215 cdls_submit_ms=1.331550000 roc_submit_ms=46.572646000 cdls_wall_ms=106.550579000 roc_wall_ms=114.902012000
sample n=16384 lda=16512 iteration=28 first=cdls cdls_ms=105.723960876 rocsolver_ms=114.244453430 cdls_submit_ms=0.464040000 roc_submit_ms=70.429343000 cdls_wall_ms=105.732226000 roc_wall_ms=114.252177000
sample n=16384 lda=16512 iteration=29 first=rocsolver cdls_ms=106.351661682 rocsolver_ms=114.295997620 cdls_submit_ms=1.948485000 roc_submit_ms=46.025358000 cdls_wall_ms=106.360056000 roc_wall_ms=114.361084000
bench n=16384 lda=16512 repeats=30 cdls_median_ms=104.721142 rocsolver_median_ms=112.828308 cdls_mean_ms=104.772592 rocsolver_mean_ms=112.834601 cdls_gflops=27997.181239 workspace_bytes=262152 roc_workspace_bytes=67765440 cdls_submit_ms=1.323477 roc_submit_ms=57.460381 cdls_wall_ms=104.850945 roc_wall_ms=112.879004 rocsolver_gflops=25985.471520 speedup=1.077417
