device=AMD Instinct MI300A arch=gfx942:sramecc+:xnack- HIP=60443484 CUs=228 memory_bytes=137438953472 rocSOLVER=3.28.2.1b897f5 rocBLAS=4.4.1.f08d23e3 baseline=rocsolver_dgetrf_npvt fp64 seed=20261001 method=auto matrix=dense n=16384 lda=16401 offset=0 warmup=5 repeats=30
validate n=16384 lda=16401 kind=dense info=7/0 L_rel=5.6795e-16 U_rel=1.7038e-15 residual_scaled=4.9962e-04/2.0443e-04 PASS
sample n=16384 lda=16401 iteration=0 first=cdls cdls_ms=106.542732239 rocsolver_ms=113.007301331 cdls_submit_ms=1.304699000 roc_submit_ms=70.207212000 cdls_wall_ms=106.704302000 roc_wall_ms=113.017463000
sample n=16384 lda=16401 iteration=1 first=rocsolver cdls_ms=107.142028809 rocsolver_ms=114.290901184 cdls_submit_ms=1.539278000 roc_submit_ms=46.861247000 cdls_wall_ms=107.881335000 roc_wall_ms=114.809959000
sample n=16384 lda=16401 iteration=2 first=cdls cdls_ms=106.668418884 rocsolver_ms=113.714241028 cdls_submit_ms=0.489409000 roc_submit_ms=70.365584000 cdls_wall_ms=106.678022000 roc_wall_ms=113.731167000
sample n=16384 lda=16401 iteration=3 first=rocsolver cdls_ms=106.851730347 rocsolver_ms=114.434913635 cdls_submit_ms=1.293130000 roc_submit_ms=46.709875000 cdls_wall_ms=107.481583000 roc_wall_ms=114.863622000
sample n=16384 lda=16401 iteration=4 first=cdls cdls_ms=107.174507141 rocsolver_ms=114.253845215 cdls_submit_ms=0.490261000 roc_submit_ms=70.489084000 cdls_wall_ms=107.182494000 roc_wall_ms=114.263112000
sample n=16384 lda=16401 iteration=5 first=rocsolver cdls_ms=108.186004639 rocsolver_ms=114.604682922 cdls_submit_ms=1.884637000 roc_submit_ms=46.654520000 cdls_wall_ms=108.193573000 roc_wall_ms=115.036847000
sample n=16384 lda=16401 iteration=6 first=cdls cdls_ms=107.654350281 rocsolver_ms=114.290588379 cdls_submit_ms=0.464362000 roc_submit_ms=70.671613000 cdls_wall_ms=107.662420000 roc_wall_ms=114.299718000
sample n=16384 lda=16401 iteration=7 first=rocsolver cdls_ms=108.435867310 rocsolver_ms=115.693405151 cdls_submit_ms=1.906441000 roc_submit_ms=47.073793000 cdls_wall_ms=108.443826000 roc_wall_ms=116.139655000
sample n=16384 lda=16401 iteration=8 first=cdls cdls_ms=107.965560913 rocsolver_ms=114.157752991 cdls_submit_ms=0.466625000 roc_submit_ms=70.323990000 cdls_wall_ms=107.973466000 roc_wall_ms=114.165402000
sample n=16384 lda=16401 iteration=9 first=rocsolver cdls_ms=107.893272400 rocsolver_ms=115.747581482 cdls_submit_ms=1.299691000 roc_submit_ms=47.002584000 cdls_wall_ms=108.513944000 roc_wall_ms=116.188170000
sample n=16384 lda=16401 iteration=10 first=cdls cdls_ms=107.543022156 rocsolver_ms=115.559707642 cdls_submit_ms=0.472253000 roc_submit_ms=71.338975000 cdls_wall_ms=107.551279000 roc_wall_ms=115.568681000
sample n=16384 lda=16401 iteration=11 first=rocsolver cdls_ms=107.635643005 rocsolver_ms=116.331176758 cdls_submit_ms=1.828792000 roc_submit_ms=47.723568000 cdls_wall_ms=107.644752000 roc_wall_ms=116.765274000
sample n=16384 lda=16401 iteration=12 first=cdls cdls_ms=108.182212830 rocsolver_ms=115.140663147 cdls_submit_ms=0.460075000 roc_submit_ms=70.913894000 cdls_wall_ms=108.191510000 roc_wall_ms=115.149088000
sample n=16384 lda=16401 iteration=13 first=rocsolver cdls_ms=108.197517395 rocsolver_ms=116.054138184 cdls_submit_ms=1.768299000 roc_submit_ms=47.313210000 cdls_wall_ms=108.205471000 roc_wall_ms=116.488861000
sample n=16384 lda=16401 iteration=14 first=cdls cdls_ms=108.493202209 rocsolver_ms=114.960762024 cdls_submit_ms=0.514858000 roc_submit_ms=70.673676000 cdls_wall_ms=108.501244000 roc_wall_ms=114.968082000
sample n=16384 lda=16401 iteration=15 first=rocsolver cdls_ms=108.598083496 rocsolver_ms=115.333618164 cdls_submit_ms=1.304689000 roc_submit_ms=46.671637000 cdls_wall_ms=109.224402000 roc_wall_ms=115.774717000
sample n=16384 lda=16401 iteration=16 first=cdls cdls_ms=107.404174805 rocsolver_ms=115.400665283 cdls_submit_ms=0.488158000 roc_submit_ms=71.121472000 cdls_wall_ms=107.412236000 roc_wall_ms=115.409968000
sample n=16384 lda=16401 iteration=17 first=rocsolver cdls_ms=109.108711243 rocsolver_ms=115.775505066 cdls_submit_ms=1.282715000 roc_submit_ms=46.817421000 cdls_wall_ms=109.734002000 roc_wall_ms=115.782479000
sample n=16384 lda=16401 iteration=18 first=cdls cdls_ms=107.740470886 rocsolver_ms=115.242713928 cdls_submit_ms=0.460786000 roc_submit_ms=70.795944000 cdls_wall_ms=107.748471000 roc_wall_ms=115.250484000
sample n=16384 lda=16401 iteration=19 first=rocsolver cdls_ms=109.382720947 rocsolver_ms=115.961029053 cdls_submit_ms=1.847701000 roc_submit_ms=46.752230000 cdls_wall_ms=109.390897000 roc_wall_ms=116.400405000
sample n=16384 lda=16401 iteration=20 first=cdls cdls_ms=108.859390259 rocsolver_ms=115.406341553 cdls_submit_ms=0.488368000 roc_submit_ms=70.874384000 cdls_wall_ms=108.867465000 roc_wall_ms=115.414896000
sample n=16384 lda=16401 iteration=21 first=rocsolver cdls_ms=110.892890930 rocsolver_ms=116.543380737 cdls_submit_ms=1.906431000 roc_submit_ms=47.357868000 cdls_wall_ms=110.902223000 roc_wall_ms=116.550655000
sample n=16384 lda=16401 iteration=22 first=cdls cdls_ms=108.687896729 rocsolver_ms=115.746093750 cdls_submit_ms=0.484883000 roc_submit_ms=70.921986000 cdls_wall_ms=108.696253000 roc_wall_ms=115.755727000
sample n=16384 lda=16401 iteration=23 first=rocsolver cdls_ms=109.559745789 rocsolver_ms=116.067474365 cdls_submit_ms=1.296997000 roc_submit_ms=46.615381000 cdls_wall_ms=110.192265000 roc_wall_ms=116.509683000
sample n=16384 lda=16401 iteration=24 first=cdls cdls_ms=108.982276917 rocsolver_ms=116.154487610 cdls_submit_ms=0.485213000 roc_submit_ms=71.057434000 cdls_wall_ms=108.990804000 roc_wall_ms=116.163962000
sample n=16384 lda=16401 iteration=25 first=rocsolver cdls_ms=109.827186584 rocsolver_ms=116.724220276 cdls_submit_ms=1.929305000 roc_submit_ms=46.858142000 cdls_wall_ms=109.836520000 roc_wall_ms=117.161231000
sample n=16384 lda=16401 iteration=26 first=cdls cdls_ms=108.542083740 rocsolver_ms=115.720771790 cdls_submit_ms=0.508930000 roc_submit_ms=70.707678000 cdls_wall_ms=108.551361000 roc_wall_ms=115.729397000
sample n=16384 lda=16401 iteration=27 first=rocsolver cdls_ms=109.385566711 rocsolver_ms=117.576911926 cdls_submit_ms=1.851195000 roc_submit_ms=47.256754000 cdls_wall_ms=109.393160000 roc_wall_ms=117.756753000
sample n=16384 lda=16401 iteration=28 first=cdls cdls_ms=108.872398376 rocsolver_ms=116.143516541 cdls_submit_ms=0.495079000 roc_submit_ms=71.456536000 cdls_wall_ms=108.881307000 roc_wall_ms=116.152606000
sample n=16384 lda=16401 iteration=29 first=rocsolver cdls_ms=110.131111145 rocsolver_ms=117.761749268 cdls_submit_ms=1.853810000 roc_submit_ms=47.554279000 cdls_wall_ms=110.140706000 roc_wall_ms=118.201174000
bench n=16384 lda=16401 repeats=30 cdls_median_ms=108.316692 rocsolver_median_ms=115.626556 cdls_mean_ms=108.351359 rocsolver_mean_ms=115.460005 cdls_gflops=27067.820511 workspace_bytes=262152 roc_workspace_bytes=67765440 cdls_submit_ms=1.287923 roc_submit_ms=58.965390 cdls_wall_ms=108.472535 roc_wall_ms=115.742562 rocsolver_gflops=25356.603866 speedup=1.067486
