device=AMD Instinct MI300A arch=gfx942:sramecc+:xnack- HIP=60443484 CUs=228 memory_bytes=137438953472 rocSOLVER=3.28.2.1b897f5 rocBLAS=4.4.1.f08d23e3 baseline=rocsolver_dgetrf_npvt fp64 seed=20261001 method=auto matrix=dense n=8192 lda=8193 offset=0 warmup=5 repeats=30
validate n=8192 lda=8193 kind=dense info=7/0 L_rel=7.2829e-16 U_rel=2.1479e-15 residual_scaled=1.2306e-03/3.9221e-04 PASS
sample n=8192 lda=8193 iteration=0 first=cdls cdls_ms=19.323226929 rocsolver_ms=26.672285080 cdls_submit_ms=0.217613000 roc_submit_ms=9.964676000 cdls_wall_ms=19.848740000 roc_wall_ms=26.680526000
sample n=8192 lda=8193 iteration=1 first=rocsolver cdls_ms=19.141595840 rocsolver_ms=26.948827744 cdls_submit_ms=0.420324000 roc_submit_ms=13.503118000 cdls_wall_ms=19.406292000 roc_wall_ms=27.235607000
sample n=8192 lda=8193 iteration=2 first=cdls cdls_ms=19.337717056 rocsolver_ms=26.608968735 cdls_submit_ms=0.560809000 roc_submit_ms=9.459864000 cdls_wall_ms=19.346230000 roc_wall_ms=26.616719000
sample n=8192 lda=8193 iteration=3 first=rocsolver cdls_ms=19.284656525 rocsolver_ms=26.950862885 cdls_submit_ms=0.536992000 roc_submit_ms=14.820255000 cdls_wall_ms=19.609252000 roc_wall_ms=26.963941000
sample n=8192 lda=8193 iteration=4 first=cdls cdls_ms=18.885343552 rocsolver_ms=26.684503555 cdls_submit_ms=0.420975000 roc_submit_ms=9.483830000 cdls_wall_ms=18.894087000 roc_wall_ms=26.693806000
sample n=8192 lda=8193 iteration=5 first=rocsolver cdls_ms=18.982904434 rocsolver_ms=27.153894424 cdls_submit_ms=0.564465000 roc_submit_ms=13.295450000 cdls_wall_ms=19.330535000 roc_wall_ms=27.463316000
sample n=8192 lda=8193 iteration=6 first=cdls cdls_ms=18.989324570 rocsolver_ms=26.610069275 cdls_submit_ms=0.519025000 roc_submit_ms=9.452632000 cdls_wall_ms=18.998557000 roc_wall_ms=26.617650000
sample n=8192 lda=8193 iteration=7 first=rocsolver cdls_ms=19.343608856 rocsolver_ms=26.999055862 cdls_submit_ms=0.464111000 roc_submit_ms=13.054991000 cdls_wall_ms=19.581951000 roc_wall_ms=27.320116000
sample n=8192 lda=8193 iteration=8 first=cdls cdls_ms=19.143791199 rocsolver_ms=26.471536636 cdls_submit_ms=0.417610000 roc_submit_ms=8.991677000 cdls_wall_ms=19.152483000 roc_wall_ms=26.479659000
sample n=8192 lda=8193 iteration=9 first=rocsolver cdls_ms=19.062515259 rocsolver_ms=27.271303177 cdls_submit_ms=0.691960000 roc_submit_ms=11.522544000 cdls_wall_ms=19.069936000 roc_wall_ms=27.428463000
sample n=8192 lda=8193 iteration=10 first=cdls cdls_ms=19.310344696 rocsolver_ms=26.682651520 cdls_submit_ms=0.434465000 roc_submit_ms=8.917212000 cdls_wall_ms=19.318547000 roc_wall_ms=26.691293000
sample n=8192 lda=8193 iteration=11 first=rocsolver cdls_ms=19.130792618 rocsolver_ms=27.411788940 cdls_submit_ms=0.603494000 roc_submit_ms=11.403992000 cdls_wall_ms=19.375675000 roc_wall_ms=27.689582000
sample n=8192 lda=8193 iteration=12 first=cdls cdls_ms=19.206836700 rocsolver_ms=26.783056259 cdls_submit_ms=0.219016000 roc_submit_ms=9.057006000 cdls_wall_ms=19.215550000 roc_wall_ms=26.791236000
sample n=8192 lda=8193 iteration=13 first=rocsolver cdls_ms=19.346672058 rocsolver_ms=27.212072372 cdls_submit_ms=0.539487000 roc_submit_ms=12.054989000 cdls_wall_ms=19.631377000 roc_wall_ms=27.500693000
sample n=8192 lda=8193 iteration=14 first=cdls cdls_ms=19.127435684 rocsolver_ms=26.665803909 cdls_submit_ms=0.209391000 roc_submit_ms=8.995873000 cdls_wall_ms=19.137700000 roc_wall_ms=26.676019000
sample n=8192 lda=8193 iteration=15 first=rocsolver cdls_ms=19.246177673 rocsolver_ms=27.368871689 cdls_submit_ms=0.565447000 roc_submit_ms=11.624739000 cdls_wall_ms=19.544734000 roc_wall_ms=27.650883000
sample n=8192 lda=8193 iteration=16 first=cdls cdls_ms=19.171873093 rocsolver_ms=26.624471664 cdls_submit_ms=0.431141000 roc_submit_ms=8.920126000 cdls_wall_ms=19.181899000 roc_wall_ms=26.633554000
sample n=8192 lda=8193 iteration=17 first=rocsolver cdls_ms=19.535190582 rocsolver_ms=27.389474869 cdls_submit_ms=0.786715000 roc_submit_ms=11.572970000 cdls_wall_ms=19.544634000 roc_wall_ms=27.398476000
sample n=8192 lda=8193 iteration=18 first=cdls cdls_ms=19.243833542 rocsolver_ms=26.582115173 cdls_submit_ms=0.225025000 roc_submit_ms=8.994381000 cdls_wall_ms=19.251475000 roc_wall_ms=26.589116000
sample n=8192 lda=8193 iteration=19 first=rocsolver cdls_ms=19.448328018 rocsolver_ms=27.282459259 cdls_submit_ms=0.815208000 roc_submit_ms=11.518927000 cdls_wall_ms=19.456358000 roc_wall_ms=27.496707000
sample n=8192 lda=8193 iteration=20 first=cdls cdls_ms=19.083156586 rocsolver_ms=26.716583252 cdls_submit_ms=0.215540000 roc_submit_ms=9.029043000 cdls_wall_ms=19.091078000 roc_wall_ms=26.724334000
sample n=8192 lda=8193 iteration=21 first=rocsolver cdls_ms=19.403018951 rocsolver_ms=27.339056015 cdls_submit_ms=0.594971000 roc_submit_ms=11.501701000 cdls_wall_ms=19.659069000 roc_wall_ms=27.608678000
sample n=8192 lda=8193 iteration=22 first=cdls cdls_ms=19.072259903 rocsolver_ms=26.601648331 cdls_submit_ms=0.380854000 roc_submit_ms=9.019849000 cdls_wall_ms=19.080413000 roc_wall_ms=26.610549000
sample n=8192 lda=8193 iteration=23 first=rocsolver cdls_ms=19.701765060 rocsolver_ms=27.401992798 cdls_submit_ms=0.835561000 roc_submit_ms=11.770653000 cdls_wall_ms=19.712531000 roc_wall_ms=27.585202000
sample n=8192 lda=8193 iteration=24 first=cdls cdls_ms=19.242532730 rocsolver_ms=26.692346573 cdls_submit_ms=0.430449000 roc_submit_ms=8.959878000 cdls_wall_ms=19.252005000 roc_wall_ms=26.702070000
sample n=8192 lda=8193 iteration=25 first=rocsolver cdls_ms=19.588092804 rocsolver_ms=27.142566681 cdls_submit_ms=0.888210000 roc_submit_ms=11.556105000 cdls_wall_ms=19.596603000 roc_wall_ms=27.405127000
sample n=8192 lda=8193 iteration=26 first=cdls cdls_ms=19.144300461 rocsolver_ms=26.658903122 cdls_submit_ms=0.333531000 roc_submit_ms=8.945506000 cdls_wall_ms=19.153354000 roc_wall_ms=26.667406000
sample n=8192 lda=8193 iteration=27 first=rocsolver cdls_ms=19.211963654 rocsolver_ms=27.186012268 cdls_submit_ms=0.516892000 roc_submit_ms=12.186290000 cdls_wall_ms=19.219336000 roc_wall_ms=27.465199000
sample n=8192 lda=8193 iteration=28 first=cdls cdls_ms=19.136148453 rocsolver_ms=26.768011093 cdls_submit_ms=0.493897000 roc_submit_ms=9.007850000 cdls_wall_ms=19.144211000 roc_wall_ms=26.776052000
sample n=8192 lda=8193 iteration=29 first=rocsolver cdls_ms=19.529319763 rocsolver_ms=27.364055634 cdls_submit_ms=0.579057000 roc_submit_ms=11.519358000 cdls_wall_ms=19.830051000 roc_wall_ms=27.644614000
bench n=8192 lda=8193 repeats=30 cdls_median_ms=19.227248 rocsolver_median_ms=26.865942 cdls_mean_ms=19.245824 rocsolver_mean_ms=26.941508 cdls_gflops=19059.946409 workspace_bytes=65544 roc_workspace_bytes=34145472 cdls_submit_ms=0.505394 roc_submit_ms=10.684334 cdls_wall_ms=19.324541 roc_wall_ms=26.877589 rocsolver_gflops=13640.702422 speedup=1.397285
