device=AMD Instinct MI300A arch=gfx942:sramecc+:xnack- HIP=60443484 CUs=228 memory_bytes=137438953472 rocSOLVER=3.28.2.1b897f5 rocBLAS=4.4.1.f08d23e3 baseline=rocsolver_dgetrf_npvt fp64 seed=20261001 method=auto matrix=dense n=512 lda=513 offset=0 warmup=5 repeats=30
validate n=512 lda=513 kind=dense info=7/0 L_rel=4.0826e-16 U_rel=9.9560e-16 residual_scaled=8.6935e-03/2.7223e-03 PASS
sample n=512 lda=513 iteration=0 first=cdls cdls_ms=0.373733014 rocsolver_ms=0.742097020 cdls_submit_ms=0.010296000 roc_submit_ms=0.469580000 cdls_wall_ms=0.396417000 roc_wall_ms=0.749318000
sample n=512 lda=513 iteration=1 first=rocsolver cdls_ms=0.368324012 rocsolver_ms=0.866446972 cdls_submit_ms=0.008643000 roc_submit_ms=0.842831000 cdls_wall_ms=0.376326000 roc_wall_ms=0.872887000
sample n=512 lda=513 iteration=2 first=cdls cdls_ms=0.373692006 rocsolver_ms=0.743138015 cdls_submit_ms=0.009235000 roc_submit_ms=0.469729000 cdls_wall_ms=0.382736000 roc_wall_ms=0.751402000
sample n=512 lda=513 iteration=3 first=rocsolver cdls_ms=0.364598006 rocsolver_ms=0.831874013 cdls_submit_ms=0.011067000 roc_submit_ms=0.776840000 cdls_wall_ms=0.372922000 roc_wall_ms=0.840728000
sample n=512 lda=513 iteration=4 first=cdls cdls_ms=0.374453992 rocsolver_ms=0.738490999 cdls_submit_ms=0.007602000 roc_submit_ms=0.464732000 cdls_wall_ms=0.407264000 roc_wall_ms=0.745482000
sample n=512 lda=513 iteration=5 first=rocsolver cdls_ms=0.394683987 rocsolver_ms=0.867407978 cdls_submit_ms=0.034773000 roc_submit_ms=0.846978000 cdls_wall_ms=0.403318000 roc_wall_ms=0.874650000
sample n=512 lda=513 iteration=6 first=cdls cdls_ms=0.371650010 rocsolver_ms=0.737329006 cdls_submit_ms=0.008423000 roc_submit_ms=0.465072000 cdls_wall_ms=0.380182000 roc_wall_ms=0.746143000
sample n=512 lda=513 iteration=7 first=rocsolver cdls_ms=0.372810990 rocsolver_ms=0.911716998 cdls_submit_ms=0.010686000 roc_submit_ms=0.882061000 cdls_wall_ms=0.379712000 roc_wall_ms=0.920610000
sample n=512 lda=513 iteration=8 first=cdls cdls_ms=0.397368997 rocsolver_ms=0.737448990 cdls_submit_ms=0.040532000 roc_submit_ms=0.475479000 cdls_wall_ms=0.404579000 roc_wall_ms=0.747455000
sample n=512 lda=513 iteration=9 first=rocsolver cdls_ms=0.374574006 rocsolver_ms=0.851423979 cdls_submit_ms=0.017266000 roc_submit_ms=0.844564000 cdls_wall_ms=0.382676000 roc_wall_ms=0.859356000
sample n=512 lda=513 iteration=10 first=cdls cdls_ms=0.376415998 rocsolver_ms=0.716418028 cdls_submit_ms=0.010497000 roc_submit_ms=0.461096000 cdls_wall_ms=0.383348000 roc_wall_ms=0.727074000
sample n=512 lda=513 iteration=11 first=rocsolver cdls_ms=0.369284987 rocsolver_ms=0.830953002 cdls_submit_ms=0.009364000 roc_submit_ms=0.814818000 cdls_wall_ms=0.378770000 roc_wall_ms=0.839125000
sample n=512 lda=513 iteration=12 first=cdls cdls_ms=0.358348995 rocsolver_ms=0.737289011 cdls_submit_ms=0.009655000 roc_submit_ms=0.476730000 cdls_wall_ms=0.367213000 roc_wall_ms=0.747435000
sample n=512 lda=513 iteration=13 first=rocsolver cdls_ms=0.372370005 rocsolver_ms=0.842450023 cdls_submit_ms=0.010947000 roc_submit_ms=0.814147000 cdls_wall_ms=0.380172000 roc_wall_ms=0.850533000
sample n=512 lda=513 iteration=14 first=cdls cdls_ms=0.370126992 rocsolver_ms=0.745981991 cdls_submit_ms=0.009795000 roc_submit_ms=0.478082000 cdls_wall_ms=0.378940000 roc_wall_ms=0.756179000
sample n=512 lda=513 iteration=15 first=rocsolver cdls_ms=0.368844986 rocsolver_ms=0.836601973 cdls_submit_ms=0.010967000 roc_submit_ms=0.800106000 cdls_wall_ms=0.376076000 roc_wall_ms=0.846006000
sample n=512 lda=513 iteration=16 first=cdls cdls_ms=0.355464995 rocsolver_ms=0.740414023 cdls_submit_ms=0.009295000 roc_submit_ms=0.484191000 cdls_wall_ms=0.394104000 roc_wall_ms=0.749818000
sample n=512 lda=513 iteration=17 first=rocsolver cdls_ms=0.370929003 rocsolver_ms=0.871093988 cdls_submit_ms=0.007983000 roc_submit_ms=0.813887000 cdls_wall_ms=0.378549000 roc_wall_ms=0.877335000
sample n=512 lda=513 iteration=18 first=cdls cdls_ms=0.389515996 rocsolver_ms=0.741455972 cdls_submit_ms=0.036236000 roc_submit_ms=0.461337000 cdls_wall_ms=0.396157000 roc_wall_ms=0.751021000
sample n=512 lda=513 iteration=19 first=rocsolver cdls_ms=0.354663014 rocsolver_ms=0.773104012 cdls_submit_ms=0.008343000 roc_submit_ms=0.745842000 cdls_wall_ms=0.362695000 roc_wall_ms=0.781547000
sample n=512 lda=513 iteration=20 first=cdls cdls_ms=0.391160011 rocsolver_ms=0.732963026 cdls_submit_ms=0.036286000 roc_submit_ms=0.468297000 cdls_wall_ms=0.398771000 roc_wall_ms=0.742387000
sample n=512 lda=513 iteration=21 first=rocsolver cdls_ms=0.367763013 rocsolver_ms=0.755837977 cdls_submit_ms=0.009174000 roc_submit_ms=0.745842000 cdls_wall_ms=0.376136000 roc_wall_ms=0.763309000
sample n=512 lda=513 iteration=22 first=cdls cdls_ms=0.374574006 rocsolver_ms=0.730718970 cdls_submit_ms=0.008793000 roc_submit_ms=0.465593000 cdls_wall_ms=0.382326000 roc_wall_ms=0.739193000
sample n=512 lda=513 iteration=23 first=rocsolver cdls_ms=0.377297014 rocsolver_ms=0.806955993 cdls_submit_ms=0.008563000 roc_submit_ms=0.751101000 cdls_wall_ms=0.386291000 roc_wall_ms=0.814558000
sample n=512 lda=513 iteration=24 first=cdls cdls_ms=0.372530997 rocsolver_ms=0.733604014 cdls_submit_ms=0.009695000 roc_submit_ms=0.453004000 cdls_wall_ms=0.408466000 roc_wall_ms=0.745432000
sample n=512 lda=513 iteration=25 first=rocsolver cdls_ms=0.366961986 rocsolver_ms=0.740534008 cdls_submit_ms=0.010707000 roc_submit_ms=0.730119000 cdls_wall_ms=0.377138000 roc_wall_ms=0.747595000
sample n=512 lda=513 iteration=26 first=cdls cdls_ms=0.369365990 rocsolver_ms=0.705200016 cdls_submit_ms=0.009925000 roc_submit_ms=0.441066000 cdls_wall_ms=0.377839000 roc_wall_ms=0.715065000
sample n=512 lda=513 iteration=27 first=rocsolver cdls_ms=0.367002010 rocsolver_ms=0.735325992 cdls_submit_ms=0.008092000 roc_submit_ms=0.699251000 cdls_wall_ms=0.375115000 roc_wall_ms=0.741335000
sample n=512 lda=513 iteration=28 first=cdls cdls_ms=0.356426001 rocsolver_ms=0.714093983 cdls_submit_ms=0.007812000 roc_submit_ms=0.448818000 cdls_wall_ms=0.365480000 roc_wall_ms=0.723037000
sample n=512 lda=513 iteration=29 first=rocsolver cdls_ms=0.365520000 rocsolver_ms=0.776068985 cdls_submit_ms=0.009415000 roc_submit_ms=0.747235000 cdls_wall_ms=0.373953000 roc_wall_ms=0.783050000
bench n=512 lda=513 repeats=30 cdls_median_ms=0.371290 rocsolver_median_ms=0.742618 cdls_mean_ms=0.372015 rocsolver_mean_ms=0.776481 cdls_gflops=240.640596 workspace_bytes=264 roc_workspace_bytes=2626752 cdls_submit_ms=0.009675 roc_submit_ms=0.591721 cdls_wall_ms=0.379942 roc_wall_ms=0.751212 rocsolver_gflops=120.314059 speedup=2.000104
