device=AMD Instinct MI300A arch=gfx942:sramecc+:xnack- HIP=60443484 CUs=228 memory_bytes=137438953472 rocSOLVER=3.28.2.1b897f5 rocBLAS=4.4.1.f08d23e3 baseline=rocsolver_dgetrf_npvt fp64 seed=20261001 method=auto matrix=dense n=16384 lda=16401 offset=0 warmup=5 repeats=30
validate n=16384 lda=16401 kind=dense info=7/0 L_rel=5.6795e-16 U_rel=1.7038e-15 residual_scaled=4.9962e-04/2.0443e-04 PASS
sample n=16384 lda=16401 iteration=0 first=cdls cdls_ms=106.883140564 rocsolver_ms=113.380271912 cdls_submit_ms=0.321973000 roc_submit_ms=70.399201000 cdls_wall_ms=107.153047000 roc_wall_ms=113.391344000
sample n=16384 lda=16401 iteration=1 first=rocsolver cdls_ms=106.890777588 rocsolver_ms=114.441871643 cdls_submit_ms=1.473518000 roc_submit_ms=46.746966000 cdls_wall_ms=107.592381000 roc_wall_ms=114.918084000
sample n=16384 lda=16401 iteration=2 first=cdls cdls_ms=107.148002625 rocsolver_ms=113.921188354 cdls_submit_ms=0.476029000 roc_submit_ms=70.390297000 cdls_wall_ms=107.156823000 roc_wall_ms=113.932864000
sample n=16384 lda=16401 iteration=3 first=rocsolver cdls_ms=107.076568604 rocsolver_ms=114.736793518 cdls_submit_ms=1.337039000 roc_submit_ms=46.969036000 cdls_wall_ms=107.735681000 roc_wall_ms=115.214427000
sample n=16384 lda=16401 iteration=4 first=cdls cdls_ms=107.005172729 rocsolver_ms=114.082717896 cdls_submit_ms=0.504834000 roc_submit_ms=70.454296000 cdls_wall_ms=107.014706000 roc_wall_ms=114.090025000
sample n=16384 lda=16401 iteration=5 first=rocsolver cdls_ms=107.739181519 rocsolver_ms=114.797958374 cdls_submit_ms=1.632641000 roc_submit_ms=46.880019000 cdls_wall_ms=107.981987000 roc_wall_ms=115.258905000
sample n=16384 lda=16401 iteration=6 first=cdls cdls_ms=107.139541626 rocsolver_ms=113.473526001 cdls_submit_ms=0.481317000 roc_submit_ms=70.033200000 cdls_wall_ms=107.148741000 roc_wall_ms=113.483235000
sample n=16384 lda=16401 iteration=7 first=rocsolver cdls_ms=108.479789734 rocsolver_ms=114.957389832 cdls_submit_ms=1.990469000 roc_submit_ms=46.639231000 cdls_wall_ms=108.487722000 roc_wall_ms=114.986739000
sample n=16384 lda=16401 iteration=8 first=cdls cdls_ms=107.107017517 rocsolver_ms=113.941299438 cdls_submit_ms=0.450309000 roc_submit_ms=70.082025000 cdls_wall_ms=107.114929000 roc_wall_ms=113.951583000
sample n=16384 lda=16401 iteration=9 first=rocsolver cdls_ms=107.582618713 rocsolver_ms=115.295677185 cdls_submit_ms=1.328495000 roc_submit_ms=46.778374000 cdls_wall_ms=108.247725000 roc_wall_ms=115.757109000
sample n=16384 lda=16401 iteration=10 first=cdls cdls_ms=107.919181824 rocsolver_ms=114.429283142 cdls_submit_ms=0.499385000 roc_submit_ms=70.360371000 cdls_wall_ms=107.927273000 roc_wall_ms=114.438789000
sample n=16384 lda=16401 iteration=11 first=rocsolver cdls_ms=108.016189575 rocsolver_ms=115.060966492 cdls_submit_ms=1.340493000 roc_submit_ms=46.663218000 cdls_wall_ms=108.682000000 roc_wall_ms=115.523742000
sample n=16384 lda=16401 iteration=12 first=cdls cdls_ms=107.677520752 rocsolver_ms=114.706893921 cdls_submit_ms=0.507808000 roc_submit_ms=70.354533000 cdls_wall_ms=107.685874000 roc_wall_ms=114.716394000
sample n=16384 lda=16401 iteration=13 first=rocsolver cdls_ms=108.621688843 rocsolver_ms=116.080200195 cdls_submit_ms=1.332692000 roc_submit_ms=47.097133000 cdls_wall_ms=109.287167000 roc_wall_ms=116.552187000
sample n=16384 lda=16401 iteration=14 first=cdls cdls_ms=107.138282776 rocsolver_ms=115.280906677 cdls_submit_ms=0.488218000 roc_submit_ms=70.786604000 cdls_wall_ms=107.146378000 roc_wall_ms=115.288140000
sample n=16384 lda=16401 iteration=15 first=rocsolver cdls_ms=108.666687012 rocsolver_ms=115.685775757 cdls_submit_ms=1.362868000 roc_submit_ms=46.760467000 cdls_wall_ms=109.328049000 roc_wall_ms=116.225236000
sample n=16384 lda=16401 iteration=16 first=cdls cdls_ms=108.360313416 rocsolver_ms=115.539146423 cdls_submit_ms=0.496761000 roc_submit_ms=71.099184000 cdls_wall_ms=108.368380000 roc_wall_ms=115.547427000
sample n=16384 lda=16401 iteration=17 first=rocsolver cdls_ms=109.949348450 rocsolver_ms=116.220680237 cdls_submit_ms=2.030300000 roc_submit_ms=47.330730000 cdls_wall_ms=109.958475000 roc_wall_ms=116.229523000
sample n=16384 lda=16401 iteration=18 first=cdls cdls_ms=108.069557190 rocsolver_ms=115.292587280 cdls_submit_ms=0.494117000 roc_submit_ms=70.951337000 cdls_wall_ms=108.077734000 roc_wall_ms=115.302152000
sample n=16384 lda=16401 iteration=19 first=rocsolver cdls_ms=109.241569519 rocsolver_ms=116.906127930 cdls_submit_ms=1.939080000 roc_submit_ms=47.536425000 cdls_wall_ms=109.248468000 roc_wall_ms=116.914172000
sample n=16384 lda=16401 iteration=20 first=cdls cdls_ms=109.138519287 rocsolver_ms=115.325759888 cdls_submit_ms=0.501748000 roc_submit_ms=70.867078000 cdls_wall_ms=109.147162000 roc_wall_ms=115.332097000
sample n=16384 lda=16401 iteration=21 first=rocsolver cdls_ms=109.648643494 rocsolver_ms=116.905700684 cdls_submit_ms=1.327975000 roc_submit_ms=47.267523000 cdls_wall_ms=110.314690000 roc_wall_ms=117.376740000
sample n=16384 lda=16401 iteration=22 first=cdls cdls_ms=108.921585083 rocsolver_ms=115.866928101 cdls_submit_ms=0.481618000 roc_submit_ms=71.134838000 cdls_wall_ms=108.931071000 roc_wall_ms=115.874148000
sample n=16384 lda=16401 iteration=23 first=rocsolver cdls_ms=109.170211792 rocsolver_ms=116.761337280 cdls_submit_ms=1.988476000 roc_submit_ms=47.081008000 cdls_wall_ms=109.177959000 roc_wall_ms=117.224206000
sample n=16384 lda=16401 iteration=24 first=cdls cdls_ms=109.084228516 rocsolver_ms=115.715278625 cdls_submit_ms=0.487536000 roc_submit_ms=71.122570000 cdls_wall_ms=109.092959000 roc_wall_ms=115.722536000
sample n=16384 lda=16401 iteration=25 first=rocsolver cdls_ms=109.137008667 rocsolver_ms=115.993644714 cdls_submit_ms=1.377610000 roc_submit_ms=46.583175000 cdls_wall_ms=109.811540000 roc_wall_ms=116.456550000
sample n=16384 lda=16401 iteration=26 first=cdls cdls_ms=108.950569153 rocsolver_ms=116.091308594 cdls_submit_ms=0.489389000 roc_submit_ms=71.359352000 cdls_wall_ms=108.959324000 roc_wall_ms=116.098852000
sample n=16384 lda=16401 iteration=27 first=rocsolver cdls_ms=108.768112183 rocsolver_ms=116.922584534 cdls_submit_ms=1.410271000 roc_submit_ms=46.627403000 cdls_wall_ms=109.367610000 roc_wall_ms=117.385433000
sample n=16384 lda=16401 iteration=28 first=cdls cdls_ms=109.035202026 rocsolver_ms=115.830352783 cdls_submit_ms=0.486696000 roc_submit_ms=70.949134000 cdls_wall_ms=109.043624000 roc_wall_ms=115.839314000
sample n=16384 lda=16401 iteration=29 first=rocsolver cdls_ms=109.656898499 rocsolver_ms=116.970497131 cdls_submit_ms=1.984671000 roc_submit_ms=46.717081000 cdls_wall_ms=109.664986000 roc_wall_ms=117.435980000
bench n=16384 lda=16401 repeats=30 cdls_median_ms=108.420052 rocsolver_median_ms=115.310719 cdls_mean_ms=108.274104 rocsolver_mean_ms=115.353822 cdls_gflops=27042.016162 workspace_bytes=262152 roc_workspace_bytes=67765440 cdls_submit_ms=0.917891 roc_submit_ms=58.784813 cdls_wall_ms=108.584861 roc_wall_ms=115.535584 rocsolver_gflops=25426.056000 speedup=1.063555
