device=AMD Instinct MI300A arch=gfx942:sramecc+:xnack- HIP=60443484 CUs=228 memory_bytes=137438953472 rocSOLVER=3.28.2.1b897f5 rocBLAS=4.4.1.f08d23e3 baseline=rocsolver_dgetrf_npvt fp64 seed=20261001 method=auto matrix=dense n=64 lda=192 offset=0 warmup=20 repeats=30
validate n=64 lda=192 kind=dense info=7/0 L_rel=2.5493e-17 U_rel=1.2316e-18 residual_scaled=2.4209e-02/2.4209e-02 cpu_residual_scaled=2.3512e-02/2.3513e-02 PASS
sample n=64 lda=192 iteration=0 first=cdls cdls_ms=0.026961001 rocsolver_ms=0.082046002 cdls_submit_ms=0.003115000 roc_submit_ms=0.008694000 cdls_wall_ms=0.040913000 roc_wall_ms=0.090068000
sample n=64 lda=192 iteration=1 first=rocsolver cdls_ms=0.027843000 rocsolver_ms=0.079562001 cdls_submit_ms=0.003195000 roc_submit_ms=0.005859000 cdls_wall_ms=0.036306000 roc_wall_ms=0.086864000
sample n=64 lda=192 iteration=2 first=cdls cdls_ms=0.028243000 rocsolver_ms=0.084128998 cdls_submit_ms=0.002664000 roc_submit_ms=0.011137000 cdls_wall_ms=0.036115000 roc_wall_ms=0.091370000
sample n=64 lda=192 iteration=3 first=rocsolver cdls_ms=0.027602000 rocsolver_ms=0.079442002 cdls_submit_ms=0.002744000 roc_submit_ms=0.006810000 cdls_wall_ms=0.035474000 roc_wall_ms=0.089377000
sample n=64 lda=192 iteration=4 first=cdls cdls_ms=0.028162999 rocsolver_ms=0.082206003 cdls_submit_ms=0.002704000 roc_submit_ms=0.010206000 cdls_wall_ms=0.037277000 roc_wall_ms=0.089457000
sample n=64 lda=192 iteration=5 first=rocsolver cdls_ms=0.027040999 rocsolver_ms=0.078721002 cdls_submit_ms=0.003225000 roc_submit_ms=0.006600000 cdls_wall_ms=0.034823000 roc_wall_ms=0.088145000
sample n=64 lda=192 iteration=6 first=cdls cdls_ms=0.027161000 rocsolver_ms=0.084729001 cdls_submit_ms=0.002644000 roc_submit_ms=0.010165000 cdls_wall_ms=0.034553000 roc_wall_ms=0.091871000
sample n=64 lda=192 iteration=7 first=rocsolver cdls_ms=0.027042000 rocsolver_ms=0.080163002 cdls_submit_ms=0.003135000 roc_submit_ms=0.006850000 cdls_wall_ms=0.036386000 roc_wall_ms=0.090459000
sample n=64 lda=192 iteration=8 first=cdls cdls_ms=0.027082000 rocsolver_ms=0.085290000 cdls_submit_ms=0.002454000 roc_submit_ms=0.012069000 cdls_wall_ms=0.036015000 roc_wall_ms=0.093614000
sample n=64 lda=192 iteration=9 first=rocsolver cdls_ms=0.026760999 rocsolver_ms=0.082927004 cdls_submit_ms=0.003285000 roc_submit_ms=0.010346000 cdls_wall_ms=0.035544000 roc_wall_ms=0.094424000
sample n=64 lda=192 iteration=10 first=cdls cdls_ms=0.026922001 rocsolver_ms=0.082647003 cdls_submit_ms=0.002534000 roc_submit_ms=0.008783000 cdls_wall_ms=0.034002000 roc_wall_ms=0.090027000
sample n=64 lda=192 iteration=11 first=rocsolver cdls_ms=0.026800999 rocsolver_ms=0.079241998 cdls_submit_ms=0.003144000 roc_submit_ms=0.007161000 cdls_wall_ms=0.035505000 roc_wall_ms=0.090378000
sample n=64 lda=192 iteration=12 first=cdls cdls_ms=0.027362000 rocsolver_ms=0.081845999 cdls_submit_ms=0.002744000 roc_submit_ms=0.008643000 cdls_wall_ms=0.035325000 roc_wall_ms=0.089447000
sample n=64 lda=192 iteration=13 first=rocsolver cdls_ms=0.027040999 rocsolver_ms=0.084569998 cdls_submit_ms=0.002974000 roc_submit_ms=0.011297000 cdls_wall_ms=0.035645000 roc_wall_ms=0.093914000
sample n=64 lda=192 iteration=14 first=cdls cdls_ms=0.027081000 rocsolver_ms=0.084729999 cdls_submit_ms=0.002784000 roc_submit_ms=0.011327000 cdls_wall_ms=0.034753000 roc_wall_ms=0.094425000
sample n=64 lda=192 iteration=15 first=rocsolver cdls_ms=0.026520001 rocsolver_ms=0.081285000 cdls_submit_ms=0.003165000 roc_submit_ms=0.007661000 cdls_wall_ms=0.035385000 roc_wall_ms=0.088665000
sample n=64 lda=192 iteration=16 first=cdls cdls_ms=0.026520999 rocsolver_ms=0.083086997 cdls_submit_ms=0.002844000 roc_submit_ms=0.010837000 cdls_wall_ms=0.035514000 roc_wall_ms=0.091641000
sample n=64 lda=192 iteration=17 first=rocsolver cdls_ms=0.026681000 rocsolver_ms=0.078440003 cdls_submit_ms=0.003205000 roc_submit_ms=0.006370000 cdls_wall_ms=0.035073000 roc_wall_ms=0.088575000
sample n=64 lda=192 iteration=18 first=cdls cdls_ms=0.026641000 rocsolver_ms=0.082806997 cdls_submit_ms=0.002123000 roc_submit_ms=0.009414000 cdls_wall_ms=0.034853000 roc_wall_ms=0.090389000
sample n=64 lda=192 iteration=19 first=rocsolver cdls_ms=0.028284000 rocsolver_ms=0.095426001 cdls_submit_ms=0.003545000 roc_submit_ms=0.031258000 cdls_wall_ms=0.035624000 roc_wall_ms=0.105401000
sample n=64 lda=192 iteration=20 first=cdls cdls_ms=0.026881000 rocsolver_ms=0.079641998 cdls_submit_ms=0.002373000 roc_submit_ms=0.007952000 cdls_wall_ms=0.034944000 roc_wall_ms=0.090288000
sample n=64 lda=192 iteration=21 first=rocsolver cdls_ms=0.027042000 rocsolver_ms=0.079001002 cdls_submit_ms=0.003826000 roc_submit_ms=0.006119000 cdls_wall_ms=0.035794000 roc_wall_ms=0.086923000
sample n=64 lda=192 iteration=22 first=cdls cdls_ms=0.026681000 rocsolver_ms=0.084089004 cdls_submit_ms=0.003475000 roc_submit_ms=0.010316000 cdls_wall_ms=0.035955000 roc_wall_ms=0.092622000
sample n=64 lda=192 iteration=23 first=rocsolver cdls_ms=0.027082000 rocsolver_ms=0.077878997 cdls_submit_ms=0.003265000 roc_submit_ms=0.006179000 cdls_wall_ms=0.036286000 roc_wall_ms=0.088776000
sample n=64 lda=192 iteration=24 first=cdls cdls_ms=0.026681000 rocsolver_ms=0.081124000 cdls_submit_ms=0.002493000 roc_submit_ms=0.008794000 cdls_wall_ms=0.035785000 roc_wall_ms=0.090268000
sample n=64 lda=192 iteration=25 first=rocsolver cdls_ms=0.026961001 rocsolver_ms=0.078240000 cdls_submit_ms=0.003255000 roc_submit_ms=0.006610000 cdls_wall_ms=0.035675000 roc_wall_ms=0.087424000
sample n=64 lda=192 iteration=26 first=cdls cdls_ms=0.026800999 rocsolver_ms=0.084288999 cdls_submit_ms=0.002243000 roc_submit_ms=0.009905000 cdls_wall_ms=0.034423000 roc_wall_ms=0.091501000
sample n=64 lda=192 iteration=27 first=rocsolver cdls_ms=0.027000999 rocsolver_ms=0.079602003 cdls_submit_ms=0.002904000 roc_submit_ms=0.006670000 cdls_wall_ms=0.036095000 roc_wall_ms=0.090769000
sample n=64 lda=192 iteration=28 first=cdls cdls_ms=0.026961001 rocsolver_ms=0.088376001 cdls_submit_ms=0.002584000 roc_submit_ms=0.015394000 cdls_wall_ms=0.035454000 roc_wall_ms=0.096789000
sample n=64 lda=192 iteration=29 first=rocsolver cdls_ms=0.027000999 rocsolver_ms=0.089137003 cdls_submit_ms=0.003205000 roc_submit_ms=0.015063000 cdls_wall_ms=0.037117000 roc_wall_ms=0.099713000
bench n=64 lda=192 repeats=30 cdls_median_ms=0.027001 rocsolver_median_ms=0.082126 cdls_mean_ms=0.027095 rocsolver_mean_ms=0.082489 cdls_gflops=6.396208 workspace_bytes=12 roc_workspace_bytes=0 cdls_submit_ms=0.002939 roc_submit_ms=0.008788 cdls_wall_ms=0.035584 roc_wall_ms=0.090384 rocsolver_gflops=2.102915 speedup=3.041591
