device=AMD Instinct MI300A arch=gfx942:sramecc+:xnack- HIP=60443484 CUs=228 memory_bytes=137438953472 rocSOLVER=3.28.2.1b897f5 rocBLAS=4.4.1.f08d23e3 baseline=rocsolver_dgetrf_npvt fp64 seed=20261001 method=auto matrix=dense n=8192 lda=8209 offset=0 warmup=5 repeats=30
validate n=8192 lda=8209 kind=dense info=7/0 L_rel=7.2829e-16 U_rel=2.1479e-15 residual_scaled=1.2306e-03/3.9221e-04 PASS
sample n=8192 lda=8209 iteration=0 first=cdls cdls_ms=19.300727844 rocsolver_ms=26.776382446 cdls_submit_ms=0.231705000 roc_submit_ms=9.651767000 cdls_wall_ms=19.468046000 roc_wall_ms=26.786519000
sample n=8192 lda=8209 iteration=1 first=rocsolver cdls_ms=19.206584930 rocsolver_ms=27.125616074 cdls_submit_ms=0.616464000 roc_submit_ms=13.756125000 cdls_wall_ms=19.534618000 roc_wall_ms=27.136715000
sample n=8192 lda=8209 iteration=2 first=cdls cdls_ms=19.350643158 rocsolver_ms=26.436140060 cdls_submit_ms=0.566769000 roc_submit_ms=9.118179000 cdls_wall_ms=19.359269000 roc_wall_ms=26.444054000
sample n=8192 lda=8209 iteration=3 first=rocsolver cdls_ms=19.276624680 rocsolver_ms=27.084207535 cdls_submit_ms=0.564114000 roc_submit_ms=13.933407000 cdls_wall_ms=19.612217000 roc_wall_ms=27.361670000
sample n=8192 lda=8209 iteration=4 first=cdls cdls_ms=18.989061356 rocsolver_ms=26.682268143 cdls_submit_ms=0.480205000 roc_submit_ms=9.256962000 cdls_wall_ms=18.997996000 roc_wall_ms=26.690301000
sample n=8192 lda=8209 iteration=5 first=rocsolver cdls_ms=19.362993240 rocsolver_ms=27.207092285 cdls_submit_ms=0.622654000 roc_submit_ms=13.651204000 cdls_wall_ms=19.712040000 roc_wall_ms=27.522095000
sample n=8192 lda=8209 iteration=6 first=cdls cdls_ms=19.196887970 rocsolver_ms=26.531976700 cdls_submit_ms=0.496330000 roc_submit_ms=9.344797000 cdls_wall_ms=19.204863000 roc_wall_ms=26.540431000
sample n=8192 lda=8209 iteration=7 first=rocsolver cdls_ms=19.412340164 rocsolver_ms=27.178508759 cdls_submit_ms=0.565627000 roc_submit_ms=13.720941000 cdls_wall_ms=19.719792000 roc_wall_ms=27.499701000
sample n=8192 lda=8209 iteration=8 first=cdls cdls_ms=19.398347855 rocsolver_ms=26.684129715 cdls_submit_ms=0.443610000 roc_submit_ms=9.030155000 cdls_wall_ms=19.406712000 roc_wall_ms=26.691523000
sample n=8192 lda=8209 iteration=9 first=rocsolver cdls_ms=19.556100845 rocsolver_ms=27.160259247 cdls_submit_ms=0.836752000 roc_submit_ms=11.953173000 cdls_wall_ms=19.566197000 roc_wall_ms=27.432548000
sample n=8192 lda=8209 iteration=10 first=cdls cdls_ms=19.114191055 rocsolver_ms=26.703027725 cdls_submit_ms=0.399352000 roc_submit_ms=9.357657000 cdls_wall_ms=19.122557000 roc_wall_ms=26.712164000
sample n=8192 lda=8209 iteration=11 first=rocsolver cdls_ms=19.113502502 rocsolver_ms=27.224498749 cdls_submit_ms=0.556132000 roc_submit_ms=13.358787000 cdls_wall_ms=19.419672000 roc_wall_ms=27.540774000
sample n=8192 lda=8209 iteration=12 first=cdls cdls_ms=19.113811493 rocsolver_ms=26.493127823 cdls_submit_ms=0.440475000 roc_submit_ms=9.032898000 cdls_wall_ms=19.122096000 roc_wall_ms=26.500821000
sample n=8192 lda=8209 iteration=13 first=rocsolver cdls_ms=19.802007675 rocsolver_ms=27.296979904 cdls_submit_ms=0.843202000 roc_submit_ms=12.046136000 cdls_wall_ms=19.811473000 roc_wall_ms=27.569649000
sample n=8192 lda=8209 iteration=14 first=cdls cdls_ms=19.346220016 rocsolver_ms=26.791795731 cdls_submit_ms=0.339891000 roc_submit_ms=9.119572000 cdls_wall_ms=19.353862000 roc_wall_ms=26.798877000
sample n=8192 lda=8209 iteration=15 first=rocsolver cdls_ms=19.294088364 rocsolver_ms=27.319803238 cdls_submit_ms=0.512064000 roc_submit_ms=12.598071000 cdls_wall_ms=19.314822000 roc_wall_ms=27.612324000
sample n=8192 lda=8209 iteration=16 first=cdls cdls_ms=19.308269501 rocsolver_ms=26.623748779 cdls_submit_ms=0.394034000 roc_submit_ms=9.036073000 cdls_wall_ms=19.475047000 roc_wall_ms=26.632172000
sample n=8192 lda=8209 iteration=17 first=rocsolver cdls_ms=19.404127121 rocsolver_ms=27.351152420 cdls_submit_ms=0.685080000 roc_submit_ms=11.798957000 cdls_wall_ms=19.413132000 roc_wall_ms=27.360067000
sample n=8192 lda=8209 iteration=18 first=cdls cdls_ms=19.218292236 rocsolver_ms=26.651939392 cdls_submit_ms=0.431010000 roc_submit_ms=9.152612000 cdls_wall_ms=19.225574000 roc_wall_ms=26.660816000
sample n=8192 lda=8209 iteration=19 first=rocsolver cdls_ms=19.250000000 rocsolver_ms=27.405164719 cdls_submit_ms=0.668945000 roc_submit_ms=12.123363000 cdls_wall_ms=19.257483000 roc_wall_ms=27.675320000
sample n=8192 lda=8209 iteration=20 first=cdls cdls_ms=19.255779266 rocsolver_ms=26.670919418 cdls_submit_ms=0.436158000 roc_submit_ms=9.113202000 cdls_wall_ms=19.264444000 roc_wall_ms=26.679685000
sample n=8192 lda=8209 iteration=21 first=rocsolver cdls_ms=19.296461105 rocsolver_ms=27.257867813 cdls_submit_ms=0.607421000 roc_submit_ms=11.812006000 cdls_wall_ms=19.565466000 roc_wall_ms=27.538641000
sample n=8192 lda=8209 iteration=22 first=cdls cdls_ms=19.156787872 rocsolver_ms=26.691732407 cdls_submit_ms=0.426754000 roc_submit_ms=9.234247000 cdls_wall_ms=19.165052000 roc_wall_ms=26.699646000
sample n=8192 lda=8209 iteration=23 first=rocsolver cdls_ms=19.720172882 rocsolver_ms=27.390052795 cdls_submit_ms=0.866258000 roc_submit_ms=12.833292000 cdls_wall_ms=19.727854000 roc_wall_ms=27.689001000
sample n=8192 lda=8209 iteration=24 first=cdls cdls_ms=18.951513290 rocsolver_ms=26.583175659 cdls_submit_ms=0.186967000 roc_submit_ms=9.087482000 cdls_wall_ms=18.958326000 roc_wall_ms=26.591720000
sample n=8192 lda=8209 iteration=25 first=rocsolver cdls_ms=19.422456741 rocsolver_ms=27.303268433 cdls_submit_ms=0.597636000 roc_submit_ms=12.016470000 cdls_wall_ms=19.696867000 roc_wall_ms=27.585863000
sample n=8192 lda=8209 iteration=26 first=cdls cdls_ms=19.354179382 rocsolver_ms=26.723289490 cdls_submit_ms=0.459384000 roc_submit_ms=9.058257000 cdls_wall_ms=19.362034000 roc_wall_ms=26.730152000
sample n=8192 lda=8209 iteration=27 first=rocsolver cdls_ms=19.307949066 rocsolver_ms=27.438056946 cdls_submit_ms=0.715005000 roc_submit_ms=11.941145000 cdls_wall_ms=19.316714000 roc_wall_ms=27.718387000
sample n=8192 lda=8209 iteration=28 first=cdls cdls_ms=19.418399811 rocsolver_ms=26.667743683 cdls_submit_ms=0.417640000 roc_submit_ms=9.037366000 cdls_wall_ms=19.426442000 roc_wall_ms=26.676911000
sample n=8192 lda=8209 iteration=29 first=rocsolver cdls_ms=19.317975998 rocsolver_ms=27.438646317 cdls_submit_ms=0.528039000 roc_submit_ms=11.943388000 cdls_wall_ms=19.557954000 roc_wall_ms=27.715722000
bench n=8192 lda=8209 repeats=30 cdls_median_ms=19.304338 rocsolver_median_ms=26.938002 cdls_mean_ms=19.307217 rocsolver_mean_ms=26.963086 cdls_gflops=18983.832105 workspace_bytes=65544 roc_workspace_bytes=34145472 cdls_submit_ms=0.520051 roc_submit_ms=10.725362 cdls_wall_ms=19.409922 roc_wall_ms=26.967796 rocsolver_gflops=13604.213302 speedup=1.395438
