device=AMD Instinct MI300A arch=gfx942:sramecc+:xnack- HIP=60443484 CUs=228 memory_bytes=137438953472 rocSOLVER=3.28.2.1b897f5 rocBLAS=4.4.1.f08d23e3 baseline=rocsolver_dgetrf fp64 seed=20261001 method=auto matrix=dense n=16384 lda=16384 offset=0 warmup=5 repeats=20
validate n=16384 lda=16384 kind=dense info=7/0 L_rel=5.5115e-16 U_rel=1.6844e-15 residual_scaled=4.9962e-04/2.0775e-04 PASS
sample n=16384 lda=16384 iteration=0 first=cdls cdls_ms=102.073120117 rocsolver_ms=300.039337158 cdls_submit_ms=0.720375000 roc_submit_ms=298.334107000 cdls_wall_ms=102.090552000 roc_wall_ms=300.046214000
sample n=16384 lda=16384 iteration=1 first=rocsolver cdls_ms=101.735809326 rocsolver_ms=295.893005371 cdls_submit_ms=0.771473000 roc_submit_ms=294.384536000 cdls_wall_ms=101.742957000 roc_wall_ms=295.899941000
sample n=16384 lda=16384 iteration=2 first=cdls cdls_ms=102.210029602 rocsolver_ms=298.308593750 cdls_submit_ms=0.779706000 roc_submit_ms=296.496185000 cdls_wall_ms=102.219489000 roc_wall_ms=298.317090000
sample n=16384 lda=16384 iteration=3 first=rocsolver cdls_ms=102.902725220 rocsolver_ms=296.924957275 cdls_submit_ms=0.816172000 roc_submit_ms=295.255202000 cdls_wall_ms=102.911019000 roc_wall_ms=296.932075000
sample n=16384 lda=16384 iteration=4 first=cdls cdls_ms=102.434654236 rocsolver_ms=300.373748779 cdls_submit_ms=0.694546000 roc_submit_ms=298.571568000 cdls_wall_ms=102.443813000 roc_wall_ms=300.383729000
sample n=16384 lda=16384 iteration=5 first=rocsolver cdls_ms=101.565635681 rocsolver_ms=298.993713379 cdls_submit_ms=0.691571000 roc_submit_ms=297.498773000 cdls_wall_ms=101.574759000 roc_wall_ms=299.001218000
sample n=16384 lda=16384 iteration=6 first=cdls cdls_ms=102.277236938 rocsolver_ms=300.233551025 cdls_submit_ms=0.733776000 roc_submit_ms=298.425323000 cdls_wall_ms=102.285600000 roc_wall_ms=300.241790000
sample n=16384 lda=16384 iteration=7 first=rocsolver cdls_ms=103.703834534 rocsolver_ms=301.256530762 cdls_submit_ms=0.787147000 roc_submit_ms=299.767522000 cdls_wall_ms=103.713761000 roc_wall_ms=301.267894000
sample n=16384 lda=16384 iteration=8 first=cdls cdls_ms=103.011718750 rocsolver_ms=303.833282471 cdls_submit_ms=0.883967000 roc_submit_ms=302.470819000 cdls_wall_ms=103.020417000 roc_wall_ms=303.844496000
sample n=16384 lda=16384 iteration=9 first=rocsolver cdls_ms=103.257308960 rocsolver_ms=297.853759766 cdls_submit_ms=1.362911000 roc_submit_ms=296.562334000 cdls_wall_ms=103.272063000 roc_wall_ms=297.868026000
sample n=16384 lda=16384 iteration=10 first=cdls cdls_ms=104.063171387 rocsolver_ms=305.913970947 cdls_submit_ms=0.847711000 roc_submit_ms=304.331273000 cdls_wall_ms=104.074784000 roc_wall_ms=305.926180000
sample n=16384 lda=16384 iteration=11 first=rocsolver cdls_ms=103.165336609 rocsolver_ms=299.276062012 cdls_submit_ms=1.120008000 roc_submit_ms=297.993208000 cdls_wall_ms=103.177046000 roc_wall_ms=299.289527000
sample n=16384 lda=16384 iteration=12 first=cdls cdls_ms=103.100341797 rocsolver_ms=299.223114014 cdls_submit_ms=0.779836000 roc_submit_ms=297.817678000 cdls_wall_ms=103.108872000 roc_wall_ms=299.233030000
sample n=16384 lda=16384 iteration=13 first=rocsolver cdls_ms=104.275344849 rocsolver_ms=298.520050049 cdls_submit_ms=1.070172000 roc_submit_ms=297.029679000 cdls_wall_ms=104.285096000 roc_wall_ms=298.532054000
sample n=16384 lda=16384 iteration=14 first=cdls cdls_ms=103.187728882 rocsolver_ms=299.131164551 cdls_submit_ms=0.781369000 roc_submit_ms=297.552500000 cdls_wall_ms=103.197227000 roc_wall_ms=299.143201000
sample n=16384 lda=16384 iteration=15 first=rocsolver cdls_ms=104.203521729 rocsolver_ms=311.521209717 cdls_submit_ms=0.779326000 roc_submit_ms=310.196128000 cdls_wall_ms=104.213196000 roc_wall_ms=311.530545000
sample n=16384 lda=16384 iteration=16 first=cdls cdls_ms=103.994773865 rocsolver_ms=305.715393066 cdls_submit_ms=0.912450000 roc_submit_ms=304.560980000 cdls_wall_ms=104.005727000 roc_wall_ms=305.724556000
sample n=16384 lda=16384 iteration=17 first=rocsolver cdls_ms=104.900581360 rocsolver_ms=308.060577393 cdls_submit_ms=0.978511000 roc_submit_ms=306.683117000 cdls_wall_ms=104.910405000 roc_wall_ms=308.075523000
sample n=16384 lda=16384 iteration=18 first=cdls cdls_ms=103.271064758 rocsolver_ms=311.662322998 cdls_submit_ms=0.826548000 roc_submit_ms=310.497869000 cdls_wall_ms=103.280073000 roc_wall_ms=311.672100000
sample n=16384 lda=16384 iteration=19 first=rocsolver cdls_ms=103.404029846 rocsolver_ms=308.243286133 cdls_submit_ms=1.051073000 roc_submit_ms=307.010088000 cdls_wall_ms=103.412637000 roc_wall_ms=308.257201000
bench n=16384 lda=16384 repeats=20 cdls_median_ms=103.176533 rocsolver_median_ms=300.136444 cdls_mean_ms=103.136898 rocsolver_mean_ms=302.048882 cdls_gflops=28416.314339 workspace_bytes=262152 roc_workspace_bytes=67831040 cdls_submit_ms=0.801659 roc_submit_ms=298.379715 cdls_wall_ms=103.187137 roc_wall_ms=300.144002 rocsolver_gflops=9768.546422 speedup=2.908960
