device=AMD Instinct MI300A arch=gfx942:sramecc+:xnack- HIP=60443484 CUs=228 memory_bytes=137438953472 rocSOLVER=3.28.2.1b897f5 rocBLAS=4.4.1.f08d23e3 baseline=rocsolver_dgetrf fp64 seed=20261001 method=auto matrix=dense n=16384 lda=16384 offset=0 warmup=5 repeats=20
validate n=16384 lda=16384 kind=dense info=7/0 L_rel=5.5115e-16 U_rel=1.6844e-15 residual_scaled=4.9962e-04/2.0775e-04 PASS
sample n=16384 lda=16384 iteration=0 first=cdls cdls_ms=102.128417969 rocsolver_ms=299.348083496 cdls_submit_ms=0.592439000 roc_submit_ms=297.781492000 cdls_wall_ms=102.144163000 roc_wall_ms=299.355146000
sample n=16384 lda=16384 iteration=1 first=rocsolver cdls_ms=101.950279236 rocsolver_ms=300.932556152 cdls_submit_ms=0.648084000 roc_submit_ms=299.288884000 cdls_wall_ms=101.957517000 roc_wall_ms=300.941169000
sample n=16384 lda=16384 iteration=2 first=cdls cdls_ms=101.328895569 rocsolver_ms=297.886047363 cdls_submit_ms=0.746675000 roc_submit_ms=296.192464000 cdls_wall_ms=101.336935000 roc_wall_ms=297.893673000
sample n=16384 lda=16384 iteration=3 first=rocsolver cdls_ms=102.492439270 rocsolver_ms=298.734313965 cdls_submit_ms=0.694355000 roc_submit_ms=297.236115000 cdls_wall_ms=102.499599000 roc_wall_ms=298.741524000
sample n=16384 lda=16384 iteration=4 first=cdls cdls_ms=101.993927002 rocsolver_ms=300.326263428 cdls_submit_ms=0.723130000 roc_submit_ms=298.716445000 cdls_wall_ms=102.003207000 roc_wall_ms=300.335278000
sample n=16384 lda=16384 iteration=5 first=rocsolver cdls_ms=102.483924866 rocsolver_ms=298.372467041 cdls_submit_ms=0.652672000 roc_submit_ms=297.015215000 cdls_wall_ms=102.494000000 roc_wall_ms=298.381060000
sample n=16384 lda=16384 iteration=6 first=cdls cdls_ms=102.133270264 rocsolver_ms=300.560241699 cdls_submit_ms=0.731832000 roc_submit_ms=298.987389000 cdls_wall_ms=102.142981000 roc_wall_ms=300.568154000
sample n=16384 lda=16384 iteration=7 first=rocsolver cdls_ms=102.841773987 rocsolver_ms=299.910705566 cdls_submit_ms=0.631629000 roc_submit_ms=298.267235000 cdls_wall_ms=102.857356000 roc_wall_ms=299.918498000
sample n=16384 lda=16384 iteration=8 first=cdls cdls_ms=102.300102234 rocsolver_ms=300.080841064 cdls_submit_ms=0.791724000 roc_submit_ms=298.519351000 cdls_wall_ms=102.307953000 roc_wall_ms=300.088097000
sample n=16384 lda=16384 iteration=9 first=rocsolver cdls_ms=101.963638306 rocsolver_ms=298.427490234 cdls_submit_ms=0.648996000 roc_submit_ms=296.852133000 cdls_wall_ms=101.971197000 roc_wall_ms=298.435753000
sample n=16384 lda=16384 iteration=10 first=cdls cdls_ms=102.615699768 rocsolver_ms=301.511138916 cdls_submit_ms=0.761538000 roc_submit_ms=299.969434000 cdls_wall_ms=102.624990000 roc_wall_ms=301.518531000
sample n=16384 lda=16384 iteration=11 first=rocsolver cdls_ms=102.453689575 rocsolver_ms=300.566833496 cdls_submit_ms=0.594962000 roc_submit_ms=298.958063000 cdls_wall_ms=102.462951000 roc_wall_ms=300.574212000
sample n=16384 lda=16384 iteration=12 first=cdls cdls_ms=102.983520508 rocsolver_ms=298.404083252 cdls_submit_ms=0.784644000 roc_submit_ms=296.928750000 cdls_wall_ms=102.990480000 roc_wall_ms=298.413988000
sample n=16384 lda=16384 iteration=13 first=rocsolver cdls_ms=102.941238403 rocsolver_ms=299.809234619 cdls_submit_ms=0.587832000 roc_submit_ms=298.132936000 cdls_wall_ms=102.953804000 roc_wall_ms=299.818130000
sample n=16384 lda=16384 iteration=14 first=cdls cdls_ms=103.236335754 rocsolver_ms=299.945190430 cdls_submit_ms=0.787698000 roc_submit_ms=298.136562000 cdls_wall_ms=103.246193000 roc_wall_ms=299.953909000
sample n=16384 lda=16384 iteration=15 first=rocsolver cdls_ms=102.679534912 rocsolver_ms=299.882263184 cdls_submit_ms=0.593981000 roc_submit_ms=298.120597000 cdls_wall_ms=102.687586000 roc_wall_ms=299.889640000
sample n=16384 lda=16384 iteration=16 first=cdls cdls_ms=103.007011414 rocsolver_ms=298.636108398 cdls_submit_ms=0.759955000 roc_submit_ms=297.058006000 cdls_wall_ms=103.017882000 roc_wall_ms=298.642957000
sample n=16384 lda=16384 iteration=17 first=rocsolver cdls_ms=102.701942444 rocsolver_ms=299.841308594 cdls_submit_ms=0.616806000 roc_submit_ms=298.296496000 cdls_wall_ms=102.708887000 roc_wall_ms=299.850439000
sample n=16384 lda=16384 iteration=18 first=cdls cdls_ms=103.102912903 rocsolver_ms=298.743072510 cdls_submit_ms=0.801729000 roc_submit_ms=297.156266000 cdls_wall_ms=103.110914000 roc_wall_ms=298.750181000
sample n=16384 lda=16384 iteration=19 first=rocsolver cdls_ms=102.976707458 rocsolver_ms=300.571197510 cdls_submit_ms=0.670819000 roc_submit_ms=298.825316000 cdls_wall_ms=102.985622000 roc_wall_ms=300.578715000
bench n=16384 lda=16384 repeats=20 cdls_median_ms=102.554070 rocsolver_median_ms=299.861786 cdls_mean_ms=102.515763 rocsolver_mean_ms=299.624472 cdls_gflops=28588.790291 workspace_bytes=262152 roc_workspace_bytes=67831040 cdls_submit_ms=0.682587 roc_submit_ms=298.134749 cdls_wall_ms=102.562295 roc_wall_ms=299.870039 rocsolver_gflops=9777.493915 speedup=2.923938
