device=AMD Instinct MI300A arch=gfx942:sramecc+:xnack- HIP=60443484 CUs=228 memory_bytes=137438953472 rocSOLVER=3.28.2.1b897f5 rocBLAS=4.4.1.f08d23e3 baseline=rocsolver_dgetrf fp64 seed=20261001 method=auto matrix=dense n=8192 lda=8192 offset=0 warmup=5 repeats=20
validate n=8192 lda=8192 kind=dense info=7/0 L_rel=7.1539e-16 U_rel=2.1336e-15 residual_scaled=1.2306e-03/3.9620e-04 PASS
sample n=8192 lda=8192 iteration=0 first=cdls cdls_ms=18.420904160 rocsolver_ms=113.556365967 cdls_submit_ms=0.260108000 roc_submit_ms=110.884964000 cdls_wall_ms=18.440264000 roc_wall_ms=113.565209000
sample n=8192 lda=8192 iteration=1 first=rocsolver cdls_ms=18.554555893 rocsolver_ms=112.588478088 cdls_submit_ms=0.725721000 roc_submit_ms=109.967359000 cdls_wall_ms=18.562431000 roc_wall_ms=112.597978000
sample n=8192 lda=8192 iteration=2 first=cdls cdls_ms=18.266286850 rocsolver_ms=112.590476990 cdls_submit_ms=0.203001000 roc_submit_ms=109.636302000 cdls_wall_ms=18.274820000 roc_wall_ms=112.599250000
sample n=8192 lda=8192 iteration=3 first=rocsolver cdls_ms=18.752500534 rocsolver_ms=112.812316895 cdls_submit_ms=0.705110000 roc_submit_ms=109.937613000 cdls_wall_ms=18.761165000 roc_wall_ms=112.942225000
sample n=8192 lda=8192 iteration=4 first=cdls cdls_ms=18.384248734 rocsolver_ms=125.725395203 cdls_submit_ms=0.182840000 roc_submit_ms=123.290195000 cdls_wall_ms=18.394884000 roc_wall_ms=125.734088000
sample n=8192 lda=8192 iteration=5 first=rocsolver cdls_ms=18.529869080 rocsolver_ms=113.683357239 cdls_submit_ms=0.452103000 roc_submit_ms=110.921801000 cdls_wall_ms=18.537994000 roc_wall_ms=113.693175000
sample n=8192 lda=8192 iteration=6 first=cdls cdls_ms=18.507635117 rocsolver_ms=112.593421936 cdls_submit_ms=0.171152000 roc_submit_ms=109.890161000 cdls_wall_ms=18.515960000 roc_wall_ms=112.602245000
sample n=8192 lda=8192 iteration=7 first=rocsolver cdls_ms=18.556659698 rocsolver_ms=113.615806580 cdls_submit_ms=0.657537000 roc_submit_ms=110.874889000 cdls_wall_ms=18.564985000 roc_wall_ms=113.625653000
sample n=8192 lda=8192 iteration=8 first=cdls cdls_ms=18.375823975 rocsolver_ms=125.599067688 cdls_submit_ms=0.201598000 roc_submit_ms=123.093944000 cdls_wall_ms=18.383156000 roc_wall_ms=125.605921000
sample n=8192 lda=8192 iteration=9 first=rocsolver cdls_ms=18.497529984 rocsolver_ms=113.022865295 cdls_submit_ms=0.482128000 roc_submit_ms=110.241088000 cdls_wall_ms=18.719762000 roc_wall_ms=113.030501000
sample n=8192 lda=8192 iteration=10 first=cdls cdls_ms=18.430747986 rocsolver_ms=115.412940979 cdls_submit_ms=0.202951000 roc_submit_ms=112.677390000 cdls_wall_ms=18.437469000 roc_wall_ms=115.419519000
sample n=8192 lda=8192 iteration=11 first=rocsolver cdls_ms=18.731588364 rocsolver_ms=113.765159607 cdls_submit_ms=0.360171000 roc_submit_ms=110.903893000 cdls_wall_ms=18.740564000 roc_wall_ms=113.773619000
sample n=8192 lda=8192 iteration=12 first=cdls cdls_ms=18.321500778 rocsolver_ms=124.175407410 cdls_submit_ms=0.186435000 roc_submit_ms=121.845912000 cdls_wall_ms=18.329584000 roc_wall_ms=124.184004000
sample n=8192 lda=8192 iteration=13 first=rocsolver cdls_ms=18.699649811 rocsolver_ms=112.181938171 cdls_submit_ms=0.679220000 roc_submit_ms=109.474905000 cdls_wall_ms=18.708624000 roc_wall_ms=112.189162000
sample n=8192 lda=8192 iteration=14 first=cdls cdls_ms=18.525272369 rocsolver_ms=116.376434326 cdls_submit_ms=0.190652000 roc_submit_ms=113.726617000 cdls_wall_ms=18.533196000 roc_wall_ms=116.382665000
sample n=8192 lda=8192 iteration=15 first=rocsolver cdls_ms=18.741975784 rocsolver_ms=112.338264465 cdls_submit_ms=0.653140000 roc_submit_ms=109.518191000 cdls_wall_ms=18.750649000 roc_wall_ms=112.348256000
sample n=8192 lda=8192 iteration=16 first=cdls cdls_ms=18.633028030 rocsolver_ms=112.885192871 cdls_submit_ms=0.195209000 roc_submit_ms=109.955551000 cdls_wall_ms=18.641332000 roc_wall_ms=112.894333000
sample n=8192 lda=8192 iteration=17 first=rocsolver cdls_ms=18.705438614 rocsolver_ms=112.208732605 cdls_submit_ms=0.646811000 roc_submit_ms=109.430277000 cdls_wall_ms=18.714164000 roc_wall_ms=112.217245000
sample n=8192 lda=8192 iteration=18 first=cdls cdls_ms=18.398038864 rocsolver_ms=116.150032043 cdls_submit_ms=0.180647000 roc_submit_ms=113.492238000 cdls_wall_ms=18.407854000 roc_wall_ms=116.158521000
sample n=8192 lda=8192 iteration=19 first=rocsolver cdls_ms=18.725000381 rocsolver_ms=113.751373291 cdls_submit_ms=0.654362000 roc_submit_ms=110.965327000 cdls_wall_ms=18.734234000 roc_wall_ms=113.761540000
bench n=8192 lda=8192 repeats=20 cdls_median_ms=18.527571 rocsolver_median_ms=113.586086 cdls_mean_ms=18.537913 rocsolver_mean_ms=115.251651 cdls_gflops=19779.728577 workspace_bytes=65544 roc_workspace_bytes=34178304 cdls_submit_ms=0.310140 roc_submit_ms=110.879926 cdls_wall_ms=18.550213 roc_wall_ms=113.595431 rocsolver_gflops=3226.366293 speedup=6.130652
