device=AMD Instinct MI300A arch=gfx942:sramecc+:xnack- HIP=60443484 CUs=228 memory_bytes=137438953472 rocSOLVER=3.28.2.1b897f5 rocBLAS=4.4.1.f08d23e3 baseline=rocsolver_dgetrf fp64 seed=20261001 method=auto matrix=dense n=64 lda=64 offset=0 warmup=20 repeats=20
validate n=64 lda=64 kind=dense info=7/0 L_rel=2.5493e-17 U_rel=1.2316e-18 residual_scaled=2.4209e-02/2.4209e-02 cpu_residual_scaled=2.3512e-02/2.3513e-02 PASS
sample n=64 lda=64 iteration=0 first=cdls cdls_ms=0.026440000 rocsolver_ms=0.151271999 cdls_submit_ms=0.002394000 roc_submit_ms=0.005539000 cdls_wall_ms=0.041083000 roc_wall_ms=0.160877000
sample n=64 lda=64 iteration=1 first=rocsolver cdls_ms=0.027241999 rocsolver_ms=0.148387998 cdls_submit_ms=0.002413000 roc_submit_ms=0.005528000 cdls_wall_ms=0.035725000 roc_wall_ms=0.157662000
sample n=64 lda=64 iteration=2 first=cdls cdls_ms=0.026480000 rocsolver_ms=0.150230005 cdls_submit_ms=0.002404000 roc_submit_ms=0.008413000 cdls_wall_ms=0.035524000 roc_wall_ms=0.159364000
sample n=64 lda=64 iteration=3 first=rocsolver cdls_ms=0.027040999 rocsolver_ms=0.153835997 cdls_submit_ms=0.002184000 roc_submit_ms=0.008514000 cdls_wall_ms=0.036976000 roc_wall_ms=0.161948000
sample n=64 lda=64 iteration=4 first=cdls cdls_ms=0.026441000 rocsolver_ms=0.151631996 cdls_submit_ms=0.002414000 roc_submit_ms=0.008473000 cdls_wall_ms=0.035304000 roc_wall_ms=0.160336000
sample n=64 lda=64 iteration=5 first=rocsolver cdls_ms=0.027121000 rocsolver_ms=0.149709001 cdls_submit_ms=0.002414000 roc_submit_ms=0.007061000 cdls_wall_ms=0.036056000 roc_wall_ms=0.160015000
sample n=64 lda=64 iteration=6 first=cdls cdls_ms=0.026360000 rocsolver_ms=0.151672006 cdls_submit_ms=0.002094000 roc_submit_ms=0.009054000 cdls_wall_ms=0.035354000 roc_wall_ms=0.160065000
sample n=64 lda=64 iteration=7 first=rocsolver cdls_ms=0.027522000 rocsolver_ms=0.149307996 cdls_submit_ms=0.002394000 roc_submit_ms=0.006651000 cdls_wall_ms=0.035204000 roc_wall_ms=0.157892000
sample n=64 lda=64 iteration=8 first=cdls cdls_ms=0.026760999 rocsolver_ms=0.152873993 cdls_submit_ms=0.002484000 roc_submit_ms=0.009745000 cdls_wall_ms=0.034533000 roc_wall_ms=0.161397000
sample n=64 lda=64 iteration=9 first=rocsolver cdls_ms=0.027481999 rocsolver_ms=0.151511997 cdls_submit_ms=0.002163000 roc_submit_ms=0.006771000 cdls_wall_ms=0.036205000 roc_wall_ms=0.158303000
sample n=64 lda=64 iteration=10 first=cdls cdls_ms=0.026881000 rocsolver_ms=0.150230005 cdls_submit_ms=0.002314000 roc_submit_ms=0.008844000 cdls_wall_ms=0.035555000 roc_wall_ms=0.159375000
sample n=64 lda=64 iteration=11 first=rocsolver cdls_ms=0.026721001 rocsolver_ms=0.149990007 cdls_submit_ms=0.002363000 roc_submit_ms=0.006100000 cdls_wall_ms=0.036336000 roc_wall_ms=0.161197000
sample n=64 lda=64 iteration=12 first=cdls cdls_ms=0.026760999 rocsolver_ms=0.151993006 cdls_submit_ms=0.002394000 roc_submit_ms=0.007902000 cdls_wall_ms=0.035825000 roc_wall_ms=0.160145000
sample n=64 lda=64 iteration=13 first=rocsolver cdls_ms=0.026600000 rocsolver_ms=0.149388000 cdls_submit_ms=0.002203000 roc_submit_ms=0.006259000 cdls_wall_ms=0.034924000 roc_wall_ms=0.157101000
sample n=64 lda=64 iteration=14 first=cdls cdls_ms=0.026802000 rocsolver_ms=0.153514996 cdls_submit_ms=0.002524000 roc_submit_ms=0.009876000 cdls_wall_ms=0.034613000 roc_wall_ms=0.161237000
sample n=64 lda=64 iteration=15 first=rocsolver cdls_ms=0.026760999 rocsolver_ms=0.150230005 cdls_submit_ms=0.002154000 roc_submit_ms=0.006320000 cdls_wall_ms=0.034894000 roc_wall_ms=0.160436000
sample n=64 lda=64 iteration=16 first=cdls cdls_ms=0.026721001 rocsolver_ms=0.152113006 cdls_submit_ms=0.002363000 roc_submit_ms=0.008403000 cdls_wall_ms=0.034624000 roc_wall_ms=0.159445000
sample n=64 lda=64 iteration=17 first=rocsolver cdls_ms=0.026681000 rocsolver_ms=0.150189996 cdls_submit_ms=0.002303000 roc_submit_ms=0.006119000 cdls_wall_ms=0.034073000 roc_wall_ms=0.157341000
sample n=64 lda=64 iteration=18 first=cdls cdls_ms=0.026800999 rocsolver_ms=0.153514996 cdls_submit_ms=0.002845000 roc_submit_ms=0.009304000 cdls_wall_ms=0.034824000 roc_wall_ms=0.161387000
sample n=64 lda=64 iteration=19 first=rocsolver cdls_ms=0.026360000 rocsolver_ms=0.165252998 cdls_submit_ms=0.003235000 roc_submit_ms=0.020461000 cdls_wall_ms=0.035925000 roc_wall_ms=0.175409000
bench n=64 lda=64 repeats=20 cdls_median_ms=0.026761 rocsolver_median_ms=0.151392 cdls_mean_ms=0.026799 rocsolver_mean_ms=0.151843 cdls_gflops=6.453571 workspace_bytes=12 roc_workspace_bytes=0 cdls_submit_ms=0.002394 roc_submit_ms=0.008153 cdls_wall_ms=0.035439 roc_wall_ms=0.160105 rocsolver_gflops=1.140774 speedup=5.657188
