device=AMD Instinct MI300A arch=gfx942:sramecc+:xnack- HIP=60443484 CUs=228 memory_bytes=137438953472 rocSOLVER=3.28.2.1b897f5 rocBLAS=4.4.1.f08d23e3 baseline=rocsolver_dgetrf fp64 seed=20261001 method=auto matrix=dense n=8192 lda=8192 offset=0 warmup=5 repeats=20
validate n=8192 lda=8192 kind=dense info=7/0 L_rel=7.1539e-16 U_rel=2.1336e-15 residual_scaled=1.2306e-03/3.9620e-04 PASS
sample n=8192 lda=8192 iteration=0 first=cdls cdls_ms=18.729991913 rocsolver_ms=113.617897034 cdls_submit_ms=0.602024000 roc_submit_ms=110.785478000 cdls_wall_ms=18.746770000 roc_wall_ms=113.625205000
sample n=8192 lda=8192 iteration=1 first=rocsolver cdls_ms=18.523185730 rocsolver_ms=114.357521057 cdls_submit_ms=0.364730000 roc_submit_ms=111.282140000 cdls_wall_ms=18.531600000 roc_wall_ms=114.367123000
sample n=8192 lda=8192 iteration=2 first=cdls cdls_ms=18.514303207 rocsolver_ms=117.286560059 cdls_submit_ms=0.197363000 roc_submit_ms=114.478414000 cdls_wall_ms=18.521845000 roc_wall_ms=117.295355000
sample n=8192 lda=8192 iteration=3 first=rocsolver cdls_ms=18.620384216 rocsolver_ms=115.417320251 cdls_submit_ms=0.613711000 roc_submit_ms=112.574183000 cdls_wall_ms=18.628609000 roc_wall_ms=115.425798000
sample n=8192 lda=8192 iteration=4 first=cdls cdls_ms=18.580533981 rocsolver_ms=124.709144592 cdls_submit_ms=0.201328000 roc_submit_ms=121.925429000 cdls_wall_ms=18.588568000 roc_wall_ms=124.716531000
sample n=8192 lda=8192 iteration=5 first=rocsolver cdls_ms=18.741811752 rocsolver_ms=114.335151672 cdls_submit_ms=0.677860000 roc_submit_ms=111.304806000 cdls_wall_ms=18.749865000 roc_wall_ms=114.344779000
sample n=8192 lda=8192 iteration=6 first=cdls cdls_ms=18.371463776 rocsolver_ms=124.650871277 cdls_submit_ms=0.188339000 roc_submit_ms=121.692080000 cdls_wall_ms=18.378745000 roc_wall_ms=124.658591000
sample n=8192 lda=8192 iteration=7 first=rocsolver cdls_ms=18.656669617 rocsolver_ms=114.757644653 cdls_submit_ms=0.636146000 roc_submit_ms=111.814567000 cdls_wall_ms=18.665024000 roc_wall_ms=114.765495000
sample n=8192 lda=8192 iteration=8 first=cdls cdls_ms=18.488794327 rocsolver_ms=117.492576599 cdls_submit_ms=0.199035000 roc_submit_ms=114.676447000 cdls_wall_ms=18.497037000 roc_wall_ms=117.499939000
sample n=8192 lda=8192 iteration=9 first=rocsolver cdls_ms=18.812200546 rocsolver_ms=115.027755737 cdls_submit_ms=0.644558000 roc_submit_ms=112.246199000 cdls_wall_ms=18.820913000 roc_wall_ms=115.034797000
sample n=8192 lda=8192 iteration=10 first=cdls cdls_ms=18.490236282 rocsolver_ms=113.418670654 cdls_submit_ms=0.192846000 roc_submit_ms=110.410393000 cdls_wall_ms=18.499070000 roc_wall_ms=113.425718000
sample n=8192 lda=8192 iteration=11 first=rocsolver cdls_ms=18.597749710 rocsolver_ms=114.484283447 cdls_submit_ms=0.661915000 roc_submit_ms=111.606167000 cdls_wall_ms=18.607006000 roc_wall_ms=114.492004000
sample n=8192 lda=8192 iteration=12 first=cdls cdls_ms=18.595067978 rocsolver_ms=124.671684265 cdls_submit_ms=0.178534000 roc_submit_ms=121.839986000 cdls_wall_ms=18.604201000 roc_wall_ms=124.680033000
sample n=8192 lda=8192 iteration=13 first=rocsolver cdls_ms=18.750656128 rocsolver_ms=115.762519836 cdls_submit_ms=0.686713000 roc_submit_ms=112.897949000 cdls_wall_ms=18.760872000 roc_wall_ms=115.770835000
sample n=8192 lda=8192 iteration=14 first=cdls cdls_ms=18.394077301 rocsolver_ms=117.416221619 cdls_submit_ms=0.217724000 roc_submit_ms=114.627311000 cdls_wall_ms=18.401020000 roc_wall_ms=117.425484000
sample n=8192 lda=8192 iteration=15 first=rocsolver cdls_ms=18.737524033 rocsolver_ms=115.112709045 cdls_submit_ms=0.654013000 roc_submit_ms=112.275012000 cdls_wall_ms=18.746539000 roc_wall_ms=115.119997000
sample n=8192 lda=8192 iteration=16 first=cdls cdls_ms=18.448059082 rocsolver_ms=124.869132996 cdls_submit_ms=0.209211000 roc_submit_ms=121.931717000 cdls_wall_ms=18.456865000 roc_wall_ms=124.876735000
sample n=8192 lda=8192 iteration=17 first=rocsolver cdls_ms=18.790876389 rocsolver_ms=113.405113220 cdls_submit_ms=0.647924000 roc_submit_ms=110.316288000 cdls_wall_ms=18.799210000 roc_wall_ms=113.413690000
sample n=8192 lda=8192 iteration=18 first=cdls cdls_ms=18.796575546 rocsolver_ms=118.678909302 cdls_submit_ms=0.210443000 roc_submit_ms=115.842756000 cdls_wall_ms=18.806171000 roc_wall_ms=118.687700000
sample n=8192 lda=8192 iteration=19 first=rocsolver cdls_ms=18.818208694 rocsolver_ms=114.617027283 cdls_submit_ms=0.702848000 roc_submit_ms=111.721714000 cdls_wall_ms=18.827624000 roc_wall_ms=114.625959000
bench n=8192 lda=8192 repeats=20 cdls_median_ms=18.609067 rocsolver_median_ms=115.265015 cdls_mean_ms=18.622919 rocsolver_mean_ms=117.204436 cdls_gflops=19693.105563 workspace_bytes=65544 roc_workspace_bytes=34178304 cdls_submit_ms=0.483377 roc_submit_ms=112.424598 cdls_wall_ms=18.617807 roc_wall_ms=115.272897 rocsolver_gflops=3179.371653 speedup=6.194024
