device=AMD Instinct MI300A arch=gfx942:sramecc+:xnack- HIP=60443484 CUs=228 memory_bytes=137438953472 rocSOLVER=3.28.2.1b897f5 rocBLAS=4.4.1.f08d23e3 baseline=rocsolver_dgetrf fp64 seed=20261001 method=auto matrix=dense n=64 lda=64 offset=0 warmup=20 repeats=20
validate n=64 lda=64 kind=dense info=7/0 L_rel=2.5493e-17 U_rel=1.2316e-18 residual_scaled=2.4209e-02/2.4209e-02 cpu_residual_scaled=2.3512e-02/2.3513e-02 PASS
sample n=64 lda=64 iteration=0 first=cdls cdls_ms=0.026681000 rocsolver_ms=0.148426995 cdls_submit_ms=0.002714000 roc_submit_ms=0.006280000 cdls_wall_ms=0.040662000 roc_wall_ms=0.157251000
sample n=64 lda=64 iteration=1 first=rocsolver cdls_ms=0.027241999 rocsolver_ms=0.149107993 cdls_submit_ms=0.002634000 roc_submit_ms=0.005748000 cdls_wall_ms=0.035725000 roc_wall_ms=0.157251000
sample n=64 lda=64 iteration=2 first=cdls cdls_ms=0.026961001 rocsolver_ms=0.150471002 cdls_submit_ms=0.002784000 roc_submit_ms=0.007661000 cdls_wall_ms=0.034583000 roc_wall_ms=0.157883000
sample n=64 lda=64 iteration=3 first=rocsolver cdls_ms=0.027563000 rocsolver_ms=0.153715000 cdls_submit_ms=0.002364000 roc_submit_ms=0.008193000 cdls_wall_ms=0.035164000 roc_wall_ms=0.161988000
sample n=64 lda=64 iteration=4 first=cdls cdls_ms=0.026400000 rocsolver_ms=0.150591001 cdls_submit_ms=0.002514000 roc_submit_ms=0.007952000 cdls_wall_ms=0.035495000 roc_wall_ms=0.159285000
sample n=64 lda=64 iteration=5 first=rocsolver cdls_ms=0.027241999 rocsolver_ms=0.150110006 cdls_submit_ms=0.002254000 roc_submit_ms=0.006890000 cdls_wall_ms=0.035325000 roc_wall_ms=0.161678000
sample n=64 lda=64 iteration=6 first=cdls cdls_ms=0.026481001 rocsolver_ms=0.152354002 cdls_submit_ms=0.002514000 roc_submit_ms=0.008903000 cdls_wall_ms=0.035294000 roc_wall_ms=0.161197000
sample n=64 lda=64 iteration=7 first=rocsolver cdls_ms=0.027442001 rocsolver_ms=0.150231004 cdls_submit_ms=0.002484000 roc_submit_ms=0.006240000 cdls_wall_ms=0.036345000 roc_wall_ms=0.159325000
sample n=64 lda=64 iteration=8 first=cdls cdls_ms=0.026520999 rocsolver_ms=0.149590001 cdls_submit_ms=0.002534000 roc_submit_ms=0.006019000 cdls_wall_ms=0.035445000 roc_wall_ms=0.157232000
sample n=64 lda=64 iteration=9 first=rocsolver cdls_ms=0.026319999 rocsolver_ms=0.147907004 cdls_submit_ms=0.002444000 roc_submit_ms=0.006490000 cdls_wall_ms=0.034323000 roc_wall_ms=0.156690000
sample n=64 lda=64 iteration=10 first=cdls cdls_ms=0.026401000 rocsolver_ms=0.150471002 cdls_submit_ms=0.002063000 roc_submit_ms=0.007992000 cdls_wall_ms=0.035344000 roc_wall_ms=0.159244000
sample n=64 lda=64 iteration=11 first=rocsolver cdls_ms=0.026401000 rocsolver_ms=0.150630996 cdls_submit_ms=0.002554000 roc_submit_ms=0.006560000 cdls_wall_ms=0.034903000 roc_wall_ms=0.159435000
sample n=64 lda=64 iteration=12 first=cdls cdls_ms=0.026401000 rocsolver_ms=0.154075995 cdls_submit_ms=0.002714000 roc_submit_ms=0.008222000 cdls_wall_ms=0.035524000 roc_wall_ms=0.161598000
sample n=64 lda=64 iteration=13 first=rocsolver cdls_ms=0.026401000 rocsolver_ms=0.148267001 cdls_submit_ms=0.002534000 roc_submit_ms=0.005779000 cdls_wall_ms=0.035525000 roc_wall_ms=0.159535000
sample n=64 lda=64 iteration=14 first=cdls cdls_ms=0.026800999 rocsolver_ms=0.150471002 cdls_submit_ms=0.002594000 roc_submit_ms=0.009795000 cdls_wall_ms=0.035505000 roc_wall_ms=0.160706000
sample n=64 lda=64 iteration=15 first=rocsolver cdls_ms=0.026681000 rocsolver_ms=0.155959994 cdls_submit_ms=0.002284000 roc_submit_ms=0.012389000 cdls_wall_ms=0.035434000 roc_wall_ms=0.166796000
sample n=64 lda=64 iteration=16 first=cdls cdls_ms=0.026800999 rocsolver_ms=0.151272997 cdls_submit_ms=0.002203000 roc_submit_ms=0.008142000 cdls_wall_ms=0.034993000 roc_wall_ms=0.160577000
sample n=64 lda=64 iteration=17 first=rocsolver cdls_ms=0.026520999 rocsolver_ms=0.147826999 cdls_submit_ms=0.002865000 roc_submit_ms=0.004918000 cdls_wall_ms=0.035455000 roc_wall_ms=0.158093000
sample n=64 lda=64 iteration=18 first=cdls cdls_ms=0.026400000 rocsolver_ms=0.150510997 cdls_submit_ms=0.002364000 roc_submit_ms=0.008373000 cdls_wall_ms=0.035794000 roc_wall_ms=0.159284000
sample n=64 lda=64 iteration=19 first=rocsolver cdls_ms=0.026760999 rocsolver_ms=0.168098003 cdls_submit_ms=0.003746000 roc_submit_ms=0.021774000 cdls_wall_ms=0.037106000 roc_wall_ms=0.175809000
bench n=64 lda=64 repeats=20 cdls_median_ms=0.026601 rocsolver_median_ms=0.150471 cdls_mean_ms=0.026721 rocsolver_mean_ms=0.151504 cdls_gflops=6.492388 workspace_bytes=12 roc_workspace_bytes=0 cdls_submit_ms=0.002524 roc_submit_ms=0.007807 cdls_wall_ms=0.035450 roc_wall_ms=0.159380 rocsolver_gflops=1.147756 speedup=5.656592
