device=AMD Instinct MI300A arch=gfx942:sramecc+:xnack- HIP=60443484 CUs=228 memory_bytes=137438953472 rocSOLVER=3.28.2.1b897f5 rocBLAS=4.4.1.f08d23e3 baseline=rocsolver_dgetrf fp64 seed=20261001 method=auto matrix=dense n=16384 lda=16384 offset=0 warmup=5 repeats=20
validate n=16384 lda=16384 kind=dense info=7/0 L_rel=5.5115e-16 U_rel=1.6844e-15 residual_scaled=4.9962e-04/2.0775e-04 PASS
sample n=16384 lda=16384 iteration=0 first=cdls cdls_ms=102.237716675 rocsolver_ms=301.183624268 cdls_submit_ms=0.632058000 roc_submit_ms=299.768844000 cdls_wall_ms=102.254036000 roc_wall_ms=301.193846000
sample n=16384 lda=16384 iteration=1 first=rocsolver cdls_ms=101.548736572 rocsolver_ms=299.779022217 cdls_submit_ms=0.595572000 roc_submit_ms=298.160490000 cdls_wall_ms=101.560122000 roc_wall_ms=299.786071000
sample n=16384 lda=16384 iteration=2 first=cdls cdls_ms=102.560272217 rocsolver_ms=300.028869629 cdls_submit_ms=0.926068000 roc_submit_ms=298.505589000 cdls_wall_ms=102.571181000 roc_wall_ms=300.040089000
sample n=16384 lda=16384 iteration=3 first=rocsolver cdls_ms=102.630950928 rocsolver_ms=298.938262939 cdls_submit_ms=0.626840000 roc_submit_ms=297.407728000 cdls_wall_ms=102.638774000 roc_wall_ms=298.947525000
sample n=16384 lda=16384 iteration=4 first=cdls cdls_ms=102.047576904 rocsolver_ms=300.475006104 cdls_submit_ms=0.813105000 roc_submit_ms=298.953856000 cdls_wall_ms=102.055691000 roc_wall_ms=300.485952000
sample n=16384 lda=16384 iteration=5 first=rocsolver cdls_ms=101.795272827 rocsolver_ms=299.222412109 cdls_submit_ms=0.625207000 roc_submit_ms=297.610418000 cdls_wall_ms=101.804086000 roc_wall_ms=299.233163000
sample n=16384 lda=16384 iteration=6 first=cdls cdls_ms=102.211921692 rocsolver_ms=300.700927734 cdls_submit_ms=0.815108000 roc_submit_ms=299.054049000 cdls_wall_ms=102.219352000 roc_wall_ms=300.708654000
sample n=16384 lda=16384 iteration=7 first=rocsolver cdls_ms=101.938301086 rocsolver_ms=299.817047119 cdls_submit_ms=0.604446000 roc_submit_ms=298.244429000 cdls_wall_ms=101.952342000 roc_wall_ms=299.824819000
sample n=16384 lda=16384 iteration=8 first=cdls cdls_ms=102.506080627 rocsolver_ms=301.420501709 cdls_submit_ms=0.838074000 roc_submit_ms=299.860173000 cdls_wall_ms=102.514714000 roc_wall_ms=301.427995000
sample n=16384 lda=16384 iteration=9 first=rocsolver cdls_ms=102.883773804 rocsolver_ms=300.727081299 cdls_submit_ms=0.666150000 roc_submit_ms=299.188225000 cdls_wall_ms=102.897581000 roc_wall_ms=300.734674000
sample n=16384 lda=16384 iteration=10 first=cdls cdls_ms=102.419204712 rocsolver_ms=302.529602051 cdls_submit_ms=0.777902000 roc_submit_ms=301.040822000 cdls_wall_ms=102.427391000 roc_wall_ms=302.539417000
sample n=16384 lda=16384 iteration=11 first=rocsolver cdls_ms=102.141273499 rocsolver_ms=299.810791016 cdls_submit_ms=0.666601000 roc_submit_ms=298.268405000 cdls_wall_ms=102.151297000 roc_wall_ms=299.819852000
sample n=16384 lda=16384 iteration=12 first=cdls cdls_ms=102.892807007 rocsolver_ms=301.000946045 cdls_submit_ms=0.804842000 roc_submit_ms=299.418046000 cdls_wall_ms=102.902147000 roc_wall_ms=301.008663000
sample n=16384 lda=16384 iteration=13 first=rocsolver cdls_ms=103.315238953 rocsolver_ms=300.664337158 cdls_submit_ms=0.737870000 roc_submit_ms=299.158058000 cdls_wall_ms=103.323493000 roc_wall_ms=300.676004000
sample n=16384 lda=16384 iteration=14 first=cdls cdls_ms=102.923606873 rocsolver_ms=300.338043213 cdls_submit_ms=0.886759000 roc_submit_ms=298.694298000 cdls_wall_ms=102.934708000 roc_wall_ms=300.347450000
sample n=16384 lda=16384 iteration=15 first=rocsolver cdls_ms=102.379890442 rocsolver_ms=300.799682617 cdls_submit_ms=0.697658000 roc_submit_ms=299.223699000 cdls_wall_ms=102.388361000 roc_wall_ms=300.808716000
sample n=16384 lda=16384 iteration=16 first=cdls cdls_ms=103.043716431 rocsolver_ms=301.828216553 cdls_submit_ms=0.789319000 roc_submit_ms=300.256521000 cdls_wall_ms=103.053169000 roc_wall_ms=301.838003000
sample n=16384 lda=16384 iteration=17 first=rocsolver cdls_ms=103.700691223 rocsolver_ms=301.269683838 cdls_submit_ms=0.603174000 roc_submit_ms=299.732538000 cdls_wall_ms=103.709524000 roc_wall_ms=301.277815000
sample n=16384 lda=16384 iteration=18 first=cdls cdls_ms=102.904411316 rocsolver_ms=299.827026367 cdls_submit_ms=0.795028000 roc_submit_ms=298.251830000 cdls_wall_ms=102.913585000 roc_wall_ms=299.835666000
sample n=16384 lda=16384 iteration=19 first=rocsolver cdls_ms=102.550544739 rocsolver_ms=302.076995850 cdls_submit_ms=0.682385000 roc_submit_ms=300.426792000 cdls_wall_ms=102.563669000 roc_wall_ms=302.086334000
bench n=16384 lda=16384 repeats=20 cdls_median_ms=102.528313 rocsolver_median_ms=300.682632 cdls_mean_ms=102.531599 rocsolver_mean_ms=300.621904 cdls_gflops=28595.972276 workspace_bytes=262152 roc_workspace_bytes=67831040 cdls_submit_ms=0.717764 roc_submit_ms=299.106054 cdls_wall_ms=102.539192 roc_wall_ms=300.692329 rocsolver_gflops=9750.801911 speedup=2.932679
