device=AMD Instinct MI300A arch=gfx942:sramecc+:xnack- HIP=60443484 CUs=228 memory_bytes=137438953472 rocSOLVER=3.28.2.1b897f5 rocBLAS=4.4.1.f08d23e3 baseline=rocsolver_dgetrf_npvt fp64 seed=20261001 method=auto matrix=dense n=8 lda=8 offset=0 warmup=20 repeats=30
validate n=8 lda=8 kind=dense info=7/0 L_rel=3.8164e-17 U_rel=4.8446e-18 residual_scaled=7.2478e-03/8.2852e-03 cpu_residual_scaled=2.6370e-02/2.6874e-02 PASS
sample n=8 lda=8 iteration=0 first=cdls cdls_ms=0.007691000 rocsolver_ms=0.012339000 cdls_submit_ms=0.003174000 roc_submit_ms=0.007621000 cdls_wall_ms=0.028774000 roc_wall_ms=0.019651000
sample n=8 lda=8 iteration=1 first=rocsolver cdls_ms=0.007011000 rocsolver_ms=0.013341000 cdls_submit_ms=0.003515000 roc_submit_ms=0.009965000 cdls_wall_ms=0.015824000 roc_wall_ms=0.025338000
sample n=8 lda=8 iteration=2 first=cdls cdls_ms=0.007892000 rocsolver_ms=0.013500000 cdls_submit_ms=0.002654000 roc_submit_ms=0.008583000 cdls_wall_ms=0.018929000 roc_wall_ms=0.022705000
sample n=8 lda=8 iteration=3 first=rocsolver cdls_ms=0.006970000 rocsolver_ms=0.012700000 cdls_submit_ms=0.002694000 roc_submit_ms=0.006930000 cdls_wall_ms=0.015854000 roc_wall_ms=0.022785000
sample n=8 lda=8 iteration=4 first=cdls cdls_ms=0.010176000 rocsolver_ms=0.013982000 cdls_submit_ms=0.003415000 roc_submit_ms=0.006981000 cdls_wall_ms=0.018568000 roc_wall_ms=0.023255000
sample n=8 lda=8 iteration=5 first=rocsolver cdls_ms=0.007211000 rocsolver_ms=0.009735000 cdls_submit_ms=0.002815000 roc_submit_ms=0.005698000 cdls_wall_ms=0.015003000 roc_wall_ms=0.017166000
sample n=8 lda=8 iteration=6 first=cdls cdls_ms=0.008092000 rocsolver_ms=0.022675000 cdls_submit_ms=0.002294000 roc_submit_ms=0.016736000 cdls_wall_ms=0.015444000 roc_wall_ms=0.031247000
sample n=8 lda=8 iteration=7 first=rocsolver cdls_ms=0.011177000 rocsolver_ms=0.008613000 cdls_submit_ms=0.003376000 roc_submit_ms=0.005749000 cdls_wall_ms=0.019680000 roc_wall_ms=0.017367000
sample n=8 lda=8 iteration=8 first=cdls cdls_ms=0.013501000 rocsolver_ms=0.010656000 cdls_submit_ms=0.006070000 roc_submit_ms=0.006830000 cdls_wall_ms=0.025108000 roc_wall_ms=0.021212000
sample n=8 lda=8 iteration=9 first=rocsolver cdls_ms=0.006650000 rocsolver_ms=0.010696000 cdls_submit_ms=0.002915000 roc_submit_ms=0.007312000 cdls_wall_ms=0.015023000 roc_wall_ms=0.019050000
sample n=8 lda=8 iteration=10 first=cdls cdls_ms=0.006811000 rocsolver_ms=0.013901000 cdls_submit_ms=0.002353000 roc_submit_ms=0.008062000 cdls_wall_ms=0.014762000 roc_wall_ms=0.022524000
sample n=8 lda=8 iteration=11 first=rocsolver cdls_ms=0.007291000 rocsolver_ms=0.013461000 cdls_submit_ms=0.003315000 roc_submit_ms=0.009104000 cdls_wall_ms=0.016526000 roc_wall_ms=0.022505000
sample n=8 lda=8 iteration=12 first=cdls cdls_ms=0.007211000 rocsolver_ms=0.009654000 cdls_submit_ms=0.002354000 roc_submit_ms=0.006961000 cdls_wall_ms=0.015954000 roc_wall_ms=0.018648000
sample n=8 lda=8 iteration=13 first=rocsolver cdls_ms=0.009695000 rocsolver_ms=0.009054000 cdls_submit_ms=0.003515000 roc_submit_ms=0.005889000 cdls_wall_ms=0.018529000 roc_wall_ms=0.017797000
sample n=8 lda=8 iteration=14 first=cdls cdls_ms=0.007051000 rocsolver_ms=0.016225001 cdls_submit_ms=0.002274000 roc_submit_ms=0.012089000 cdls_wall_ms=0.015794000 roc_wall_ms=0.025198000
sample n=8 lda=8 iteration=15 first=rocsolver cdls_ms=0.007171000 rocsolver_ms=0.022595000 cdls_submit_ms=0.002875000 roc_submit_ms=0.019620000 cdls_wall_ms=0.016205000 roc_wall_ms=0.033852000
sample n=8 lda=8 iteration=16 first=cdls cdls_ms=0.009054000 rocsolver_ms=0.010937000 cdls_submit_ms=0.003486000 roc_submit_ms=0.006470000 cdls_wall_ms=0.017787000 roc_wall_ms=0.021313000
sample n=8 lda=8 iteration=17 first=rocsolver cdls_ms=0.013701000 rocsolver_ms=0.009735000 cdls_submit_ms=0.003416000 roc_submit_ms=0.006801000 cdls_wall_ms=0.022584000 roc_wall_ms=0.018017000
sample n=8 lda=8 iteration=18 first=cdls cdls_ms=0.012219000 rocsolver_ms=0.011618000 cdls_submit_ms=0.007942000 roc_submit_ms=0.007652000 cdls_wall_ms=0.022575000 roc_wall_ms=0.023646000
sample n=8 lda=8 iteration=19 first=rocsolver cdls_ms=0.009374000 rocsolver_ms=0.008773000 cdls_submit_ms=0.004277000 roc_submit_ms=0.006791000 cdls_wall_ms=0.021363000 roc_wall_ms=0.017878000
sample n=8 lda=8 iteration=20 first=cdls cdls_ms=0.007251000 rocsolver_ms=0.010055000 cdls_submit_ms=0.001823000 roc_submit_ms=0.006460000 cdls_wall_ms=0.019500000 roc_wall_ms=0.018609000
sample n=8 lda=8 iteration=21 first=rocsolver cdls_ms=0.010737000 rocsolver_ms=0.008213000 cdls_submit_ms=0.003285000 roc_submit_ms=0.005027000 cdls_wall_ms=0.023015000 roc_wall_ms=0.016645000
sample n=8 lda=8 iteration=22 first=cdls cdls_ms=0.010577000 rocsolver_ms=0.014262000 cdls_submit_ms=0.005318000 roc_submit_ms=0.010336000 cdls_wall_ms=0.022033000 roc_wall_ms=0.025249000
sample n=8 lda=8 iteration=23 first=rocsolver cdls_ms=0.008734000 rocsolver_ms=0.009494000 cdls_submit_ms=0.003736000 roc_submit_ms=0.006049000 cdls_wall_ms=0.016115000 roc_wall_ms=0.018558000
sample n=8 lda=8 iteration=24 first=cdls cdls_ms=0.006009000 rocsolver_ms=0.012219000 cdls_submit_ms=0.002764000 roc_submit_ms=0.008523000 cdls_wall_ms=0.015273000 roc_wall_ms=0.021754000
sample n=8 lda=8 iteration=25 first=rocsolver cdls_ms=0.012339000 rocsolver_ms=0.009054000 cdls_submit_ms=0.003265000 roc_submit_ms=0.006140000 cdls_wall_ms=0.021913000 roc_wall_ms=0.017987000
sample n=8 lda=8 iteration=26 first=cdls cdls_ms=0.010496000 rocsolver_ms=0.012819000 cdls_submit_ms=0.007412000 roc_submit_ms=0.008603000 cdls_wall_ms=0.020221000 roc_wall_ms=0.025359000
sample n=8 lda=8 iteration=27 first=rocsolver cdls_ms=0.008773000 rocsolver_ms=0.008052000 cdls_submit_ms=0.002604000 roc_submit_ms=0.005759000 cdls_wall_ms=0.016826000 roc_wall_ms=0.016645000
sample n=8 lda=8 iteration=28 first=cdls cdls_ms=0.006891000 rocsolver_ms=0.014822000 cdls_submit_ms=0.002714000 roc_submit_ms=0.008913000 cdls_wall_ms=0.016045000 roc_wall_ms=0.022004000
sample n=8 lda=8 iteration=29 first=rocsolver cdls_ms=0.018548001 rocsolver_ms=0.009535000 cdls_submit_ms=0.002794000 roc_submit_ms=0.005449000 cdls_wall_ms=0.027041000 roc_wall_ms=0.016926000
bench n=8 lda=8 repeats=30 cdls_median_ms=0.008413 rocsolver_median_ms=0.011278 cdls_mean_ms=0.009210 rocsolver_mean_ms=0.012091 cdls_gflops=0.036610 workspace_bytes=12 roc_workspace_bytes=0 cdls_submit_ms=0.003220 roc_submit_ms=0.006971 cdls_wall_ms=0.018158 roc_wall_ms=0.021263 rocsolver_gflops=0.027311 speedup=1.340485
