device=AMD Instinct MI300A arch=gfx942:sramecc+:xnack- HIP=60443484 CUs=228 memory_bytes=137438953472 rocSOLVER=3.28.2.1b897f5 rocBLAS=4.4.1.f08d23e3 baseline=rocsolver_dgetrf_npvt fp64 seed=20261001 method=auto matrix=dense n=3072 lda=3072 offset=0 warmup=5 repeats=30
validate n=3072 lda=3072 kind=dense info=7/0 L_rel=7.8305e-16 U_rel=1.6757e-15 residual_scaled=2.3644e-03/6.8100e-04 PASS
sample n=3072 lda=3072 iteration=0 first=cdls cdls_ms=3.160640001 rocsolver_ms=6.499852180 cdls_submit_ms=0.014843000 roc_submit_ms=3.375138000 cdls_wall_ms=3.175472000 roc_wall_ms=6.507144000
sample n=3072 lda=3072 iteration=1 first=rocsolver cdls_ms=3.101108074 rocsolver_ms=7.192832947 cdls_submit_ms=0.009855000 roc_submit_ms=6.724747000 cdls_wall_ms=3.109431000 roc_wall_ms=7.200215000
sample n=3072 lda=3072 iteration=2 first=cdls cdls_ms=3.016098022 rocsolver_ms=6.514975071 cdls_submit_ms=0.007531000 roc_submit_ms=3.449772000 cdls_wall_ms=3.203446000 roc_wall_ms=6.523409000
sample n=3072 lda=3072 iteration=3 first=rocsolver cdls_ms=3.191246033 rocsolver_ms=7.111618996 cdls_submit_ms=0.011287000 roc_submit_ms=6.683925000 cdls_wall_ms=3.200781000 roc_wall_ms=7.119091000
sample n=3072 lda=3072 iteration=4 first=cdls cdls_ms=3.168332100 rocsolver_ms=6.452439785 cdls_submit_ms=0.014592000 roc_submit_ms=3.533521000 cdls_wall_ms=3.177425000 roc_wall_ms=6.461154000
sample n=3072 lda=3072 iteration=5 first=rocsolver cdls_ms=3.040494919 rocsolver_ms=7.082825184 cdls_submit_ms=0.010055000 roc_submit_ms=6.628600000 cdls_wall_ms=3.050060000 roc_wall_ms=7.091379000
sample n=3072 lda=3072 iteration=6 first=cdls cdls_ms=3.051352024 rocsolver_ms=6.511950016 cdls_submit_ms=0.016135000 roc_submit_ms=3.484906000 cdls_wall_ms=3.060847000 roc_wall_ms=6.521917000
sample n=3072 lda=3072 iteration=7 first=rocsolver cdls_ms=3.062489033 rocsolver_ms=7.229518890 cdls_submit_ms=0.016415000 roc_submit_ms=6.700350000 cdls_wall_ms=3.071543000 roc_wall_ms=7.238914000
sample n=3072 lda=3072 iteration=8 first=cdls cdls_ms=3.016498089 rocsolver_ms=6.509476185 cdls_submit_ms=0.016084000 roc_submit_ms=3.448691000 cdls_wall_ms=3.024892000 roc_wall_ms=6.521526000
sample n=3072 lda=3072 iteration=9 first=rocsolver cdls_ms=3.112164974 rocsolver_ms=7.131999969 cdls_submit_ms=0.019009000 roc_submit_ms=6.635961000 cdls_wall_ms=3.120779000 roc_wall_ms=7.139392000
sample n=3072 lda=3072 iteration=10 first=cdls cdls_ms=3.126426935 rocsolver_ms=6.543087959 cdls_submit_ms=0.013331000 roc_submit_ms=3.480629000 cdls_wall_ms=3.135141000 roc_wall_ms=6.550901000
sample n=3072 lda=3072 iteration=11 first=rocsolver cdls_ms=3.129390955 rocsolver_ms=7.283091068 cdls_submit_ms=0.015764000 roc_submit_ms=6.618154000 cdls_wall_ms=3.137604000 roc_wall_ms=7.290194000
sample n=3072 lda=3072 iteration=12 first=cdls cdls_ms=2.960933924 rocsolver_ms=6.550249100 cdls_submit_ms=0.015965000 roc_submit_ms=3.491286000 cdls_wall_ms=2.969898000 roc_wall_ms=6.559734000
sample n=3072 lda=3072 iteration=13 first=rocsolver cdls_ms=3.071662903 rocsolver_ms=7.154034138 cdls_submit_ms=0.017818000 roc_submit_ms=6.713410000 cdls_wall_ms=3.079826000 roc_wall_ms=7.162518000
sample n=3072 lda=3072 iteration=14 first=cdls cdls_ms=3.058001995 rocsolver_ms=6.569889069 cdls_submit_ms=0.015894000 roc_submit_ms=3.380317000 cdls_wall_ms=3.067137000 roc_wall_ms=6.578573000
sample n=3072 lda=3072 iteration=15 first=rocsolver cdls_ms=3.245888948 rocsolver_ms=7.175736904 cdls_submit_ms=0.015013000 roc_submit_ms=6.586866000 cdls_wall_ms=3.254303000 roc_wall_ms=7.183539000
sample n=3072 lda=3072 iteration=16 first=cdls cdls_ms=3.062489033 rocsolver_ms=6.524498940 cdls_submit_ms=0.010406000 roc_submit_ms=3.368759000 cdls_wall_ms=3.070973000 roc_wall_ms=6.534576000
sample n=3072 lda=3072 iteration=17 first=rocsolver cdls_ms=3.067776918 rocsolver_ms=7.144217968 cdls_submit_ms=0.015774000 roc_submit_ms=6.773402000 cdls_wall_ms=3.076371000 roc_wall_ms=7.152322000
sample n=3072 lda=3072 iteration=18 first=cdls cdls_ms=2.941584110 rocsolver_ms=6.551991940 cdls_submit_ms=0.008613000 roc_submit_ms=3.313093000 cdls_wall_ms=3.146949000 roc_wall_ms=6.562289000
sample n=3072 lda=3072 iteration=19 first=rocsolver cdls_ms=3.079796076 rocsolver_ms=7.096705914 cdls_submit_ms=0.014242000 roc_submit_ms=6.587918000 cdls_wall_ms=3.087718000 roc_wall_ms=7.105270000
sample n=3072 lda=3072 iteration=20 first=cdls cdls_ms=3.099466085 rocsolver_ms=6.539301872 cdls_submit_ms=0.012289000 roc_submit_ms=3.358433000 cdls_wall_ms=3.107338000 roc_wall_ms=6.548517000
sample n=3072 lda=3072 iteration=21 first=rocsolver cdls_ms=2.999151945 rocsolver_ms=7.187054157 cdls_submit_ms=0.012699000 roc_submit_ms=6.487193000 cdls_wall_ms=3.006864000 roc_wall_ms=7.195077000
sample n=3072 lda=3072 iteration=22 first=cdls cdls_ms=3.058722973 rocsolver_ms=6.542256832 cdls_submit_ms=0.016986000 roc_submit_ms=3.325412000 cdls_wall_ms=3.066956000 roc_wall_ms=6.550591000
sample n=3072 lda=3072 iteration=23 first=rocsolver cdls_ms=3.199418068 rocsolver_ms=7.080349922 cdls_submit_ms=0.018308000 roc_submit_ms=6.576089000 cdls_wall_ms=3.207852000 roc_wall_ms=7.088764000
sample n=3072 lda=3072 iteration=24 first=cdls cdls_ms=2.961815119 rocsolver_ms=6.547996044 cdls_submit_ms=0.017337000 roc_submit_ms=3.386045000 cdls_wall_ms=2.969747000 roc_wall_ms=6.557772000
sample n=3072 lda=3072 iteration=25 first=rocsolver cdls_ms=3.145375967 rocsolver_ms=7.130247116 cdls_submit_ms=0.019981000 roc_submit_ms=6.598975000 cdls_wall_ms=3.155041000 roc_wall_ms=7.137940000
sample n=3072 lda=3072 iteration=26 first=cdls cdls_ms=3.081398010 rocsolver_ms=6.543259144 cdls_submit_ms=0.011247000 roc_submit_ms=3.322137000 cdls_wall_ms=3.090292000 roc_wall_ms=6.552163000
sample n=3072 lda=3072 iteration=27 first=rocsolver cdls_ms=3.178546906 rocsolver_ms=7.037446022 cdls_submit_ms=0.012329000 roc_submit_ms=6.514706000 cdls_wall_ms=3.186860000 roc_wall_ms=7.045769000
sample n=3072 lda=3072 iteration=28 first=cdls cdls_ms=3.024350882 rocsolver_ms=6.539253235 cdls_submit_ms=0.012840000 roc_submit_ms=3.362899000 cdls_wall_ms=3.032273000 roc_wall_ms=6.547826000
sample n=3072 lda=3072 iteration=29 first=rocsolver cdls_ms=3.075748920 rocsolver_ms=7.139191151 cdls_submit_ms=0.019490000 roc_submit_ms=6.707872000 cdls_wall_ms=3.084523000 roc_wall_ms=7.147415000
bench n=3072 lda=3072 repeats=30 cdls_median_ms=3.073706 rocsolver_median_ms=6.803668 cdls_mean_ms=3.082946 rocsolver_mean_ms=6.837245 cdls_gflops=6286.428918 workspace_bytes=9224 roc_workspace_bytes=13132992 cdls_submit_ms=0.014928 roc_submit_ms=5.010357 cdls_wall_ms=3.089005 roc_wall_ms=6.812171 rocsolver_gflops=2840.032027 speedup=2.213506
