device=AMD Instinct MI300A arch=gfx942:sramecc+:xnack- HIP=60443484 CUs=228 memory_bytes=137438953472 rocSOLVER=3.28.2.1b897f5 rocBLAS=4.4.1.f08d23e3 baseline=rocsolver_dgetrf_npvt fp64 seed=20261001 method=auto matrix=dense n=10240 lda=10240 offset=0 warmup=5 repeats=30
validate n=10240 lda=10240 kind=dense info=7/0 L_rel=5.6844e-16 U_rel=1.6184e-15 residual_scaled=7.4144e-04/2.5504e-04 PASS
sample n=10240 lda=10240 iteration=0 first=cdls cdls_ms=30.842720032 rocsolver_ms=39.283889771 cdls_submit_ms=0.831313000 roc_submit_ms=11.102312000 cdls_wall_ms=30.855842000 roc_wall_ms=39.293564000
sample n=10240 lda=10240 iteration=1 first=rocsolver cdls_ms=31.503791809 rocsolver_ms=40.123470306 cdls_submit_ms=1.201550000 roc_submit_ms=14.137309000 cdls_wall_ms=31.513209000 roc_wall_ms=40.519571000
sample n=10240 lda=10240 iteration=2 first=cdls cdls_ms=30.773233414 rocsolver_ms=39.285438538 cdls_submit_ms=0.513556000 roc_submit_ms=11.115722000 cdls_wall_ms=30.781107000 roc_wall_ms=39.294104000
sample n=10240 lda=10240 iteration=3 first=rocsolver cdls_ms=30.968122482 rocsolver_ms=39.712753296 cdls_submit_ms=0.713453000 roc_submit_ms=13.962302000 cdls_wall_ms=31.365873000 roc_wall_ms=40.107550000
sample n=10240 lda=10240 iteration=4 first=cdls cdls_ms=30.831392288 rocsolver_ms=39.460987091 cdls_submit_ms=0.387333000 roc_submit_ms=11.199491000 cdls_wall_ms=30.841130000 roc_wall_ms=39.472938000
sample n=10240 lda=10240 iteration=5 first=rocsolver cdls_ms=31.588081360 rocsolver_ms=40.294185638 cdls_submit_ms=1.092143000 roc_submit_ms=14.345108000 cdls_wall_ms=31.597258000 roc_wall_ms=40.503186000
sample n=10240 lda=10240 iteration=6 first=cdls cdls_ms=31.025140762 rocsolver_ms=39.604820251 cdls_submit_ms=0.258105000 roc_submit_ms=10.940384000 cdls_wall_ms=31.034035000 roc_wall_ms=39.612873000
sample n=10240 lda=10240 iteration=7 first=rocsolver cdls_ms=31.471284866 rocsolver_ms=40.336147308 cdls_submit_ms=1.096740000 roc_submit_ms=12.980117000 cdls_wall_ms=31.479147000 roc_wall_ms=40.675991000
sample n=10240 lda=10240 iteration=8 first=cdls cdls_ms=30.966400146 rocsolver_ms=39.581413269 cdls_submit_ms=0.435597000 roc_submit_ms=11.137226000 cdls_wall_ms=30.973773000 roc_wall_ms=39.590008000
sample n=10240 lda=10240 iteration=9 first=rocsolver cdls_ms=31.606800079 rocsolver_ms=40.230754852 cdls_submit_ms=1.095488000 roc_submit_ms=12.986417000 cdls_wall_ms=31.617258000 roc_wall_ms=40.532020000
sample n=10240 lda=10240 iteration=10 first=cdls cdls_ms=30.831104279 rocsolver_ms=39.709918976 cdls_submit_ms=0.405831000 roc_submit_ms=10.912240000 cdls_wall_ms=30.841330000 roc_wall_ms=39.718284000
sample n=10240 lda=10240 iteration=11 first=rocsolver cdls_ms=31.309335709 rocsolver_ms=40.100440979 cdls_submit_ms=1.108617000 roc_submit_ms=12.745177000 cdls_wall_ms=31.318150000 roc_wall_ms=40.450646000
sample n=10240 lda=10240 iteration=12 first=cdls cdls_ms=31.315324783 rocsolver_ms=39.504455566 cdls_submit_ms=0.406743000 roc_submit_ms=10.904519000 cdls_wall_ms=31.322737000 roc_wall_ms=39.511607000
sample n=10240 lda=10240 iteration=13 first=rocsolver cdls_ms=31.295553207 rocsolver_ms=40.370281219 cdls_submit_ms=0.756488000 roc_submit_ms=13.087001000 cdls_wall_ms=31.648926000 roc_wall_ms=40.720820000
sample n=10240 lda=10240 iteration=14 first=cdls cdls_ms=31.048725128 rocsolver_ms=39.328014374 cdls_submit_ms=0.427044000 roc_submit_ms=11.178999000 cdls_wall_ms=31.056609000 roc_wall_ms=39.337861000
sample n=10240 lda=10240 iteration=15 first=rocsolver cdls_ms=31.534879684 rocsolver_ms=40.129791260 cdls_submit_ms=1.115669000 roc_submit_ms=13.239755000 cdls_wall_ms=31.543205000 roc_wall_ms=40.483366000
sample n=10240 lda=10240 iteration=16 first=cdls cdls_ms=30.767887115 rocsolver_ms=39.438751221 cdls_submit_ms=0.262632000 roc_submit_ms=11.260304000 cdls_wall_ms=30.776531000 roc_wall_ms=39.446608000
sample n=10240 lda=10240 iteration=17 first=rocsolver cdls_ms=31.273220062 rocsolver_ms=40.246520996 cdls_submit_ms=0.775337000 roc_submit_ms=13.886566000 cdls_wall_ms=31.633203000 roc_wall_ms=40.254655000
sample n=10240 lda=10240 iteration=18 first=cdls cdls_ms=30.821840286 rocsolver_ms=39.320510864 cdls_submit_ms=0.268772000 roc_submit_ms=11.198209000 cdls_wall_ms=30.830654000 roc_wall_ms=39.329199000
sample n=10240 lda=10240 iteration=19 first=rocsolver cdls_ms=31.534570694 rocsolver_ms=40.113006592 cdls_submit_ms=0.852635000 roc_submit_ms=13.460734000 cdls_wall_ms=31.714988000 roc_wall_ms=40.456825000
sample n=10240 lda=10240 iteration=20 first=cdls cdls_ms=31.250276566 rocsolver_ms=39.679279327 cdls_submit_ms=0.427304000 roc_submit_ms=11.275347000 cdls_wall_ms=31.258880000 roc_wall_ms=39.687097000
sample n=10240 lda=10240 iteration=21 first=rocsolver cdls_ms=31.527059555 rocsolver_ms=40.163417816 cdls_submit_ms=1.106704000 roc_submit_ms=13.149137000 cdls_wall_ms=31.537296000 roc_wall_ms=40.514182000
sample n=10240 lda=10240 iteration=22 first=cdls cdls_ms=30.975124359 rocsolver_ms=39.558048248 cdls_submit_ms=0.359861000 roc_submit_ms=10.943558000 cdls_wall_ms=31.059043000 roc_wall_ms=39.567253000
sample n=10240 lda=10240 iteration=23 first=rocsolver cdls_ms=31.598377228 rocsolver_ms=40.077991486 cdls_submit_ms=1.086784000 roc_submit_ms=12.808905000 cdls_wall_ms=31.608154000 roc_wall_ms=40.426779000
sample n=10240 lda=10240 iteration=24 first=cdls cdls_ms=31.232448578 rocsolver_ms=39.660953522 cdls_submit_ms=0.369846000 roc_submit_ms=10.886321000 cdls_wall_ms=31.240290000 roc_wall_ms=39.670601000
sample n=10240 lda=10240 iteration=25 first=rocsolver cdls_ms=31.304868698 rocsolver_ms=40.624458313 cdls_submit_ms=0.769258000 roc_submit_ms=13.282501000 cdls_wall_ms=31.676699000 roc_wall_ms=40.632583000
sample n=10240 lda=10240 iteration=26 first=cdls cdls_ms=31.222221375 rocsolver_ms=39.669429779 cdls_submit_ms=0.434696000 roc_submit_ms=11.233563000 cdls_wall_ms=31.230376000 roc_wall_ms=39.678343000
sample n=10240 lda=10240 iteration=27 first=rocsolver cdls_ms=31.673524857 rocsolver_ms=40.458789825 cdls_submit_ms=1.130150000 roc_submit_ms=14.354052000 cdls_wall_ms=31.684120000 roc_wall_ms=40.684354000
sample n=10240 lda=10240 iteration=28 first=cdls cdls_ms=31.184232712 rocsolver_ms=39.782440186 cdls_submit_ms=0.435126000 roc_submit_ms=10.948797000 cdls_wall_ms=31.191686000 roc_wall_ms=39.790034000
sample n=10240 lda=10240 iteration=29 first=rocsolver cdls_ms=31.764671326 rocsolver_ms=40.357822418 cdls_submit_ms=1.092503000 roc_submit_ms=13.017214000 cdls_wall_ms=31.772886000 roc_wall_ms=40.544449000
bench n=10240 lda=10240 repeats=30 cdls_median_ms=31.261748 rocsolver_median_ms=39.747597 cdls_mean_ms=31.234740 rocsolver_mean_ms=39.873606 cdls_gflops=22896.206731 workspace_bytes=102408 roc_workspace_bytes=42550464 cdls_submit_ms=0.734970 roc_submit_ms=12.010262 cdls_wall_ms=31.320443 roc_wall_ms=39.948792 rocsolver_gflops=18008.018367 speedup=1.271445
