device=AMD Instinct MI300A arch=gfx942:sramecc+:xnack- HIP=60443484 CUs=228 memory_bytes=137438953472 rocSOLVER=3.28.2.1b897f5 rocBLAS=4.4.1.f08d23e3 baseline=rocsolver_dgetrf_npvt fp64 seed=20261001 method=auto matrix=dense n=16384 lda=16384 offset=0 warmup=5 repeats=30
validate n=16384 lda=16384 kind=dense info=7/0 L_rel=5.6795e-16 U_rel=1.7038e-15 residual_scaled=4.9962e-04/2.0443e-04 PASS
sample n=16384 lda=16384 iteration=0 first=cdls cdls_ms=102.766296387 rocsolver_ms=109.467605591 cdls_submit_ms=1.414186000 roc_submit_ms=67.583407000 cdls_wall_ms=102.779195000 roc_wall_ms=109.477723000
sample n=16384 lda=16384 iteration=1 first=rocsolver cdls_ms=102.502655029 rocsolver_ms=110.193183899 cdls_submit_ms=1.540739000 roc_submit_ms=45.339041000 cdls_wall_ms=103.254893000 roc_wall_ms=110.727016000
sample n=16384 lda=16384 iteration=2 first=cdls cdls_ms=102.010108948 rocsolver_ms=109.230827332 cdls_submit_ms=0.489740000 roc_submit_ms=67.270568000 cdls_wall_ms=102.020613000 roc_wall_ms=109.242323000
sample n=16384 lda=16384 iteration=3 first=rocsolver cdls_ms=103.061538696 rocsolver_ms=111.332649231 cdls_submit_ms=1.308454000 roc_submit_ms=46.086306000 cdls_wall_ms=103.696720000 roc_wall_ms=111.341096000
sample n=16384 lda=16384 iteration=4 first=cdls cdls_ms=102.786926270 rocsolver_ms=109.393157959 cdls_submit_ms=0.470670000 roc_submit_ms=67.284188000 cdls_wall_ms=102.795641000 roc_wall_ms=109.401025000
sample n=16384 lda=16384 iteration=5 first=rocsolver cdls_ms=103.185104370 rocsolver_ms=110.565063477 cdls_submit_ms=1.279169000 roc_submit_ms=45.367695000 cdls_wall_ms=103.832368000 roc_wall_ms=110.572950000
sample n=16384 lda=16384 iteration=6 first=cdls cdls_ms=103.277084351 rocsolver_ms=109.622184753 cdls_submit_ms=0.495349000 roc_submit_ms=67.313052000 cdls_wall_ms=103.285601000 roc_wall_ms=109.629555000
sample n=16384 lda=16384 iteration=7 first=rocsolver cdls_ms=103.552627563 rocsolver_ms=111.000801086 cdls_submit_ms=1.298629000 roc_submit_ms=45.521521000 cdls_wall_ms=104.199890000 roc_wall_ms=111.445516000
sample n=16384 lda=16384 iteration=8 first=cdls cdls_ms=103.636390686 rocsolver_ms=110.167587280 cdls_submit_ms=0.466825000 roc_submit_ms=67.729129000 cdls_wall_ms=103.644330000 roc_wall_ms=110.175572000
sample n=16384 lda=16384 iteration=9 first=rocsolver cdls_ms=103.490707397 rocsolver_ms=111.072418213 cdls_submit_ms=1.317307000 roc_submit_ms=45.209884000 cdls_wall_ms=104.130995000 roc_wall_ms=111.521543000
sample n=16384 lda=16384 iteration=10 first=cdls cdls_ms=102.936515808 rocsolver_ms=110.650817871 cdls_submit_ms=0.503271000 roc_submit_ms=67.824325000 cdls_wall_ms=102.945249000 roc_wall_ms=110.659312000
sample n=16384 lda=16384 iteration=11 first=rocsolver cdls_ms=103.535171509 rocsolver_ms=111.753890991 cdls_submit_ms=1.336226000 roc_submit_ms=45.485887000 cdls_wall_ms=104.084904000 roc_wall_ms=112.195274000
sample n=16384 lda=16384 iteration=12 first=cdls cdls_ms=103.536842346 rocsolver_ms=110.854751587 cdls_submit_ms=0.473375000 roc_submit_ms=68.122712000 cdls_wall_ms=103.546790000 roc_wall_ms=110.864046000
sample n=16384 lda=16384 iteration=13 first=rocsolver cdls_ms=104.100334167 rocsolver_ms=111.261901855 cdls_submit_ms=1.279129000 roc_submit_ms=45.336347000 cdls_wall_ms=104.740488000 roc_wall_ms=111.275887000
sample n=16384 lda=16384 iteration=14 first=cdls cdls_ms=103.261650085 rocsolver_ms=110.710090637 cdls_submit_ms=0.466525000 roc_submit_ms=68.035548000 cdls_wall_ms=103.270578000 roc_wall_ms=110.718903000
sample n=16384 lda=16384 iteration=15 first=rocsolver cdls_ms=103.351554871 rocsolver_ms=111.988296509 cdls_submit_ms=1.295985000 roc_submit_ms=45.697732000 cdls_wall_ms=103.992112000 roc_wall_ms=112.439318000
sample n=16384 lda=16384 iteration=16 first=cdls cdls_ms=103.394592285 rocsolver_ms=111.084312439 cdls_submit_ms=0.483090000 roc_submit_ms=68.182504000 cdls_wall_ms=103.402729000 roc_wall_ms=111.092976000
sample n=16384 lda=16384 iteration=17 first=rocsolver cdls_ms=103.632354736 rocsolver_ms=112.566360474 cdls_submit_ms=1.302164000 roc_submit_ms=46.118175000 cdls_wall_ms=104.278271000 roc_wall_ms=112.576248000
sample n=16384 lda=16384 iteration=18 first=cdls cdls_ms=103.770187378 rocsolver_ms=111.301918030 cdls_submit_ms=0.493015000 roc_submit_ms=68.295096000 cdls_wall_ms=103.778215000 roc_wall_ms=111.309919000
sample n=16384 lda=16384 iteration=19 first=rocsolver cdls_ms=103.807792664 rocsolver_ms=112.548347473 cdls_submit_ms=1.318089000 roc_submit_ms=45.814150000 cdls_wall_ms=104.451285000 roc_wall_ms=112.556077000
sample n=16384 lda=16384 iteration=20 first=cdls cdls_ms=104.354934692 rocsolver_ms=111.827095032 cdls_submit_ms=0.488589000 roc_submit_ms=68.669930000 cdls_wall_ms=104.363330000 roc_wall_ms=111.834873000
sample n=16384 lda=16384 iteration=21 first=rocsolver cdls_ms=104.645233154 rocsolver_ms=111.695289612 cdls_submit_ms=1.323677000 roc_submit_ms=45.725724000 cdls_wall_ms=105.276138000 roc_wall_ms=112.146931000
sample n=16384 lda=16384 iteration=22 first=cdls cdls_ms=104.029739380 rocsolver_ms=111.624412537 cdls_submit_ms=0.517863000 roc_submit_ms=68.476584000 cdls_wall_ms=104.038173000 roc_wall_ms=111.631842000
sample n=16384 lda=16384 iteration=23 first=rocsolver cdls_ms=104.792808533 rocsolver_ms=112.301528931 cdls_submit_ms=1.340523000 roc_submit_ms=45.880811000 cdls_wall_ms=105.432018000 roc_wall_ms=112.745787000
sample n=16384 lda=16384 iteration=24 first=cdls cdls_ms=103.988494873 rocsolver_ms=111.572113037 cdls_submit_ms=0.475789000 roc_submit_ms=68.331803000 cdls_wall_ms=103.997320000 roc_wall_ms=111.580463000
sample n=16384 lda=16384 iteration=25 first=rocsolver cdls_ms=104.479774475 rocsolver_ms=113.204483032 cdls_submit_ms=1.296004000 roc_submit_ms=46.023931000 cdls_wall_ms=105.119769000 roc_wall_ms=113.643292000
sample n=16384 lda=16384 iteration=26 first=cdls cdls_ms=104.719871521 rocsolver_ms=111.347465515 cdls_submit_ms=0.474898000 roc_submit_ms=68.137185000 cdls_wall_ms=104.727719000 roc_wall_ms=111.355839000
sample n=16384 lda=16384 iteration=27 first=rocsolver cdls_ms=104.975364685 rocsolver_ms=112.389793396 cdls_submit_ms=1.895282000 roc_submit_ms=45.591197000 cdls_wall_ms=104.984562000 roc_wall_ms=112.834693000
sample n=16384 lda=16384 iteration=28 first=cdls cdls_ms=104.566413879 rocsolver_ms=112.090270996 cdls_submit_ms=0.468277000 roc_submit_ms=68.586393000 cdls_wall_ms=104.575185000 roc_wall_ms=112.097775000
sample n=16384 lda=16384 iteration=29 first=rocsolver cdls_ms=104.764945984 rocsolver_ms=112.640655518 cdls_submit_ms=1.517715000 roc_submit_ms=45.545508000 cdls_wall_ms=105.063773000 roc_wall_ms=113.100321000
bench n=16384 lda=16384 repeats=30 cdls_median_ms=103.592491 rocsolver_median_ms=111.317284 cdls_mean_ms=103.697134 rocsolver_mean_ms=111.248642 cdls_gflops=28302.213359 workspace_bytes=262152 roc_workspace_bytes=67765440 cdls_submit_ms=1.279149 roc_submit_ms=56.694372 cdls_wall_ms=104.017747 roc_wall_ms=111.400678 rocsolver_gflops=26338.199167 speedup=1.074569
