device=AMD Instinct MI300A arch=gfx942:sramecc+:xnack- HIP=60443484 CUs=228 memory_bytes=137438953472 rocSOLVER=3.28.2.1b897f5 rocBLAS=4.4.1.f08d23e3 baseline=rocsolver_dgetrf_npvt fp64 seed=20261001 method=auto matrix=dense n=1 lda=1 offset=0 warmup=20 repeats=30
validate n=1 lda=1 kind=dense info=7/0 L_rel=0.0000e+00 U_rel=0.0000e+00 residual_scaled=0.0000e+00/0.0000e+00 cpu_residual_scaled=0.0000e+00/0.0000e+00 PASS
sample n=1 lda=1 iteration=0 first=cdls cdls_ms=0.006210000 rocsolver_ms=0.007652000 cdls_submit_ms=0.002494000 roc_submit_ms=0.006450000 cdls_wall_ms=0.026190000 roc_wall_ms=0.017016000
sample n=1 lda=1 iteration=1 first=rocsolver cdls_ms=0.007051000 rocsolver_ms=0.017026000 cdls_submit_ms=0.002834000 roc_submit_ms=0.013170000 cdls_wall_ms=0.015003000 roc_wall_ms=0.024167000
sample n=1 lda=1 iteration=2 first=cdls cdls_ms=0.011297000 rocsolver_ms=0.014342000 cdls_submit_ms=0.006239000 roc_submit_ms=0.010336000 cdls_wall_ms=0.018238000 roc_wall_ms=0.021372000
sample n=1 lda=1 iteration=3 first=rocsolver cdls_ms=0.012860000 rocsolver_ms=0.009695000 cdls_submit_ms=0.002524000 roc_submit_ms=0.006230000 cdls_wall_ms=0.021373000 roc_wall_ms=0.016665000
sample n=1 lda=1 iteration=4 first=cdls cdls_ms=0.008133000 rocsolver_ms=0.018028000 cdls_submit_ms=0.003576000 roc_submit_ms=0.014732000 cdls_wall_ms=0.014913000 roc_wall_ms=0.024748000
sample n=1 lda=1 iteration=5 first=rocsolver cdls_ms=0.005809000 rocsolver_ms=0.010496000 cdls_submit_ms=0.002755000 roc_submit_ms=0.008223000 cdls_wall_ms=0.013240000 roc_wall_ms=0.020732000
sample n=1 lda=1 iteration=6 first=cdls cdls_ms=0.009855000 rocsolver_ms=0.012459000 cdls_submit_ms=0.003996000 roc_submit_ms=0.008564000 cdls_wall_ms=0.018578000 roc_wall_ms=0.018729000
sample n=1 lda=1 iteration=7 first=rocsolver cdls_ms=0.010095000 rocsolver_ms=0.009174000 cdls_submit_ms=0.004837000 roc_submit_ms=0.005689000 cdls_wall_ms=0.019580000 roc_wall_ms=0.017106000
sample n=1 lda=1 iteration=8 first=cdls cdls_ms=0.007372000 rocsolver_ms=0.009734000 cdls_submit_ms=0.002644000 roc_submit_ms=0.005940000 cdls_wall_ms=0.014933000 roc_wall_ms=0.017196000
sample n=1 lda=1 iteration=9 first=rocsolver cdls_ms=0.005248000 rocsolver_ms=0.015303000 cdls_submit_ms=0.002655000 roc_submit_ms=0.011167000 cdls_wall_ms=0.013901000 roc_wall_ms=0.023085000
sample n=1 lda=1 iteration=10 first=cdls cdls_ms=0.008052000 rocsolver_ms=0.015023000 cdls_submit_ms=0.002924000 roc_submit_ms=0.010757000 cdls_wall_ms=0.017747000 roc_wall_ms=0.026280000
sample n=1 lda=1 iteration=11 first=rocsolver cdls_ms=0.010937000 rocsolver_ms=0.010696000 cdls_submit_ms=0.002413000 roc_submit_ms=0.007211000 cdls_wall_ms=0.018929000 roc_wall_ms=0.018308000
sample n=1 lda=1 iteration=12 first=cdls cdls_ms=0.010336000 rocsolver_ms=0.014582000 cdls_submit_ms=0.002995000 roc_submit_ms=0.009625000 cdls_wall_ms=0.019189000 roc_wall_ms=0.022525000
sample n=1 lda=1 iteration=13 first=rocsolver cdls_ms=0.015303000 rocsolver_ms=0.010416000 cdls_submit_ms=0.004677000 roc_submit_ms=0.006971000 cdls_wall_ms=0.023285000 roc_wall_ms=0.019379000
sample n=1 lda=1 iteration=14 first=cdls cdls_ms=0.014623000 rocsolver_ms=0.019389000 cdls_submit_ms=0.004386000 roc_submit_ms=0.014001000 cdls_wall_ms=0.025118000 roc_wall_ms=0.028523000
sample n=1 lda=1 iteration=15 first=rocsolver cdls_ms=0.016385000 rocsolver_ms=0.014382000 cdls_submit_ms=0.004827000 roc_submit_ms=0.011137000 cdls_wall_ms=0.023666000 roc_wall_ms=0.022665000
sample n=1 lda=1 iteration=16 first=cdls cdls_ms=0.011578000 rocsolver_ms=0.016425001 cdls_submit_ms=0.002214000 roc_submit_ms=0.012899000 cdls_wall_ms=0.020241000 roc_wall_ms=0.025909000
sample n=1 lda=1 iteration=17 first=rocsolver cdls_ms=0.007492000 rocsolver_ms=0.012539000 cdls_submit_ms=0.002644000 roc_submit_ms=0.009535000 cdls_wall_ms=0.015424000 roc_wall_ms=0.019720000
sample n=1 lda=1 iteration=18 first=cdls cdls_ms=0.007772000 rocsolver_ms=0.013821000 cdls_submit_ms=0.003185000 roc_submit_ms=0.008223000 cdls_wall_ms=0.018579000 roc_wall_ms=0.021954000
sample n=1 lda=1 iteration=19 first=rocsolver cdls_ms=0.007932000 rocsolver_ms=0.009014000 cdls_submit_ms=0.003816000 roc_submit_ms=0.005509000 cdls_wall_ms=0.018097000 roc_wall_ms=0.016545000
sample n=1 lda=1 iteration=20 first=cdls cdls_ms=0.005649000 rocsolver_ms=0.015424000 cdls_submit_ms=0.002103000 roc_submit_ms=0.008843000 cdls_wall_ms=0.013080000 roc_wall_ms=0.025750000
sample n=1 lda=1 iteration=21 first=rocsolver cdls_ms=0.012059000 rocsolver_ms=0.012499000 cdls_submit_ms=0.003245000 roc_submit_ms=0.007061000 cdls_wall_ms=0.020661000 roc_wall_ms=0.019850000
sample n=1 lda=1 iteration=22 first=cdls cdls_ms=0.011337000 rocsolver_ms=0.015063000 cdls_submit_ms=0.008433000 roc_submit_ms=0.012930000 cdls_wall_ms=0.023275000 roc_wall_ms=0.023977000
sample n=1 lda=1 iteration=23 first=rocsolver cdls_ms=0.005328000 rocsolver_ms=0.012178000 cdls_submit_ms=0.002524000 roc_submit_ms=0.008363000 cdls_wall_ms=0.015083000 roc_wall_ms=0.023035000
sample n=1 lda=1 iteration=24 first=cdls cdls_ms=0.008774000 rocsolver_ms=0.014702000 cdls_submit_ms=0.003285000 roc_submit_ms=0.008724000 cdls_wall_ms=0.018509000 roc_wall_ms=0.024237000
sample n=1 lda=1 iteration=25 first=rocsolver cdls_ms=0.010296000 rocsolver_ms=0.009855000 cdls_submit_ms=0.005889000 roc_submit_ms=0.005648000 cdls_wall_ms=0.017817000 roc_wall_ms=0.017698000
sample n=1 lda=1 iteration=26 first=cdls cdls_ms=0.007492000 rocsolver_ms=0.010055000 cdls_submit_ms=0.002965000 roc_submit_ms=0.006740000 cdls_wall_ms=0.017557000 roc_wall_ms=0.019390000
sample n=1 lda=1 iteration=27 first=rocsolver cdls_ms=0.005930000 rocsolver_ms=0.012419000 cdls_submit_ms=0.002413000 roc_submit_ms=0.007421000 cdls_wall_ms=0.018147000 roc_wall_ms=0.021523000
sample n=1 lda=1 iteration=28 first=cdls cdls_ms=0.009895000 rocsolver_ms=0.010336000 cdls_submit_ms=0.002984000 roc_submit_ms=0.006711000 cdls_wall_ms=0.019670000 roc_wall_ms=0.025759000
sample n=1 lda=1 iteration=29 first=rocsolver cdls_ms=0.005489000 rocsolver_ms=0.024637001 cdls_submit_ms=0.003174000 roc_submit_ms=0.021062000 cdls_wall_ms=0.014002000 roc_wall_ms=0.036837000
bench n=1 lda=1 repeats=30 cdls_median_ms=0.008453 rocsolver_median_ms=0.012519 cdls_mean_ms=0.009220 rocsolver_mean_ms=0.013245 cdls_gflops=0.000000 workspace_bytes=12 roc_workspace_bytes=0 cdls_submit_ms=0.002989 roc_submit_ms=0.008464 cdls_wall_ms=0.018374 roc_wall_ms=0.021739 rocsolver_gflops=0.000000 speedup=1.480925
