device=AMD Instinct MI300A arch=gfx942:sramecc+:xnack- HIP=60443484 CUs=228 memory_bytes=137438953472 rocSOLVER=3.28.2.1b897f5 rocBLAS=4.4.1.f08d23e3 baseline=rocsolver_dgetrf_npvt fp64 seed=20261001 method=auto matrix=dense n=10240 lda=10240 offset=0 warmup=5 repeats=30
validate n=10240 lda=10240 kind=dense info=7/0 L_rel=5.6844e-16 U_rel=1.6184e-15 residual_scaled=7.4144e-04/2.5504e-04 PASS
sample n=10240 lda=10240 iteration=0 first=cdls cdls_ms=31.121347427 rocsolver_ms=39.313705444 cdls_submit_ms=0.824814000 roc_submit_ms=11.268526000 cdls_wall_ms=31.134759000 roc_wall_ms=39.322577000
sample n=10240 lda=10240 iteration=1 first=rocsolver cdls_ms=31.112091064 rocsolver_ms=39.866359711 cdls_submit_ms=0.744891000 roc_submit_ms=13.958365000 cdls_wall_ms=31.368467000 roc_wall_ms=40.256878000
sample n=10240 lda=10240 iteration=2 first=cdls cdls_ms=30.513456345 rocsolver_ms=39.370616913 cdls_submit_ms=0.495979000 roc_submit_ms=11.030942000 cdls_wall_ms=30.521139000 roc_wall_ms=39.379845000
sample n=10240 lda=10240 iteration=3 first=rocsolver cdls_ms=30.995151520 rocsolver_ms=39.992393494 cdls_submit_ms=0.938096000 roc_submit_ms=13.995822000 cdls_wall_ms=31.004329000 roc_wall_ms=40.388119000
sample n=10240 lda=10240 iteration=4 first=cdls cdls_ms=30.793966293 rocsolver_ms=39.086132050 cdls_submit_ms=0.410239000 roc_submit_ms=11.135322000 cdls_wall_ms=30.803652000 roc_wall_ms=39.095089000
sample n=10240 lda=10240 iteration=5 first=rocsolver cdls_ms=31.522859573 rocsolver_ms=40.094196320 cdls_submit_ms=1.116770000 roc_submit_ms=13.965316000 cdls_wall_ms=31.532257000 roc_wall_ms=40.509044000
sample n=10240 lda=10240 iteration=6 first=cdls cdls_ms=30.790880203 rocsolver_ms=39.527347565 cdls_submit_ms=0.263914000 roc_submit_ms=10.914674000 cdls_wall_ms=30.799035000 roc_wall_ms=39.537396000
sample n=10240 lda=10240 iteration=7 first=rocsolver cdls_ms=31.536401749 rocsolver_ms=40.179286957 cdls_submit_ms=0.893178000 roc_submit_ms=12.978195000 cdls_wall_ms=31.771303000 roc_wall_ms=40.527442000
sample n=10240 lda=10240 iteration=8 first=cdls cdls_ms=31.070047379 rocsolver_ms=39.380874634 cdls_submit_ms=0.402497000 roc_submit_ms=11.135112000 cdls_wall_ms=31.078363000 roc_wall_ms=39.388719000
sample n=10240 lda=10240 iteration=9 first=rocsolver cdls_ms=31.162427902 rocsolver_ms=39.957355499 cdls_submit_ms=0.806756000 roc_submit_ms=13.988632000 cdls_wall_ms=31.370160000 roc_wall_ms=40.376742000
sample n=10240 lda=10240 iteration=10 first=cdls cdls_ms=31.064159393 rocsolver_ms=39.104461670 cdls_submit_ms=0.412983000 roc_submit_ms=10.903007000 cdls_wall_ms=31.071061000 roc_wall_ms=39.111724000
sample n=10240 lda=10240 iteration=11 first=rocsolver cdls_ms=31.296283722 rocsolver_ms=40.119377136 cdls_submit_ms=0.839986000 roc_submit_ms=12.647798000 cdls_wall_ms=31.534020000 roc_wall_ms=40.466799000
sample n=10240 lda=10240 iteration=12 first=cdls cdls_ms=31.189420700 rocsolver_ms=39.483333588 cdls_submit_ms=0.419192000 roc_submit_ms=10.958492000 cdls_wall_ms=31.197715000 roc_wall_ms=39.490435000
sample n=10240 lda=10240 iteration=13 first=rocsolver cdls_ms=31.225795746 rocsolver_ms=40.360183716 cdls_submit_ms=0.901720000 roc_submit_ms=12.940476000 cdls_wall_ms=31.471695000 roc_wall_ms=40.367157000
sample n=10240 lda=10240 iteration=14 first=cdls cdls_ms=31.167818069 rocsolver_ms=39.764392853 cdls_submit_ms=0.392992000 roc_submit_ms=11.062751000 cdls_wall_ms=31.174690000 roc_wall_ms=39.773077000
sample n=10240 lda=10240 iteration=15 first=rocsolver cdls_ms=31.332599640 rocsolver_ms=40.081455231 cdls_submit_ms=0.848389000 roc_submit_ms=12.991835000 cdls_wall_ms=31.569805000 roc_wall_ms=40.426538000
sample n=10240 lda=10240 iteration=16 first=cdls cdls_ms=30.967512131 rocsolver_ms=39.448566437 cdls_submit_ms=0.263513000 roc_submit_ms=11.203617000 cdls_wall_ms=30.976106000 roc_wall_ms=39.457544000
sample n=10240 lda=10240 iteration=17 first=rocsolver cdls_ms=31.705078125 rocsolver_ms=40.143558502 cdls_submit_ms=1.116400000 roc_submit_ms=12.665186000 cdls_wall_ms=31.712924000 roc_wall_ms=40.152738000
sample n=10240 lda=10240 iteration=18 first=cdls cdls_ms=31.083547592 rocsolver_ms=39.681774139 cdls_submit_ms=0.266648000 roc_submit_ms=10.868343000 cdls_wall_ms=31.091222000 roc_wall_ms=39.690911000
sample n=10240 lda=10240 iteration=19 first=rocsolver cdls_ms=31.718532562 rocsolver_ms=40.419525146 cdls_submit_ms=1.078151000 roc_submit_ms=13.310212000 cdls_wall_ms=31.727116000 roc_wall_ms=40.764926000
sample n=10240 lda=10240 iteration=20 first=cdls cdls_ms=31.177591324 rocsolver_ms=39.588493347 cdls_submit_ms=0.259026000 roc_submit_ms=10.982028000 cdls_wall_ms=31.185776000 roc_wall_ms=39.595445000
sample n=10240 lda=10240 iteration=21 first=rocsolver cdls_ms=31.775217056 rocsolver_ms=40.502571106 cdls_submit_ms=1.108868000 roc_submit_ms=13.272526000 cdls_wall_ms=31.785154000 roc_wall_ms=40.691514000
sample n=10240 lda=10240 iteration=22 first=cdls cdls_ms=30.897613525 rocsolver_ms=39.923263550 cdls_submit_ms=0.239026000 roc_submit_ms=11.128061000 cdls_wall_ms=30.906869000 roc_wall_ms=39.930919000
sample n=10240 lda=10240 iteration=23 first=rocsolver cdls_ms=31.429807663 rocsolver_ms=40.553741455 cdls_submit_ms=1.023417000 roc_submit_ms=13.412680000 cdls_wall_ms=31.437893000 roc_wall_ms=40.756974000
sample n=10240 lda=10240 iteration=24 first=cdls cdls_ms=31.299459457 rocsolver_ms=39.818897247 cdls_submit_ms=0.265546000 roc_submit_ms=11.126068000 cdls_wall_ms=31.307453000 roc_wall_ms=39.828121000
sample n=10240 lda=10240 iteration=25 first=rocsolver cdls_ms=31.691619873 rocsolver_ms=40.363399506 cdls_submit_ms=1.105422000 roc_submit_ms=12.963041000 cdls_wall_ms=31.701086000 roc_wall_ms=40.701419000
sample n=10240 lda=10240 iteration=26 first=cdls cdls_ms=31.107044220 rocsolver_ms=39.747997284 cdls_submit_ms=0.355966000 roc_submit_ms=10.889286000 cdls_wall_ms=31.174449000 roc_wall_ms=39.755150000
sample n=10240 lda=10240 iteration=27 first=rocsolver cdls_ms=31.501108170 rocsolver_ms=40.337558746 cdls_submit_ms=1.128988000 roc_submit_ms=12.824910000 cdls_wall_ms=31.510654000 roc_wall_ms=40.679024000
sample n=10240 lda=10240 iteration=28 first=cdls cdls_ms=31.308933258 rocsolver_ms=39.861980438 cdls_submit_ms=0.379761000 roc_submit_ms=11.068250000 cdls_wall_ms=31.373434000 roc_wall_ms=39.869124000
sample n=10240 lda=10240 iteration=29 first=rocsolver cdls_ms=31.606319427 rocsolver_ms=40.617088318 cdls_submit_ms=1.082938000 roc_submit_ms=13.701812000 cdls_wall_ms=31.615876000 roc_wall_ms=40.813611000
bench n=10240 lda=10240 repeats=30 cdls_median_ms=31.183506 rocsolver_median_ms=39.894812 cdls_mean_ms=31.238803 rocsolver_mean_ms=39.889663 cdls_gflops=22953.655432 workspace_bytes=102408 roc_workspace_bytes=42550464 cdls_submit_ms=0.775823 roc_submit_ms=11.958162 cdls_wall_ms=31.337960 roc_wall_ms=40.041829 rocsolver_gflops=17941.567410 speedup=1.279356
