device=AMD Instinct MI300A arch=gfx942:sramecc+:xnack- HIP=60443484 CUs=228 memory_bytes=137438953472 rocSOLVER=3.28.2.1b897f5 rocBLAS=4.4.1.f08d23e3 baseline=rocsolver_dgetrf_npvt fp64 seed=20261001 method=auto matrix=dense n=2560 lda=2560 offset=0 warmup=5 repeats=30
validate n=2560 lda=2560 kind=dense info=7/0 L_rel=7.9078e-16 U_rel=1.8226e-15 residual_scaled=3.1316e-03/7.6200e-04 PASS
sample n=2560 lda=2560 iteration=0 first=cdls cdls_ms=2.348155975 rocsolver_ms=5.219040871 cdls_submit_ms=0.008433000 roc_submit_ms=2.779606000 cdls_wall_ms=2.362958000 roc_wall_ms=5.226613000
sample n=2560 lda=2560 iteration=1 first=rocsolver cdls_ms=2.362937927 rocsolver_ms=5.571440220 cdls_submit_ms=0.014342000 roc_submit_ms=5.107071000 cdls_wall_ms=2.371191000 roc_wall_ms=5.578653000
sample n=2560 lda=2560 iteration=2 first=cdls cdls_ms=2.292429924 rocsolver_ms=5.240735054 cdls_submit_ms=0.011818000 roc_submit_ms=2.831866000 cdls_wall_ms=2.299812000 roc_wall_ms=5.248246000
sample n=2560 lda=2560 iteration=3 first=rocsolver cdls_ms=2.381726980 rocsolver_ms=5.685264111 cdls_submit_ms=0.015444000 roc_submit_ms=5.218912000 cdls_wall_ms=2.390451000 roc_wall_ms=5.690984000
sample n=2560 lda=2560 iteration=4 first=cdls cdls_ms=2.338540077 rocsolver_ms=5.095891953 cdls_submit_ms=0.013301000 roc_submit_ms=2.897908000 cdls_wall_ms=2.347234000 roc_wall_ms=5.103955000
sample n=2560 lda=2560 iteration=5 first=rocsolver cdls_ms=2.388175964 rocsolver_ms=5.753458977 cdls_submit_ms=0.011308000 roc_submit_ms=5.301989000 cdls_wall_ms=2.396860000 roc_wall_ms=5.763084000
sample n=2560 lda=2560 iteration=6 first=cdls cdls_ms=2.300923109 rocsolver_ms=5.236467838 cdls_submit_ms=0.011878000 roc_submit_ms=2.900241000 cdls_wall_ms=2.310418000 roc_wall_ms=5.243860000
sample n=2560 lda=2560 iteration=7 first=rocsolver cdls_ms=2.401277065 rocsolver_ms=5.634767056 cdls_submit_ms=0.014592000 roc_submit_ms=5.228055000 cdls_wall_ms=2.410341000 roc_wall_ms=5.643391000
sample n=2560 lda=2560 iteration=8 first=cdls cdls_ms=2.333812952 rocsolver_ms=5.253764153 cdls_submit_ms=0.008483000 roc_submit_ms=2.882303000 cdls_wall_ms=2.342947000 roc_wall_ms=5.262649000
sample n=2560 lda=2560 iteration=9 first=rocsolver cdls_ms=2.365381002 rocsolver_ms=5.718746185 cdls_submit_ms=0.016646000 roc_submit_ms=5.245071000 cdls_wall_ms=2.373524000 roc_wall_ms=5.726358000
sample n=2560 lda=2560 iteration=10 first=cdls cdls_ms=2.277367115 rocsolver_ms=5.233653069 cdls_submit_ms=0.008293000 roc_submit_ms=2.921314000 cdls_wall_ms=2.423221000 roc_wall_ms=5.243078000
sample n=2560 lda=2560 iteration=11 first=rocsolver cdls_ms=2.341144085 rocsolver_ms=5.627265930 cdls_submit_ms=0.013191000 roc_submit_ms=5.174793000 cdls_wall_ms=2.351171000 roc_wall_ms=5.634878000
sample n=2560 lda=2560 iteration=12 first=cdls cdls_ms=2.312941074 rocsolver_ms=5.145378113 cdls_submit_ms=0.010786000 roc_submit_ms=2.922525000 cdls_wall_ms=2.321124000 roc_wall_ms=5.152981000
sample n=2560 lda=2560 iteration=13 first=rocsolver cdls_ms=2.390579939 rocsolver_ms=5.737355232 cdls_submit_ms=0.016635000 roc_submit_ms=5.296381000 cdls_wall_ms=2.398242000 roc_wall_ms=5.746569000
sample n=2560 lda=2560 iteration=14 first=cdls cdls_ms=2.280931950 rocsolver_ms=5.234064102 cdls_submit_ms=0.014872000 roc_submit_ms=2.853078000 cdls_wall_ms=2.289706000 roc_wall_ms=5.243418000
sample n=2560 lda=2560 iteration=15 first=rocsolver cdls_ms=2.365662098 rocsolver_ms=5.608838081 cdls_submit_ms=0.013641000 roc_submit_ms=5.177869000 cdls_wall_ms=2.375047000 roc_wall_ms=5.617212000
sample n=2560 lda=2560 iteration=16 first=cdls cdls_ms=2.296436071 rocsolver_ms=5.244049072 cdls_submit_ms=0.008242000 roc_submit_ms=2.862794000 cdls_wall_ms=2.305430000 roc_wall_ms=5.253744000
sample n=2560 lda=2560 iteration=17 first=rocsolver cdls_ms=2.430440903 rocsolver_ms=5.800371170 cdls_submit_ms=0.013631000 roc_submit_ms=5.275488000 cdls_wall_ms=2.439947000 roc_wall_ms=5.809626000
sample n=2560 lda=2560 iteration=18 first=cdls cdls_ms=2.294111967 rocsolver_ms=5.260083199 cdls_submit_ms=0.009264000 roc_submit_ms=2.862853000 cdls_wall_ms=2.303237000 roc_wall_ms=5.269588000
sample n=2560 lda=2560 iteration=19 first=rocsolver cdls_ms=2.389818907 rocsolver_ms=5.696932793 cdls_submit_ms=0.015073000 roc_submit_ms=5.235016000 cdls_wall_ms=2.397561000 roc_wall_ms=5.705126000
sample n=2560 lda=2560 iteration=20 first=cdls cdls_ms=2.300962925 rocsolver_ms=5.220403194 cdls_submit_ms=0.008654000 roc_submit_ms=2.868282000 cdls_wall_ms=2.309296000 roc_wall_ms=5.232812000
sample n=2560 lda=2560 iteration=21 first=rocsolver cdls_ms=2.365461111 rocsolver_ms=5.653366089 cdls_submit_ms=0.014342000 roc_submit_ms=5.257321000 cdls_wall_ms=2.373845000 roc_wall_ms=5.660798000
sample n=2560 lda=2560 iteration=22 first=cdls cdls_ms=2.336738110 rocsolver_ms=5.247544765 cdls_submit_ms=0.014902000 roc_submit_ms=2.844215000 cdls_wall_ms=2.345862000 roc_wall_ms=5.256850000
sample n=2560 lda=2560 iteration=23 first=rocsolver cdls_ms=2.386974096 rocsolver_ms=5.678824902 cdls_submit_ms=0.014102000 roc_submit_ms=5.225101000 cdls_wall_ms=2.394596000 roc_wall_ms=5.687428000
sample n=2560 lda=2560 iteration=24 first=cdls cdls_ms=2.276205063 rocsolver_ms=5.228175163 cdls_submit_ms=0.012329000 roc_submit_ms=2.888143000 cdls_wall_ms=2.285450000 roc_wall_ms=5.238982000
sample n=2560 lda=2560 iteration=25 first=rocsolver cdls_ms=2.380645037 rocsolver_ms=5.580725193 cdls_submit_ms=0.015003000 roc_submit_ms=5.280776000 cdls_wall_ms=2.390801000 roc_wall_ms=5.588928000
sample n=2560 lda=2560 iteration=26 first=cdls cdls_ms=2.317627907 rocsolver_ms=5.096744061 cdls_submit_ms=0.008163000 roc_submit_ms=2.848602000 cdls_wall_ms=2.326813000 roc_wall_ms=5.105988000
sample n=2560 lda=2560 iteration=27 first=rocsolver cdls_ms=2.355846882 rocsolver_ms=5.662900925 cdls_submit_ms=0.016765000 roc_submit_ms=5.212432000 cdls_wall_ms=2.364080000 roc_wall_ms=5.671244000
sample n=2560 lda=2560 iteration=28 first=cdls cdls_ms=2.331769943 rocsolver_ms=5.251551151 cdls_submit_ms=0.007972000 roc_submit_ms=2.864447000 cdls_wall_ms=2.340053000 roc_wall_ms=5.260835000
sample n=2560 lda=2560 iteration=29 first=rocsolver cdls_ms=2.359533072 rocsolver_ms=5.565580845 cdls_submit_ms=0.014502000 roc_submit_ms=5.134012000 cdls_wall_ms=2.369148000 roc_wall_ms=5.573845000
bench n=2560 lda=2560 repeats=30 cdls_median_ms=2.344650 rocsolver_median_ms=5.412832 cdls_mean_ms=2.343485 rocsolver_mean_ms=5.439446 cdls_gflops=4768.956261 workspace_bytes=6408 roc_workspace_bytes=11031744 cdls_submit_ms=0.013466 roc_submit_ms=4.014798 cdls_wall_ms=2.363519 roc_wall_ms=5.421717 rocsolver_gflops=2065.745509 speedup=2.308588
