device=AMD Instinct MI300A arch=gfx942:sramecc+:xnack- HIP=60443484 CUs=228 memory_bytes=137438953472 rocSOLVER=3.28.2.1b897f5 rocBLAS=4.4.1.f08d23e3 baseline=rocsolver_dgetrf_npvt fp64 seed=20261001 method=auto matrix=dense n=8 lda=8 offset=0 warmup=20 repeats=30
validate n=8 lda=8 kind=dense info=7/0 L_rel=3.8164e-17 U_rel=4.8446e-18 residual_scaled=7.2478e-03/8.2852e-03 cpu_residual_scaled=2.6370e-02/2.6874e-02 PASS
sample n=8 lda=8 iteration=0 first=cdls cdls_ms=0.007852000 rocsolver_ms=0.009014000 cdls_submit_ms=0.003285000 roc_submit_ms=0.005649000 cdls_wall_ms=0.027662000 roc_wall_ms=0.017868000
sample n=8 lda=8 iteration=1 first=rocsolver cdls_ms=0.006931000 rocsolver_ms=0.011778000 cdls_submit_ms=0.002764000 roc_submit_ms=0.006069000 cdls_wall_ms=0.015334000 roc_wall_ms=0.024067000
sample n=8 lda=8 iteration=2 first=cdls cdls_ms=0.006971000 rocsolver_ms=0.010175000 cdls_submit_ms=0.002765000 roc_submit_ms=0.007121000 cdls_wall_ms=0.018288000 roc_wall_ms=0.018489000
sample n=8 lda=8 iteration=3 first=rocsolver cdls_ms=0.009936000 rocsolver_ms=0.011057000 cdls_submit_ms=0.004617000 roc_submit_ms=0.006911000 cdls_wall_ms=0.039291000 roc_wall_ms=0.022595000
sample n=8 lda=8 iteration=4 first=cdls cdls_ms=0.008053000 rocsolver_ms=0.017907999 cdls_submit_ms=0.004226000 roc_submit_ms=0.008393000 cdls_wall_ms=0.017787000 roc_wall_ms=0.026901000
sample n=8 lda=8 iteration=5 first=rocsolver cdls_ms=0.008493000 rocsolver_ms=0.025720000 cdls_submit_ms=0.004126000 roc_submit_ms=0.015805000 cdls_wall_ms=0.017907000 roc_wall_ms=0.033531000
sample n=8 lda=8 iteration=6 first=cdls cdls_ms=0.007211000 rocsolver_ms=0.010776000 cdls_submit_ms=0.002184000 roc_submit_ms=0.008002000 cdls_wall_ms=0.018048000 roc_wall_ms=0.019400000
sample n=8 lda=8 iteration=7 first=rocsolver cdls_ms=0.008373000 rocsolver_ms=0.033250999 cdls_submit_ms=0.003656000 roc_submit_ms=0.030006000 cdls_wall_ms=0.019070000 roc_wall_ms=0.042074000
sample n=8 lda=8 iteration=8 first=cdls cdls_ms=0.006410000 rocsolver_ms=0.017666999 cdls_submit_ms=0.002754000 roc_submit_ms=0.013301000 cdls_wall_ms=0.014332000 roc_wall_ms=0.027262000
sample n=8 lda=8 iteration=9 first=rocsolver cdls_ms=0.007331000 rocsolver_ms=0.014462000 cdls_submit_ms=0.002714000 roc_submit_ms=0.010717000 cdls_wall_ms=0.015023000 roc_wall_ms=0.025258000
sample n=8 lda=8 iteration=10 first=cdls cdls_ms=0.009374000 rocsolver_ms=0.010336000 cdls_submit_ms=0.004426000 roc_submit_ms=0.006630000 cdls_wall_ms=0.018409000 roc_wall_ms=0.020591000
sample n=8 lda=8 iteration=11 first=rocsolver cdls_ms=0.006811000 rocsolver_ms=0.014903000 cdls_submit_ms=0.003145000 roc_submit_ms=0.011147000 cdls_wall_ms=0.020792000 roc_wall_ms=0.025278000
sample n=8 lda=8 iteration=12 first=cdls cdls_ms=0.008412000 rocsolver_ms=0.012699000 cdls_submit_ms=0.002935000 roc_submit_ms=0.005769000 cdls_wall_ms=0.021253000 roc_wall_ms=0.021273000
sample n=8 lda=8 iteration=13 first=rocsolver cdls_ms=0.007211000 rocsolver_ms=0.009775000 cdls_submit_ms=0.002344000 roc_submit_ms=0.007361000 cdls_wall_ms=0.015895000 roc_wall_ms=0.020522000
sample n=8 lda=8 iteration=14 first=cdls cdls_ms=0.006490000 rocsolver_ms=0.010095000 cdls_submit_ms=0.004107000 roc_submit_ms=0.008093000 cdls_wall_ms=0.016164000 roc_wall_ms=0.020912000
sample n=8 lda=8 iteration=15 first=rocsolver cdls_ms=0.007412000 rocsolver_ms=0.015864000 cdls_submit_ms=0.003525000 roc_submit_ms=0.009475000 cdls_wall_ms=0.017867000 roc_wall_ms=0.024297000
sample n=8 lda=8 iteration=16 first=cdls cdls_ms=0.006410000 rocsolver_ms=0.015144000 cdls_submit_ms=0.002604000 roc_submit_ms=0.010005000 cdls_wall_ms=0.016004000 roc_wall_ms=0.023375000
sample n=8 lda=8 iteration=17 first=rocsolver cdls_ms=0.006811000 rocsolver_ms=0.011498000 cdls_submit_ms=0.003395000 roc_submit_ms=0.005849000 cdls_wall_ms=0.018168000 roc_wall_ms=0.021954000
sample n=8 lda=8 iteration=18 first=cdls cdls_ms=0.009775000 rocsolver_ms=0.013781000 cdls_submit_ms=0.005799000 roc_submit_ms=0.009745000 cdls_wall_ms=0.026881000 roc_wall_ms=0.023086000
sample n=8 lda=8 iteration=19 first=rocsolver cdls_ms=0.009855000 rocsolver_ms=0.010176000 cdls_submit_ms=0.003015000 roc_submit_ms=0.006580000 cdls_wall_ms=0.020031000 roc_wall_ms=0.019090000
sample n=8 lda=8 iteration=20 first=cdls cdls_ms=0.006210000 rocsolver_ms=0.012980000 cdls_submit_ms=0.002664000 roc_submit_ms=0.009154000 cdls_wall_ms=0.016145000 roc_wall_ms=0.021833000
sample n=8 lda=8 iteration=21 first=rocsolver cdls_ms=0.012299000 rocsolver_ms=0.008974000 cdls_submit_ms=0.003786000 roc_submit_ms=0.005629000 cdls_wall_ms=0.021933000 roc_wall_ms=0.019450000
sample n=8 lda=8 iteration=22 first=cdls cdls_ms=0.010096000 rocsolver_ms=0.011017000 cdls_submit_ms=0.004797000 roc_submit_ms=0.007522000 cdls_wall_ms=0.017757000 roc_wall_ms=0.020341000
sample n=8 lda=8 iteration=23 first=rocsolver cdls_ms=0.008853000 rocsolver_ms=0.028604001 cdls_submit_ms=0.003686000 roc_submit_ms=0.021803000 cdls_wall_ms=0.017207000 roc_wall_ms=0.038719000
sample n=8 lda=8 iteration=24 first=cdls cdls_ms=0.007331000 rocsolver_ms=0.017867001 cdls_submit_ms=0.002544000 roc_submit_ms=0.013861000 cdls_wall_ms=0.016365000 roc_wall_ms=0.026280000
sample n=8 lda=8 iteration=25 first=rocsolver cdls_ms=0.007331000 rocsolver_ms=0.009655000 cdls_submit_ms=0.003025000 roc_submit_ms=0.007071000 cdls_wall_ms=0.017616000 roc_wall_ms=0.018098000
sample n=8 lda=8 iteration=26 first=cdls cdls_ms=0.006490000 rocsolver_ms=0.013581000 cdls_submit_ms=0.002654000 roc_submit_ms=0.007832000 cdls_wall_ms=0.015223000 roc_wall_ms=0.023315000
sample n=8 lda=8 iteration=27 first=rocsolver cdls_ms=0.007131000 rocsolver_ms=0.011658000 cdls_submit_ms=0.002453000 roc_submit_ms=0.006841000 cdls_wall_ms=0.015143000 roc_wall_ms=0.022885000
sample n=8 lda=8 iteration=28 first=cdls cdls_ms=0.011137000 rocsolver_ms=0.010696000 cdls_submit_ms=0.004377000 roc_submit_ms=0.006690000 cdls_wall_ms=0.019710000 roc_wall_ms=0.024578000
sample n=8 lda=8 iteration=29 first=rocsolver cdls_ms=0.006530000 rocsolver_ms=0.015904000 cdls_submit_ms=0.003065000 roc_submit_ms=0.011868000 cdls_wall_ms=0.017426000 roc_wall_ms=0.023596000
bench n=8 lda=8 repeats=30 cdls_median_ms=0.007331 rocsolver_median_ms=0.012238 cdls_mean_ms=0.007984 rocsolver_mean_ms=0.014234 cdls_gflops=0.042013 workspace_bytes=12 roc_workspace_bytes=0 cdls_submit_ms=0.003105 roc_submit_ms=0.007917 cdls_wall_ms=0.017827 roc_wall_ms=0.022985 rocsolver_gflops=0.025166 speedup=1.669417
