device=AMD Instinct MI300A arch=gfx942:sramecc+:xnack- HIP=60443484 CUs=228 memory_bytes=137438953472 rocSOLVER=3.28.2.1b897f5 rocBLAS=4.4.1.f08d23e3 baseline=rocsolver_dgetrf_npvt fp64 seed=20261001 method=auto matrix=dense n=2 lda=2 offset=0 warmup=20 repeats=30
validate n=2 lda=2 kind=dense info=7/0 L_rel=0.0000e+00 U_rel=0.0000e+00 residual_scaled=0.0000e+00/0.0000e+00 cpu_residual_scaled=4.0294e-02/4.0294e-02 PASS
sample n=2 lda=2 iteration=0 first=cdls cdls_ms=0.006009000 rocsolver_ms=0.007251000 cdls_submit_ms=0.003775000 roc_submit_ms=0.006420000 cdls_wall_ms=0.024938000 roc_wall_ms=0.017186000
sample n=2 lda=2 iteration=1 first=rocsolver cdls_ms=0.007291000 rocsolver_ms=0.017627001 cdls_submit_ms=0.002905000 roc_submit_ms=0.014392000 cdls_wall_ms=0.015233000 roc_wall_ms=0.026481000
sample n=2 lda=2 iteration=2 first=cdls cdls_ms=0.007772000 rocsolver_ms=0.011538000 cdls_submit_ms=0.002544000 roc_submit_ms=0.007041000 cdls_wall_ms=0.017677000 roc_wall_ms=0.019570000
sample n=2 lda=2 iteration=3 first=rocsolver cdls_ms=0.005489000 rocsolver_ms=0.009615000 cdls_submit_ms=0.002724000 roc_submit_ms=0.006049000 cdls_wall_ms=0.014913000 roc_wall_ms=0.017577000
sample n=2 lda=2 iteration=4 first=cdls cdls_ms=0.006410000 rocsolver_ms=0.014302000 cdls_submit_ms=0.002654000 roc_submit_ms=0.009345000 cdls_wall_ms=0.015033000 roc_wall_ms=0.020691000
sample n=2 lda=2 iteration=5 first=rocsolver cdls_ms=0.011898000 rocsolver_ms=0.012579000 cdls_submit_ms=0.003596000 roc_submit_ms=0.006590000 cdls_wall_ms=0.019570000 roc_wall_ms=0.019731000
sample n=2 lda=2 iteration=6 first=cdls cdls_ms=0.011257000 rocsolver_ms=0.013300000 cdls_submit_ms=0.007281000 roc_submit_ms=0.008733000 cdls_wall_ms=0.020781000 roc_wall_ms=0.023836000
sample n=2 lda=2 iteration=7 first=rocsolver cdls_ms=0.010376000 rocsolver_ms=0.018147999 cdls_submit_ms=0.005097000 roc_submit_ms=0.007512000 cdls_wall_ms=0.021302000 roc_wall_ms=0.027102000
sample n=2 lda=2 iteration=8 first=cdls cdls_ms=0.006090000 rocsolver_ms=0.016985999 cdls_submit_ms=0.001893000 roc_submit_ms=0.008042000 cdls_wall_ms=0.016125000 roc_wall_ms=0.025179000
sample n=2 lda=2 iteration=9 first=rocsolver cdls_ms=0.010536000 rocsolver_ms=0.012699000 cdls_submit_ms=0.002754000 roc_submit_ms=0.007161000 cdls_wall_ms=0.019710000 roc_wall_ms=0.020171000
sample n=2 lda=2 iteration=10 first=cdls cdls_ms=0.008933000 rocsolver_ms=0.017988000 cdls_submit_ms=0.003746000 roc_submit_ms=0.011909000 cdls_wall_ms=0.017757000 roc_wall_ms=0.028553000
sample n=2 lda=2 iteration=11 first=rocsolver cdls_ms=0.009214000 rocsolver_ms=0.009535000 cdls_submit_ms=0.003045000 roc_submit_ms=0.007451000 cdls_wall_ms=0.017898000 roc_wall_ms=0.017777000
sample n=2 lda=2 iteration=12 first=cdls cdls_ms=0.006130000 rocsolver_ms=0.014542000 cdls_submit_ms=0.003755000 roc_submit_ms=0.008353000 cdls_wall_ms=0.015814000 roc_wall_ms=0.022855000
sample n=2 lda=2 iteration=13 first=rocsolver cdls_ms=0.012540000 rocsolver_ms=0.007772000 cdls_submit_ms=0.003836000 roc_submit_ms=0.005359000 cdls_wall_ms=0.024667000 roc_wall_ms=0.016145000
sample n=2 lda=2 iteration=14 first=cdls cdls_ms=0.011578000 rocsolver_ms=0.016786000 cdls_submit_ms=0.006450000 roc_submit_ms=0.012909000 cdls_wall_ms=0.021273000 roc_wall_ms=0.026090000
sample n=2 lda=2 iteration=15 first=rocsolver cdls_ms=0.006089000 rocsolver_ms=0.010295000 cdls_submit_ms=0.002995000 roc_submit_ms=0.005649000 cdls_wall_ms=0.014702000 roc_wall_ms=0.019430000
sample n=2 lda=2 iteration=16 first=cdls cdls_ms=0.005688000 rocsolver_ms=0.016305000 cdls_submit_ms=0.003485000 roc_submit_ms=0.012930000 cdls_wall_ms=0.015583000 roc_wall_ms=0.026852000
sample n=2 lda=2 iteration=17 first=rocsolver cdls_ms=0.007571000 rocsolver_ms=0.016063999 cdls_submit_ms=0.005408000 roc_submit_ms=0.010016000 cdls_wall_ms=0.017267000 roc_wall_ms=0.025349000
sample n=2 lda=2 iteration=18 first=cdls cdls_ms=0.006170000 rocsolver_ms=0.015464000 cdls_submit_ms=0.002023000 roc_submit_ms=0.009495000 cdls_wall_ms=0.016255000 roc_wall_ms=0.024117000
sample n=2 lda=2 iteration=19 first=rocsolver cdls_ms=0.005649000 rocsolver_ms=0.009014000 cdls_submit_ms=0.003425000 roc_submit_ms=0.005408000 cdls_wall_ms=0.013891000 roc_wall_ms=0.020431000
sample n=2 lda=2 iteration=20 first=cdls cdls_ms=0.010736000 rocsolver_ms=0.010456000 cdls_submit_ms=0.001712000 roc_submit_ms=0.007511000 cdls_wall_ms=0.021283000 roc_wall_ms=0.026080000
sample n=2 lda=2 iteration=21 first=rocsolver cdls_ms=0.010255000 rocsolver_ms=0.027040999 cdls_submit_ms=0.003315000 roc_submit_ms=0.024197000 cdls_wall_ms=0.018328000 roc_wall_ms=0.035424000
sample n=2 lda=2 iteration=22 first=cdls cdls_ms=0.006650000 rocsolver_ms=0.017747000 cdls_submit_ms=0.003796000 roc_submit_ms=0.014472000 cdls_wall_ms=0.014162000 roc_wall_ms=0.027222000
sample n=2 lda=2 iteration=23 first=rocsolver cdls_ms=0.012339000 rocsolver_ms=0.010497000 cdls_submit_ms=0.003635000 roc_submit_ms=0.007131000 cdls_wall_ms=0.020121000 roc_wall_ms=0.028133000
sample n=2 lda=2 iteration=24 first=cdls cdls_ms=0.012739000 rocsolver_ms=0.012699000 cdls_submit_ms=0.008413000 roc_submit_ms=0.007682000 cdls_wall_ms=0.020451000 roc_wall_ms=0.025168000
sample n=2 lda=2 iteration=25 first=rocsolver cdls_ms=0.008092000 rocsolver_ms=0.008413000 cdls_submit_ms=0.002814000 roc_submit_ms=0.005499000 cdls_wall_ms=0.015614000 roc_wall_ms=0.015935000
sample n=2 lda=2 iteration=26 first=cdls cdls_ms=0.006049000 rocsolver_ms=0.017467000 cdls_submit_ms=0.002443000 roc_submit_ms=0.013651000 cdls_wall_ms=0.014012000 roc_wall_ms=0.024918000
sample n=2 lda=2 iteration=27 first=rocsolver cdls_ms=0.006369000 rocsolver_ms=0.012539000 cdls_submit_ms=0.002815000 roc_submit_ms=0.008122000 cdls_wall_ms=0.013771000 roc_wall_ms=0.022895000
sample n=2 lda=2 iteration=28 first=cdls cdls_ms=0.008814000 rocsolver_ms=0.017387001 cdls_submit_ms=0.003015000 roc_submit_ms=0.012509000 cdls_wall_ms=0.016906000 roc_wall_ms=0.027572000
sample n=2 lda=2 iteration=29 first=rocsolver cdls_ms=0.007572000 rocsolver_ms=0.008773000 cdls_submit_ms=0.002975000 roc_submit_ms=0.005218000 cdls_wall_ms=0.015103000 roc_wall_ms=0.017336000
bench n=2 lda=2 repeats=30 cdls_median_ms=0.007672 rocsolver_median_ms=0.012999 cdls_mean_ms=0.008410 rocsolver_mean_ms=0.013694 cdls_gflops=0.000391 workspace_bytes=12 roc_workspace_bytes=0 cdls_submit_ms=0.003180 roc_submit_ms=0.007862 cdls_wall_ms=0.017087 roc_wall_ms=0.023976 rocsolver_gflops=0.000231 speedup=1.694408
