device=AMD Instinct MI300A arch=gfx942:sramecc+:xnack- HIP=60443484 CUs=228 memory_bytes=137438953472 rocSOLVER=3.28.2.1b897f5 rocBLAS=4.4.1.f08d23e3 baseline=rocsolver_dgetrf_npvt fp64 seed=20261001 method=auto matrix=dense n=16384 lda=16384 offset=0 warmup=5 repeats=30
validate n=16384 lda=16384 kind=dense info=7/0 L_rel=5.6795e-16 U_rel=1.7038e-15 residual_scaled=4.9962e-04/2.0443e-04 PASS
sample n=16384 lda=16384 iteration=0 first=cdls cdls_ms=102.617820740 rocsolver_ms=109.312232971 cdls_submit_ms=0.242521000 roc_submit_ms=66.965509000 cdls_wall_ms=102.646689000 roc_wall_ms=109.319667000
sample n=16384 lda=16384 iteration=1 first=rocsolver cdls_ms=102.170707703 rocsolver_ms=109.899024963 cdls_submit_ms=0.436688000 roc_submit_ms=43.649964000 cdls_wall_ms=102.195248000 roc_wall_ms=109.945547000
sample n=16384 lda=16384 iteration=2 first=cdls cdls_ms=102.813591003 rocsolver_ms=109.837478638 cdls_submit_ms=0.271796000 roc_submit_ms=67.451642000 cdls_wall_ms=102.822007000 roc_wall_ms=109.852634000
sample n=16384 lda=16384 iteration=3 first=rocsolver cdls_ms=102.538642883 rocsolver_ms=110.633651733 cdls_submit_ms=1.271707000 roc_submit_ms=45.234651000 cdls_wall_ms=103.153966000 roc_wall_ms=111.063488000
sample n=16384 lda=16384 iteration=4 first=cdls cdls_ms=102.499938965 rocsolver_ms=109.608886719 cdls_submit_ms=0.499325000 roc_submit_ms=67.649556000 cdls_wall_ms=102.508377000 roc_wall_ms=109.616572000
sample n=16384 lda=16384 iteration=5 first=rocsolver cdls_ms=103.197113037 rocsolver_ms=111.219497681 cdls_submit_ms=1.338931000 roc_submit_ms=45.734466000 cdls_wall_ms=103.204624000 roc_wall_ms=111.640262000
sample n=16384 lda=16384 iteration=6 first=cdls cdls_ms=102.884323120 rocsolver_ms=109.847335815 cdls_submit_ms=0.459694000 roc_submit_ms=67.545436000 cdls_wall_ms=102.893217000 roc_wall_ms=109.855799000
sample n=16384 lda=16384 iteration=7 first=rocsolver cdls_ms=103.275756836 rocsolver_ms=110.609443665 cdls_submit_ms=1.283926000 roc_submit_ms=45.172305000 cdls_wall_ms=103.896483000 roc_wall_ms=111.052452000
sample n=16384 lda=16384 iteration=8 first=cdls cdls_ms=103.348892212 rocsolver_ms=110.646347046 cdls_submit_ms=0.500586000 roc_submit_ms=67.985080000 cdls_wall_ms=103.358038000 roc_wall_ms=110.657095000
sample n=16384 lda=16384 iteration=9 first=rocsolver cdls_ms=104.082771301 rocsolver_ms=111.124542236 cdls_submit_ms=1.687043000 roc_submit_ms=45.682897000 cdls_wall_ms=104.311378000 roc_wall_ms=111.560489000
sample n=16384 lda=16384 iteration=10 first=cdls cdls_ms=104.044898987 rocsolver_ms=110.883880615 cdls_submit_ms=0.449468000 roc_submit_ms=68.440427000 cdls_wall_ms=104.053574000 roc_wall_ms=110.891155000
sample n=16384 lda=16384 iteration=11 first=rocsolver cdls_ms=103.067070007 rocsolver_ms=110.819137573 cdls_submit_ms=1.289856000 roc_submit_ms=45.101236000 cdls_wall_ms=103.679761000 roc_wall_ms=111.247069000
sample n=16384 lda=16384 iteration=12 first=cdls cdls_ms=103.646339417 rocsolver_ms=110.154930115 cdls_submit_ms=0.440655000 roc_submit_ms=67.596023000 cdls_wall_ms=103.654923000 roc_wall_ms=110.163991000
sample n=16384 lda=16384 iteration=13 first=rocsolver cdls_ms=104.197227478 rocsolver_ms=111.438331604 cdls_submit_ms=1.315775000 roc_submit_ms=45.551206000 cdls_wall_ms=104.808440000 roc_wall_ms=111.877545000
sample n=16384 lda=16384 iteration=14 first=cdls cdls_ms=103.730644226 rocsolver_ms=110.335601807 cdls_submit_ms=0.450009000 roc_submit_ms=67.693653000 cdls_wall_ms=103.738541000 roc_wall_ms=110.342414000
sample n=16384 lda=16384 iteration=15 first=rocsolver cdls_ms=104.438941956 rocsolver_ms=111.447746277 cdls_submit_ms=1.332951000 roc_submit_ms=45.276766000 cdls_wall_ms=104.993242000 roc_wall_ms=111.881060000
sample n=16384 lda=16384 iteration=16 first=cdls cdls_ms=103.970321655 rocsolver_ms=111.006271362 cdls_submit_ms=0.449579000 roc_submit_ms=68.191606000 cdls_wall_ms=103.978258000 roc_wall_ms=111.013511000
sample n=16384 lda=16384 iteration=17 first=rocsolver cdls_ms=103.871971130 rocsolver_ms=111.205795288 cdls_submit_ms=1.880079000 roc_submit_ms=45.234390000 cdls_wall_ms=103.879977000 roc_wall_ms=111.214099000
sample n=16384 lda=16384 iteration=18 first=cdls cdls_ms=103.220504761 rocsolver_ms=111.267501831 cdls_submit_ms=0.461587000 roc_submit_ms=68.020063000 cdls_wall_ms=103.229040000 roc_wall_ms=111.276444000
sample n=16384 lda=16384 iteration=19 first=rocsolver cdls_ms=103.941871643 rocsolver_ms=112.013999939 cdls_submit_ms=1.306721000 roc_submit_ms=45.533789000 cdls_wall_ms=104.567621000 roc_wall_ms=112.024900000
sample n=16384 lda=16384 iteration=20 first=cdls cdls_ms=104.299118042 rocsolver_ms=111.406112671 cdls_submit_ms=0.478523000 roc_submit_ms=68.204266000 cdls_wall_ms=104.308124000 roc_wall_ms=111.413914000
sample n=16384 lda=16384 iteration=21 first=rocsolver cdls_ms=105.396293640 rocsolver_ms=112.439537048 cdls_submit_ms=1.873539000 roc_submit_ms=45.943606000 cdls_wall_ms=105.405594000 roc_wall_ms=112.864947000
sample n=16384 lda=16384 iteration=22 first=cdls cdls_ms=104.276473999 rocsolver_ms=111.603599548 cdls_submit_ms=0.451672000 roc_submit_ms=68.185757000 cdls_wall_ms=104.284338000 roc_wall_ms=111.610737000
sample n=16384 lda=16384 iteration=23 first=rocsolver cdls_ms=104.326599121 rocsolver_ms=112.920280457 cdls_submit_ms=1.295805000 roc_submit_ms=46.080166000 cdls_wall_ms=104.942575000 roc_wall_ms=112.927543000
sample n=16384 lda=16384 iteration=24 first=cdls cdls_ms=105.172592163 rocsolver_ms=111.833259583 cdls_submit_ms=0.468117000 roc_submit_ms=68.799326000 cdls_wall_ms=105.180840000 roc_wall_ms=111.841891000
sample n=16384 lda=16384 iteration=25 first=rocsolver cdls_ms=105.896629333 rocsolver_ms=112.424446106 cdls_submit_ms=1.878537000 roc_submit_ms=45.820909000 cdls_wall_ms=105.904258000 roc_wall_ms=112.860691000
sample n=16384 lda=16384 iteration=26 first=cdls cdls_ms=104.082641602 rocsolver_ms=112.158561707 cdls_submit_ms=0.460986000 roc_submit_ms=68.801900000 cdls_wall_ms=104.090871000 roc_wall_ms=112.166448000
sample n=16384 lda=16384 iteration=27 first=rocsolver cdls_ms=104.107818604 rocsolver_ms=112.467521667 cdls_submit_ms=1.519357000 roc_submit_ms=45.618608000 cdls_wall_ms=104.341885000 roc_wall_ms=112.898218000
sample n=16384 lda=16384 iteration=28 first=cdls cdls_ms=104.955162048 rocsolver_ms=112.103027344 cdls_submit_ms=0.446824000 roc_submit_ms=68.448599000 cdls_wall_ms=104.964649000 roc_wall_ms=112.110591000
sample n=16384 lda=16384 iteration=29 first=rocsolver cdls_ms=105.996276855 rocsolver_ms=112.815528870 cdls_submit_ms=1.910045000 roc_submit_ms=46.019963000 cdls_wall_ms=106.004110000 roc_wall_ms=112.875083000
bench n=16384 lda=16384 repeats=30 cdls_median_ms=103.956097 rocsolver_median_ms=111.212646 cdls_mean_ms=103.868965 rocsolver_mean_ms=111.182784 cdls_gflops=28203.221181 workspace_bytes=262152 roc_workspace_bytes=67765440 cdls_submit_ms=0.499955 roc_submit_ms=56.522837 cdls_wall_ms=104.015916 roc_wall_ms=111.345179 rocsolver_gflops=26362.980107 speedup=1.069804
