device=AMD Instinct MI300A arch=gfx942:sramecc+:xnack- HIP=60443484 CUs=228 memory_bytes=137438953472 rocSOLVER=3.28.2.1b897f5 rocBLAS=4.4.1.f08d23e3 baseline=rocsolver_dgetrf_npvt fp64 seed=20261001 method=auto matrix=dense n=4 lda=4 offset=0 warmup=20 repeats=30
validate n=4 lda=4 kind=dense info=7/0 L_rel=2.4037e-17 U_rel=0.0000e+00 residual_scaled=0.0000e+00/1.7307e-02 cpu_residual_scaled=4.6763e-02/4.7592e-02 PASS
sample n=4 lda=4 iteration=0 first=cdls cdls_ms=0.008412000 rocsolver_ms=0.011818000 cdls_submit_ms=0.003406000 roc_submit_ms=0.006380000 cdls_wall_ms=0.026401000 roc_wall_ms=0.019550000
sample n=4 lda=4 iteration=1 first=rocsolver cdls_ms=0.010176000 rocsolver_ms=0.015783999 cdls_submit_ms=0.004487000 roc_submit_ms=0.010396000 cdls_wall_ms=0.017556000 roc_wall_ms=0.023426000
sample n=4 lda=4 iteration=2 first=cdls cdls_ms=0.007251000 rocsolver_ms=0.018629000 cdls_submit_ms=0.002384000 roc_submit_ms=0.009394000 cdls_wall_ms=0.015584000 roc_wall_ms=0.025879000
sample n=4 lda=4 iteration=3 first=rocsolver cdls_ms=0.009775000 rocsolver_ms=0.015904000 cdls_submit_ms=0.003345000 roc_submit_ms=0.009594000 cdls_wall_ms=0.018379000 roc_wall_ms=0.023186000
sample n=4 lda=4 iteration=4 first=cdls cdls_ms=0.007051000 rocsolver_ms=0.017346000 cdls_submit_ms=0.002995000 roc_submit_ms=0.008203000 cdls_wall_ms=0.019951000 roc_wall_ms=0.025939000
sample n=4 lda=4 iteration=5 first=rocsolver cdls_ms=0.010056000 rocsolver_ms=0.015584000 cdls_submit_ms=0.003947000 roc_submit_ms=0.008423000 cdls_wall_ms=0.021834000 roc_wall_ms=0.026120000
sample n=4 lda=4 iteration=6 first=cdls cdls_ms=0.006289000 rocsolver_ms=0.017506000 cdls_submit_ms=0.002514000 roc_submit_ms=0.014752000 cdls_wall_ms=0.014533000 roc_wall_ms=0.025900000
sample n=4 lda=4 iteration=7 first=rocsolver cdls_ms=0.012700000 rocsolver_ms=0.016546000 cdls_submit_ms=0.008804000 roc_submit_ms=0.012509000 cdls_wall_ms=0.022024000 roc_wall_ms=0.023566000
sample n=4 lda=4 iteration=8 first=cdls cdls_ms=0.010536000 rocsolver_ms=0.012940000 cdls_submit_ms=0.005158000 roc_submit_ms=0.008863000 cdls_wall_ms=0.021743000 roc_wall_ms=0.020822000
sample n=4 lda=4 iteration=9 first=rocsolver cdls_ms=0.008012000 rocsolver_ms=0.028844999 cdls_submit_ms=0.004547000 roc_submit_ms=0.025659000 cdls_wall_ms=0.017326000 roc_wall_ms=0.036947000
sample n=4 lda=4 iteration=10 first=cdls cdls_ms=0.006650000 rocsolver_ms=0.018749001 cdls_submit_ms=0.002293000 roc_submit_ms=0.012860000 cdls_wall_ms=0.015213000 roc_wall_ms=0.027742000
sample n=4 lda=4 iteration=11 first=rocsolver cdls_ms=0.017026000 rocsolver_ms=0.010296000 cdls_submit_ms=0.004246000 roc_submit_ms=0.007411000 cdls_wall_ms=0.025229000 roc_wall_ms=0.020241000
sample n=4 lda=4 iteration=12 first=cdls cdls_ms=0.012900000 rocsolver_ms=0.015063000 cdls_submit_ms=0.008693000 roc_submit_ms=0.010006000 cdls_wall_ms=0.021012000 roc_wall_ms=0.026531000
sample n=4 lda=4 iteration=13 first=rocsolver cdls_ms=0.006971000 rocsolver_ms=0.013941000 cdls_submit_ms=0.003004000 roc_submit_ms=0.008212000 cdls_wall_ms=0.015974000 roc_wall_ms=0.022975000
sample n=4 lda=4 iteration=14 first=cdls cdls_ms=0.007372000 rocsolver_ms=0.037978001 cdls_submit_ms=0.002894000 roc_submit_ms=0.007882000 cdls_wall_ms=0.019710000 roc_wall_ms=0.050538000
sample n=4 lda=4 iteration=15 first=rocsolver cdls_ms=0.008934000 rocsolver_ms=0.013902000 cdls_submit_ms=0.004317000 roc_submit_ms=0.007521000 cdls_wall_ms=0.016105000 roc_wall_ms=0.022705000
sample n=4 lda=4 iteration=16 first=cdls cdls_ms=0.009775000 rocsolver_ms=0.017026000 cdls_submit_ms=0.002504000 roc_submit_ms=0.011617000 cdls_wall_ms=0.019750000 roc_wall_ms=0.028855000
sample n=4 lda=4 iteration=17 first=rocsolver cdls_ms=0.009094000 rocsolver_ms=0.014502000 cdls_submit_ms=0.003536000 roc_submit_ms=0.008553000 cdls_wall_ms=0.016175000 roc_wall_ms=0.021984000
sample n=4 lda=4 iteration=18 first=cdls cdls_ms=0.007051000 rocsolver_ms=0.018228000 cdls_submit_ms=0.001753000 roc_submit_ms=0.014922000 cdls_wall_ms=0.015854000 roc_wall_ms=0.026511000
sample n=4 lda=4 iteration=19 first=rocsolver cdls_ms=0.009655000 rocsolver_ms=0.016264999 cdls_submit_ms=0.005758000 roc_submit_ms=0.008132000 cdls_wall_ms=0.021322000 roc_wall_ms=0.025500000
sample n=4 lda=4 iteration=20 first=cdls cdls_ms=0.008373000 rocsolver_ms=0.016345000 cdls_submit_ms=0.004717000 roc_submit_ms=0.007792000 cdls_wall_ms=0.017187000 roc_wall_ms=0.025369000
sample n=4 lda=4 iteration=21 first=rocsolver cdls_ms=0.018669000 rocsolver_ms=0.010136000 cdls_submit_ms=0.004446000 roc_submit_ms=0.006350000 cdls_wall_ms=0.028644000 roc_wall_ms=0.026030000
sample n=4 lda=4 iteration=22 first=cdls cdls_ms=0.006690000 rocsolver_ms=0.017666999 cdls_submit_ms=0.002734000 roc_submit_ms=0.008253000 cdls_wall_ms=0.017317000 roc_wall_ms=0.026571000
sample n=4 lda=4 iteration=23 first=rocsolver cdls_ms=0.006610000 rocsolver_ms=0.014903000 cdls_submit_ms=0.003425000 roc_submit_ms=0.011498000 cdls_wall_ms=0.015424000 roc_wall_ms=0.027442000
sample n=4 lda=4 iteration=24 first=cdls cdls_ms=0.011738000 rocsolver_ms=0.016825000 cdls_submit_ms=0.003937000 roc_submit_ms=0.011608000 cdls_wall_ms=0.021212000 roc_wall_ms=0.025429000
sample n=4 lda=4 iteration=25 first=rocsolver cdls_ms=0.006650000 rocsolver_ms=0.013100000 cdls_submit_ms=0.003015000 roc_submit_ms=0.007552000 cdls_wall_ms=0.014643000 roc_wall_ms=0.022615000
sample n=4 lda=4 iteration=26 first=cdls cdls_ms=0.007892000 rocsolver_ms=0.016906001 cdls_submit_ms=0.003185000 roc_submit_ms=0.008883000 cdls_wall_ms=0.021232000 roc_wall_ms=0.024588000
sample n=4 lda=4 iteration=27 first=rocsolver cdls_ms=0.009494000 rocsolver_ms=0.017106000 cdls_submit_ms=0.004257000 roc_submit_ms=0.009455000 cdls_wall_ms=0.021102000 roc_wall_ms=0.025509000
sample n=4 lda=4 iteration=28 first=cdls cdls_ms=0.007010000 rocsolver_ms=0.016585000 cdls_submit_ms=0.002694000 roc_submit_ms=0.009565000 cdls_wall_ms=0.016555000 roc_wall_ms=0.024738000
sample n=4 lda=4 iteration=29 first=rocsolver cdls_ms=0.009735000 rocsolver_ms=0.014542000 cdls_submit_ms=0.006039000 roc_submit_ms=0.008113000 cdls_wall_ms=0.022134000 roc_wall_ms=0.023907000
bench n=4 lda=4 repeats=30 cdls_median_ms=0.008673 rocsolver_median_ms=0.016305 cdls_mean_ms=0.009285 rocsolver_mean_ms=0.016699 cdls_gflops=0.003920 workspace_bytes=12 roc_workspace_bytes=0 cdls_submit_ms=0.003481 roc_submit_ms=0.008873 cdls_wall_ms=0.019044 roc_wall_ms=0.025465 rocsolver_gflops=0.002085 speedup=1.879972
