device=AMD Instinct MI300A arch=gfx942:sramecc+:xnack- HIP=60443484 CUs=228 memory_bytes=137438953472 rocSOLVER=3.28.2.1b897f5 rocBLAS=4.4.1.f08d23e3 baseline=rocsolver_dgetrf_npvt fp64 seed=20261001 method=auto matrix=dense n=8192 lda=8192 offset=0 warmup=5 repeats=30
validate n=8192 lda=8192 kind=dense info=7/0 L_rel=7.2829e-16 U_rel=2.1479e-15 residual_scaled=1.2306e-03/3.9221e-04 PASS
sample n=8192 lda=8192 iteration=0 first=cdls cdls_ms=18.532880783 rocsolver_ms=26.084684372 cdls_submit_ms=0.238726000 roc_submit_ms=9.701667000 cdls_wall_ms=18.700017000 roc_wall_ms=26.095833000
sample n=8192 lda=8192 iteration=1 first=rocsolver cdls_ms=18.857568741 rocsolver_ms=26.478738785 cdls_submit_ms=0.844734000 roc_submit_ms=13.068993000 cdls_wall_ms=18.865471000 roc_wall_ms=26.752328000
sample n=8192 lda=8192 iteration=2 first=cdls cdls_ms=18.546529770 rocsolver_ms=25.832408905 cdls_submit_ms=0.502370000 roc_submit_ms=8.717230000 cdls_wall_ms=18.555896000 roc_wall_ms=25.843276000
sample n=8192 lda=8192 iteration=3 first=rocsolver cdls_ms=18.516643524 rocsolver_ms=26.300144196 cdls_submit_ms=0.555241000 roc_submit_ms=12.883770000 cdls_wall_ms=18.836756000 roc_wall_ms=26.578232000
sample n=8192 lda=8192 iteration=4 first=cdls cdls_ms=18.555803299 rocsolver_ms=25.866790771 cdls_submit_ms=0.538264000 roc_submit_ms=8.646992000 cdls_wall_ms=18.565170000 roc_wall_ms=25.878169000
sample n=8192 lda=8192 iteration=5 first=rocsolver cdls_ms=18.492187500 rocsolver_ms=26.311231613 cdls_submit_ms=0.536311000 roc_submit_ms=12.450366000 cdls_wall_ms=18.816626000 roc_wall_ms=26.609379000
sample n=8192 lda=8192 iteration=6 first=cdls cdls_ms=18.571819305 rocsolver_ms=25.906419754 cdls_submit_ms=0.526426000 roc_submit_ms=8.690388000 cdls_wall_ms=18.581115000 roc_wall_ms=25.915527000
sample n=8192 lda=8192 iteration=7 first=rocsolver cdls_ms=18.495632172 rocsolver_ms=26.431364059 cdls_submit_ms=0.444882000 roc_submit_ms=12.466922000 cdls_wall_ms=18.756954000 roc_wall_ms=26.747741000
sample n=8192 lda=8192 iteration=8 first=cdls cdls_ms=18.639112473 rocsolver_ms=25.765796661 cdls_submit_ms=0.399382000 roc_submit_ms=8.485084000 cdls_wall_ms=18.647637000 roc_wall_ms=25.775332000
sample n=8192 lda=8192 iteration=9 first=rocsolver cdls_ms=18.577648163 rocsolver_ms=26.562246323 cdls_submit_ms=0.502499000 roc_submit_ms=11.024052000 cdls_wall_ms=18.848814000 roc_wall_ms=26.571661000
sample n=8192 lda=8192 iteration=10 first=cdls cdls_ms=18.508684158 rocsolver_ms=25.902444839 cdls_submit_ms=0.391801000 roc_submit_ms=8.469029000 cdls_wall_ms=18.517006000 roc_wall_ms=25.911030000
sample n=8192 lda=8192 iteration=11 first=rocsolver cdls_ms=18.629688263 rocsolver_ms=26.380687714 cdls_submit_ms=0.571725000 roc_submit_ms=11.108702000 cdls_wall_ms=18.881705000 roc_wall_ms=26.641158000
sample n=8192 lda=8192 iteration=12 first=cdls cdls_ms=18.681055069 rocsolver_ms=25.765855789 cdls_submit_ms=0.420854000 roc_submit_ms=8.421196000 cdls_wall_ms=18.688800000 roc_wall_ms=25.772818000
sample n=8192 lda=8192 iteration=13 first=rocsolver cdls_ms=18.785285950 rocsolver_ms=26.476051331 cdls_submit_ms=0.573779000 roc_submit_ms=10.731284000 cdls_wall_ms=19.067269000 roc_wall_ms=26.744155000
sample n=8192 lda=8192 iteration=14 first=cdls cdls_ms=18.570468903 rocsolver_ms=25.907892227 cdls_submit_ms=0.398911000 roc_submit_ms=8.645970000 cdls_wall_ms=18.577930000 roc_wall_ms=25.915256000
sample n=8192 lda=8192 iteration=15 first=rocsolver cdls_ms=18.955768585 rocsolver_ms=26.612894058 cdls_submit_ms=0.681273000 roc_submit_ms=11.106247000 cdls_wall_ms=18.964743000 roc_wall_ms=26.874274000
sample n=8192 lda=8192 iteration=16 first=cdls cdls_ms=18.491788864 rocsolver_ms=26.015539169 cdls_submit_ms=0.295412000 roc_submit_ms=8.515340000 cdls_wall_ms=18.593243000 roc_wall_ms=26.026667000
sample n=8192 lda=8192 iteration=17 first=rocsolver cdls_ms=18.719123840 rocsolver_ms=26.494001389 cdls_submit_ms=0.507156000 roc_submit_ms=11.034438000 cdls_wall_ms=18.995379000 roc_wall_ms=26.565743000
sample n=8192 lda=8192 iteration=18 first=cdls cdls_ms=18.484275818 rocsolver_ms=25.868623734 cdls_submit_ms=0.401084000 roc_submit_ms=8.467377000 cdls_wall_ms=18.491387000 roc_wall_ms=25.877078000
sample n=8192 lda=8192 iteration=19 first=rocsolver cdls_ms=18.591188431 rocsolver_ms=26.422319412 cdls_submit_ms=0.568741000 roc_submit_ms=11.011743000 cdls_wall_ms=18.875676000 roc_wall_ms=26.681880000
sample n=8192 lda=8192 iteration=20 first=cdls cdls_ms=18.470273972 rocsolver_ms=25.889144897 cdls_submit_ms=0.404420000 roc_submit_ms=8.604467000 cdls_wall_ms=18.477796000 roc_wall_ms=25.898220000
sample n=8192 lda=8192 iteration=21 first=rocsolver cdls_ms=18.752996445 rocsolver_ms=26.361518860 cdls_submit_ms=0.545285000 roc_submit_ms=11.197588000 cdls_wall_ms=19.033547000 roc_wall_ms=26.634487000
sample n=8192 lda=8192 iteration=22 first=cdls cdls_ms=18.526531219 rocsolver_ms=26.060758591 cdls_submit_ms=0.316785000 roc_submit_ms=8.605769000 cdls_wall_ms=18.538429000 roc_wall_ms=26.071886000
sample n=8192 lda=8192 iteration=23 first=rocsolver cdls_ms=18.837827682 rocsolver_ms=26.538328171 cdls_submit_ms=0.796780000 roc_submit_ms=10.907344000 cdls_wall_ms=18.848655000 roc_wall_ms=26.805690000
sample n=8192 lda=8192 iteration=24 first=cdls cdls_ms=18.591379166 rocsolver_ms=25.895603180 cdls_submit_ms=0.305257000 roc_submit_ms=8.511785000 cdls_wall_ms=18.690863000 roc_wall_ms=25.904510000
sample n=8192 lda=8192 iteration=25 first=rocsolver cdls_ms=18.524045944 rocsolver_ms=26.425848007 cdls_submit_ms=0.565045000 roc_submit_ms=11.044874000 cdls_wall_ms=18.775412000 roc_wall_ms=26.688099000
sample n=8192 lda=8192 iteration=26 first=cdls cdls_ms=18.538747787 rocsolver_ms=25.931127548 cdls_submit_ms=0.384519000 roc_submit_ms=8.463851000 cdls_wall_ms=18.547524000 roc_wall_ms=25.940685000
sample n=8192 lda=8192 iteration=27 first=rocsolver cdls_ms=18.915975571 rocsolver_ms=26.373748779 cdls_submit_ms=0.820727000 roc_submit_ms=10.874303000 cdls_wall_ms=18.924090000 roc_wall_ms=26.641519000
sample n=8192 lda=8192 iteration=28 first=cdls cdls_ms=18.547101974 rocsolver_ms=25.996719360 cdls_submit_ms=0.201699000 roc_submit_ms=8.551215000 cdls_wall_ms=18.556397000 roc_wall_ms=26.006406000
sample n=8192 lda=8192 iteration=29 first=rocsolver cdls_ms=18.719415665 rocsolver_ms=26.296848297 cdls_submit_ms=0.559487000 roc_submit_ms=10.820840000 cdls_wall_ms=19.006386000 roc_wall_ms=26.572402000
bench n=8192 lda=8192 repeats=30 cdls_median_ms=18.571144 rocsolver_median_ms=26.190766 cdls_mean_ms=18.620915 rocsolver_mean_ms=26.171859 cdls_gflops=19733.319502 workspace_bytes=65544 roc_workspace_bytes=34145472 cdls_submit_ms=0.504827 roc_submit_ms=10.216476 cdls_wall_ms=18.728485 roc_wall_ms=26.330788 rocsolver_gflops=13992.348122 speedup=1.410294
