device=AMD Instinct MI300A arch=gfx942:sramecc+:xnack- HIP=60443484 CUs=228 memory_bytes=137438953472 rocSOLVER=3.28.2.1b897f5 rocBLAS=4.4.1.f08d23e3 baseline=rocsolver_dgetrf_npvt fp64 seed=20261001 method=auto matrix=dense n=12288 lda=12288 offset=0 warmup=5 repeats=30
validate n=12288 lda=12288 kind=dense info=7/0 L_rel=4.7960e-16 U_rel=1.2396e-15 residual_scaled=4.7372e-04/1.7856e-04 PASS
sample n=12288 lda=12288 iteration=0 first=cdls cdls_ms=48.115848541 rocsolver_ms=58.316593170 cdls_submit_ms=0.924085000 roc_submit_ms=13.653408000 cdls_wall_ms=48.130626000 roc_wall_ms=58.326198000
sample n=12288 lda=12288 iteration=1 first=rocsolver cdls_ms=48.316661835 rocsolver_ms=58.726207733 cdls_submit_ms=1.033001000 roc_submit_ms=15.746824000 cdls_wall_ms=48.791898000 roc_wall_ms=59.209781000
sample n=12288 lda=12288 iteration=2 first=cdls cdls_ms=48.536216736 rocsolver_ms=58.017974854 cdls_submit_ms=0.486755000 roc_submit_ms=13.561508000 cdls_wall_ms=48.542906000 roc_wall_ms=58.025899000
sample n=12288 lda=12288 iteration=3 first=rocsolver cdls_ms=48.343818665 rocsolver_ms=58.687740326 cdls_submit_ms=1.143942000 roc_submit_ms=15.608262000 cdls_wall_ms=48.872601000 roc_wall_ms=59.176280000
sample n=12288 lda=12288 iteration=4 first=cdls cdls_ms=48.282848358 rocsolver_ms=58.322319031 cdls_submit_ms=0.358509000 roc_submit_ms=13.514135000 cdls_wall_ms=48.292003000 roc_wall_ms=58.329854000
sample n=12288 lda=12288 iteration=5 first=rocsolver cdls_ms=49.047775269 rocsolver_ms=59.197521210 cdls_submit_ms=1.621903000 roc_submit_ms=15.935382000 cdls_wall_ms=49.056694000 roc_wall_ms=59.700914000
sample n=12288 lda=12288 iteration=6 first=cdls cdls_ms=48.738136292 rocsolver_ms=58.054973602 cdls_submit_ms=0.355084000 roc_submit_ms=13.355092000 cdls_wall_ms=48.747370000 roc_wall_ms=58.062335000
sample n=12288 lda=12288 iteration=7 first=rocsolver cdls_ms=49.156654358 rocsolver_ms=59.151660919 cdls_submit_ms=1.594492000 roc_submit_ms=14.644676000 cdls_wall_ms=49.165340000 roc_wall_ms=59.440916000
sample n=12288 lda=12288 iteration=8 first=cdls cdls_ms=48.356159210 rocsolver_ms=58.426959991 cdls_submit_ms=0.356907000 roc_submit_ms=13.642001000 cdls_wall_ms=48.364704000 roc_wall_ms=58.434444000
sample n=12288 lda=12288 iteration=9 first=rocsolver cdls_ms=48.932010651 rocsolver_ms=58.927474976 cdls_submit_ms=1.632891000 roc_submit_ms=18.944140000 cdls_wall_ms=48.940536000 roc_wall_ms=59.443449000
sample n=12288 lda=12288 iteration=10 first=cdls cdls_ms=48.106769562 rocsolver_ms=58.800964355 cdls_submit_ms=0.344898000 roc_submit_ms=13.527706000 cdls_wall_ms=48.115893000 roc_wall_ms=58.809749000
sample n=12288 lda=12288 iteration=11 first=rocsolver cdls_ms=49.046463013 rocsolver_ms=59.387832642 cdls_submit_ms=1.641734000 roc_submit_ms=14.568119000 cdls_wall_ms=49.055732000 roc_wall_ms=59.683997000
sample n=12288 lda=12288 iteration=12 first=cdls cdls_ms=48.348209381 rocsolver_ms=58.640827179 cdls_submit_ms=0.324907000 roc_submit_ms=13.660158000 cdls_wall_ms=48.355720000 roc_wall_ms=58.648272000
sample n=12288 lda=12288 iteration=13 first=rocsolver cdls_ms=49.213970184 rocsolver_ms=59.392246246 cdls_submit_ms=1.639361000 roc_submit_ms=14.867377000 cdls_wall_ms=49.221556000 roc_wall_ms=59.716758000
sample n=12288 lda=12288 iteration=14 first=cdls cdls_ms=48.420028687 rocsolver_ms=58.515377045 cdls_submit_ms=0.349655000 roc_submit_ms=13.973368000 cdls_wall_ms=48.427821000 roc_wall_ms=58.524473000
sample n=12288 lda=12288 iteration=15 first=rocsolver cdls_ms=48.867462158 rocsolver_ms=59.634620667 cdls_submit_ms=1.644519000 roc_submit_ms=14.565244000 cdls_wall_ms=48.876027000 roc_wall_ms=60.021354000
sample n=12288 lda=12288 iteration=16 first=cdls cdls_ms=48.705543518 rocsolver_ms=58.337390900 cdls_submit_ms=0.350838000 roc_submit_ms=13.715333000 cdls_wall_ms=48.714219000 roc_wall_ms=58.344747000
sample n=12288 lda=12288 iteration=17 first=rocsolver cdls_ms=48.600936890 rocsolver_ms=59.317165375 cdls_submit_ms=1.177634000 roc_submit_ms=14.604314000 cdls_wall_ms=49.122344000 roc_wall_ms=59.327562000
sample n=12288 lda=12288 iteration=18 first=cdls cdls_ms=48.656009674 rocsolver_ms=58.499633789 cdls_submit_ms=0.361654000 roc_submit_ms=13.674231000 cdls_wall_ms=48.663842000 roc_wall_ms=58.507276000
sample n=12288 lda=12288 iteration=19 first=rocsolver cdls_ms=48.689151764 rocsolver_ms=59.043857574 cdls_submit_ms=1.136551000 roc_submit_ms=14.193225000 cdls_wall_ms=49.216599000 roc_wall_ms=59.558315000
sample n=12288 lda=12288 iteration=20 first=cdls cdls_ms=48.603740692 rocsolver_ms=58.525592804 cdls_submit_ms=0.341433000 roc_submit_ms=13.706740000 cdls_wall_ms=48.611131000 roc_wall_ms=58.532404000
sample n=12288 lda=12288 iteration=21 first=rocsolver cdls_ms=49.315120697 rocsolver_ms=59.514606476 cdls_submit_ms=1.672130000 roc_submit_ms=14.854538000 cdls_wall_ms=49.322971000 roc_wall_ms=59.898226000
sample n=12288 lda=12288 iteration=22 first=cdls cdls_ms=48.858448029 rocsolver_ms=58.934734344 cdls_submit_ms=0.358128000 roc_submit_ms=13.579015000 cdls_wall_ms=48.867344000 roc_wall_ms=58.944175000
sample n=12288 lda=12288 iteration=23 first=rocsolver cdls_ms=49.831214905 rocsolver_ms=59.511493683 cdls_submit_ms=1.640382000 roc_submit_ms=14.778971000 cdls_wall_ms=49.838982000 roc_wall_ms=60.017889000
sample n=12288 lda=12288 iteration=24 first=cdls cdls_ms=48.644973755 rocsolver_ms=58.717422485 cdls_submit_ms=0.355424000 roc_submit_ms=13.587528000 cdls_wall_ms=48.653516000 roc_wall_ms=58.724959000
sample n=12288 lda=12288 iteration=25 first=rocsolver cdls_ms=49.599937439 rocsolver_ms=59.406761169 cdls_submit_ms=1.658400000 roc_submit_ms=14.499755000 cdls_wall_ms=49.611102000 roc_wall_ms=59.989335000
sample n=12288 lda=12288 iteration=26 first=cdls cdls_ms=48.613777161 rocsolver_ms=58.936424255 cdls_submit_ms=0.344818000 roc_submit_ms=13.577812000 cdls_wall_ms=48.622789000 roc_wall_ms=58.943574000
sample n=12288 lda=12288 iteration=27 first=rocsolver cdls_ms=49.142791748 rocsolver_ms=59.425479889 cdls_submit_ms=1.116800000 roc_submit_ms=14.543721000 cdls_wall_ms=49.668901000 roc_wall_ms=59.939359000
sample n=12288 lda=12288 iteration=28 first=cdls cdls_ms=48.550415039 rocsolver_ms=58.881389618 cdls_submit_ms=0.360212000 roc_submit_ms=13.625706000 cdls_wall_ms=48.558771000 roc_wall_ms=58.890212000
sample n=12288 lda=12288 iteration=29 first=rocsolver cdls_ms=49.453521729 rocsolver_ms=59.463294983 cdls_submit_ms=1.648425000 roc_submit_ms=14.955653000 cdls_wall_ms=49.464098000 roc_wall_ms=59.984268000
bench n=12288 lda=12288 repeats=30 cdls_median_ms=48.672581 rocsolver_median_ms=58.904432 cdls_mean_ms=48.769821 rocsolver_mean_ms=58.890551 cdls_gflops=25412.153279 workspace_bytes=147464 roc_workspace_bytes=50955456 cdls_submit_ms=0.978543 roc_submit_ms=14.083296 cdls_wall_ms=48.829621 roc_wall_ms=59.060227 rocsolver_gflops=20997.996815 speedup=1.210218
