device=AMD Instinct MI300A arch=gfx942:sramecc+:xnack- HIP=60443484 CUs=228 memory_bytes=137438953472 rocSOLVER=3.28.2.1b897f5 rocBLAS=4.4.1.f08d23e3 baseline=rocsolver_dgetrf_npvt fp64 seed=20261001 method=auto matrix=dense n=8192 lda=16384 offset=0 warmup=5 repeats=30
validate n=8192 lda=16384 kind=dense info=7/0 L_rel=7.2829e-16 U_rel=2.1479e-15 residual_scaled=1.2306e-03/3.9221e-04 PASS
sample n=8192 lda=16384 iteration=0 first=cdls cdls_ms=18.810991287 rocsolver_ms=26.227092743 cdls_submit_ms=0.302383000 roc_submit_ms=8.994968000 cdls_wall_ms=19.022388000 roc_wall_ms=26.236597000
sample n=8192 lda=16384 iteration=1 first=rocsolver cdls_ms=18.811531067 rocsolver_ms=26.533451080 cdls_submit_ms=0.620591000 roc_submit_ms=11.661723000 cdls_wall_ms=19.165827000 roc_wall_ms=26.547584000
sample n=8192 lda=16384 iteration=2 first=cdls cdls_ms=18.490240097 rocsolver_ms=25.876373291 cdls_submit_ms=0.160987000 roc_submit_ms=8.700386000 cdls_wall_ms=18.498445000 roc_wall_ms=25.885720000
sample n=8192 lda=16384 iteration=3 first=rocsolver cdls_ms=19.010618210 rocsolver_ms=26.595756531 cdls_submit_ms=0.960441000 roc_submit_ms=11.486855000 cdls_wall_ms=19.020405000 roc_wall_ms=26.916229000
sample n=8192 lda=16384 iteration=4 first=cdls cdls_ms=18.658077240 rocsolver_ms=25.955324173 cdls_submit_ms=0.367132000 roc_submit_ms=9.191349000 cdls_wall_ms=18.668426000 roc_wall_ms=25.963970000
sample n=8192 lda=16384 iteration=5 first=rocsolver cdls_ms=18.658447266 rocsolver_ms=26.780227661 cdls_submit_ms=0.822330000 roc_submit_ms=11.622923000 cdls_wall_ms=18.668536000 roc_wall_ms=27.131388000
sample n=8192 lda=16384 iteration=6 first=cdls cdls_ms=18.621152878 rocsolver_ms=26.125835419 cdls_submit_ms=0.368845000 roc_submit_ms=9.265022000 cdls_wall_ms=18.629475000 roc_wall_ms=26.135283000
sample n=8192 lda=16384 iteration=7 first=rocsolver cdls_ms=18.630315781 rocsolver_ms=26.346755981 cdls_submit_ms=0.676867000 roc_submit_ms=11.631156000 cdls_wall_ms=18.854200000 roc_wall_ms=26.699587000
sample n=8192 lda=16384 iteration=8 first=cdls cdls_ms=18.604915619 rocsolver_ms=26.004379272 cdls_submit_ms=0.254980000 roc_submit_ms=8.860142000 cdls_wall_ms=18.612079000 roc_wall_ms=26.011523000
sample n=8192 lda=16384 iteration=9 first=rocsolver cdls_ms=18.605155945 rocsolver_ms=26.688148499 cdls_submit_ms=0.765142000 roc_submit_ms=10.217881000 cdls_wall_ms=18.614272000 roc_wall_ms=26.998966000
sample n=8192 lda=16384 iteration=10 first=cdls cdls_ms=18.533155441 rocsolver_ms=26.060548782 cdls_submit_ms=0.257735000 roc_submit_ms=9.032826000 cdls_wall_ms=18.540769000 roc_wall_ms=26.067489000
sample n=8192 lda=16384 iteration=11 first=rocsolver cdls_ms=18.742427826 rocsolver_ms=26.522836685 cdls_submit_ms=0.772313000 roc_submit_ms=10.713901000 cdls_wall_ms=18.752504000 roc_wall_ms=26.713989000
sample n=8192 lda=16384 iteration=12 first=cdls cdls_ms=18.597164154 rocsolver_ms=25.959451675 cdls_submit_ms=0.248281000 roc_submit_ms=8.830105000 cdls_wall_ms=18.607051000 roc_wall_ms=25.968767000
sample n=8192 lda=16384 iteration=13 first=rocsolver cdls_ms=18.593057632 rocsolver_ms=26.565889359 cdls_submit_ms=0.787767000 roc_submit_ms=10.154675000 cdls_wall_ms=18.602544000 roc_wall_ms=26.738437000
sample n=8192 lda=16384 iteration=14 first=cdls cdls_ms=18.479936600 rocsolver_ms=26.003648758 cdls_submit_ms=0.212265000 roc_submit_ms=8.871459000 cdls_wall_ms=18.488740000 roc_wall_ms=26.013827000
sample n=8192 lda=16384 iteration=15 first=rocsolver cdls_ms=19.040824890 rocsolver_ms=26.727088928 cdls_submit_ms=0.945197000 roc_submit_ms=10.197320000 cdls_wall_ms=19.049469000 roc_wall_ms=26.900214000
sample n=8192 lda=16384 iteration=16 first=cdls cdls_ms=18.638919830 rocsolver_ms=26.079666138 cdls_submit_ms=0.184743000 roc_submit_ms=8.847522000 cdls_wall_ms=18.647673000 roc_wall_ms=26.088551000
sample n=8192 lda=16384 iteration=17 first=rocsolver cdls_ms=18.737859726 rocsolver_ms=26.717304230 cdls_submit_ms=0.701024000 roc_submit_ms=10.144970000 cdls_wall_ms=18.935024000 roc_wall_ms=26.726418000
sample n=8192 lda=16384 iteration=18 first=cdls cdls_ms=18.536262512 rocsolver_ms=26.246631622 cdls_submit_ms=0.201969000 roc_submit_ms=9.299674000 cdls_wall_ms=18.543865000 roc_wall_ms=26.253604000
sample n=8192 lda=16384 iteration=19 first=rocsolver cdls_ms=18.909864426 rocsolver_ms=26.632804871 cdls_submit_ms=0.946230000 roc_submit_ms=10.733161000 cdls_wall_ms=18.918809000 roc_wall_ms=26.842656000
sample n=8192 lda=16384 iteration=20 first=cdls cdls_ms=18.654161453 rocsolver_ms=26.094999313 cdls_submit_ms=0.245727000 roc_submit_ms=8.900654000 cdls_wall_ms=18.663027000 roc_wall_ms=26.103173000
sample n=8192 lda=16384 iteration=21 first=rocsolver cdls_ms=18.800195694 rocsolver_ms=26.596675873 cdls_submit_ms=0.731331000 roc_submit_ms=9.854524000 cdls_wall_ms=18.992532000 roc_wall_ms=26.895166000
sample n=8192 lda=16384 iteration=22 first=cdls cdls_ms=18.376295090 rocsolver_ms=26.016960144 cdls_submit_ms=0.272678000 roc_submit_ms=8.520932000 cdls_wall_ms=18.383358000 roc_wall_ms=26.024553000
sample n=8192 lda=16384 iteration=23 first=rocsolver cdls_ms=18.676748276 rocsolver_ms=26.847131729 cdls_submit_ms=0.754035000 roc_submit_ms=10.501556000 cdls_wall_ms=18.685291000 roc_wall_ms=27.027940000
sample n=8192 lda=16384 iteration=24 first=cdls cdls_ms=18.705612183 rocsolver_ms=26.060556412 cdls_submit_ms=0.198013000 roc_submit_ms=8.553893000 cdls_wall_ms=18.714386000 roc_wall_ms=26.068200000
sample n=8192 lda=16384 iteration=25 first=rocsolver cdls_ms=18.811391830 rocsolver_ms=26.992132187 cdls_submit_ms=0.778022000 roc_submit_ms=9.876128000 cdls_wall_ms=18.818695000 roc_wall_ms=27.162315000
sample n=8192 lda=16384 iteration=26 first=cdls cdls_ms=18.773603439 rocsolver_ms=26.062850952 cdls_submit_ms=0.182680000 roc_submit_ms=8.513640000 cdls_wall_ms=18.780787000 roc_wall_ms=26.072246000
sample n=8192 lda=16384 iteration=27 first=rocsolver cdls_ms=18.673622131 rocsolver_ms=26.993585587 cdls_submit_ms=0.781307000 roc_submit_ms=9.827343000 cdls_wall_ms=18.682707000 roc_wall_ms=27.170248000
sample n=8192 lda=16384 iteration=28 first=cdls cdls_ms=18.804384232 rocsolver_ms=26.135971069 cdls_submit_ms=0.186535000 roc_submit_ms=8.598731000 cdls_wall_ms=18.815420000 roc_wall_ms=26.143515000
sample n=8192 lda=16384 iteration=29 first=rocsolver cdls_ms=19.160848618 rocsolver_ms=26.918640137 cdls_submit_ms=0.924857000 roc_submit_ms=9.810427000 cdls_wall_ms=19.169512000 roc_wall_ms=27.164499000
bench n=8192 lda=16384 repeats=30 cdls_median_ms=18.666035 rocsolver_median_ms=26.296694 cdls_mean_ms=18.704926 rocsolver_mean_ms=26.378957 cdls_gflops=19633.003262 workspace_bytes=65544 roc_workspace_bytes=34145472 cdls_submit_ms=0.494718 roc_submit_ms=9.555051 cdls_wall_ms=18.683999 roc_wall_ms=26.400594 rocsolver_gflops=13935.984610 speedup=1.408799
