device=AMD Instinct MI300A arch=gfx942:sramecc+:xnack- HIP=60443484 CUs=228 memory_bytes=137438953472 rocSOLVER=3.28.2.1b897f5 rocBLAS=4.4.1.f08d23e3 baseline=rocsolver_dgetrf_npvt fp64 seed=20261001 method=auto matrix=dense n=64 lda=128 offset=0 warmup=20 repeats=30
validate n=64 lda=128 kind=dense info=7/0 L_rel=2.5493e-17 U_rel=1.2316e-18 residual_scaled=2.4209e-02/2.4209e-02 cpu_residual_scaled=2.3512e-02/2.3513e-02 PASS
sample n=64 lda=128 iteration=0 first=cdls cdls_ms=0.028083000 rocsolver_ms=0.079401001 cdls_submit_ms=0.003135000 roc_submit_ms=0.007792000 cdls_wall_ms=0.041454000 roc_wall_ms=0.089307000
sample n=64 lda=128 iteration=1 first=rocsolver cdls_ms=0.028003000 rocsolver_ms=0.078359999 cdls_submit_ms=0.003095000 roc_submit_ms=0.005759000 cdls_wall_ms=0.036315000 roc_wall_ms=0.087634000
sample n=64 lda=128 iteration=2 first=cdls cdls_ms=0.026962001 rocsolver_ms=0.084408998 cdls_submit_ms=0.002804000 roc_submit_ms=0.010576000 cdls_wall_ms=0.035034000 roc_wall_ms=0.091921000
sample n=64 lda=128 iteration=3 first=rocsolver cdls_ms=0.028083000 rocsolver_ms=0.081684999 cdls_submit_ms=0.003315000 roc_submit_ms=0.007521000 cdls_wall_ms=0.036355000 roc_wall_ms=0.091340000
sample n=64 lda=128 iteration=4 first=cdls cdls_ms=0.027442001 rocsolver_ms=0.080242999 cdls_submit_ms=0.002955000 roc_submit_ms=0.008694000 cdls_wall_ms=0.037888000 roc_wall_ms=0.089237000
sample n=64 lda=128 iteration=5 first=rocsolver cdls_ms=0.026441000 rocsolver_ms=0.079521999 cdls_submit_ms=0.002885000 roc_submit_ms=0.007091000 cdls_wall_ms=0.035144000 roc_wall_ms=0.087514000
sample n=64 lda=128 iteration=6 first=cdls cdls_ms=0.026400000 rocsolver_ms=0.080564000 cdls_submit_ms=0.002263000 roc_submit_ms=0.008243000 cdls_wall_ms=0.036056000 roc_wall_ms=0.089587000
sample n=64 lda=128 iteration=7 first=rocsolver cdls_ms=0.028484000 rocsolver_ms=0.081765004 cdls_submit_ms=0.003445000 roc_submit_ms=0.007351000 cdls_wall_ms=0.035264000 roc_wall_ms=0.089638000
sample n=64 lda=128 iteration=8 first=cdls cdls_ms=0.026921000 rocsolver_ms=0.083208002 cdls_submit_ms=0.002283000 roc_submit_ms=0.010035000 cdls_wall_ms=0.034122000 roc_wall_ms=0.090178000
sample n=64 lda=128 iteration=9 first=rocsolver cdls_ms=0.027000999 rocsolver_ms=0.078961000 cdls_submit_ms=0.002714000 roc_submit_ms=0.006019000 cdls_wall_ms=0.034523000 roc_wall_ms=0.085851000
sample n=64 lda=128 iteration=10 first=cdls cdls_ms=0.027842000 rocsolver_ms=0.080642998 cdls_submit_ms=0.002073000 roc_submit_ms=0.007001000 cdls_wall_ms=0.035345000 roc_wall_ms=0.088305000
sample n=64 lda=128 iteration=11 first=rocsolver cdls_ms=0.028524000 rocsolver_ms=0.078160003 cdls_submit_ms=0.003705000 roc_submit_ms=0.004767000 cdls_wall_ms=0.036776000 roc_wall_ms=0.087775000
sample n=64 lda=128 iteration=12 first=cdls cdls_ms=0.026922001 rocsolver_ms=0.083567999 cdls_submit_ms=0.002073000 roc_submit_ms=0.009354000 cdls_wall_ms=0.034773000 roc_wall_ms=0.092201000
sample n=64 lda=128 iteration=13 first=rocsolver cdls_ms=0.026881000 rocsolver_ms=0.077799998 cdls_submit_ms=0.002644000 roc_submit_ms=0.006590000 cdls_wall_ms=0.037117000 roc_wall_ms=0.089146000
sample n=64 lda=128 iteration=14 first=cdls cdls_ms=0.026800999 rocsolver_ms=0.084689997 cdls_submit_ms=0.002494000 roc_submit_ms=0.010946000 cdls_wall_ms=0.035635000 roc_wall_ms=0.093623000
sample n=64 lda=128 iteration=15 first=rocsolver cdls_ms=0.028724000 rocsolver_ms=0.082647003 cdls_submit_ms=0.003906000 roc_submit_ms=0.007361000 cdls_wall_ms=0.035955000 roc_wall_ms=0.091610000
sample n=64 lda=128 iteration=16 first=cdls cdls_ms=0.026842000 rocsolver_ms=0.085249998 cdls_submit_ms=0.002424000 roc_submit_ms=0.013420000 cdls_wall_ms=0.035675000 roc_wall_ms=0.102086000
sample n=64 lda=128 iteration=17 first=rocsolver cdls_ms=0.026560999 rocsolver_ms=0.084449999 cdls_submit_ms=0.002844000 roc_submit_ms=0.010186000 cdls_wall_ms=0.035385000 roc_wall_ms=0.094114000
sample n=64 lda=128 iteration=18 first=cdls cdls_ms=0.027843000 rocsolver_ms=0.081804998 cdls_submit_ms=0.002224000 roc_submit_ms=0.007892000 cdls_wall_ms=0.036025000 roc_wall_ms=0.089678000
sample n=64 lda=128 iteration=19 first=rocsolver cdls_ms=0.028243000 rocsolver_ms=0.095946997 cdls_submit_ms=0.003706000 roc_submit_ms=0.021142000 cdls_wall_ms=0.036346000 roc_wall_ms=0.103098000
sample n=64 lda=128 iteration=20 first=cdls cdls_ms=0.027000999 rocsolver_ms=0.083048001 cdls_submit_ms=0.002253000 roc_submit_ms=0.009775000 cdls_wall_ms=0.034532000 roc_wall_ms=0.090579000
sample n=64 lda=128 iteration=21 first=rocsolver cdls_ms=0.026921000 rocsolver_ms=0.078280002 cdls_submit_ms=0.002694000 roc_submit_ms=0.005188000 cdls_wall_ms=0.034713000 roc_wall_ms=0.086031000
sample n=64 lda=128 iteration=22 first=cdls cdls_ms=0.028083000 rocsolver_ms=0.079801999 cdls_submit_ms=0.003225000 roc_submit_ms=0.006661000 cdls_wall_ms=0.035144000 roc_wall_ms=0.103849000
sample n=64 lda=128 iteration=23 first=rocsolver cdls_ms=0.026921000 rocsolver_ms=0.078841001 cdls_submit_ms=0.002784000 roc_submit_ms=0.005969000 cdls_wall_ms=0.035144000 roc_wall_ms=0.088626000
sample n=64 lda=128 iteration=24 first=cdls cdls_ms=0.026800999 rocsolver_ms=0.080522999 cdls_submit_ms=0.002594000 roc_submit_ms=0.007402000 cdls_wall_ms=0.034613000 roc_wall_ms=0.087534000
sample n=64 lda=128 iteration=25 first=rocsolver cdls_ms=0.027843000 rocsolver_ms=0.081004001 cdls_submit_ms=0.003034000 roc_submit_ms=0.007371000 cdls_wall_ms=0.034673000 roc_wall_ms=0.088125000
sample n=64 lda=128 iteration=26 first=cdls cdls_ms=0.026921000 rocsolver_ms=0.081203997 cdls_submit_ms=0.002323000 roc_submit_ms=0.008133000 cdls_wall_ms=0.034173000 roc_wall_ms=0.088085000
sample n=64 lda=128 iteration=27 first=rocsolver cdls_ms=0.027202001 rocsolver_ms=0.079161003 cdls_submit_ms=0.002694000 roc_submit_ms=0.005558000 cdls_wall_ms=0.036216000 roc_wall_ms=0.086542000
sample n=64 lda=128 iteration=28 first=cdls cdls_ms=0.027202001 rocsolver_ms=0.084089004 cdls_submit_ms=0.002223000 roc_submit_ms=0.010426000 cdls_wall_ms=0.034623000 roc_wall_ms=0.091410000
sample n=64 lda=128 iteration=29 first=rocsolver cdls_ms=0.027000999 rocsolver_ms=0.077758998 cdls_submit_ms=0.002785000 roc_submit_ms=0.005678000 cdls_wall_ms=0.034653000 roc_wall_ms=0.087915000
bench n=64 lda=128 repeats=30 cdls_median_ms=0.027001 rocsolver_median_ms=0.080823 cdls_mean_ms=0.027363 rocsolver_mean_ms=0.081560 cdls_gflops=6.396208 workspace_bytes=12 roc_workspace_bytes=0 cdls_submit_ms=0.002749 roc_submit_ms=0.007461 cdls_wall_ms=0.035305 roc_wall_ms=0.089447 rocsolver_gflops=2.136804 speedup=2.993352
