device=AMD Instinct MI300A arch=gfx942:sramecc+:xnack- HIP=60443484 CUs=228 memory_bytes=137438953472 rocSOLVER=3.28.2.1b897f5 rocBLAS=4.4.1.f08d23e3 baseline=rocsolver_dgetrf_npvt fp64 seed=20261001 method=auto matrix=dense n=2559 lda=2559 offset=0 warmup=5 repeats=30
validate n=2559 lda=2559 kind=dense info=7/0 L_rel=7.9246e-16 U_rel=1.8396e-15 residual_scaled=3.1693e-03/7.9183e-04 PASS
sample n=2559 lda=2559 iteration=0 first=cdls cdls_ms=2.416547060 rocsolver_ms=5.569754124 cdls_submit_ms=0.009535000 roc_submit_ms=2.855300000 cdls_wall_ms=2.431039000 roc_wall_ms=5.578628000
sample n=2559 lda=2559 iteration=1 first=rocsolver cdls_ms=2.461496115 rocsolver_ms=5.983469009 cdls_submit_ms=0.015844000 roc_submit_ms=5.283225000 cdls_wall_ms=2.470040000 roc_wall_ms=5.991011000
sample n=2559 lda=2559 iteration=2 first=cdls cdls_ms=2.402846098 rocsolver_ms=5.561360836 cdls_submit_ms=0.008383000 roc_submit_ms=2.950816000 cdls_wall_ms=2.576173000 roc_wall_ms=5.570235000
sample n=2559 lda=2559 iteration=3 first=rocsolver cdls_ms=2.389144897 rocsolver_ms=5.756289959 cdls_submit_ms=0.009134000 roc_submit_ms=5.359192000 cdls_wall_ms=2.396136000 roc_wall_ms=5.764623000
sample n=2559 lda=2559 iteration=4 first=cdls cdls_ms=2.356014013 rocsolver_ms=5.576364040 cdls_submit_ms=0.007672000 roc_submit_ms=2.925699000 cdls_wall_ms=2.521999000 roc_wall_ms=5.585318000
sample n=2559 lda=2559 iteration=5 first=rocsolver cdls_ms=2.423918009 rocsolver_ms=5.953112125 cdls_submit_ms=0.010016000 roc_submit_ms=5.405302000 cdls_wall_ms=2.431009000 roc_wall_ms=5.960544000
sample n=2559 lda=2559 iteration=6 first=cdls cdls_ms=2.367271900 rocsolver_ms=5.562201977 cdls_submit_ms=0.008383000 roc_submit_ms=2.937496000 cdls_wall_ms=2.546146000 roc_wall_ms=5.569104000
sample n=2559 lda=2559 iteration=7 first=rocsolver cdls_ms=2.421554089 rocsolver_ms=5.933111191 cdls_submit_ms=0.015223000 roc_submit_ms=5.335726000 cdls_wall_ms=2.429417000 roc_wall_ms=5.941274000
sample n=2559 lda=2559 iteration=8 first=cdls cdls_ms=2.354051113 rocsolver_ms=5.568572998 cdls_submit_ms=0.009094000 roc_submit_ms=2.952810000 cdls_wall_ms=2.361974000 roc_wall_ms=5.578187000
sample n=2559 lda=2559 iteration=9 first=rocsolver cdls_ms=2.432009935 rocsolver_ms=6.003219128 cdls_submit_ms=0.018418000 roc_submit_ms=5.332100000 cdls_wall_ms=2.440875000 roc_wall_ms=6.010611000
sample n=2559 lda=2559 iteration=10 first=cdls cdls_ms=2.343113899 rocsolver_ms=5.559298038 cdls_submit_ms=0.007341000 roc_submit_ms=2.969575000 cdls_wall_ms=2.524453000 roc_wall_ms=5.567902000
sample n=2559 lda=2559 iteration=11 first=rocsolver cdls_ms=2.396316051 rocsolver_ms=5.955555916 cdls_submit_ms=0.019150000 roc_submit_ms=5.373163000 cdls_wall_ms=2.403898000 roc_wall_ms=5.962887000
sample n=2559 lda=2559 iteration=12 first=cdls cdls_ms=2.304095030 rocsolver_ms=5.598076820 cdls_submit_ms=0.008503000 roc_submit_ms=2.951007000 cdls_wall_ms=2.489489000 roc_wall_ms=5.606251000
sample n=2559 lda=2559 iteration=13 first=rocsolver cdls_ms=2.423037052 rocsolver_ms=5.840279102 cdls_submit_ms=0.015674000 roc_submit_ms=5.334494000 cdls_wall_ms=2.432492000 roc_wall_ms=5.849423000
sample n=2559 lda=2559 iteration=14 first=cdls cdls_ms=2.338627100 rocsolver_ms=5.568662167 cdls_submit_ms=0.008793000 roc_submit_ms=2.977748000 cdls_wall_ms=2.515479000 roc_wall_ms=5.578468000
sample n=2559 lda=2559 iteration=15 first=rocsolver cdls_ms=2.415065050 rocsolver_ms=5.944859028 cdls_submit_ms=0.013451000 roc_submit_ms=5.322996000 cdls_wall_ms=2.422016000 roc_wall_ms=5.952963000
sample n=2559 lda=2559 iteration=16 first=cdls cdls_ms=2.364187002 rocsolver_ms=5.563964844 cdls_submit_ms=0.009324000 roc_submit_ms=2.999421000 cdls_wall_ms=2.545134000 roc_wall_ms=5.574692000
sample n=2559 lda=2559 iteration=17 first=rocsolver cdls_ms=2.471671104 rocsolver_ms=5.938048840 cdls_submit_ms=0.033892000 roc_submit_ms=5.310427000 cdls_wall_ms=2.480385000 roc_wall_ms=5.945701000
sample n=2559 lda=2559 iteration=18 first=cdls cdls_ms=2.494987965 rocsolver_ms=5.579288960 cdls_submit_ms=0.182661000 roc_submit_ms=2.878676000 cdls_wall_ms=2.502790000 roc_wall_ms=5.590085000
sample n=2559 lda=2559 iteration=19 first=rocsolver cdls_ms=2.397677898 rocsolver_ms=5.906580925 cdls_submit_ms=0.017356000 roc_submit_ms=5.262813000 cdls_wall_ms=2.406402000 roc_wall_ms=5.914994000
sample n=2559 lda=2559 iteration=20 first=cdls cdls_ms=2.315632105 rocsolver_ms=5.566058159 cdls_submit_ms=0.008764000 roc_submit_ms=2.823802000 cdls_wall_ms=2.324606000 roc_wall_ms=5.575243000
sample n=2559 lda=2559 iteration=21 first=rocsolver cdls_ms=2.392910004 rocsolver_ms=5.847479820 cdls_submit_ms=0.016335000 roc_submit_ms=5.248081000 cdls_wall_ms=2.400612000 roc_wall_ms=5.855272000
sample n=2559 lda=2559 iteration=22 first=cdls cdls_ms=2.294399023 rocsolver_ms=5.385089874 cdls_submit_ms=0.008553000 roc_submit_ms=2.646671000 cdls_wall_ms=2.303153000 roc_wall_ms=5.397801000
sample n=2559 lda=2559 iteration=23 first=rocsolver cdls_ms=2.400882006 rocsolver_ms=5.748308182 cdls_submit_ms=0.011598000 roc_submit_ms=5.199887000 cdls_wall_ms=2.409076000 roc_wall_ms=5.756681000
sample n=2559 lda=2559 iteration=24 first=cdls cdls_ms=2.332539082 rocsolver_ms=5.574380875 cdls_submit_ms=0.013621000 roc_submit_ms=2.801938000 cdls_wall_ms=2.341782000 roc_wall_ms=5.585008000
sample n=2559 lda=2559 iteration=25 first=rocsolver cdls_ms=2.408535004 rocsolver_ms=5.820288181 cdls_submit_ms=0.014162000 roc_submit_ms=5.219036000 cdls_wall_ms=2.416928000 roc_wall_ms=5.827640000
sample n=2559 lda=2559 iteration=26 first=cdls cdls_ms=2.303452969 rocsolver_ms=5.624648094 cdls_submit_ms=0.031769000 roc_submit_ms=2.889072000 cdls_wall_ms=2.312548000 roc_wall_ms=5.634604000
sample n=2559 lda=2559 iteration=27 first=rocsolver cdls_ms=2.398278952 rocsolver_ms=5.734245777 cdls_submit_ms=0.014402000 roc_submit_ms=5.124121000 cdls_wall_ms=2.406452000 roc_wall_ms=5.743051000
sample n=2559 lda=2559 iteration=28 first=cdls cdls_ms=2.390786886 rocsolver_ms=5.577496052 cdls_submit_ms=0.012509000 roc_submit_ms=2.803501000 cdls_wall_ms=2.398880000 roc_wall_ms=5.589235000
sample n=2559 lda=2559 iteration=29 first=rocsolver cdls_ms=2.362504005 rocsolver_ms=5.873849869 cdls_submit_ms=0.014883000 roc_submit_ms=5.169260000 cdls_wall_ms=2.370566000 roc_wall_ms=5.880972000
bench n=2559 lda=2559 repeats=30 cdls_median_ms=2.394613 rocsolver_median_ms=5.679447 cdls_mean_ms=2.385785 rocsolver_mean_ms=5.722464 cdls_gflops=4663.982777 workspace_bytes=6408 roc_workspace_bytes=11027648 cdls_submit_ms=0.012980 roc_submit_ms=4.061771 cdls_wall_ms=2.425717 roc_wall_ms=5.688828 rocsolver_gflops=1966.465053 speedup=2.371760
