device=AMD Instinct MI300A arch=gfx942:sramecc+:xnack- HIP=60443484 CUs=228 memory_bytes=137438953472 rocSOLVER=3.28.2.1b897f5 rocBLAS=4.4.1.f08d23e3 baseline=rocsolver_dgetrf_npvt fp64 seed=20261001 method=auto matrix=dense n=3073 lda=3073 offset=0 warmup=5 repeats=30
validate n=3073 lda=3073 kind=dense info=7/0 L_rel=7.8114e-16 U_rel=1.6688e-15 residual_scaled=2.3628e-03/6.9257e-04 PASS
sample n=3073 lda=3073 iteration=0 first=cdls cdls_ms=3.162410021 rocsolver_ms=6.761130810 cdls_submit_ms=0.011447000 roc_submit_ms=3.393486000 cdls_wall_ms=3.178545000 roc_wall_ms=6.768953000
sample n=3073 lda=3073 iteration=1 first=rocsolver cdls_ms=3.320373058 rocsolver_ms=7.191219807 cdls_submit_ms=0.011768000 roc_submit_ms=6.467200000 cdls_wall_ms=3.330469000 roc_wall_ms=7.199703000
sample n=3073 lda=3073 iteration=2 first=cdls cdls_ms=3.088617086 rocsolver_ms=6.789945126 cdls_submit_ms=0.008503000 roc_submit_ms=3.568484000 cdls_wall_ms=3.096880000 roc_wall_ms=6.797426000
sample n=3073 lda=3073 iteration=3 first=rocsolver cdls_ms=3.235642910 rocsolver_ms=7.266716003 cdls_submit_ms=0.009795000 roc_submit_ms=6.544118000 cdls_wall_ms=3.243926000 roc_wall_ms=7.275580000
sample n=3073 lda=3073 iteration=4 first=cdls cdls_ms=3.069628000 rocsolver_ms=6.770884991 cdls_submit_ms=0.007972000 roc_submit_ms=3.564898000 cdls_wall_ms=3.264267000 roc_wall_ms=6.779870000
sample n=3073 lda=3073 iteration=5 first=rocsolver cdls_ms=3.279350042 rocsolver_ms=7.152380943 cdls_submit_ms=0.009234000 roc_submit_ms=6.547734000 cdls_wall_ms=3.287112000 roc_wall_ms=7.160714000
sample n=3073 lda=3073 iteration=6 first=cdls cdls_ms=3.301223040 rocsolver_ms=6.759678841 cdls_submit_ms=0.013110000 roc_submit_ms=3.541532000 cdls_wall_ms=3.309416000 roc_wall_ms=6.769303000
sample n=3073 lda=3073 iteration=7 first=rocsolver cdls_ms=3.185765982 rocsolver_ms=7.208617210 cdls_submit_ms=0.016165000 roc_submit_ms=6.645224000 cdls_wall_ms=3.192728000 roc_wall_ms=7.218924000
sample n=3073 lda=3073 iteration=8 first=cdls cdls_ms=3.235121965 rocsolver_ms=6.789964199 cdls_submit_ms=0.009004000 roc_submit_ms=3.536024000 cdls_wall_ms=3.433407000 roc_wall_ms=6.800752000
sample n=3073 lda=3073 iteration=9 first=rocsolver cdls_ms=3.120306015 rocsolver_ms=7.340097904 cdls_submit_ms=0.017196000 roc_submit_ms=6.616248000 cdls_wall_ms=3.128919000 roc_wall_ms=7.349464000
sample n=3073 lda=3073 iteration=10 first=cdls cdls_ms=3.239768982 rocsolver_ms=6.782352924 cdls_submit_ms=0.010336000 roc_submit_ms=3.613012000 cdls_wall_ms=3.248813000 roc_wall_ms=6.792840000
sample n=3073 lda=3073 iteration=11 first=rocsolver cdls_ms=3.202152014 rocsolver_ms=7.210178852 cdls_submit_ms=0.019861000 roc_submit_ms=6.638072000 cdls_wall_ms=3.209323000 roc_wall_ms=7.219033000
sample n=3073 lda=3073 iteration=12 first=cdls cdls_ms=3.333431959 rocsolver_ms=6.766037941 cdls_submit_ms=0.014572000 roc_submit_ms=3.575495000 cdls_wall_ms=3.341726000 roc_wall_ms=6.777166000
sample n=3073 lda=3073 iteration=13 first=rocsolver cdls_ms=3.282233953 rocsolver_ms=7.368741989 cdls_submit_ms=0.014131000 roc_submit_ms=6.548415000 cdls_wall_ms=3.291398000 roc_wall_ms=7.377537000
sample n=3073 lda=3073 iteration=14 first=cdls cdls_ms=3.107044935 rocsolver_ms=6.768160820 cdls_submit_ms=0.011437000 roc_submit_ms=3.587503000 cdls_wall_ms=3.116681000 roc_wall_ms=6.777015000
sample n=3073 lda=3073 iteration=15 first=rocsolver cdls_ms=3.250705957 rocsolver_ms=7.271173000 cdls_submit_ms=0.018438000 roc_submit_ms=6.702612000 cdls_wall_ms=3.259079000 roc_wall_ms=7.279506000
sample n=3073 lda=3073 iteration=16 first=cdls cdls_ms=3.314203978 rocsolver_ms=6.738064766 cdls_submit_ms=0.014532000 roc_submit_ms=3.548183000 cdls_wall_ms=3.322166000 roc_wall_ms=6.746860000
sample n=3073 lda=3073 iteration=17 first=rocsolver cdls_ms=3.096549034 rocsolver_ms=7.203278065 cdls_submit_ms=0.013871000 roc_submit_ms=6.534443000 cdls_wall_ms=3.106355000 roc_wall_ms=7.210480000
sample n=3073 lda=3073 iteration=18 first=cdls cdls_ms=3.256195068 rocsolver_ms=6.788893223 cdls_submit_ms=0.204523000 roc_submit_ms=3.549805000 cdls_wall_ms=3.265189000 roc_wall_ms=6.797898000
sample n=3073 lda=3073 iteration=19 first=rocsolver cdls_ms=3.288002968 rocsolver_ms=7.298433781 cdls_submit_ms=0.016405000 roc_submit_ms=6.561996000 cdls_wall_ms=3.296497000 roc_wall_ms=7.305526000
sample n=3073 lda=3073 iteration=20 first=cdls cdls_ms=3.225547075 rocsolver_ms=6.780849934 cdls_submit_ms=0.008943000 roc_submit_ms=3.561693000 cdls_wall_ms=3.426306000 roc_wall_ms=6.791257000
sample n=3073 lda=3073 iteration=21 first=rocsolver cdls_ms=3.295734882 rocsolver_ms=7.148534775 cdls_submit_ms=0.015273000 roc_submit_ms=6.554915000 cdls_wall_ms=3.304679000 roc_wall_ms=7.157369000
sample n=3073 lda=3073 iteration=22 first=cdls cdls_ms=3.218776941 rocsolver_ms=6.756652832 cdls_submit_ms=0.023055000 roc_submit_ms=3.552088000 cdls_wall_ms=3.226650000 roc_wall_ms=6.765678000
sample n=3073 lda=3073 iteration=23 first=rocsolver cdls_ms=3.112173080 rocsolver_ms=7.246564865 cdls_submit_ms=0.016115000 roc_submit_ms=6.674589000 cdls_wall_ms=3.122550000 roc_wall_ms=7.253697000
sample n=3073 lda=3073 iteration=24 first=cdls cdls_ms=3.219258070 rocsolver_ms=6.790445805 cdls_submit_ms=0.017938000 roc_submit_ms=3.527741000 cdls_wall_ms=3.227821000 roc_wall_ms=6.798068000
sample n=3073 lda=3073 iteration=25 first=rocsolver cdls_ms=3.133605957 rocsolver_ms=7.164419174 cdls_submit_ms=0.014993000 roc_submit_ms=6.561485000 cdls_wall_ms=3.140067000 roc_wall_ms=7.172683000
sample n=3073 lda=3073 iteration=26 first=cdls cdls_ms=3.161649942 rocsolver_ms=6.770996094 cdls_submit_ms=0.014222000 roc_submit_ms=3.525318000 cdls_wall_ms=3.168200000 roc_wall_ms=6.779229000
sample n=3073 lda=3073 iteration=27 first=rocsolver cdls_ms=3.245898962 rocsolver_ms=7.308350086 cdls_submit_ms=0.017687000 roc_submit_ms=6.588126000 cdls_wall_ms=3.254322000 roc_wall_ms=7.316573000
sample n=3073 lda=3073 iteration=28 first=cdls cdls_ms=3.231276035 rocsolver_ms=6.758396149 cdls_submit_ms=0.013481000 roc_submit_ms=3.564567000 cdls_wall_ms=3.240961000 roc_wall_ms=6.769033000
sample n=3073 lda=3073 iteration=29 first=rocsolver cdls_ms=3.210724115 rocsolver_ms=7.245493889 cdls_submit_ms=0.021823000 roc_submit_ms=6.566653000 cdls_wall_ms=3.219188000 roc_wall_ms=7.253056000
bench n=3073 lda=3073 repeats=30 cdls_median_ms=3.228412 rocsolver_median_ms=6.969490 cdls_mean_ms=3.214112 rocsolver_mean_ms=7.006555 cdls_gflops=5991.030213 workspace_bytes=9612 roc_workspace_bytes=13137152 cdls_submit_ms=0.014377 roc_submit_ms=5.040106 cdls_wall_ms=3.246370 roc_wall_ms=6.979061 rocsolver_gflops=2775.168680 speedup=2.158799
