device=AMD Instinct MI300A arch=gfx942:sramecc+:xnack- HIP=60443484 CUs=228 memory_bytes=137438953472 rocSOLVER=3.28.2.1b897f5 rocBLAS=4.4.1.f08d23e3 baseline=rocsolver_dgetrf_npvt fp64 seed=20261001 method=auto matrix=dense n=8191 lda=8191 offset=0 warmup=5 repeats=30
validate n=8191 lda=8191 kind=dense info=7/0 L_rel=6.2888e-16 U_rel=1.7450e-15 residual_scaled=1.0001e-03/3.1715e-04 PASS
sample n=8191 lda=8191 iteration=0 first=cdls cdls_ms=19.232927322 rocsolver_ms=27.130512238 cdls_submit_ms=0.508269000 roc_submit_ms=9.269928000 cdls_wall_ms=19.256436000 roc_wall_ms=27.138686000
sample n=8191 lda=8191 iteration=1 first=rocsolver cdls_ms=19.321643829 rocsolver_ms=27.527559280 cdls_submit_ms=0.592449000 roc_submit_ms=12.592314000 cdls_wall_ms=19.678133000 roc_wall_ms=27.824908000
sample n=8191 lda=8191 iteration=2 first=cdls cdls_ms=19.424121857 rocsolver_ms=27.184564590 cdls_submit_ms=0.481148000 roc_submit_ms=9.046456000 cdls_wall_ms=19.432095000 roc_wall_ms=27.193850000
sample n=8191 lda=8191 iteration=3 first=rocsolver cdls_ms=19.338199615 rocsolver_ms=27.737131119 cdls_submit_ms=0.574301000 roc_submit_ms=12.595499000 cdls_wall_ms=19.687827000 roc_wall_ms=28.037894000
sample n=8191 lda=8191 iteration=4 first=cdls cdls_ms=19.296066284 rocsolver_ms=27.309545517 cdls_submit_ms=0.462800000 roc_submit_ms=9.218209000 cdls_wall_ms=19.306352000 roc_wall_ms=27.318651000
sample n=8191 lda=8191 iteration=5 first=rocsolver cdls_ms=19.223051071 rocsolver_ms=27.704561234 cdls_submit_ms=0.624298000 roc_submit_ms=11.940695000 cdls_wall_ms=19.595125000 roc_wall_ms=28.032426000
sample n=8191 lda=8191 iteration=6 first=cdls cdls_ms=19.329448700 rocsolver_ms=27.253440857 cdls_submit_ms=0.243724000 roc_submit_ms=9.263248000 cdls_wall_ms=19.338291000 roc_wall_ms=27.263306000
sample n=8191 lda=8191 iteration=7 first=rocsolver cdls_ms=19.520540237 rocsolver_ms=27.704923630 cdls_submit_ms=0.610816000 roc_submit_ms=12.072026000 cdls_wall_ms=19.842915000 roc_wall_ms=28.043183000
sample n=8191 lda=8191 iteration=8 first=cdls cdls_ms=19.339891434 rocsolver_ms=27.399906158 cdls_submit_ms=0.307041000 roc_submit_ms=8.894703000 cdls_wall_ms=19.350961000 roc_wall_ms=27.408640000
sample n=8191 lda=8191 iteration=9 first=rocsolver cdls_ms=19.203964233 rocsolver_ms=27.991552353 cdls_submit_ms=0.644549000 roc_submit_ms=10.723508000 cdls_wall_ms=19.502894000 roc_wall_ms=28.000107000
sample n=8191 lda=8191 iteration=10 first=cdls cdls_ms=19.306652069 rocsolver_ms=27.313903809 cdls_submit_ms=0.349306000 roc_submit_ms=9.078965000 cdls_wall_ms=19.315877000 roc_wall_ms=27.321315000
sample n=8191 lda=8191 iteration=11 first=rocsolver cdls_ms=19.535451889 rocsolver_ms=27.919662476 cdls_submit_ms=0.583695000 roc_submit_ms=10.748166000 cdls_wall_ms=19.848403000 roc_wall_ms=28.212082000
sample n=8191 lda=8191 iteration=12 first=cdls cdls_ms=19.328535080 rocsolver_ms=27.401027679 cdls_submit_ms=0.286149000 roc_submit_ms=9.008678000 cdls_wall_ms=19.337550000 roc_wall_ms=27.409090000
sample n=8191 lda=8191 iteration=13 first=rocsolver cdls_ms=19.440448761 rocsolver_ms=27.700767517 cdls_submit_ms=0.598147000 roc_submit_ms=10.748216000 cdls_wall_ms=19.746467000 roc_wall_ms=28.000859000
sample n=8191 lda=8191 iteration=14 first=cdls cdls_ms=19.290807724 rocsolver_ms=27.320352554 cdls_submit_ms=0.288102000 roc_submit_ms=9.088510000 cdls_wall_ms=19.299683000 roc_wall_ms=27.329107000
sample n=8191 lda=8191 iteration=15 first=rocsolver cdls_ms=19.189952850 rocsolver_ms=28.104396820 cdls_submit_ms=0.624137000 roc_submit_ms=11.385573000 cdls_wall_ms=19.503854000 roc_wall_ms=28.111888000
sample n=8191 lda=8191 iteration=16 first=cdls cdls_ms=19.466657639 rocsolver_ms=27.337320328 cdls_submit_ms=0.172404000 roc_submit_ms=9.106969000 cdls_wall_ms=19.475572000 roc_wall_ms=27.344371000
sample n=8191 lda=8191 iteration=17 first=rocsolver cdls_ms=19.647396088 rocsolver_ms=27.974727631 cdls_submit_ms=0.914012000 roc_submit_ms=10.568710000 cdls_wall_ms=19.656479000 roc_wall_ms=27.990562000
sample n=8191 lda=8191 iteration=18 first=cdls cdls_ms=19.284118652 rocsolver_ms=27.265687943 cdls_submit_ms=0.203633000 roc_submit_ms=9.020015000 cdls_wall_ms=19.292401000 roc_wall_ms=27.274404000
sample n=8191 lda=8191 iteration=19 first=rocsolver cdls_ms=19.326120377 rocsolver_ms=28.044454575 cdls_submit_ms=0.610726000 roc_submit_ms=10.772072000 cdls_wall_ms=19.638532000 roc_wall_ms=28.051877000
sample n=8191 lda=8191 iteration=20 first=cdls cdls_ms=19.559980392 rocsolver_ms=27.613122940 cdls_submit_ms=0.309094000 roc_submit_ms=9.118136000 cdls_wall_ms=19.567954000 roc_wall_ms=27.620535000
sample n=8191 lda=8191 iteration=21 first=rocsolver cdls_ms=19.757793427 rocsolver_ms=27.849414825 cdls_submit_ms=0.909205000 roc_submit_ms=10.713673000 cdls_wall_ms=19.766838000 roc_wall_ms=28.141774000
sample n=8191 lda=8191 iteration=22 first=cdls cdls_ms=19.274351120 rocsolver_ms=27.369987488 cdls_submit_ms=0.347332000 roc_submit_ms=9.128882000 cdls_wall_ms=19.282816000 roc_wall_ms=27.377241000
sample n=8191 lda=8191 iteration=23 first=rocsolver cdls_ms=19.394605637 rocsolver_ms=27.864316940 cdls_submit_ms=0.611178000 roc_submit_ms=10.820796000 cdls_wall_ms=19.709441000 roc_wall_ms=28.156547000
sample n=8191 lda=8191 iteration=24 first=cdls cdls_ms=19.554851532 rocsolver_ms=27.392211914 cdls_submit_ms=0.321473000 roc_submit_ms=9.015488000 cdls_wall_ms=19.562455000 roc_wall_ms=27.400967000
sample n=8191 lda=8191 iteration=25 first=rocsolver cdls_ms=19.784584045 rocsolver_ms=27.997280121 cdls_submit_ms=0.886590000 roc_submit_ms=10.876793000 cdls_wall_ms=19.793119000 roc_wall_ms=28.201004000
sample n=8191 lda=8191 iteration=26 first=cdls cdls_ms=19.289705276 rocsolver_ms=27.384080887 cdls_submit_ms=0.297016000 roc_submit_ms=9.068048000 cdls_wall_ms=19.297539000 roc_wall_ms=27.392665000
sample n=8191 lda=8191 iteration=27 first=rocsolver cdls_ms=19.888675690 rocsolver_ms=27.828723907 cdls_submit_ms=0.896826000 roc_submit_ms=10.595482000 cdls_wall_ms=19.897489000 roc_wall_ms=28.129806000
sample n=8191 lda=8191 iteration=28 first=cdls cdls_ms=19.295803070 rocsolver_ms=27.431713104 cdls_submit_ms=0.194929000 roc_submit_ms=9.098966000 cdls_wall_ms=19.304569000 roc_wall_ms=27.440778000
sample n=8191 lda=8191 iteration=29 first=rocsolver cdls_ms=19.246160507 rocsolver_ms=28.036552429 cdls_submit_ms=0.717510000 roc_submit_ms=10.685039000 cdls_wall_ms=19.253622000 roc_wall_ms=28.339608000
bench n=8191 lda=8191 repeats=30 cdls_median_ms=19.328992 rocsolver_median_ms=27.570341 cdls_mean_ms=19.403084 rocsolver_mean_ms=27.603113 cdls_gflops=18952.676325 workspace_bytes=65544 roc_workspace_bytes=34141376 cdls_submit_ms=0.541285 roc_submit_ms=9.919319 cdls_wall_ms=19.503374 roc_wall_ms=27.722721 rocsolver_gflops=13287.326606 speedup=1.426372
