device=AMD Instinct MI300A arch=gfx942:sramecc+:xnack- HIP=60443484 CUs=228 memory_bytes=137438953472 rocSOLVER=3.28.2.1b897f5 rocBLAS=4.4.1.f08d23e3 baseline=rocsolver_dgetrf_npvt fp64 seed=20261001 method=auto matrix=dense n=7 lda=7 offset=0 warmup=20 repeats=30
validate n=7 lda=7 kind=dense info=7/0 L_rel=2.8092e-17 U_rel=0.0000e+00 residual_scaled=5.9726e-02/5.9720e-02 cpu_residual_scaled=6.1483e-02/6.1832e-02 PASS
sample n=7 lda=7 iteration=0 first=cdls cdls_ms=0.012058000 rocsolver_ms=0.011818000 cdls_submit_ms=0.006460000 roc_submit_ms=0.007211000 cdls_wall_ms=0.027633000 roc_wall_ms=0.020482000
sample n=7 lda=7 iteration=1 first=rocsolver cdls_ms=0.007371000 rocsolver_ms=0.015944000 cdls_submit_ms=0.003105000 roc_submit_ms=0.009064000 cdls_wall_ms=0.016245000 roc_wall_ms=0.026711000
sample n=7 lda=7 iteration=2 first=cdls cdls_ms=0.012660000 rocsolver_ms=0.009495000 cdls_submit_ms=0.006850000 roc_submit_ms=0.006850000 cdls_wall_ms=0.023326000 roc_wall_ms=0.017997000
sample n=7 lda=7 iteration=3 first=rocsolver cdls_ms=0.006530000 rocsolver_ms=0.017146001 cdls_submit_ms=0.002314000 roc_submit_ms=0.012689000 cdls_wall_ms=0.017517000 roc_wall_ms=0.026410000
sample n=7 lda=7 iteration=4 first=cdls cdls_ms=0.007412000 rocsolver_ms=0.013540000 cdls_submit_ms=0.002764000 roc_submit_ms=0.008814000 cdls_wall_ms=0.014663000 roc_wall_ms=0.021263000
sample n=7 lda=7 iteration=5 first=rocsolver cdls_ms=0.011859000 rocsolver_ms=0.011497000 cdls_submit_ms=0.003225000 roc_submit_ms=0.007141000 cdls_wall_ms=0.019961000 roc_wall_ms=0.018027000
sample n=7 lda=7 iteration=6 first=cdls cdls_ms=0.010295000 rocsolver_ms=0.021273000 cdls_submit_ms=0.002313000 roc_submit_ms=0.017366000 cdls_wall_ms=0.025429000 roc_wall_ms=0.028043000
sample n=7 lda=7 iteration=7 first=rocsolver cdls_ms=0.007331000 rocsolver_ms=0.014703000 cdls_submit_ms=0.003155000 roc_submit_ms=0.010195000 cdls_wall_ms=0.015393000 roc_wall_ms=0.025059000
sample n=7 lda=7 iteration=8 first=cdls cdls_ms=0.014102000 rocsolver_ms=0.014702000 cdls_submit_ms=0.008814000 roc_submit_ms=0.010587000 cdls_wall_ms=0.023827000 roc_wall_ms=0.026200000
sample n=7 lda=7 iteration=9 first=rocsolver cdls_ms=0.007772000 rocsolver_ms=0.009615000 cdls_submit_ms=0.003174000 roc_submit_ms=0.006360000 cdls_wall_ms=0.014051000 roc_wall_ms=0.017297000
sample n=7 lda=7 iteration=10 first=cdls cdls_ms=0.009334000 rocsolver_ms=0.015905000 cdls_submit_ms=0.004787000 roc_submit_ms=0.009975000 cdls_wall_ms=0.015954000 roc_wall_ms=0.023486000
sample n=7 lda=7 iteration=11 first=rocsolver cdls_ms=0.008373000 rocsolver_ms=0.018188000 cdls_submit_ms=0.003366000 roc_submit_ms=0.008253000 cdls_wall_ms=0.015614000 roc_wall_ms=0.026851000
sample n=7 lda=7 iteration=12 first=cdls cdls_ms=0.009054000 rocsolver_ms=0.013982000 cdls_submit_ms=0.003134000 roc_submit_ms=0.007702000 cdls_wall_ms=0.016766000 roc_wall_ms=0.021313000
sample n=7 lda=7 iteration=13 first=rocsolver cdls_ms=0.012540000 rocsolver_ms=0.015904000 cdls_submit_ms=0.008423000 roc_submit_ms=0.011247000 cdls_wall_ms=0.022534000 roc_wall_ms=0.024167000
sample n=7 lda=7 iteration=14 first=cdls cdls_ms=0.011457000 rocsolver_ms=0.012178000 cdls_submit_ms=0.005779000 roc_submit_ms=0.008303000 cdls_wall_ms=0.025799000 roc_wall_ms=0.022855000
sample n=7 lda=7 iteration=15 first=rocsolver cdls_ms=0.007171000 rocsolver_ms=0.016786000 cdls_submit_ms=0.003115000 roc_submit_ms=0.013100000 cdls_wall_ms=0.019169000 roc_wall_ms=0.027342000
sample n=7 lda=7 iteration=16 first=cdls cdls_ms=0.007331000 rocsolver_ms=0.013140000 cdls_submit_ms=0.002204000 roc_submit_ms=0.008613000 cdls_wall_ms=0.017587000 roc_wall_ms=0.022455000
sample n=7 lda=7 iteration=17 first=rocsolver cdls_ms=0.008132000 rocsolver_ms=0.016826000 cdls_submit_ms=0.003144000 roc_submit_ms=0.008513000 cdls_wall_ms=0.019810000 roc_wall_ms=0.023977000
sample n=7 lda=7 iteration=18 first=cdls cdls_ms=0.007131000 rocsolver_ms=0.019110000 cdls_submit_ms=0.003445000 roc_submit_ms=0.008884000 cdls_wall_ms=0.017477000 roc_wall_ms=0.028373000
sample n=7 lda=7 iteration=19 first=rocsolver cdls_ms=0.006250000 rocsolver_ms=0.013661000 cdls_submit_ms=0.002734000 roc_submit_ms=0.009565000 cdls_wall_ms=0.015103000 roc_wall_ms=0.022395000
sample n=7 lda=7 iteration=20 first=cdls cdls_ms=0.007371000 rocsolver_ms=0.015104000 cdls_submit_ms=0.002784000 roc_submit_ms=0.010997000 cdls_wall_ms=0.015795000 roc_wall_ms=0.024037000
sample n=7 lda=7 iteration=21 first=rocsolver cdls_ms=0.006931000 rocsolver_ms=0.012219000 cdls_submit_ms=0.002143000 roc_submit_ms=0.006540000 cdls_wall_ms=0.015685000 roc_wall_ms=0.022735000
sample n=7 lda=7 iteration=22 first=cdls cdls_ms=0.007732000 rocsolver_ms=0.019390000 cdls_submit_ms=0.003576000 roc_submit_ms=0.015203000 cdls_wall_ms=0.016375000 roc_wall_ms=0.027953000
sample n=7 lda=7 iteration=23 first=rocsolver cdls_ms=0.006370000 rocsolver_ms=0.011578000 cdls_submit_ms=0.002393000 roc_submit_ms=0.008663000 cdls_wall_ms=0.015023000 roc_wall_ms=0.020872000
sample n=7 lda=7 iteration=24 first=cdls cdls_ms=0.011137000 rocsolver_ms=0.018268000 cdls_submit_ms=0.003395000 roc_submit_ms=0.014022000 cdls_wall_ms=0.020202000 roc_wall_ms=0.027262000
sample n=7 lda=7 iteration=25 first=rocsolver cdls_ms=0.007131000 rocsolver_ms=0.016225001 cdls_submit_ms=0.002865000 roc_submit_ms=0.011788000 cdls_wall_ms=0.015244000 roc_wall_ms=0.024017000
sample n=7 lda=7 iteration=26 first=cdls cdls_ms=0.007131000 rocsolver_ms=0.013220000 cdls_submit_ms=0.002454000 roc_submit_ms=0.008793000 cdls_wall_ms=0.014673000 roc_wall_ms=0.019760000
sample n=7 lda=7 iteration=27 first=rocsolver cdls_ms=0.008613000 rocsolver_ms=0.011017000 cdls_submit_ms=0.003416000 roc_submit_ms=0.006430000 cdls_wall_ms=0.016275000 roc_wall_ms=0.019359000
sample n=7 lda=7 iteration=28 first=cdls cdls_ms=0.006410000 rocsolver_ms=0.021392999 cdls_submit_ms=0.001923000 roc_submit_ms=0.016065000 cdls_wall_ms=0.013391000 roc_wall_ms=0.028724000
sample n=7 lda=7 iteration=29 first=rocsolver cdls_ms=0.012860000 rocsolver_ms=0.022755001 cdls_submit_ms=0.004347000 roc_submit_ms=0.017136000 cdls_wall_ms=0.020511000 roc_wall_ms=0.030377000
bench n=7 lda=7 repeats=30 cdls_median_ms=0.007752 rocsolver_median_ms=0.014904 cdls_mean_ms=0.008862 rocsolver_mean_ms=0.015219 cdls_gflops=0.026187 workspace_bytes=12 roc_workspace_bytes=0 cdls_submit_ms=0.003149 roc_submit_ms=0.008974 cdls_wall_ms=0.016571 roc_wall_ms=0.023997 rocsolver_gflops=0.013621 speedup=1.922536
