device=AMD Instinct MI300A arch=gfx942:sramecc+:xnack- HIP=60443484 CUs=228 memory_bytes=137438953472 rocSOLVER=3.28.2.1b897f5 rocBLAS=4.4.1.f08d23e3 baseline=rocsolver_dgetrf_npvt fp64 seed=20261001 method=auto matrix=dense n=8193 lda=8193 offset=0 warmup=5 repeats=30
validate n=8193 lda=8193 kind=dense info=7/0 L_rel=1.6397e-15 U_rel=4.1182e-15 residual_scaled=2.2428e-03/3.9529e-04 PASS
sample n=8193 lda=8193 iteration=0 first=cdls cdls_ms=27.696155548 rocsolver_ms=28.112623215 cdls_submit_ms=0.010516000 roc_submit_ms=9.520832000 cdls_wall_ms=27.725802000 roc_wall_ms=28.119906000
sample n=8193 lda=8193 iteration=1 first=rocsolver cdls_ms=28.614004135 rocsolver_ms=27.759571075 cdls_submit_ms=0.009585000 roc_submit_ms=13.348662000 cdls_wall_ms=28.968518000 roc_wall_ms=27.775068000
sample n=8193 lda=8193 iteration=2 first=cdls cdls_ms=27.573448181 rocsolver_ms=27.837362289 cdls_submit_ms=0.008894000 roc_submit_ms=9.480540000 cdls_wall_ms=27.694504000 roc_wall_ms=27.845395000
sample n=8193 lda=8193 iteration=3 first=rocsolver cdls_ms=28.121807098 rocsolver_ms=27.885324478 cdls_submit_ms=0.009995000 roc_submit_ms=12.214363000 cdls_wall_ms=28.474200000 roc_wall_ms=28.199839000
sample n=8193 lda=8193 iteration=4 first=cdls cdls_ms=27.714744568 rocsolver_ms=27.559555054 cdls_submit_ms=0.012229000 roc_submit_ms=9.533111000 cdls_wall_ms=27.830753000 roc_wall_ms=27.567509000
sample n=8193 lda=8193 iteration=5 first=rocsolver cdls_ms=27.975744247 rocsolver_ms=27.595691681 cdls_submit_ms=0.009695000 roc_submit_ms=11.755268000 cdls_wall_ms=27.984469000 roc_wall_ms=27.957096000
sample n=8193 lda=8193 iteration=6 first=cdls cdls_ms=27.815420151 rocsolver_ms=27.862539291 cdls_submit_ms=0.008823000 roc_submit_ms=9.446338000 cdls_wall_ms=27.824333000 roc_wall_ms=27.872357000
sample n=8193 lda=8193 iteration=7 first=rocsolver cdls_ms=28.374715805 rocsolver_ms=27.958295822 cdls_submit_ms=0.008202000 roc_submit_ms=11.924708000 cdls_wall_ms=28.382840000 roc_wall_ms=28.304580000
sample n=8193 lda=8193 iteration=8 first=cdls cdls_ms=27.606136322 rocsolver_ms=27.789028168 cdls_submit_ms=0.009505000 roc_submit_ms=9.600194000 cdls_wall_ms=27.615693000 roc_wall_ms=27.796581000
sample n=8193 lda=8193 iteration=9 first=rocsolver cdls_ms=28.404079437 rocsolver_ms=27.832935333 cdls_submit_ms=0.008674000 roc_submit_ms=11.413485000 cdls_wall_ms=28.713136000 roc_wall_ms=28.144835000
sample n=8193 lda=8193 iteration=10 first=cdls cdls_ms=27.423295975 rocsolver_ms=27.824691772 cdls_submit_ms=0.068695000 roc_submit_ms=9.222415000 cdls_wall_ms=27.431030000 roc_wall_ms=27.834288000
sample n=8193 lda=8193 iteration=11 first=rocsolver cdls_ms=28.055465698 rocsolver_ms=28.082368851 cdls_submit_ms=0.009615000 roc_submit_ms=10.224081000 cdls_wall_ms=28.374247000 roc_wall_ms=28.391724000
sample n=8193 lda=8193 iteration=12 first=cdls cdls_ms=27.992208481 rocsolver_ms=27.767896652 cdls_submit_ms=0.049887000 roc_submit_ms=9.224828000 cdls_wall_ms=28.002967000 roc_wall_ms=27.777051000
sample n=8193 lda=8193 iteration=13 first=rocsolver cdls_ms=28.235944748 rocsolver_ms=27.880748749 cdls_submit_ms=0.010155000 roc_submit_ms=10.306457000 cdls_wall_ms=28.563036000 roc_wall_ms=28.187350000
sample n=8193 lda=8193 iteration=14 first=cdls cdls_ms=27.920099258 rocsolver_ms=27.853755951 cdls_submit_ms=0.008864000 roc_submit_ms=9.241634000 cdls_wall_ms=27.974583000 roc_wall_ms=27.864856000
sample n=8193 lda=8193 iteration=15 first=rocsolver cdls_ms=28.127576828 rocsolver_ms=27.871515274 cdls_submit_ms=0.008913000 roc_submit_ms=11.232908000 cdls_wall_ms=28.451745000 roc_wall_ms=28.186108000
sample n=8193 lda=8193 iteration=16 first=cdls cdls_ms=27.839935303 rocsolver_ms=27.882200241 cdls_submit_ms=0.008222000 roc_submit_ms=9.297159000 cdls_wall_ms=27.897215000 roc_wall_ms=27.892157000
sample n=8193 lda=8193 iteration=17 first=rocsolver cdls_ms=28.226488113 rocsolver_ms=28.159816742 cdls_submit_ms=0.021443000 roc_submit_ms=10.190118000 cdls_wall_ms=28.546820000 roc_wall_ms=28.168951000
sample n=8193 lda=8193 iteration=18 first=cdls cdls_ms=27.869983673 rocsolver_ms=27.880298615 cdls_submit_ms=0.007732000 roc_submit_ms=9.253562000 cdls_wall_ms=27.926801000 roc_wall_ms=27.887710000
sample n=8193 lda=8193 iteration=19 first=rocsolver cdls_ms=28.260862350 rocsolver_ms=27.938228607 cdls_submit_ms=0.008513000 roc_submit_ms=10.299546000 cdls_wall_ms=28.585159000 roc_wall_ms=28.260321000
sample n=8193 lda=8193 iteration=20 first=cdls cdls_ms=27.892656326 rocsolver_ms=27.742576599 cdls_submit_ms=0.050057000 roc_submit_ms=9.253972000 cdls_wall_ms=27.902894000 roc_wall_ms=27.750440000
sample n=8193 lda=8193 iteration=21 first=rocsolver cdls_ms=28.319791794 rocsolver_ms=28.106624603 cdls_submit_ms=0.011398000 roc_submit_ms=11.916306000 cdls_wall_ms=28.655758000 roc_wall_ms=28.122651000
sample n=8193 lda=8193 iteration=22 first=cdls cdls_ms=27.800395966 rocsolver_ms=27.917236328 cdls_submit_ms=0.060253000 roc_submit_ms=9.342929000 cdls_wall_ms=27.808920000 roc_wall_ms=27.925929000
sample n=8193 lda=8193 iteration=23 first=rocsolver cdls_ms=28.391984940 rocsolver_ms=28.207899094 cdls_submit_ms=0.013461000 roc_submit_ms=10.867808000 cdls_wall_ms=28.716852000 roc_wall_ms=28.530847000
sample n=8193 lda=8193 iteration=24 first=cdls cdls_ms=27.580257416 rocsolver_ms=27.998840332 cdls_submit_ms=0.059391000 roc_submit_ms=9.400487000 cdls_wall_ms=27.588952000 roc_wall_ms=28.006502000
sample n=8193 lda=8193 iteration=25 first=rocsolver cdls_ms=28.507240295 rocsolver_ms=28.082128525 cdls_submit_ms=0.010195000 roc_submit_ms=10.267777000 cdls_wall_ms=28.822855000 roc_wall_ms=28.387697000
sample n=8193 lda=8193 iteration=26 first=cdls cdls_ms=27.848949432 rocsolver_ms=27.899255753 cdls_submit_ms=0.052361000 roc_submit_ms=9.251669000 cdls_wall_ms=27.856713000 roc_wall_ms=27.907140000
sample n=8193 lda=8193 iteration=27 first=rocsolver cdls_ms=28.505596161 rocsolver_ms=28.216604233 cdls_submit_ms=0.008773000 roc_submit_ms=10.138729000 cdls_wall_ms=28.599462000 roc_wall_ms=28.527131000
sample n=8193 lda=8193 iteration=28 first=cdls cdls_ms=28.131904602 rocsolver_ms=28.086343765 cdls_submit_ms=0.008223000 roc_submit_ms=9.434149000 cdls_wall_ms=28.140578000 roc_wall_ms=28.094006000
sample n=8193 lda=8193 iteration=29 first=rocsolver cdls_ms=27.945899963 rocsolver_ms=28.065652847 cdls_submit_ms=0.008383000 roc_submit_ms=10.822698000 cdls_wall_ms=28.279651000 roc_wall_ms=28.381718000
bench n=8193 lda=8193 repeats=30 cdls_median_ms=27.983976 rocsolver_median_ms=27.883762 cdls_mean_ms=28.025760 rocsolver_mean_ms=27.921920 cdls_gflops=13100.516570 workspace_bytes=66572 roc_workspace_bytes=34149632 cdls_submit_ms=0.009655 roc_submit_ms=9.869461 cdls_wall_ms=28.071773 roc_wall_ms=28.050254 rocsolver_gflops=13147.599715 speedup=0.996419
