device=AMD Instinct MI300A arch=gfx942:sramecc+:xnack- HIP=60443484 CUs=228 memory_bytes=137438953472 rocSOLVER=3.28.2.1b897f5 rocBLAS=4.4.1.f08d23e3 baseline=rocsolver_dgetrf_npvt fp64 seed=20261001 method=auto matrix=dense n=33 lda=33 offset=0 warmup=20 repeats=30
validate n=33 lda=33 kind=dense info=7/0 L_rel=3.2333e-17 U_rel=1.6514e-18 residual_scaled=2.7589e-02/2.7588e-02 cpu_residual_scaled=2.8172e-02/2.8173e-02 PASS
sample n=33 lda=33 iteration=0 first=cdls cdls_ms=0.019710001 rocsolver_ms=0.035133999 cdls_submit_ms=0.006550000 roc_submit_ms=0.005478000 cdls_wall_ms=0.048725000 roc_wall_ms=0.046221000
sample n=33 lda=33 iteration=1 first=rocsolver cdls_ms=0.015945001 rocsolver_ms=0.034853999 cdls_submit_ms=0.002584000 roc_submit_ms=0.005118000 cdls_wall_ms=0.024868000 roc_wall_ms=0.044028000
sample n=33 lda=33 iteration=2 first=cdls cdls_ms=0.015945001 rocsolver_ms=0.037857998 cdls_submit_ms=0.002464000 roc_submit_ms=0.009174000 cdls_wall_ms=0.025349000 roc_wall_ms=0.046692000
sample n=33 lda=33 iteration=3 first=rocsolver cdls_ms=0.015985001 rocsolver_ms=0.038299002 cdls_submit_ms=0.002725000 roc_submit_ms=0.008142000 cdls_wall_ms=0.024477000 roc_wall_ms=0.049095000
sample n=33 lda=33 iteration=4 first=cdls cdls_ms=0.016065000 rocsolver_ms=0.036775999 cdls_submit_ms=0.002925000 roc_submit_ms=0.008022000 cdls_wall_ms=0.025849000 roc_wall_ms=0.045931000
sample n=33 lda=33 iteration=5 first=rocsolver cdls_ms=0.015664000 rocsolver_ms=0.035895001 cdls_submit_ms=0.002463000 roc_submit_ms=0.007111000 cdls_wall_ms=0.024368000 roc_wall_ms=0.046852000
sample n=33 lda=33 iteration=6 first=cdls cdls_ms=0.015864000 rocsolver_ms=0.036616001 cdls_submit_ms=0.002423000 roc_submit_ms=0.007381000 cdls_wall_ms=0.026150000 roc_wall_ms=0.046031000
sample n=33 lda=33 iteration=7 first=rocsolver cdls_ms=0.015504000 rocsolver_ms=0.035935000 cdls_submit_ms=0.002504000 roc_submit_ms=0.006280000 cdls_wall_ms=0.024638000 roc_wall_ms=0.045019000
sample n=33 lda=33 iteration=8 first=cdls cdls_ms=0.016024999 rocsolver_ms=0.039941002 cdls_submit_ms=0.002674000 roc_submit_ms=0.008914000 cdls_wall_ms=0.026300000 roc_wall_ms=0.047563000
sample n=33 lda=33 iteration=9 first=rocsolver cdls_ms=0.015985001 rocsolver_ms=0.036416002 cdls_submit_ms=0.002554000 roc_submit_ms=0.006731000 cdls_wall_ms=0.024899000 roc_wall_ms=0.046532000
sample n=33 lda=33 iteration=10 first=cdls cdls_ms=0.016023999 rocsolver_ms=0.036855999 cdls_submit_ms=0.002674000 roc_submit_ms=0.007782000 cdls_wall_ms=0.026621000 roc_wall_ms=0.047813000
sample n=33 lda=33 iteration=11 first=rocsolver cdls_ms=0.015984001 rocsolver_ms=0.037657999 cdls_submit_ms=0.002845000 roc_submit_ms=0.007502000 cdls_wall_ms=0.026922000 roc_wall_ms=0.046811000
sample n=33 lda=33 iteration=12 first=cdls cdls_ms=0.016945999 rocsolver_ms=0.039700001 cdls_submit_ms=0.002123000 roc_submit_ms=0.009134000 cdls_wall_ms=0.027112000 roc_wall_ms=0.046902000
sample n=33 lda=33 iteration=13 first=rocsolver cdls_ms=0.016065000 rocsolver_ms=0.039861999 cdls_submit_ms=0.002705000 roc_submit_ms=0.009715000 cdls_wall_ms=0.023466000 roc_wall_ms=0.050097000
sample n=33 lda=33 iteration=14 first=cdls cdls_ms=0.015664000 rocsolver_ms=0.041744001 cdls_submit_ms=0.001983000 roc_submit_ms=0.009775000 cdls_wall_ms=0.025339000 roc_wall_ms=0.049166000
sample n=33 lda=33 iteration=15 first=rocsolver cdls_ms=0.016105000 rocsolver_ms=0.038259000 cdls_submit_ms=0.002935000 roc_submit_ms=0.008072000 cdls_wall_ms=0.024037000 roc_wall_ms=0.049286000
sample n=33 lda=33 iteration=16 first=cdls cdls_ms=0.015864000 rocsolver_ms=0.040102001 cdls_submit_ms=0.002133000 roc_submit_ms=0.009194000 cdls_wall_ms=0.025268000 roc_wall_ms=0.048174000
sample n=33 lda=33 iteration=17 first=rocsolver cdls_ms=0.016023999 rocsolver_ms=0.037137002 cdls_submit_ms=0.002443000 roc_submit_ms=0.006720000 cdls_wall_ms=0.023977000 roc_wall_ms=0.046361000
sample n=33 lda=33 iteration=18 first=cdls cdls_ms=0.015905000 rocsolver_ms=0.038819999 cdls_submit_ms=0.002614000 roc_submit_ms=0.008653000 cdls_wall_ms=0.025159000 roc_wall_ms=0.046622000
sample n=33 lda=33 iteration=19 first=rocsolver cdls_ms=0.015783999 rocsolver_ms=0.036857001 cdls_submit_ms=0.002744000 roc_submit_ms=0.006370000 cdls_wall_ms=0.023727000 roc_wall_ms=0.046522000
sample n=33 lda=33 iteration=20 first=cdls cdls_ms=0.015823999 rocsolver_ms=0.037016999 cdls_submit_ms=0.002804000 roc_submit_ms=0.007642000 cdls_wall_ms=0.025119000 roc_wall_ms=0.047984000
sample n=33 lda=33 iteration=21 first=rocsolver cdls_ms=0.016144000 rocsolver_ms=0.037698001 cdls_submit_ms=0.002884000 roc_submit_ms=0.007441000 cdls_wall_ms=0.025689000 roc_wall_ms=0.045369000
sample n=33 lda=33 iteration=22 first=cdls cdls_ms=0.015865000 rocsolver_ms=0.037978001 cdls_submit_ms=0.003355000 roc_submit_ms=0.008102000 cdls_wall_ms=0.025989000 roc_wall_ms=0.046822000
sample n=33 lda=33 iteration=23 first=rocsolver cdls_ms=0.015944000 rocsolver_ms=0.035654999 cdls_submit_ms=0.002664000 roc_submit_ms=0.006229000 cdls_wall_ms=0.023887000 roc_wall_ms=0.045830000
sample n=33 lda=33 iteration=24 first=cdls cdls_ms=0.015945001 rocsolver_ms=0.038419001 cdls_submit_ms=0.002394000 roc_submit_ms=0.009405000 cdls_wall_ms=0.025059000 roc_wall_ms=0.048094000
sample n=33 lda=33 iteration=25 first=rocsolver cdls_ms=0.015744001 rocsolver_ms=0.037216999 cdls_submit_ms=0.002654000 roc_submit_ms=0.006631000 cdls_wall_ms=0.024177000 roc_wall_ms=0.047643000
sample n=33 lda=33 iteration=26 first=cdls cdls_ms=0.018067000 rocsolver_ms=0.036215000 cdls_submit_ms=0.003445000 roc_submit_ms=0.007051000 cdls_wall_ms=0.027543000 roc_wall_ms=0.046591000
sample n=33 lda=33 iteration=27 first=rocsolver cdls_ms=0.015744001 rocsolver_ms=0.037898000 cdls_submit_ms=0.002704000 roc_submit_ms=0.007752000 cdls_wall_ms=0.024007000 roc_wall_ms=0.047693000
sample n=33 lda=33 iteration=28 first=cdls cdls_ms=0.015865000 rocsolver_ms=0.042424999 cdls_submit_ms=0.002674000 roc_submit_ms=0.011999000 cdls_wall_ms=0.025549000 roc_wall_ms=0.050338000
sample n=33 lda=33 iteration=29 first=rocsolver cdls_ms=0.015664000 rocsolver_ms=0.038858999 cdls_submit_ms=0.002634000 roc_submit_ms=0.008533000 cdls_wall_ms=0.024177000 roc_wall_ms=0.049436000
bench n=33 lda=33 repeats=30 cdls_median_ms=0.015945 rocsolver_median_ms=0.037678 cdls_mean_ms=0.016129 rocsolver_mean_ms=0.037803 cdls_gflops=1.468046 workspace_bytes=12 roc_workspace_bytes=0 cdls_submit_ms=0.002669 roc_submit_ms=0.007767 cdls_wall_ms=0.025139 roc_wall_ms=0.046837 rocsolver_gflops=0.621264 speedup=2.362998
