device=AMD Instinct MI300A arch=gfx942:sramecc+:xnack- HIP=60443484 CUs=228 memory_bytes=137438953472 rocSOLVER=3.28.2.1b897f5 rocBLAS=4.4.1.f08d23e3 baseline=rocsolver_dgetrf_npvt fp64 seed=20261001 method=auto matrix=dense n=8191 lda=8191 offset=0 warmup=5 repeats=30
validate n=8191 lda=8191 kind=dense info=7/0 L_rel=1.4170e-15 U_rel=3.2776e-15 residual_scaled=1.8055e-03/3.1715e-04 PASS
sample n=8191 lda=8191 iteration=0 first=cdls cdls_ms=27.786857605 rocsolver_ms=27.240539551 cdls_submit_ms=0.013531000 roc_submit_ms=9.402862000 cdls_wall_ms=27.813379000 roc_wall_ms=27.250266000
sample n=8191 lda=8191 iteration=1 first=rocsolver cdls_ms=28.243957520 rocsolver_ms=27.616516113 cdls_submit_ms=0.008564000 roc_submit_ms=13.567839000 cdls_wall_ms=28.600556000 roc_wall_ms=27.629968000
sample n=8191 lda=8191 iteration=2 first=cdls cdls_ms=27.263013840 rocsolver_ms=27.843383789 cdls_submit_ms=0.125843000 roc_submit_ms=9.718155000 cdls_wall_ms=27.271268000 roc_wall_ms=27.851428000
sample n=8191 lda=8191 iteration=3 first=rocsolver cdls_ms=27.664989471 rocsolver_ms=27.599588394 cdls_submit_ms=0.009435000 roc_submit_ms=13.686672000 cdls_wall_ms=28.032555000 roc_wall_ms=27.607092000
sample n=8191 lda=8191 iteration=4 first=cdls cdls_ms=27.075807571 rocsolver_ms=27.078260422 cdls_submit_ms=0.008002000 roc_submit_ms=9.787642000 cdls_wall_ms=27.267733000 roc_wall_ms=27.086995000
sample n=8191 lda=8191 iteration=5 first=rocsolver cdls_ms=27.601692200 rocsolver_ms=27.452404022 cdls_submit_ms=0.007581000 roc_submit_ms=7.489027000 cdls_wall_ms=27.609616000 roc_wall_ms=27.508392000
sample n=8191 lda=8191 iteration=6 first=cdls cdls_ms=27.359241486 rocsolver_ms=27.276796341 cdls_submit_ms=0.005538000 roc_submit_ms=9.897390000 cdls_wall_ms=27.366824000 roc_wall_ms=27.286331000
sample n=8191 lda=8191 iteration=7 first=rocsolver cdls_ms=27.805526733 rocsolver_ms=27.951019287 cdls_submit_ms=0.020872000 roc_submit_ms=11.759467000 cdls_wall_ms=28.126029000 roc_wall_ms=28.276039000
sample n=8191 lda=8191 iteration=8 first=cdls cdls_ms=27.344579697 rocsolver_ms=27.536684036 cdls_submit_ms=0.010326000 roc_submit_ms=9.693187000 cdls_wall_ms=27.352442000 roc_wall_ms=27.552950000
sample n=8191 lda=8191 iteration=9 first=rocsolver cdls_ms=27.887891769 rocsolver_ms=28.220020294 cdls_submit_ms=0.020351000 roc_submit_ms=11.118143000 cdls_wall_ms=28.199241000 roc_wall_ms=28.527174000
sample n=8191 lda=8191 iteration=10 first=cdls cdls_ms=27.167427063 rocsolver_ms=27.262351990 cdls_submit_ms=0.011798000 roc_submit_ms=9.597530000 cdls_wall_ms=27.175851000 roc_wall_ms=27.269896000
sample n=8191 lda=8191 iteration=11 first=rocsolver cdls_ms=27.849634171 rocsolver_ms=27.870655060 cdls_submit_ms=0.009064000 roc_submit_ms=11.095547000 cdls_wall_ms=27.857387000 roc_wall_ms=28.173792000
sample n=8191 lda=8191 iteration=12 first=cdls cdls_ms=27.442527771 rocsolver_ms=26.973379135 cdls_submit_ms=0.011958000 roc_submit_ms=9.602898000 cdls_wall_ms=27.622746000 roc_wall_ms=26.984628000
sample n=8191 lda=8191 iteration=13 first=rocsolver cdls_ms=28.106548309 rocsolver_ms=27.958129883 cdls_submit_ms=0.009114000 roc_submit_ms=11.063299000 cdls_wall_ms=28.427951000 roc_wall_ms=28.265943000
sample n=8191 lda=8191 iteration=14 first=cdls cdls_ms=27.344539642 rocsolver_ms=27.471284866 cdls_submit_ms=0.008844000 roc_submit_ms=9.828505000 cdls_wall_ms=27.353424000 roc_wall_ms=27.478846000
sample n=8191 lda=8191 iteration=15 first=rocsolver cdls_ms=27.981075287 rocsolver_ms=27.987194061 cdls_submit_ms=0.008342000 roc_submit_ms=10.858965000 cdls_wall_ms=28.296660000 roc_wall_ms=28.297772000
sample n=8191 lda=8191 iteration=16 first=cdls cdls_ms=27.390327454 rocsolver_ms=26.964868546 cdls_submit_ms=0.115247000 roc_submit_ms=9.867975000 cdls_wall_ms=27.399635000 roc_wall_ms=26.971808000
sample n=8191 lda=8191 iteration=17 first=rocsolver cdls_ms=27.786855698 rocsolver_ms=27.790111542 cdls_submit_ms=0.009315000 roc_submit_ms=11.510895000 cdls_wall_ms=28.110856000 roc_wall_ms=27.798737000
sample n=8191 lda=8191 iteration=18 first=cdls cdls_ms=27.299230576 rocsolver_ms=27.342226028 cdls_submit_ms=0.008343000 roc_submit_ms=9.601646000 cdls_wall_ms=27.307954000 roc_wall_ms=27.352612000
sample n=8191 lda=8191 iteration=19 first=rocsolver cdls_ms=27.869224548 rocsolver_ms=27.901044846 cdls_submit_ms=0.008904000 roc_submit_ms=11.087777000 cdls_wall_ms=28.178289000 roc_wall_ms=28.205861000
sample n=8191 lda=8191 iteration=20 first=cdls cdls_ms=27.620321274 rocsolver_ms=27.117792130 cdls_submit_ms=0.021603000 roc_submit_ms=9.555425000 cdls_wall_ms=27.774909000 roc_wall_ms=27.127026000
sample n=8191 lda=8191 iteration=21 first=rocsolver cdls_ms=27.916896820 rocsolver_ms=27.835142136 cdls_submit_ms=0.009294000 roc_submit_ms=11.050448000 cdls_wall_ms=28.232071000 roc_wall_ms=28.146009000
sample n=8191 lda=8191 iteration=22 first=cdls cdls_ms=27.248552322 rocsolver_ms=27.920032501 cdls_submit_ms=0.007612000 roc_submit_ms=9.973166000 cdls_wall_ms=27.257046000 roc_wall_ms=27.928315000
sample n=8191 lda=8191 iteration=23 first=rocsolver cdls_ms=27.856523514 rocsolver_ms=27.953624725 cdls_submit_ms=0.009264000 roc_submit_ms=12.613085000 cdls_wall_ms=28.169434000 roc_wall_ms=28.304562000
sample n=8191 lda=8191 iteration=24 first=cdls cdls_ms=27.259807587 rocsolver_ms=27.298217773 cdls_submit_ms=0.007121000 roc_submit_ms=9.644272000 cdls_wall_ms=27.268893000 roc_wall_ms=27.307954000
sample n=8191 lda=8191 iteration=25 first=rocsolver cdls_ms=27.987564087 rocsolver_ms=27.945899963 cdls_submit_ms=0.008573000 roc_submit_ms=11.073524000 cdls_wall_ms=28.305524000 roc_wall_ms=28.249708000
sample n=8191 lda=8191 iteration=26 first=cdls cdls_ms=27.285488129 rocsolver_ms=27.666603088 cdls_submit_ms=0.008403000 roc_submit_ms=9.430404000 cdls_wall_ms=27.292259000 roc_wall_ms=27.674045000
sample n=8191 lda=8191 iteration=27 first=rocsolver cdls_ms=27.902915955 rocsolver_ms=27.818355560 cdls_submit_ms=0.008383000 roc_submit_ms=11.160157000 cdls_wall_ms=28.213983000 roc_wall_ms=28.135543000
sample n=8191 lda=8191 iteration=28 first=cdls cdls_ms=27.659982681 rocsolver_ms=27.695188522 cdls_submit_ms=0.076878000 roc_submit_ms=9.514733000 cdls_wall_ms=27.668556000 roc_wall_ms=27.702689000
sample n=8191 lda=8191 iteration=29 first=rocsolver cdls_ms=27.764423370 rocsolver_ms=27.946712494 cdls_submit_ms=0.009805000 roc_submit_ms=11.157834000 cdls_wall_ms=28.021178000 roc_wall_ms=28.263389000
bench n=8191 lda=8191 repeats=30 cdls_median_ms=27.662486 rocsolver_median_ms=27.680896 cdls_mean_ms=27.625781 rocsolver_mean_ms=27.617801 cdls_gflops=13243.065933 workspace_bytes=65544 roc_workspace_bytes=34141376 cdls_submit_ms=0.009189 roc_submit_ms=9.935278 cdls_wall_ms=27.794144 roc_wall_ms=27.688367 rocsolver_gflops=13234.258369 speedup=1.000666
