device=AMD Instinct MI300A arch=gfx942:sramecc+:xnack- HIP=60443484 CUs=228 memory_bytes=137438953472 rocSOLVER=3.28.2.1b897f5 rocBLAS=4.4.1.f08d23e3 baseline=rocsolver_dgetrf_npvt fp64 seed=20261001 method=auto matrix=dense n=769 lda=769 offset=0 warmup=5 repeats=30
validate n=769 lda=769 kind=dense info=7/0 L_rel=3.9528e-16 U_rel=8.1741e-16 residual_scaled=4.7417e-03/1.1691e-03 PASS
sample n=769 lda=769 iteration=0 first=cdls cdls_ms=0.659932971 rocsolver_ms=1.439167976 cdls_submit_ms=0.006650000 roc_submit_ms=0.912259000 cdls_wall_ms=0.674174000 roc_wall_ms=1.446580000
sample n=769 lda=769 iteration=1 first=rocsolver cdls_ms=0.701435983 rocsolver_ms=1.662551045 cdls_submit_ms=0.010496000 roc_submit_ms=1.635790000 cdls_wall_ms=0.708677000 roc_wall_ms=1.671404000
sample n=769 lda=769 iteration=2 first=cdls cdls_ms=0.656808019 rocsolver_ms=1.432556987 cdls_submit_ms=0.009164000 roc_submit_ms=0.895644000 cdls_wall_ms=0.666302000 roc_wall_ms=1.439078000
sample n=769 lda=769 iteration=3 first=rocsolver cdls_ms=0.664418995 rocsolver_ms=1.671043992 cdls_submit_ms=0.013651000 roc_submit_ms=1.670313000 cdls_wall_ms=0.681636000 roc_wall_ms=1.680419000
sample n=769 lda=769 iteration=4 first=cdls cdls_ms=0.668546021 rocsolver_ms=1.444255948 cdls_submit_ms=0.010266000 roc_submit_ms=0.896125000 cdls_wall_ms=0.676608000 roc_wall_ms=1.453570000
sample n=769 lda=769 iteration=5 first=rocsolver cdls_ms=0.667384028 rocsolver_ms=1.676933050 cdls_submit_ms=0.010716000 roc_submit_ms=1.674119000 cdls_wall_ms=0.676428000 roc_wall_ms=1.685887000
sample n=769 lda=769 iteration=6 first=cdls cdls_ms=0.669026971 rocsolver_ms=1.432116985 cdls_submit_ms=0.013681000 roc_submit_ms=0.894703000 cdls_wall_ms=0.743631000 roc_wall_ms=1.441171000
sample n=769 lda=769 iteration=7 first=rocsolver cdls_ms=0.634293020 rocsolver_ms=1.643923044 cdls_submit_ms=0.009905000 roc_submit_ms=1.622870000 cdls_wall_ms=0.642086000 roc_wall_ms=1.653116000
sample n=769 lda=769 iteration=8 first=cdls cdls_ms=0.664138973 rocsolver_ms=1.452028036 cdls_submit_ms=0.060954000 roc_submit_ms=0.926642000 cdls_wall_ms=0.672352000 roc_wall_ms=1.461553000
sample n=769 lda=769 iteration=9 first=rocsolver cdls_ms=0.628044009 rocsolver_ms=1.658303976 cdls_submit_ms=0.009024000 roc_submit_ms=1.605374000 cdls_wall_ms=0.637027000 roc_wall_ms=1.665947000
sample n=769 lda=769 iteration=10 first=cdls cdls_ms=0.612659991 rocsolver_ms=1.443374038 cdls_submit_ms=0.009124000 roc_submit_ms=0.916587000 cdls_wall_ms=0.674235000 roc_wall_ms=1.452849000
sample n=769 lda=769 iteration=11 first=rocsolver cdls_ms=0.636615992 rocsolver_ms=1.654417992 cdls_submit_ms=0.010316000 roc_submit_ms=1.597842000 cdls_wall_ms=0.645310000 roc_wall_ms=1.661800000
sample n=769 lda=769 iteration=12 first=cdls cdls_ms=0.638779998 rocsolver_ms=1.440930963 cdls_submit_ms=0.009926000 roc_submit_ms=0.916967000 cdls_wall_ms=0.700204000 roc_wall_ms=1.449273000
sample n=769 lda=769 iteration=13 first=rocsolver cdls_ms=0.628884971 rocsolver_ms=1.687428951 cdls_submit_ms=0.009385000 roc_submit_ms=1.600035000 cdls_wall_ms=0.637278000 roc_wall_ms=1.695952000
sample n=769 lda=769 iteration=14 first=cdls cdls_ms=0.657688975 rocsolver_ms=1.444255948 cdls_submit_ms=0.009504000 roc_submit_ms=0.908294000 cdls_wall_ms=0.720335000 roc_wall_ms=1.451858000
sample n=769 lda=769 iteration=15 first=rocsolver cdls_ms=0.646912992 rocsolver_ms=1.721441031 cdls_submit_ms=0.008343000 roc_submit_ms=1.633727000 cdls_wall_ms=0.655445000 roc_wall_ms=1.728843000
sample n=769 lda=769 iteration=16 first=cdls cdls_ms=0.609494984 rocsolver_ms=1.449905038 cdls_submit_ms=0.009425000 roc_submit_ms=0.910216000 cdls_wall_ms=0.616596000 roc_wall_ms=1.459849000
sample n=769 lda=769 iteration=17 first=rocsolver cdls_ms=0.688095987 rocsolver_ms=1.641077995 cdls_submit_ms=0.010446000 roc_submit_ms=1.561496000 cdls_wall_ms=0.696659000 roc_wall_ms=1.648339000
sample n=769 lda=769 iteration=18 first=cdls cdls_ms=0.646712005 rocsolver_ms=1.426669002 cdls_submit_ms=0.009114000 roc_submit_ms=0.888583000 cdls_wall_ms=0.654153000 roc_wall_ms=1.435192000
sample n=769 lda=769 iteration=19 first=rocsolver cdls_ms=0.620711982 rocsolver_ms=1.594887018 cdls_submit_ms=0.009925000 roc_submit_ms=1.588938000 cdls_wall_ms=0.628204000 roc_wall_ms=1.604101000
sample n=769 lda=769 iteration=20 first=cdls cdls_ms=0.666382015 rocsolver_ms=1.432036996 cdls_submit_ms=0.009255000 roc_submit_ms=0.920132000 cdls_wall_ms=0.740636000 roc_wall_ms=1.442574000
sample n=769 lda=769 iteration=21 first=rocsolver cdls_ms=0.670267999 rocsolver_ms=1.683503032 cdls_submit_ms=0.008303000 roc_submit_ms=1.572774000 cdls_wall_ms=0.679072000 roc_wall_ms=1.690804000
sample n=769 lda=769 iteration=22 first=cdls cdls_ms=0.694306016 rocsolver_ms=1.434160948 cdls_submit_ms=0.073203000 roc_submit_ms=0.905139000 cdls_wall_ms=0.702608000 roc_wall_ms=1.443254000
sample n=769 lda=769 iteration=23 first=rocsolver cdls_ms=0.674073994 rocsolver_ms=1.635550022 cdls_submit_ms=0.008273000 roc_submit_ms=1.634318000 cdls_wall_ms=0.682106000 roc_wall_ms=1.644483000
sample n=769 lda=769 iteration=24 first=cdls cdls_ms=0.643387020 rocsolver_ms=1.436884046 cdls_submit_ms=0.008132000 roc_submit_ms=0.911979000 cdls_wall_ms=0.651370000 roc_wall_ms=1.445858000
sample n=769 lda=769 iteration=25 first=rocsolver cdls_ms=0.628203988 rocsolver_ms=1.659065008 cdls_submit_ms=0.009344000 roc_submit_ms=1.589800000 cdls_wall_ms=0.636596000 roc_wall_ms=1.665917000
sample n=769 lda=769 iteration=26 first=cdls cdls_ms=0.621113002 rocsolver_ms=1.433478951 cdls_submit_ms=0.010777000 roc_submit_ms=0.920502000 cdls_wall_ms=0.692763000 roc_wall_ms=1.441972000
sample n=769 lda=769 iteration=27 first=rocsolver cdls_ms=0.682085991 rocsolver_ms=1.642560005 cdls_submit_ms=0.010396000 roc_submit_ms=1.606685000 cdls_wall_ms=0.690700000 roc_wall_ms=1.651214000
sample n=769 lda=769 iteration=28 first=cdls cdls_ms=0.609335005 rocsolver_ms=1.442252040 cdls_submit_ms=0.007552000 roc_submit_ms=0.907382000 cdls_wall_ms=0.671360000 roc_wall_ms=1.449865000
sample n=769 lda=769 iteration=29 first=rocsolver cdls_ms=0.635654986 rocsolver_ms=1.649891973 cdls_submit_ms=0.009294000 roc_submit_ms=1.617842000 cdls_wall_ms=0.644348000 roc_wall_ms=1.658064000
bench n=769 lda=769 repeats=30 cdls_median_ms=0.651861 rocsolver_median_ms=1.523458 cdls_mean_ms=0.650847 rocsolver_mean_ms=1.548888 cdls_gflops=464.632021 workspace_bytes=684 roc_workspace_bytes=3681536 cdls_submit_ms=0.009465 roc_submit_ms=1.244069 cdls_wall_ms=0.674205 roc_wall_ms=1.532827 rocsolver_gflops=198.807816 speedup=2.337091
