device=AMD Instinct MI300A arch=gfx942:sramecc+:xnack- HIP=60443484 CUs=228 memory_bytes=137438953472 rocSOLVER=3.28.2.1b897f5 rocBLAS=4.4.1.f08d23e3 baseline=rocsolver_dgetrf_npvt fp64 seed=20261001 method=auto matrix=identity n=8192 lda=8192 offset=0 warmup=5 repeats=20
validate n=8192 lda=8192 kind=identity info=7/0 L_rel=0.0000e+00 U_rel=0.0000e+00 residual_scaled=0.0000e+00/0.0000e+00 PASS
sample n=8192 lda=8192 iteration=0 first=cdls cdls_ms=25.088876724 rocsolver_ms=21.404630661 cdls_submit_ms=0.010366000 roc_submit_ms=8.430306000 cdls_wall_ms=25.581773000 roc_wall_ms=21.411925000
sample n=8192 lda=8192 iteration=1 first=rocsolver cdls_ms=25.049413681 rocsolver_ms=21.502309799 cdls_submit_ms=0.008483000 roc_submit_ms=12.335669000 cdls_wall_ms=25.373785000 roc_wall_ms=21.772678000
sample n=8192 lda=8192 iteration=2 first=cdls cdls_ms=24.964723587 rocsolver_ms=21.155719757 cdls_submit_ms=0.007181000 roc_submit_ms=8.329621000 cdls_wall_ms=24.973252000 roc_wall_ms=21.163054000
sample n=8192 lda=8192 iteration=3 first=rocsolver cdls_ms=25.002180099 rocsolver_ms=21.512456894 cdls_submit_ms=0.008333000 roc_submit_ms=12.378636000 cdls_wall_ms=25.330068000 roc_wall_ms=21.792468000
sample n=8192 lda=8192 iteration=4 first=cdls cdls_ms=25.192031860 rocsolver_ms=21.708936691 cdls_submit_ms=0.156830000 roc_submit_ms=8.723546000 cdls_wall_ms=25.201961000 roc_wall_ms=21.717383000
sample n=8192 lda=8192 iteration=5 first=rocsolver cdls_ms=25.048612595 rocsolver_ms=21.573570251 cdls_submit_ms=0.135257000 roc_submit_ms=13.650053000 cdls_wall_ms=25.058041000 roc_wall_ms=21.590598000
sample n=8192 lda=8192 iteration=6 first=cdls cdls_ms=24.861566544 rocsolver_ms=21.474508286 cdls_submit_ms=0.008333000 roc_submit_ms=8.533384000 cdls_wall_ms=24.870184000 roc_wall_ms=21.481972000
sample n=8192 lda=8192 iteration=7 first=rocsolver cdls_ms=25.188547134 rocsolver_ms=21.577545166 cdls_submit_ms=0.009544000 roc_submit_ms=12.249006000 cdls_wall_ms=25.521371000 roc_wall_ms=21.889237000
sample n=8192 lda=8192 iteration=8 first=cdls cdls_ms=25.183980942 rocsolver_ms=21.767206192 cdls_submit_ms=0.008152000 roc_submit_ms=8.855718000 cdls_wall_ms=25.192097000 roc_wall_ms=21.774781000
sample n=8192 lda=8192 iteration=9 first=rocsolver cdls_ms=24.906795502 rocsolver_ms=21.499788284 cdls_submit_ms=0.009154000 roc_submit_ms=12.040978000 cdls_wall_ms=25.262735000 roc_wall_ms=21.810546000
sample n=8192 lda=8192 iteration=10 first=cdls cdls_ms=25.196962357 rocsolver_ms=21.793970108 cdls_submit_ms=0.008583000 roc_submit_ms=8.791970000 cdls_wall_ms=25.203554000 roc_wall_ms=21.801152000
sample n=8192 lda=8192 iteration=11 first=rocsolver cdls_ms=25.082588196 rocsolver_ms=21.580091476 cdls_submit_ms=0.008723000 roc_submit_ms=11.958041000 cdls_wall_ms=25.091643000 roc_wall_ms=21.900934000
sample n=8192 lda=8192 iteration=12 first=cdls cdls_ms=24.970052719 rocsolver_ms=21.549331665 cdls_submit_ms=0.007521000 roc_submit_ms=8.636261000 cdls_wall_ms=24.978650000 roc_wall_ms=21.559721000
sample n=8192 lda=8192 iteration=13 first=rocsolver cdls_ms=25.076375961 rocsolver_ms=21.584215164 cdls_submit_ms=0.009274000 roc_submit_ms=11.855123000 cdls_wall_ms=25.427697000 roc_wall_ms=21.909067000
sample n=8192 lda=8192 iteration=14 first=cdls cdls_ms=25.120683670 rocsolver_ms=21.695775986 cdls_submit_ms=0.009464000 roc_submit_ms=8.734112000 cdls_wall_ms=25.279090000 roc_wall_ms=21.703743000
sample n=8192 lda=8192 iteration=15 first=rocsolver cdls_ms=25.007028580 rocsolver_ms=21.504423141 cdls_submit_ms=0.009915000 roc_submit_ms=11.959143000 cdls_wall_ms=25.333984000 roc_wall_ms=21.817216000
sample n=8192 lda=8192 iteration=16 first=cdls cdls_ms=24.966888428 rocsolver_ms=21.711160660 cdls_submit_ms=0.158032000 roc_submit_ms=8.654179000 cdls_wall_ms=24.974614000 roc_wall_ms=21.718425000
sample n=8192 lda=8192 iteration=17 first=rocsolver cdls_ms=25.204652786 rocsolver_ms=21.632730484 cdls_submit_ms=0.008653000 roc_submit_ms=12.134350000 cdls_wall_ms=25.540721000 roc_wall_ms=21.951311000
sample n=8192 lda=8192 iteration=18 first=cdls cdls_ms=24.959035873 rocsolver_ms=21.715436935 cdls_submit_ms=0.145402000 roc_submit_ms=8.678276000 cdls_wall_ms=24.968294000 roc_wall_ms=21.723993000
sample n=8192 lda=8192 iteration=19 first=rocsolver cdls_ms=24.918052673 rocsolver_ms=21.518215179 cdls_submit_ms=0.009144000 roc_submit_ms=12.058495000 cdls_wall_ms=25.259470000 roc_wall_ms=21.830556000
bench n=8192 lda=8192 repeats=20 cdls_median_ms=25.049013 rocsolver_median_ms=21.575558 cdls_mean_ms=25.049452 rocsolver_mean_ms=21.573101 cdls_gflops=14630.130062 workspace_bytes=65544 roc_workspace_bytes=34145472 cdls_submit_ms=0.009149 roc_submit_ms=10.355421 cdls_wall_ms=25.231512 roc_wall_ms=21.773730 rocsolver_gflops=16985.439036 speedup=0.861334
