device=AMD Instinct MI300A arch=gfx942:sramecc+:xnack- HIP=60443484 CUs=228 memory_bytes=137438953472 rocSOLVER=3.28.2.1b897f5 rocBLAS=4.4.1.f08d23e3 baseline=rocsolver_dgetrf_npvt fp64 seed=20261001 method=auto matrix=known_lu n=64 lda=64 offset=0 warmup=20 repeats=20
validate n=64 lda=64 kind=known_lu info=7/0 L_rel=1.5304e-16 U_rel=5.7626e-17 residual_scaled=1.9442e-02/1.9528e-02 cpu_residual_scaled=1.9219e-02/1.9321e-02 PASS
sample n=64 lda=64 iteration=0 first=cdls cdls_ms=0.027922001 rocsolver_ms=0.078841001 cdls_submit_ms=0.002674000 roc_submit_ms=0.006600000 cdls_wall_ms=0.040642000 roc_wall_ms=0.088115000
sample n=64 lda=64 iteration=1 first=rocsolver cdls_ms=0.027442999 rocsolver_ms=0.077399001 cdls_submit_ms=0.002474000 roc_submit_ms=0.004717000 cdls_wall_ms=0.035274000 roc_wall_ms=0.085200000
sample n=64 lda=64 iteration=2 first=cdls cdls_ms=0.026800999 rocsolver_ms=0.078560002 cdls_submit_ms=0.002414000 roc_submit_ms=0.006790000 cdls_wall_ms=0.034533000 roc_wall_ms=0.086392000
sample n=64 lda=64 iteration=3 first=rocsolver cdls_ms=0.027842000 rocsolver_ms=0.079442002 cdls_submit_ms=0.002564000 roc_submit_ms=0.005198000 cdls_wall_ms=0.035795000 roc_wall_ms=0.086593000
sample n=64 lda=64 iteration=4 first=cdls cdls_ms=0.026440000 rocsolver_ms=0.083848000 cdls_submit_ms=0.002444000 roc_submit_ms=0.009395000 cdls_wall_ms=0.034924000 roc_wall_ms=0.092061000
sample n=64 lda=64 iteration=5 first=rocsolver cdls_ms=0.027763000 rocsolver_ms=0.078440003 cdls_submit_ms=0.002794000 roc_submit_ms=0.005528000 cdls_wall_ms=0.035705000 roc_wall_ms=0.086362000
sample n=64 lda=64 iteration=6 first=cdls cdls_ms=0.026841000 rocsolver_ms=0.081886001 cdls_submit_ms=0.001963000 roc_submit_ms=0.008433000 cdls_wall_ms=0.034723000 roc_wall_ms=0.090378000
sample n=64 lda=64 iteration=7 first=rocsolver cdls_ms=0.027442001 rocsolver_ms=0.080201998 cdls_submit_ms=0.002944000 roc_submit_ms=0.006290000 cdls_wall_ms=0.035535000 roc_wall_ms=0.088756000
sample n=64 lda=64 iteration=8 first=cdls cdls_ms=0.028484000 rocsolver_ms=0.082686000 cdls_submit_ms=0.003125000 roc_submit_ms=0.008594000 cdls_wall_ms=0.036285000 roc_wall_ms=0.090078000
sample n=64 lda=64 iteration=9 first=rocsolver cdls_ms=0.026841000 rocsolver_ms=0.080884002 cdls_submit_ms=0.002273000 roc_submit_ms=0.007481000 cdls_wall_ms=0.034312000 roc_wall_ms=0.089137000
sample n=64 lda=64 iteration=10 first=cdls cdls_ms=0.026721001 rocsolver_ms=0.077799998 cdls_submit_ms=0.001882000 roc_submit_ms=0.005238000 cdls_wall_ms=0.033972000 roc_wall_ms=0.086533000
sample n=64 lda=64 iteration=11 first=rocsolver cdls_ms=0.026841000 rocsolver_ms=0.079481997 cdls_submit_ms=0.002464000 roc_submit_ms=0.005698000 cdls_wall_ms=0.035083000 roc_wall_ms=0.086703000
sample n=64 lda=64 iteration=12 first=cdls cdls_ms=0.026721001 rocsolver_ms=0.081684999 cdls_submit_ms=0.001863000 roc_submit_ms=0.008804000 cdls_wall_ms=0.034172000 roc_wall_ms=0.089667000
sample n=64 lda=64 iteration=13 first=rocsolver cdls_ms=0.026760999 rocsolver_ms=0.078199998 cdls_submit_ms=0.002554000 roc_submit_ms=0.005549000 cdls_wall_ms=0.034563000 roc_wall_ms=0.086963000
sample n=64 lda=64 iteration=14 first=cdls cdls_ms=0.026881000 rocsolver_ms=0.079080999 cdls_submit_ms=0.002253000 roc_submit_ms=0.007742000 cdls_wall_ms=0.034403000 roc_wall_ms=0.088295000
sample n=64 lda=64 iteration=15 first=rocsolver cdls_ms=0.026760999 rocsolver_ms=0.077719003 cdls_submit_ms=0.002534000 roc_submit_ms=0.005669000 cdls_wall_ms=0.034653000 roc_wall_ms=0.087434000
sample n=64 lda=64 iteration=16 first=cdls cdls_ms=0.026721001 rocsolver_ms=0.079481997 cdls_submit_ms=0.002133000 roc_submit_ms=0.006930000 cdls_wall_ms=0.034553000 roc_wall_ms=0.087774000
sample n=64 lda=64 iteration=17 first=rocsolver cdls_ms=0.026681000 rocsolver_ms=0.079402000 cdls_submit_ms=0.002324000 roc_submit_ms=0.006930000 cdls_wall_ms=0.034392000 roc_wall_ms=0.086572000
sample n=64 lda=64 iteration=18 first=cdls cdls_ms=0.026721001 rocsolver_ms=0.078199998 cdls_submit_ms=0.002264000 roc_submit_ms=0.006550000 cdls_wall_ms=0.034193000 roc_wall_ms=0.086853000
sample n=64 lda=64 iteration=19 first=rocsolver cdls_ms=0.026881000 rocsolver_ms=0.096787997 cdls_submit_ms=0.004106000 roc_submit_ms=0.022765000 cdls_wall_ms=0.035995000 roc_wall_ms=0.104360000
bench n=64 lda=64 repeats=20 cdls_median_ms=0.026841 rocsolver_median_ms=0.079422 cdls_mean_ms=0.027075 rocsolver_mean_ms=0.080501 cdls_gflops=6.434336 workspace_bytes=12 roc_workspace_bytes=0 cdls_submit_ms=0.002454 roc_submit_ms=0.006695 cdls_wall_ms=0.034688 roc_wall_ms=0.087604 rocsolver_gflops=2.174511 speedup=2.958981
