device=AMD Instinct MI300A arch=gfx942:sramecc+:xnack- HIP=60443484 CUs=228 memory_bytes=137438953472 rocSOLVER=3.28.2.1b897f5 rocBLAS=4.4.1.f08d23e3 baseline=rocsolver_dgetrf_npvt fp64 seed=20261001 method=auto matrix=identity n=64 lda=64 offset=0 warmup=20 repeats=20
validate n=64 lda=64 kind=identity info=7/0 L_rel=0.0000e+00 U_rel=0.0000e+00 residual_scaled=0.0000e+00/0.0000e+00 cpu_residual_scaled=0.0000e+00/0.0000e+00 PASS
sample n=64 lda=64 iteration=0 first=cdls cdls_ms=0.026800999 rocsolver_ms=0.079682000 cdls_submit_ms=0.002503000 roc_submit_ms=0.007411000 cdls_wall_ms=0.040512000 roc_wall_ms=0.089326000
sample n=64 lda=64 iteration=1 first=rocsolver cdls_ms=0.028643999 rocsolver_ms=0.078721002 cdls_submit_ms=0.003335000 roc_submit_ms=0.005258000 cdls_wall_ms=0.036616000 roc_wall_ms=0.086703000
sample n=64 lda=64 iteration=2 first=cdls cdls_ms=0.026921000 rocsolver_ms=0.082806997 cdls_submit_ms=0.002283000 roc_submit_ms=0.008834000 cdls_wall_ms=0.034533000 roc_wall_ms=0.090088000
sample n=64 lda=64 iteration=3 first=rocsolver cdls_ms=0.027843000 rocsolver_ms=0.079682000 cdls_submit_ms=0.003355000 roc_submit_ms=0.005789000 cdls_wall_ms=0.035915000 roc_wall_ms=0.087825000
sample n=64 lda=64 iteration=4 first=cdls cdls_ms=0.026921000 rocsolver_ms=0.081766002 cdls_submit_ms=0.002334000 roc_submit_ms=0.008152000 cdls_wall_ms=0.034983000 roc_wall_ms=0.089737000
sample n=64 lda=64 iteration=5 first=rocsolver cdls_ms=0.027802000 rocsolver_ms=0.078681000 cdls_submit_ms=0.003145000 roc_submit_ms=0.007442000 cdls_wall_ms=0.035835000 roc_wall_ms=0.089648000
sample n=64 lda=64 iteration=6 first=cdls cdls_ms=0.026400000 rocsolver_ms=0.080963999 cdls_submit_ms=0.002695000 roc_submit_ms=0.008894000 cdls_wall_ms=0.035234000 roc_wall_ms=0.089657000
sample n=64 lda=64 iteration=7 first=rocsolver cdls_ms=0.028724000 rocsolver_ms=0.078481004 cdls_submit_ms=0.003125000 roc_submit_ms=0.006059000 cdls_wall_ms=0.036416000 roc_wall_ms=0.085891000
sample n=64 lda=64 iteration=8 first=cdls cdls_ms=0.026800999 rocsolver_ms=0.083567999 cdls_submit_ms=0.002614000 roc_submit_ms=0.008533000 cdls_wall_ms=0.034353000 roc_wall_ms=0.089938000
sample n=64 lda=64 iteration=9 first=rocsolver cdls_ms=0.028324001 rocsolver_ms=0.080564000 cdls_submit_ms=0.003105000 roc_submit_ms=0.006850000 cdls_wall_ms=0.034894000 roc_wall_ms=0.087595000
sample n=64 lda=64 iteration=10 first=cdls cdls_ms=0.026962001 rocsolver_ms=0.081124999 cdls_submit_ms=0.002694000 roc_submit_ms=0.008203000 cdls_wall_ms=0.034383000 roc_wall_ms=0.087844000
sample n=64 lda=64 iteration=11 first=rocsolver cdls_ms=0.027042000 rocsolver_ms=0.079641998 cdls_submit_ms=0.002955000 roc_submit_ms=0.005608000 cdls_wall_ms=0.034854000 roc_wall_ms=0.088416000
sample n=64 lda=64 iteration=12 first=cdls cdls_ms=0.026760999 rocsolver_ms=0.080963999 cdls_submit_ms=0.002384000 roc_submit_ms=0.007742000 cdls_wall_ms=0.035063000 roc_wall_ms=0.089647000
sample n=64 lda=64 iteration=13 first=rocsolver cdls_ms=0.026241001 rocsolver_ms=0.081084996 cdls_submit_ms=0.002775000 roc_submit_ms=0.008403000 cdls_wall_ms=0.034894000 roc_wall_ms=0.088776000
sample n=64 lda=64 iteration=14 first=cdls cdls_ms=0.027000999 rocsolver_ms=0.083608001 cdls_submit_ms=0.002754000 roc_submit_ms=0.010346000 cdls_wall_ms=0.035104000 roc_wall_ms=0.091440000
sample n=64 lda=64 iteration=15 first=rocsolver cdls_ms=0.026360000 rocsolver_ms=0.077919997 cdls_submit_ms=0.003195000 roc_submit_ms=0.006250000 cdls_wall_ms=0.035885000 roc_wall_ms=0.087054000
sample n=64 lda=64 iteration=16 first=cdls cdls_ms=0.026320999 rocsolver_ms=0.083127998 cdls_submit_ms=0.002734000 roc_submit_ms=0.009945000 cdls_wall_ms=0.035374000 roc_wall_ms=0.092272000
sample n=64 lda=64 iteration=17 first=rocsolver cdls_ms=0.026481001 rocsolver_ms=0.078720003 cdls_submit_ms=0.003155000 roc_submit_ms=0.006750000 cdls_wall_ms=0.035604000 roc_wall_ms=0.089587000
sample n=64 lda=64 iteration=18 first=cdls cdls_ms=0.026441000 rocsolver_ms=0.079882003 cdls_submit_ms=0.002594000 roc_submit_ms=0.007792000 cdls_wall_ms=0.034984000 roc_wall_ms=0.090038000
sample n=64 lda=64 iteration=19 first=rocsolver cdls_ms=0.028363001 rocsolver_ms=0.096027002 cdls_submit_ms=0.004016000 roc_submit_ms=0.021042000 cdls_wall_ms=0.035755000 roc_wall_ms=0.103128000
bench n=64 lda=64 repeats=20 cdls_median_ms=0.026921 rocsolver_median_ms=0.080764 cdls_mean_ms=0.027158 rocsolver_mean_ms=0.081351 cdls_gflops=6.415215 workspace_bytes=12 roc_workspace_bytes=0 cdls_submit_ms=0.002765 roc_submit_ms=0.007767 cdls_wall_ms=0.035169 roc_wall_ms=0.089617 rocsolver_gflops=2.138379 speedup=3.000037
