device=AMD Instinct MI300A arch=gfx942:sramecc+:xnack- HIP=60443484 CUs=228 memory_bytes=137438953472 rocSOLVER=3.28.2.1b897f5 rocBLAS=4.4.1.f08d23e3 baseline=rocsolver_dgetrf_npvt fp64 seed=20261001 method=auto matrix=known_lu n=64 lda=64 offset=0 warmup=20 repeats=20
validate n=64 lda=64 kind=known_lu info=7/0 L_rel=1.5304e-16 U_rel=5.7626e-17 residual_scaled=1.9442e-02/1.9528e-02 cpu_residual_scaled=1.9219e-02/1.9321e-02 PASS
sample n=64 lda=64 iteration=0 first=cdls cdls_ms=0.026841000 rocsolver_ms=0.079801999 cdls_submit_ms=0.002514000 roc_submit_ms=0.006360000 cdls_wall_ms=0.040873000 roc_wall_ms=0.088746000
sample n=64 lda=64 iteration=1 first=rocsolver cdls_ms=0.027161000 rocsolver_ms=0.077478997 cdls_submit_ms=0.003154000 roc_submit_ms=0.005358000 cdls_wall_ms=0.037077000 roc_wall_ms=0.084710000
sample n=64 lda=64 iteration=2 first=cdls cdls_ms=0.026560999 rocsolver_ms=0.079682000 cdls_submit_ms=0.002333000 roc_submit_ms=0.008082000 cdls_wall_ms=0.034873000 roc_wall_ms=0.088585000
sample n=64 lda=64 iteration=3 first=rocsolver cdls_ms=0.027481999 rocsolver_ms=0.078800000 cdls_submit_ms=0.003205000 roc_submit_ms=0.005939000 cdls_wall_ms=0.037317000 roc_wall_ms=0.087915000
sample n=64 lda=64 iteration=4 first=cdls cdls_ms=0.026720000 rocsolver_ms=0.082446001 cdls_submit_ms=0.002534000 roc_submit_ms=0.010696000 cdls_wall_ms=0.035365000 roc_wall_ms=0.091090000
sample n=64 lda=64 iteration=5 first=rocsolver cdls_ms=0.027361000 rocsolver_ms=0.078720003 cdls_submit_ms=0.002714000 roc_submit_ms=0.006180000 cdls_wall_ms=0.037147000 roc_wall_ms=0.087073000
sample n=64 lda=64 iteration=6 first=cdls cdls_ms=0.026800999 rocsolver_ms=0.081444003 cdls_submit_ms=0.002434000 roc_submit_ms=0.009585000 cdls_wall_ms=0.035294000 roc_wall_ms=0.090329000
sample n=64 lda=64 iteration=7 first=rocsolver cdls_ms=0.027402001 rocsolver_ms=0.080163002 cdls_submit_ms=0.002514000 roc_submit_ms=0.007051000 cdls_wall_ms=0.036326000 roc_wall_ms=0.088956000
sample n=64 lda=64 iteration=8 first=cdls cdls_ms=0.026441000 rocsolver_ms=0.079921998 cdls_submit_ms=0.002614000 roc_submit_ms=0.007281000 cdls_wall_ms=0.035234000 roc_wall_ms=0.088615000
sample n=64 lda=64 iteration=9 first=rocsolver cdls_ms=0.026842000 rocsolver_ms=0.077238001 cdls_submit_ms=0.003215000 roc_submit_ms=0.006180000 cdls_wall_ms=0.035565000 roc_wall_ms=0.085812000
sample n=64 lda=64 iteration=10 first=cdls cdls_ms=0.026681000 rocsolver_ms=0.081886001 cdls_submit_ms=0.002614000 roc_submit_ms=0.009995000 cdls_wall_ms=0.034333000 roc_wall_ms=0.090729000
sample n=64 lda=64 iteration=11 first=rocsolver cdls_ms=0.026800999 rocsolver_ms=0.078359999 cdls_submit_ms=0.002614000 roc_submit_ms=0.006019000 cdls_wall_ms=0.034883000 roc_wall_ms=0.090228000
sample n=64 lda=64 iteration=12 first=cdls cdls_ms=0.026681000 rocsolver_ms=0.080563001 cdls_submit_ms=0.002504000 roc_submit_ms=0.007522000 cdls_wall_ms=0.037056000 roc_wall_ms=0.089166000
sample n=64 lda=64 iteration=13 first=rocsolver cdls_ms=0.026120000 rocsolver_ms=0.077799000 cdls_submit_ms=0.002964000 roc_submit_ms=0.006881000 cdls_wall_ms=0.035774000 roc_wall_ms=0.087695000
sample n=64 lda=64 iteration=14 first=cdls cdls_ms=0.026319999 rocsolver_ms=0.079521999 cdls_submit_ms=0.002754000 roc_submit_ms=0.008383000 cdls_wall_ms=0.035665000 roc_wall_ms=0.088385000
sample n=64 lda=64 iteration=15 first=rocsolver cdls_ms=0.026760999 rocsolver_ms=0.079401001 cdls_submit_ms=0.002433000 roc_submit_ms=0.005969000 cdls_wall_ms=0.036216000 roc_wall_ms=0.088686000
sample n=64 lda=64 iteration=16 first=cdls cdls_ms=0.026401000 rocsolver_ms=0.082927004 cdls_submit_ms=0.003315000 roc_submit_ms=0.009764000 cdls_wall_ms=0.035605000 roc_wall_ms=0.091620000
sample n=64 lda=64 iteration=17 first=rocsolver cdls_ms=0.026280999 rocsolver_ms=0.076196998 cdls_submit_ms=0.003214000 roc_submit_ms=0.006139000 cdls_wall_ms=0.035474000 roc_wall_ms=0.085290000
sample n=64 lda=64 iteration=18 first=cdls cdls_ms=0.026360000 rocsolver_ms=0.079682000 cdls_submit_ms=0.002604000 roc_submit_ms=0.007972000 cdls_wall_ms=0.035204000 roc_wall_ms=0.088546000
sample n=64 lda=64 iteration=19 first=rocsolver cdls_ms=0.026800999 rocsolver_ms=0.094825000 cdls_submit_ms=0.003856000 roc_submit_ms=0.020762000 cdls_wall_ms=0.036917000 roc_wall_ms=0.104199000
bench n=64 lda=64 repeats=20 cdls_median_ms=0.026740 rocsolver_median_ms=0.079682 cdls_mean_ms=0.026741 rocsolver_mean_ms=0.080343 cdls_gflops=6.458518 workspace_bytes=12 roc_workspace_bytes=0 cdls_submit_ms=0.002614 roc_submit_ms=0.007166 cdls_wall_ms=0.035635 roc_wall_ms=0.088650 rocsolver_gflops=2.167415 speedup=2.979825
