device=AMD Instinct MI300A arch=gfx942:sramecc+:xnack- HIP=60443484 CUs=228 memory_bytes=137438953472 rocSOLVER=3.28.2.1b897f5 rocBLAS=4.4.1.f08d23e3 baseline=rocsolver_dgetrf_npvt fp64 seed=20261001 method=auto matrix=random n=512 lda=512 offset=0 warmup=5 repeats=20
validate n=512 lda=512 kind=random info=7/0 L_rel=3.8982e-09 U_rel=5.6484e-09 residual_scaled=1.2398e+01/1.1036e+01 PASS
sample n=512 lda=512 iteration=0 first=cdls cdls_ms=0.377178013 rocsolver_ms=0.753354013 cdls_submit_ms=0.016966000 roc_submit_ms=0.489630000 cdls_wall_ms=0.392481000 roc_wall_ms=0.760284000
sample n=512 lda=512 iteration=1 first=rocsolver cdls_ms=0.373252004 rocsolver_ms=0.834599018 cdls_submit_ms=0.007922000 roc_submit_ms=0.791562000 cdls_wall_ms=0.380713000 roc_wall_ms=0.841870000
sample n=512 lda=512 iteration=2 first=cdls cdls_ms=0.358548999 rocsolver_ms=0.728356004 cdls_submit_ms=0.008423000 roc_submit_ms=0.469369000 cdls_wall_ms=0.366141000 roc_wall_ms=0.735477000
sample n=512 lda=512 iteration=3 first=rocsolver cdls_ms=0.369646013 rocsolver_ms=0.884835005 cdls_submit_ms=0.010937000 roc_submit_ms=0.809590000 cdls_wall_ms=0.377398000 roc_wall_ms=0.892177000
sample n=512 lda=512 iteration=4 first=cdls cdls_ms=0.369325995 rocsolver_ms=0.738291025 cdls_submit_ms=0.010907000 roc_submit_ms=0.472394000 cdls_wall_ms=0.377789000 roc_wall_ms=0.745823000
sample n=512 lda=512 iteration=5 first=rocsolver cdls_ms=0.386312008 rocsolver_ms=0.873817980 cdls_submit_ms=0.025228000 roc_submit_ms=0.859137000 cdls_wall_ms=0.395095000 roc_wall_ms=0.881580000
sample n=512 lda=512 iteration=6 first=cdls cdls_ms=0.365119010 rocsolver_ms=0.738972008 cdls_submit_ms=0.009384000 roc_submit_ms=0.476380000 cdls_wall_ms=0.374013000 roc_wall_ms=0.746233000
sample n=512 lda=512 iteration=7 first=rocsolver cdls_ms=0.362354994 rocsolver_ms=0.880629003 cdls_submit_ms=0.006570000 roc_submit_ms=0.847158000 cdls_wall_ms=0.371008000 roc_wall_ms=0.889613000
sample n=512 lda=512 iteration=8 first=cdls cdls_ms=0.366281003 rocsolver_ms=0.734806001 cdls_submit_ms=0.009956000 roc_submit_ms=0.461217000 cdls_wall_ms=0.375104000 roc_wall_ms=0.744681000
sample n=512 lda=512 iteration=9 first=rocsolver cdls_ms=0.368725002 rocsolver_ms=0.875941992 cdls_submit_ms=0.010376000 roc_submit_ms=0.819676000 cdls_wall_ms=0.377678000 roc_wall_ms=0.884935000
sample n=512 lda=512 iteration=10 first=cdls cdls_ms=0.354824007 rocsolver_ms=0.735367000 cdls_submit_ms=0.006510000 roc_submit_ms=0.476520000 cdls_wall_ms=0.393964000 roc_wall_ms=0.745773000
sample n=512 lda=512 iteration=11 first=rocsolver cdls_ms=0.357908010 rocsolver_ms=0.925939023 cdls_submit_ms=0.009385000 roc_submit_ms=0.891526000 cdls_wall_ms=0.366712000 roc_wall_ms=0.934462000
sample n=512 lda=512 iteration=12 first=cdls cdls_ms=0.375014991 rocsolver_ms=0.729557991 cdls_submit_ms=0.009635000 roc_submit_ms=0.468758000 cdls_wall_ms=0.383297000 roc_wall_ms=0.741536000
sample n=512 lda=512 iteration=13 first=rocsolver cdls_ms=0.376257002 rocsolver_ms=0.808959007 cdls_submit_ms=0.015824000 roc_submit_ms=0.801097000 cdls_wall_ms=0.386001000 roc_wall_ms=0.815509000
sample n=512 lda=512 iteration=14 first=cdls cdls_ms=0.371089011 rocsolver_ms=0.738090992 cdls_submit_ms=0.013430000 roc_submit_ms=0.474987000 cdls_wall_ms=0.416949000 roc_wall_ms=0.747575000
sample n=512 lda=512 iteration=15 first=rocsolver cdls_ms=0.362634987 rocsolver_ms=0.854709029 cdls_submit_ms=0.008253000 roc_submit_ms=0.819656000 cdls_wall_ms=0.371108000 roc_wall_ms=0.863643000
sample n=512 lda=512 iteration=16 first=cdls cdls_ms=0.374413997 rocsolver_ms=0.729076982 cdls_submit_ms=0.014072000 roc_submit_ms=0.471513000 cdls_wall_ms=0.420253000 roc_wall_ms=0.736419000
sample n=512 lda=512 iteration=17 first=rocsolver cdls_ms=0.360192001 rocsolver_ms=0.827226996 cdls_submit_ms=0.009404000 roc_submit_ms=0.810762000 cdls_wall_ms=0.369015000 roc_wall_ms=0.834549000
sample n=512 lda=512 iteration=18 first=cdls cdls_ms=0.361593992 rocsolver_ms=0.753834009 cdls_submit_ms=0.007842000 roc_submit_ms=0.489841000 cdls_wall_ms=0.369145000 roc_wall_ms=0.762048000
sample n=512 lda=512 iteration=19 first=rocsolver cdls_ms=0.372931004 rocsolver_ms=0.857192993 cdls_submit_ms=0.010336000 roc_submit_ms=0.843422000 cdls_wall_ms=0.381064000 roc_wall_ms=0.864614000
bench n=512 lda=512 repeats=20 cdls_median_ms=0.369025 rocsolver_median_ms=0.781397 cdls_mean_ms=0.368180 rocsolver_mean_ms=0.800178 cdls_gflops=242.116949 workspace_bytes=264 roc_workspace_bytes=2626752 cdls_submit_ms=0.009795 roc_submit_ms=0.640702 cdls_wall_ms=0.377733 roc_wall_ms=0.788779 rocsolver_gflops=114.343137 speedup=2.117459
