device=AMD Instinct MI300A arch=gfx942:sramecc+:xnack- HIP=60443484 CUs=228 memory_bytes=137438953472 rocSOLVER=3.28.2.1b897f5 rocBLAS=4.4.1.f08d23e3 baseline=rocsolver_dgetrf_npvt fp64 seed=20261001 method=auto matrix=scale_low n=65 lda=65 offset=0 warmup=20 repeats=20
validate n=65 lda=65 kind=scale_low info=7/0 L_rel=1.1644e-16 U_rel=3.9808e-194 residual_scaled=2.5662e-02/1.1092e-02 cpu_residual_scaled=2.5101e-02/1.0854e-02 PASS
sample n=65 lda=65 iteration=0 first=cdls cdls_ms=0.083167002 rocsolver_ms=0.094705001 cdls_submit_ms=0.019630000 roc_submit_ms=0.092001000 cdls_wall_ms=0.107474000 roc_wall_ms=0.105462000
sample n=65 lda=65 iteration=1 first=rocsolver cdls_ms=0.073072001 rocsolver_ms=0.114936002 cdls_submit_ms=0.007612000 roc_submit_ms=0.111341000 cdls_wall_ms=0.082967000 roc_wall_ms=0.122888000
sample n=65 lda=65 iteration=2 first=cdls cdls_ms=0.074874997 rocsolver_ms=0.097067997 cdls_submit_ms=0.011467000 roc_submit_ms=0.086954000 cdls_wall_ms=0.083708000 roc_wall_ms=0.105972000
sample n=65 lda=65 iteration=3 first=rocsolver cdls_ms=0.079761997 rocsolver_ms=0.133485004 cdls_submit_ms=0.015283000 roc_submit_ms=0.131672000 cdls_wall_ms=0.087775000 roc_wall_ms=0.141627000
sample n=65 lda=65 iteration=4 first=cdls cdls_ms=0.072711997 rocsolver_ms=0.100874998 cdls_submit_ms=0.009094000 roc_submit_ms=0.089116000 cdls_wall_ms=0.082155000 roc_wall_ms=0.111280000
sample n=65 lda=65 iteration=5 first=rocsolver cdls_ms=0.072030999 rocsolver_ms=0.122908004 cdls_submit_ms=0.011027000 roc_submit_ms=0.115027000 cdls_wall_ms=0.084118000 roc_wall_ms=0.130640000
sample n=65 lda=65 iteration=6 first=cdls cdls_ms=0.073633000 rocsolver_ms=0.101435997 cdls_submit_ms=0.009745000 roc_submit_ms=0.086773000 cdls_wall_ms=0.081645000 roc_wall_ms=0.108937000
sample n=65 lda=65 iteration=7 first=rocsolver cdls_ms=0.070348002 rocsolver_ms=0.121505998 cdls_submit_ms=0.007431000 roc_submit_ms=0.118532000 cdls_wall_ms=0.080103000 roc_wall_ms=0.129679000
sample n=65 lda=65 iteration=8 first=cdls cdls_ms=0.069666997 rocsolver_ms=0.095665999 cdls_submit_ms=0.009234000 roc_submit_ms=0.082136000 cdls_wall_ms=0.077418000 roc_wall_ms=0.105702000
sample n=65 lda=65 iteration=9 first=rocsolver cdls_ms=0.069867000 rocsolver_ms=0.138010994 cdls_submit_ms=0.009184000 roc_submit_ms=0.136018000 cdls_wall_ms=0.079131000 roc_wall_ms=0.146204000
sample n=65 lda=65 iteration=10 first=cdls cdls_ms=0.073271997 rocsolver_ms=0.097149000 cdls_submit_ms=0.010276000 roc_submit_ms=0.082096000 cdls_wall_ms=0.081845000 roc_wall_ms=0.109098000
sample n=65 lda=65 iteration=11 first=rocsolver cdls_ms=0.087894000 rocsolver_ms=0.084810004 cdls_submit_ms=0.022525000 roc_submit_ms=0.082236000 cdls_wall_ms=0.099963000 roc_wall_ms=0.094034000
sample n=65 lda=65 iteration=12 first=cdls cdls_ms=0.073271997 rocsolver_ms=0.098591000 cdls_submit_ms=0.009865000 roc_submit_ms=0.086563000 cdls_wall_ms=0.082156000 roc_wall_ms=0.106684000
sample n=65 lda=65 iteration=13 first=rocsolver cdls_ms=0.074594997 rocsolver_ms=0.119303003 cdls_submit_ms=0.013631000 roc_submit_ms=0.112512000 cdls_wall_ms=0.084519000 roc_wall_ms=0.127856000
sample n=65 lda=65 iteration=14 first=cdls cdls_ms=0.074713998 rocsolver_ms=0.096628003 cdls_submit_ms=0.007742000 roc_submit_ms=0.085191000 cdls_wall_ms=0.083408000 roc_wall_ms=0.107475000
sample n=65 lda=65 iteration=15 first=rocsolver cdls_ms=0.078561001 rocsolver_ms=0.100193001 cdls_submit_ms=0.013030000 roc_submit_ms=0.097780000 cdls_wall_ms=0.085481000 roc_wall_ms=0.107034000
sample n=65 lda=65 iteration=16 first=cdls cdls_ms=0.074514002 rocsolver_ms=0.095706999 cdls_submit_ms=0.010486000 roc_submit_ms=0.082336000 cdls_wall_ms=0.081995000 roc_wall_ms=0.102497000
sample n=65 lda=65 iteration=17 first=rocsolver cdls_ms=0.076837003 rocsolver_ms=0.103037998 cdls_submit_ms=0.013611000 roc_submit_ms=0.096498000 cdls_wall_ms=0.085461000 roc_wall_ms=0.111160000
sample n=65 lda=65 iteration=18 first=cdls cdls_ms=0.072030999 rocsolver_ms=0.101595998 cdls_submit_ms=0.008664000 roc_submit_ms=0.091891000 cdls_wall_ms=0.080664000 roc_wall_ms=0.110940000
sample n=65 lda=65 iteration=19 first=rocsolver cdls_ms=0.089296997 rocsolver_ms=0.114814997 cdls_submit_ms=0.025699000 roc_submit_ms=0.105722000 cdls_wall_ms=0.101566000 roc_wall_ms=0.123449000
bench n=65 lda=65 repeats=20 cdls_median_ms=0.074074 rocsolver_median_ms=0.101155 cdls_mean_ms=0.075706 rocsolver_mean_ms=0.106621 cdls_gflops=2.442979 workspace_bytes=24 roc_workspace_bytes=100608 cdls_submit_ms=0.010381 roc_submit_ms=0.091946 cdls_wall_ms=0.083187 roc_wall_ms=0.110019 rocsolver_gflops=1.788929 speedup=1.365610
