device=AMD Instinct MI300A arch=gfx942:sramecc+:xnack- HIP=60443484 CUs=228 memory_bytes=137438953472 rocSOLVER=3.28.2.1b897f5 rocBLAS=4.4.1.f08d23e3 baseline=rocsolver_dgetrf_npvt fp64 seed=20261001 method=auto matrix=column_scaled n=8192 lda=8192 offset=0 warmup=5 repeats=20
validate n=8192 lda=8192 kind=column_scaled info=7/0 L_rel=1.4314e-15 U_rel=3.0988e-15 residual_scaled=1.6783e-03/3.1313e-04 PASS
sample n=8192 lda=8192 iteration=0 first=cdls cdls_ms=27.658575058 rocsolver_ms=26.437175751 cdls_submit_ms=0.011017000 roc_submit_ms=10.091392000 cdls_wall_ms=28.190093000 roc_wall_ms=26.446631000
sample n=8192 lda=8192 iteration=1 first=rocsolver cdls_ms=28.000219345 rocsolver_ms=26.580656052 cdls_submit_ms=0.008973000 roc_submit_ms=13.916243000 cdls_wall_ms=28.326401000 roc_wall_ms=26.867837000
sample n=8192 lda=8192 iteration=2 first=cdls cdls_ms=27.224992752 rocsolver_ms=26.584270477 cdls_submit_ms=0.008593000 roc_submit_ms=9.391730000 cdls_wall_ms=27.232706000 roc_wall_ms=26.591022000
sample n=8192 lda=8192 iteration=3 first=rocsolver cdls_ms=27.677043915 rocsolver_ms=26.434932709 cdls_submit_ms=0.008804000 roc_submit_ms=13.174997000 cdls_wall_ms=27.972780000 roc_wall_ms=26.701672000
sample n=8192 lda=8192 iteration=4 first=cdls cdls_ms=27.355871201 rocsolver_ms=26.738677979 cdls_submit_ms=0.009394000 roc_submit_ms=9.415867000 cdls_wall_ms=27.365209000 roc_wall_ms=26.747813000
sample n=8192 lda=8192 iteration=5 first=rocsolver cdls_ms=27.476537704 rocsolver_ms=26.593114853 cdls_submit_ms=0.018228000 roc_submit_ms=12.795035000 cdls_wall_ms=27.484221000 roc_wall_ms=26.891303000
sample n=8192 lda=8192 iteration=6 first=cdls cdls_ms=27.562507629 rocsolver_ms=26.323312759 cdls_submit_ms=0.181909000 roc_submit_ms=9.169770000 cdls_wall_ms=27.572426000 roc_wall_ms=26.332307000
sample n=8192 lda=8192 iteration=7 first=rocsolver cdls_ms=27.937763214 rocsolver_ms=26.425718307 cdls_submit_ms=0.009314000 roc_submit_ms=13.468196000 cdls_wall_ms=28.276014000 roc_wall_ms=26.744247000
sample n=8192 lda=8192 iteration=8 first=cdls cdls_ms=27.429265976 rocsolver_ms=26.455894470 cdls_submit_ms=0.011357000 roc_submit_ms=9.126243000 cdls_wall_ms=27.437990000 roc_wall_ms=26.465790000
sample n=8192 lda=8192 iteration=9 first=rocsolver cdls_ms=27.824832916 rocsolver_ms=26.850048065 cdls_submit_ms=0.009104000 roc_submit_ms=11.471387000 cdls_wall_ms=28.122009000 roc_wall_ms=26.859374000
sample n=8192 lda=8192 iteration=10 first=cdls cdls_ms=27.487634659 rocsolver_ms=25.987947464 cdls_submit_ms=0.008974000 roc_submit_ms=8.925786000 cdls_wall_ms=27.651026000 roc_wall_ms=25.995680000
sample n=8192 lda=8192 iteration=11 first=rocsolver cdls_ms=28.091800690 rocsolver_ms=26.748464584 cdls_submit_ms=0.008533000 roc_submit_ms=11.461541000 cdls_wall_ms=28.396249000 roc_wall_ms=27.044218000
sample n=8192 lda=8192 iteration=12 first=cdls cdls_ms=27.703805923 rocsolver_ms=26.648868561 cdls_submit_ms=0.009144000 roc_submit_ms=9.176591000 cdls_wall_ms=27.832464000 roc_wall_ms=26.660468000
sample n=8192 lda=8192 iteration=13 first=rocsolver cdls_ms=27.994331360 rocsolver_ms=26.811910629 cdls_submit_ms=0.009725000 roc_submit_ms=11.513531000 cdls_wall_ms=28.289774000 roc_wall_ms=27.100464000
sample n=8192 lda=8192 iteration=14 first=cdls cdls_ms=27.025487900 rocsolver_ms=26.526052475 cdls_submit_ms=0.008433000 roc_submit_ms=9.109928000 cdls_wall_ms=27.034212000 roc_wall_ms=26.654089000
sample n=8192 lda=8192 iteration=15 first=rocsolver cdls_ms=28.170160294 rocsolver_ms=27.001991272 cdls_submit_ms=0.009294000 roc_submit_ms=11.721399000 cdls_wall_ms=28.470823000 roc_wall_ms=27.009493000
sample n=8192 lda=8192 iteration=16 first=cdls cdls_ms=27.171871185 rocsolver_ms=26.681259155 cdls_submit_ms=0.011357000 roc_submit_ms=9.265496000 cdls_wall_ms=27.180896000 roc_wall_ms=26.689824000
sample n=8192 lda=8192 iteration=17 first=rocsolver cdls_ms=28.289783478 rocsolver_ms=26.772407532 cdls_submit_ms=0.009595000 roc_submit_ms=12.194825000 cdls_wall_ms=28.598689000 roc_wall_ms=27.078480000
sample n=8192 lda=8192 iteration=18 first=cdls cdls_ms=27.368492126 rocsolver_ms=26.409084320 cdls_submit_ms=0.009344000 roc_submit_ms=9.184782000 cdls_wall_ms=27.377328000 roc_wall_ms=26.538301000
sample n=8192 lda=8192 iteration=19 first=rocsolver cdls_ms=27.817539215 rocsolver_ms=26.797788620 cdls_submit_ms=0.009003000 roc_submit_ms=12.522698000 cdls_wall_ms=28.130561000 roc_wall_ms=26.804900000
bench n=8192 lda=8192 repeats=20 cdls_median_ms=27.667809 rocsolver_median_ms=26.588693 cdls_mean_ms=27.663426 rocsolver_mean_ms=26.590479 cdls_gflops=13245.368062 workspace_bytes=65544 roc_workspace_bytes=34145472 cdls_submit_ms=0.009304 roc_submit_ms=10.776467 cdls_wall_ms=27.902622 roc_wall_ms=26.722960 rocsolver_gflops=13782.938663 speedup=0.960997
