device=AMD Instinct MI300A arch=gfx942:sramecc+:xnack- HIP=60443484 CUs=228 memory_bytes=137438953472 rocSOLVER=3.28.2.1b897f5 rocBLAS=4.4.1.f08d23e3 baseline=rocsolver_dgetrf_npvt fp64 seed=20261001 method=auto matrix=signed n=16384 lda=16384 offset=0 warmup=5 repeats=20
validate n=16384 lda=16384 kind=signed info=7/0 L_rel=2.3140e-15 U_rel=5.7880e-15 residual_scaled=1.5793e-03/2.0353e-04 PASS
sample n=16384 lda=16384 iteration=0 first=cdls cdls_ms=222.489181519 rocsolver_ms=109.178230286 cdls_submit_ms=0.610945000 roc_submit_ms=67.351289000 cdls_wall_ms=222.506886000 roc_wall_ms=109.187173000
sample n=16384 lda=16384 iteration=1 first=rocsolver cdls_ms=222.917205811 rocsolver_ms=110.442329407 cdls_submit_ms=0.813347000 roc_submit_ms=45.730490000 cdls_wall_ms=222.925098000 roc_wall_ms=110.450999000
sample n=16384 lda=16384 iteration=2 first=cdls cdls_ms=222.486114502 rocsolver_ms=109.267906189 cdls_submit_ms=0.248752000 roc_submit_ms=52.127542000 cdls_wall_ms=222.499886000 roc_wall_ms=109.276980000
sample n=16384 lda=16384 iteration=3 first=rocsolver cdls_ms=223.044357300 rocsolver_ms=110.631309509 cdls_submit_ms=0.008022000 roc_submit_ms=56.051635000 cdls_wall_ms=223.582435000 roc_wall_ms=111.253869000
sample n=16384 lda=16384 iteration=4 first=cdls cdls_ms=222.300781250 rocsolver_ms=110.344802856 cdls_submit_ms=0.006751000 roc_submit_ms=59.539760000 cdls_wall_ms=222.310305000 roc_wall_ms=110.352207000
sample n=16384 lda=16384 iteration=5 first=rocsolver cdls_ms=223.085983276 rocsolver_ms=110.772712708 cdls_submit_ms=0.007722000 roc_submit_ms=64.289157000 cdls_wall_ms=223.606281000 roc_wall_ms=110.781485000
sample n=16384 lda=16384 iteration=6 first=cdls cdls_ms=222.348571777 rocsolver_ms=110.415908813 cdls_submit_ms=0.008132000 roc_submit_ms=67.544575000 cdls_wall_ms=222.369926000 roc_wall_ms=110.426271000
sample n=16384 lda=16384 iteration=7 first=rocsolver cdls_ms=222.491195679 rocsolver_ms=110.734657288 cdls_submit_ms=0.008342000 roc_submit_ms=44.831683000 cdls_wall_ms=223.209653000 roc_wall_ms=111.230684000
sample n=16384 lda=16384 iteration=8 first=cdls cdls_ms=224.267074585 rocsolver_ms=110.344345093 cdls_submit_ms=0.214188000 roc_submit_ms=52.358467000 cdls_wall_ms=224.275687000 roc_wall_ms=110.353199000
sample n=16384 lda=16384 iteration=9 first=rocsolver cdls_ms=224.925445557 rocsolver_ms=111.242317200 cdls_submit_ms=0.007301000 roc_submit_ms=56.328389000 cdls_wall_ms=224.932933000 roc_wall_ms=111.890505000
sample n=16384 lda=16384 iteration=10 first=cdls cdls_ms=224.067214966 rocsolver_ms=111.194869995 cdls_submit_ms=0.008453000 roc_submit_ms=60.329350000 cdls_wall_ms=224.074949000 roc_wall_ms=111.202470000
sample n=16384 lda=16384 iteration=11 first=rocsolver cdls_ms=224.276657104 rocsolver_ms=111.737121582 cdls_submit_ms=0.015434000 roc_submit_ms=64.938622000 cdls_wall_ms=224.836155000 roc_wall_ms=112.315576000
sample n=16384 lda=16384 iteration=12 first=cdls cdls_ms=223.829040527 rocsolver_ms=111.125373840 cdls_submit_ms=0.009244000 roc_submit_ms=68.148510000 cdls_wall_ms=223.853089000 roc_wall_ms=111.133544000
sample n=16384 lda=16384 iteration=13 first=rocsolver cdls_ms=224.242721558 rocsolver_ms=111.525009155 cdls_submit_ms=0.008633000 roc_submit_ms=45.219277000 cdls_wall_ms=224.979354000 roc_wall_ms=112.095448000
sample n=16384 lda=16384 iteration=14 first=cdls cdls_ms=225.942398071 rocsolver_ms=111.531120300 cdls_submit_ms=0.013381000 roc_submit_ms=52.679648000 cdls_wall_ms=225.959025000 roc_wall_ms=111.541579000
sample n=16384 lda=16384 iteration=15 first=rocsolver cdls_ms=225.334060669 rocsolver_ms=111.190109253 cdls_submit_ms=0.013511000 roc_submit_ms=55.377663000 cdls_wall_ms=225.921258000 roc_wall_ms=111.467977000
sample n=16384 lda=16384 iteration=16 first=cdls cdls_ms=225.746231079 rocsolver_ms=111.408058167 cdls_submit_ms=0.020301000 roc_submit_ms=59.996679000 cdls_wall_ms=225.756906000 roc_wall_ms=111.417198000
sample n=16384 lda=16384 iteration=17 first=rocsolver cdls_ms=226.007461548 rocsolver_ms=111.484481812 cdls_submit_ms=0.008002000 roc_submit_ms=64.444755000 cdls_wall_ms=226.561989000 roc_wall_ms=112.056498000
sample n=16384 lda=16384 iteration=18 first=cdls cdls_ms=225.301818848 rocsolver_ms=111.546501160 cdls_submit_ms=0.006700000 roc_submit_ms=68.348347000 cdls_wall_ms=225.325304000 roc_wall_ms=111.555921000
sample n=16384 lda=16384 iteration=19 first=rocsolver cdls_ms=226.828109741 rocsolver_ms=111.875595093 cdls_submit_ms=0.009164000 roc_submit_ms=40.772814000 cdls_wall_ms=226.838872000 roc_wall_ms=112.406744000
bench n=16384 lda=16384 repeats=20 cdls_median_ms=224.154968 rocsolver_median_ms=111.157742 cdls_mean_ms=224.096581 rocsolver_mean_ms=110.899638 cdls_gflops=13079.776057 workspace_bytes=262152 roc_workspace_bytes=67765440 cdls_submit_ms=0.008899 roc_submit_ms=57.934075 cdls_wall_ms=224.175318 roc_wall_ms=111.242277 rocsolver_gflops=26376.001762 speedup=0.495897
