device=AMD Instinct MI300A arch=gfx942:sramecc+:xnack- HIP=60443484 CUs=228 memory_bytes=137438953472 rocSOLVER=3.28.2.1b897f5 rocBLAS=4.4.1.f08d23e3 baseline=rocsolver_dgetrf_npvt fp64 seed=20261001 method=auto matrix=identity n=16384 lda=16384 offset=0 warmup=5 repeats=20
validate n=16384 lda=16384 kind=identity info=7/0 L_rel=0.0000e+00 U_rel=0.0000e+00 residual_scaled=0.0000e+00/0.0000e+00 PASS
sample n=16384 lda=16384 iteration=0 first=cdls cdls_ms=187.711135864 rocsolver_ms=72.186401367 cdls_submit_ms=0.009725000 roc_submit_ms=41.121391000 cdls_wall_ms=187.859434000 roc_wall_ms=72.193655000
sample n=16384 lda=16384 iteration=1 first=rocsolver cdls_ms=188.442901611 rocsolver_ms=72.789260864 cdls_submit_ms=0.009935000 roc_submit_ms=28.685408000 cdls_wall_ms=189.287072000 roc_wall_ms=72.920179000
sample n=16384 lda=16384 iteration=2 first=cdls cdls_ms=187.928039551 rocsolver_ms=72.106346130 cdls_submit_ms=0.207228000 roc_submit_ms=33.107473000 cdls_wall_ms=187.938966000 roc_wall_ms=72.114405000
sample n=16384 lda=16384 iteration=3 first=rocsolver cdls_ms=187.939758301 rocsolver_ms=72.274559021 cdls_submit_ms=0.008203000 roc_submit_ms=34.503522000 cdls_wall_ms=188.475218000 roc_wall_ms=72.899537000
sample n=16384 lda=16384 iteration=4 first=cdls cdls_ms=188.285614014 rocsolver_ms=72.612297058 cdls_submit_ms=0.008342000 roc_submit_ms=36.915407000 cdls_wall_ms=188.294781000 roc_wall_ms=72.619669000
sample n=16384 lda=16384 iteration=5 first=rocsolver cdls_ms=189.041061401 rocsolver_ms=72.481346130 cdls_submit_ms=0.495939000 roc_submit_ms=39.141818000 cdls_wall_ms=189.050930000 roc_wall_ms=72.621261000
sample n=16384 lda=16384 iteration=6 first=cdls cdls_ms=188.432006836 rocsolver_ms=72.550598145 cdls_submit_ms=0.020411000 roc_submit_ms=41.132087000 cdls_wall_ms=188.440614000 roc_wall_ms=72.559327000
sample n=16384 lda=16384 iteration=7 first=rocsolver cdls_ms=188.572494507 rocsolver_ms=72.960876465 cdls_submit_ms=0.009744000 roc_submit_ms=28.778000000 cdls_wall_ms=189.255624000 roc_wall_ms=72.970045000
sample n=16384 lda=16384 iteration=8 first=cdls cdls_ms=189.431137085 rocsolver_ms=73.145004272 cdls_submit_ms=0.008894000 roc_submit_ms=33.702655000 cdls_wall_ms=189.438574000 roc_wall_ms=73.152715000
sample n=16384 lda=16384 iteration=9 first=rocsolver cdls_ms=188.828903198 rocsolver_ms=73.281158447 cdls_submit_ms=0.007512000 roc_submit_ms=34.852307000 cdls_wall_ms=188.838154000 roc_wall_ms=73.856974000
sample n=16384 lda=16384 iteration=10 first=cdls cdls_ms=189.209945679 rocsolver_ms=72.528984070 cdls_submit_ms=0.008122000 roc_submit_ms=36.562146000 cdls_wall_ms=189.534501000 roc_wall_ms=72.538715000
sample n=16384 lda=16384 iteration=11 first=rocsolver cdls_ms=189.216476440 rocsolver_ms=73.535842896 cdls_submit_ms=0.008293000 roc_submit_ms=39.681605000 cdls_wall_ms=189.734988000 roc_wall_ms=74.061848000
sample n=16384 lda=16384 iteration=12 first=cdls cdls_ms=189.311340332 rocsolver_ms=72.942596436 cdls_submit_ms=0.007762000 roc_submit_ms=41.339706000 cdls_wall_ms=189.320182000 roc_wall_ms=72.950556000
sample n=16384 lda=16384 iteration=13 first=rocsolver cdls_ms=189.472518921 rocsolver_ms=73.750022888 cdls_submit_ms=0.009104000 roc_submit_ms=28.833135000 cdls_wall_ms=190.182623000 roc_wall_ms=74.245670000
sample n=16384 lda=16384 iteration=14 first=cdls cdls_ms=189.111328125 rocsolver_ms=71.773246765 cdls_submit_ms=0.186425000 roc_submit_ms=32.457448000 cdls_wall_ms=189.121097000 roc_wall_ms=71.781384000
sample n=16384 lda=16384 iteration=15 first=rocsolver cdls_ms=189.551315308 rocsolver_ms=73.824005127 cdls_submit_ms=0.008733000 roc_submit_ms=34.955204000 cdls_wall_ms=189.560570000 roc_wall_ms=74.400498000
sample n=16384 lda=16384 iteration=16 first=cdls cdls_ms=189.461212158 rocsolver_ms=73.599563599 cdls_submit_ms=0.008733000 roc_submit_ms=37.197289000 cdls_wall_ms=189.472625000 roc_wall_ms=74.205328000
sample n=16384 lda=16384 iteration=17 first=rocsolver cdls_ms=189.974319458 rocsolver_ms=74.310150146 cdls_submit_ms=0.008973000 roc_submit_ms=40.119346000 cdls_wall_ms=190.495422000 roc_wall_ms=74.319583000
sample n=16384 lda=16384 iteration=18 first=cdls cdls_ms=189.607009888 rocsolver_ms=74.373680115 cdls_submit_ms=0.021192000 roc_submit_ms=42.510929000 cdls_wall_ms=189.614142000 roc_wall_ms=74.381488000
sample n=16384 lda=16384 iteration=19 first=rocsolver cdls_ms=189.701705933 rocsolver_ms=74.640914917 cdls_submit_ms=0.013240000 roc_submit_ms=26.871069000 cdls_wall_ms=190.398024000 roc_wall_ms=74.649588000
bench n=16384 lda=16384 repeats=20 cdls_median_ms=189.160637 rocsolver_median_ms=72.951736 cdls_mean_ms=188.961511 rocsolver_mean_ms=73.083343 cdls_gflops=15499.507905 workspace_bytes=262152 roc_workspace_bytes=67765440 cdls_submit_ms=0.009038 roc_submit_ms=35.758675 cdls_wall_ms=189.303627 roc_wall_ms=72.960301 rocsolver_gflops=40189.540779 speedup=0.385660
