device=AMD Instinct MI300A arch=gfx942:sramecc+:xnack- HIP=60443484 CUs=228 memory_bytes=137438953472 rocSOLVER=3.28.2.1b897f5 rocBLAS=4.4.1.f08d23e3 baseline=rocsolver_dgetrf_npvt fp64 seed=20261001 method=auto matrix=dense n=8192 lda=8192 offset=1 warmup=5 repeats=30
validate n=8192 lda=8192 kind=dense info=7/0 L_rel=1.6309e-15 U_rel=4.0342e-15 residual_scaled=2.1920e-03/3.9221e-04 PASS
sample n=8192 lda=8192 iteration=0 first=cdls cdls_ms=29.103635788 rocsolver_ms=26.899509430 cdls_submit_ms=0.350807000 roc_submit_ms=9.107426000 cdls_wall_ms=29.117820000 roc_wall_ms=26.906552000
sample n=8192 lda=8192 iteration=1 first=rocsolver cdls_ms=28.671735764 rocsolver_ms=27.051141739 cdls_submit_ms=0.009494000 roc_submit_ms=12.276433000 cdls_wall_ms=29.000951000 roc_wall_ms=27.353477000
sample n=8192 lda=8192 iteration=2 first=cdls cdls_ms=28.293676376 rocsolver_ms=27.009458542 cdls_submit_ms=0.007232000 roc_submit_ms=9.137623000 cdls_wall_ms=28.436627000 roc_wall_ms=27.017722000
sample n=8192 lda=8192 iteration=3 first=rocsolver cdls_ms=28.568216324 rocsolver_ms=27.075380325 cdls_submit_ms=0.008203000 roc_submit_ms=12.425080000 cdls_wall_ms=28.923853000 roc_wall_ms=27.382962000
sample n=8192 lda=8192 iteration=4 first=cdls cdls_ms=28.239791870 rocsolver_ms=26.570716858 cdls_submit_ms=0.006931000 roc_submit_ms=8.910334000 cdls_wall_ms=28.413301000 roc_wall_ms=26.584428000
sample n=8192 lda=8192 iteration=5 first=rocsolver cdls_ms=29.025798798 rocsolver_ms=27.245609283 cdls_submit_ms=0.009334000 roc_submit_ms=12.077949000 cdls_wall_ms=29.388686000 roc_wall_ms=27.577590000
sample n=8192 lda=8192 iteration=6 first=cdls cdls_ms=28.212711334 rocsolver_ms=27.205459595 cdls_submit_ms=0.008272000 roc_submit_ms=9.107456000 cdls_wall_ms=28.357265000 roc_wall_ms=27.216126000
sample n=8192 lda=8192 iteration=7 first=rocsolver cdls_ms=28.976884842 rocsolver_ms=27.207672119 cdls_submit_ms=0.008843000 roc_submit_ms=11.956843000 cdls_wall_ms=29.287100000 roc_wall_ms=27.541264000
sample n=8192 lda=8192 iteration=8 first=cdls cdls_ms=28.015207291 rocsolver_ms=26.988296509 cdls_submit_ms=0.014853000 roc_submit_ms=8.885216000 cdls_wall_ms=28.112290000 roc_wall_ms=26.996840000
sample n=8192 lda=8192 iteration=9 first=rocsolver cdls_ms=28.875728607 rocsolver_ms=27.148511887 cdls_submit_ms=0.007001000 roc_submit_ms=10.692626000 cdls_wall_ms=29.174247000 roc_wall_ms=27.443225000
sample n=8192 lda=8192 iteration=10 first=cdls cdls_ms=28.125740051 rocsolver_ms=26.821920395 cdls_submit_ms=0.011407000 roc_submit_ms=8.909653000 cdls_wall_ms=28.134033000 roc_wall_ms=26.829553000
sample n=8192 lda=8192 iteration=11 first=rocsolver cdls_ms=28.825571060 rocsolver_ms=27.188812256 cdls_submit_ms=0.009886000 roc_submit_ms=10.373888000 cdls_wall_ms=29.121436000 roc_wall_ms=27.493301000
sample n=8192 lda=8192 iteration=12 first=cdls cdls_ms=28.148614883 rocsolver_ms=27.248294830 cdls_submit_ms=0.014061000 roc_submit_ms=8.886698000 cdls_wall_ms=28.238944000 roc_wall_ms=27.256708000
sample n=8192 lda=8192 iteration=13 first=rocsolver cdls_ms=29.013780594 rocsolver_ms=27.318391800 cdls_submit_ms=0.290446000 roc_submit_ms=10.635137000 cdls_wall_ms=29.022374000 roc_wall_ms=27.619976000
sample n=8192 lda=8192 iteration=14 first=cdls cdls_ms=28.597539902 rocsolver_ms=26.506727219 cdls_submit_ms=0.008803000 roc_submit_ms=8.647531000 cdls_wall_ms=28.606737000 roc_wall_ms=26.517005000
sample n=8192 lda=8192 iteration=15 first=rocsolver cdls_ms=28.996994019 rocsolver_ms=27.336267471 cdls_submit_ms=0.008272000 roc_submit_ms=10.728661000 cdls_wall_ms=29.298537000 roc_wall_ms=27.645244000
sample n=8192 lda=8192 iteration=16 first=cdls cdls_ms=28.011444092 rocsolver_ms=26.732694626 cdls_submit_ms=0.008393000 roc_submit_ms=8.877945000 cdls_wall_ms=28.019137000 roc_wall_ms=26.740317000
sample n=8192 lda=8192 iteration=17 first=rocsolver cdls_ms=28.591171265 rocsolver_ms=27.238487244 cdls_submit_ms=0.009895000 roc_submit_ms=10.576107000 cdls_wall_ms=28.598564000 roc_wall_ms=27.542306000
sample n=8192 lda=8192 iteration=18 first=cdls cdls_ms=28.445949554 rocsolver_ms=27.002368927 cdls_submit_ms=0.007181000 roc_submit_ms=8.951027000 cdls_wall_ms=28.454033000 roc_wall_ms=27.009449000
sample n=8192 lda=8192 iteration=19 first=rocsolver cdls_ms=28.721572876 rocsolver_ms=27.198408127 cdls_submit_ms=0.010245000 roc_submit_ms=11.144058000 cdls_wall_ms=29.023486000 roc_wall_ms=27.512000000
sample n=8192 lda=8192 iteration=20 first=cdls cdls_ms=28.291913986 rocsolver_ms=27.074708939 cdls_submit_ms=0.091510000 roc_submit_ms=8.874759000 cdls_wall_ms=28.300208000 roc_wall_ms=27.082090000
sample n=8192 lda=8192 iteration=21 first=rocsolver cdls_ms=28.826612473 rocsolver_ms=27.088027954 cdls_submit_ms=0.008844000 roc_submit_ms=10.468663000 cdls_wall_ms=29.136339000 roc_wall_ms=27.389472000
sample n=8192 lda=8192 iteration=22 first=cdls cdls_ms=28.292875290 rocsolver_ms=26.488470078 cdls_submit_ms=0.008083000 roc_submit_ms=8.631847000 cdls_wall_ms=28.301570000 roc_wall_ms=26.496664000
sample n=8192 lda=8192 iteration=23 first=rocsolver cdls_ms=29.001359940 rocsolver_ms=27.240161896 cdls_submit_ms=0.008653000 roc_submit_ms=11.220264000 cdls_wall_ms=29.306560000 roc_wall_ms=27.559934000
sample n=8192 lda=8192 iteration=24 first=cdls cdls_ms=28.536088943 rocsolver_ms=26.682016373 cdls_submit_ms=0.145413000 roc_submit_ms=8.657116000 cdls_wall_ms=28.545013000 roc_wall_ms=26.689940000
sample n=8192 lda=8192 iteration=25 first=rocsolver cdls_ms=29.020709991 rocsolver_ms=27.425975800 cdls_submit_ms=0.008593000 roc_submit_ms=10.528945000 cdls_wall_ms=29.321472000 roc_wall_ms=27.730404000
sample n=8192 lda=8192 iteration=26 first=cdls cdls_ms=28.415222168 rocsolver_ms=27.113428116 cdls_submit_ms=0.007752000 roc_submit_ms=9.006231000 cdls_wall_ms=28.423567000 roc_wall_ms=27.195434000
sample n=8192 lda=8192 iteration=27 first=rocsolver cdls_ms=28.813472748 rocsolver_ms=27.632171631 cdls_submit_ms=0.009033000 roc_submit_ms=10.825388000 cdls_wall_ms=29.116438000 roc_wall_ms=27.639996000
sample n=8192 lda=8192 iteration=28 first=cdls cdls_ms=28.424236298 rocsolver_ms=27.296518326 cdls_submit_ms=0.081115000 roc_submit_ms=8.939549000 cdls_wall_ms=28.432620000 roc_wall_ms=27.304833000
sample n=8192 lda=8192 iteration=29 first=rocsolver cdls_ms=28.939306259 rocsolver_ms=27.486759186 cdls_submit_ms=0.008223000 roc_submit_ms=10.711844000 cdls_wall_ms=29.246969000 roc_wall_ms=27.788633000
bench n=8192 lda=8192 repeats=30 cdls_median_ms=28.594356 rocsolver_median_ms=27.130970 cdls_mean_ms=28.600785 rocsolver_mean_ms=27.084079 cdls_gflops=12816.176922 workspace_bytes=65544 roc_workspace_bytes=34145472 cdls_submit_ms=0.008844 roc_submit_ms=9.755755 cdls_wall_ms=28.765295 roc_wall_ms=27.329155 rocsolver_gflops=13507.453663 speedup=0.948823
