device=AMD Instinct MI300A arch=gfx942:sramecc+:xnack- HIP=60443484 CUs=228 memory_bytes=137438953472 rocSOLVER=3.28.2.1b897f5 rocBLAS=4.4.1.f08d23e3 baseline=rocsolver_dgetrf_npvt fp64 seed=20261001 method=auto matrix=dense n=8192 lda=8320 offset=0 warmup=5 repeats=30
validate n=8192 lda=8320 kind=dense info=7/0 L_rel=1.6309e-15 U_rel=4.0342e-15 residual_scaled=2.1920e-03/3.9221e-04 PASS
sample n=8192 lda=8320 iteration=0 first=cdls cdls_ms=28.281036377 rocsolver_ms=26.443807602 cdls_submit_ms=0.009024000 roc_submit_ms=9.045727000 cdls_wall_ms=28.307969000 roc_wall_ms=26.451022000
sample n=8192 lda=8320 iteration=1 first=rocsolver cdls_ms=28.132207870 rocsolver_ms=26.454366684 cdls_submit_ms=0.009475000 roc_submit_ms=13.992441000 cdls_wall_ms=28.489578000 roc_wall_ms=26.467857000
sample n=8192 lda=8320 iteration=2 first=cdls cdls_ms=27.062047958 rocsolver_ms=26.611467361 cdls_submit_ms=0.007923000 roc_submit_ms=9.240166000 cdls_wall_ms=27.069890000 roc_wall_ms=26.619329000
sample n=8192 lda=8320 iteration=3 first=rocsolver cdls_ms=28.117746353 rocsolver_ms=26.484651566 cdls_submit_ms=0.008783000 roc_submit_ms=14.604500000 cdls_wall_ms=28.479182000 roc_wall_ms=26.497223000
sample n=8192 lda=8320 iteration=4 first=cdls cdls_ms=27.914072037 rocsolver_ms=25.802665710 cdls_submit_ms=0.143861000 roc_submit_ms=9.047401000 cdls_wall_ms=27.925432000 roc_wall_ms=25.812974000
sample n=8192 lda=8320 iteration=5 first=rocsolver cdls_ms=27.878297806 rocsolver_ms=26.562761307 cdls_submit_ms=0.008533000 roc_submit_ms=12.631435000 cdls_wall_ms=28.168284000 roc_wall_ms=26.903726000
sample n=8192 lda=8320 iteration=6 first=cdls cdls_ms=27.303455353 rocsolver_ms=26.575319290 cdls_submit_ms=0.009434000 roc_submit_ms=9.433562000 cdls_wall_ms=27.313504000 roc_wall_ms=26.582644000
sample n=8192 lda=8320 iteration=7 first=rocsolver cdls_ms=27.969718933 rocsolver_ms=26.520595551 cdls_submit_ms=0.008083000 roc_submit_ms=13.138883000 cdls_wall_ms=27.978403000 roc_wall_ms=26.854551000
sample n=8192 lda=8320 iteration=8 first=cdls cdls_ms=27.374927521 rocsolver_ms=26.568891525 cdls_submit_ms=0.186567000 roc_submit_ms=9.014199000 cdls_wall_ms=27.382860000 roc_wall_ms=26.576344000
sample n=8192 lda=8320 iteration=9 first=rocsolver cdls_ms=28.124235153 rocsolver_ms=26.783939362 cdls_submit_ms=0.008683000 roc_submit_ms=11.676612000 cdls_wall_ms=28.432079000 roc_wall_ms=26.793197000
sample n=8192 lda=8320 iteration=10 first=cdls cdls_ms=28.002529144 rocsolver_ms=26.478672028 cdls_submit_ms=0.124250000 roc_submit_ms=9.010404000 cdls_wall_ms=28.013117000 roc_wall_ms=26.487608000
sample n=8192 lda=8320 iteration=11 first=rocsolver cdls_ms=28.347938538 rocsolver_ms=26.702384949 cdls_submit_ms=0.008393000 roc_submit_ms=11.404304000 cdls_wall_ms=28.660749000 roc_wall_ms=27.007815000
sample n=8192 lda=8320 iteration=12 first=cdls cdls_ms=27.691291809 rocsolver_ms=26.506296158 cdls_submit_ms=0.008934000 roc_submit_ms=9.047952000 cdls_wall_ms=27.698173000 roc_wall_ms=26.513408000
sample n=8192 lda=8320 iteration=13 first=rocsolver cdls_ms=28.182683945 rocsolver_ms=26.721775055 cdls_submit_ms=0.008493000 roc_submit_ms=11.382461000 cdls_wall_ms=28.501745000 roc_wall_ms=27.026004000
sample n=8192 lda=8320 iteration=14 first=cdls cdls_ms=27.516744614 rocsolver_ms=26.378900528 cdls_submit_ms=0.010827000 roc_submit_ms=8.984514000 cdls_wall_ms=27.525560000 roc_wall_ms=26.388607000
sample n=8192 lda=8320 iteration=15 first=rocsolver cdls_ms=27.871408463 rocsolver_ms=26.477931976 cdls_submit_ms=0.008744000 roc_submit_ms=11.265060000 cdls_wall_ms=28.180143000 roc_wall_ms=26.775449000
sample n=8192 lda=8320 iteration=16 first=cdls cdls_ms=27.815803528 rocsolver_ms=26.500156403 cdls_submit_ms=0.127705000 roc_submit_ms=8.992416000 cdls_wall_ms=27.823666000 roc_wall_ms=26.507488000
sample n=8192 lda=8320 iteration=17 first=rocsolver cdls_ms=28.110174179 rocsolver_ms=26.906980515 cdls_submit_ms=0.008433000 roc_submit_ms=11.828274000 cdls_wall_ms=28.415864000 roc_wall_ms=26.915304000
sample n=8192 lda=8320 iteration=18 first=cdls cdls_ms=27.738763809 rocsolver_ms=26.611536026 cdls_submit_ms=0.129328000 roc_submit_ms=9.072199000 cdls_wall_ms=27.747158000 roc_wall_ms=26.619040000
sample n=8192 lda=8320 iteration=19 first=rocsolver cdls_ms=28.278232574 rocsolver_ms=26.738582611 cdls_submit_ms=0.008683000 roc_submit_ms=11.720719000 cdls_wall_ms=28.589090000 roc_wall_ms=27.064573000
sample n=8192 lda=8320 iteration=20 first=cdls cdls_ms=27.919923782 rocsolver_ms=26.628292084 cdls_submit_ms=0.121967000 roc_submit_ms=8.951634000 cdls_wall_ms=27.929699000 roc_wall_ms=26.638169000
sample n=8192 lda=8320 iteration=21 first=rocsolver cdls_ms=28.529615402 rocsolver_ms=26.605215073 cdls_submit_ms=0.292258000 roc_submit_ms=11.315828000 cdls_wall_ms=28.538652000 roc_wall_ms=26.904697000
sample n=8192 lda=8320 iteration=22 first=cdls cdls_ms=27.865919113 rocsolver_ms=25.791248322 cdls_submit_ms=0.007922000 roc_submit_ms=8.717835000 cdls_wall_ms=27.874013000 roc_wall_ms=25.799914000
sample n=8192 lda=8320 iteration=23 first=rocsolver cdls_ms=28.057371140 rocsolver_ms=26.453855515 cdls_submit_ms=0.008382000 roc_submit_ms=11.271741000 cdls_wall_ms=28.374751000 roc_wall_ms=26.764793000
sample n=8192 lda=8320 iteration=24 first=cdls cdls_ms=27.698183060 rocsolver_ms=26.683015823 cdls_submit_ms=0.009014000 roc_submit_ms=9.059519000 cdls_wall_ms=27.705645000 roc_wall_ms=26.691089000
sample n=8192 lda=8320 iteration=25 first=rocsolver cdls_ms=28.273223877 rocsolver_ms=26.757429123 cdls_submit_ms=0.008873000 roc_submit_ms=12.201396000 cdls_wall_ms=28.586896000 roc_wall_ms=27.071593000
sample n=8192 lda=8320 iteration=26 first=cdls cdls_ms=28.097555161 rocsolver_ms=26.515047073 cdls_submit_ms=0.009475000 roc_submit_ms=9.003914000 cdls_wall_ms=28.105107000 roc_wall_ms=26.523042000
sample n=8192 lda=8320 iteration=27 first=rocsolver cdls_ms=28.784008026 rocsolver_ms=26.557304382 cdls_submit_ms=0.291557000 roc_submit_ms=11.797026000 cdls_wall_ms=28.794194000 roc_wall_ms=26.870946000
sample n=8192 lda=8320 iteration=28 first=cdls cdls_ms=28.248306274 rocsolver_ms=26.689144135 cdls_submit_ms=0.129218000 roc_submit_ms=9.013928000 cdls_wall_ms=28.257752000 roc_wall_ms=26.698891000
sample n=8192 lda=8320 iteration=29 first=rocsolver cdls_ms=28.316772461 rocsolver_ms=26.847278595 cdls_submit_ms=0.008172000 roc_submit_ms=11.676061000 cdls_wall_ms=28.626016000 roc_wall_ms=26.856523000
bench n=8192 lda=8320 repeats=30 cdls_median_ms=28.029950 rocsolver_median_ms=26.565826 cdls_mean_ms=27.983473 rocsolver_mean_ms=26.545317 cdls_gflops=13074.240884 workspace_bytes=65544 roc_workspace_bytes=34145472 cdls_submit_ms=0.008974 roc_submit_ms=10.349311 cdls_wall_ms=28.174214 roc_wall_ms=26.664629 rocsolver_gflops=13794.802179 speedup=0.947766
