device=AMD Instinct MI300A arch=gfx942:sramecc+:xnack- HIP=60443484 CUs=228 memory_bytes=137438953472 rocSOLVER=3.28.2.1b897f5 rocBLAS=4.4.1.f08d23e3 baseline=rocsolver_dgetrf_npvt fp64 seed=20261001 method=auto matrix=dense n=16384 lda=16401 offset=0 warmup=5 repeats=30
validate n=16384 lda=16401 kind=dense info=7/0 L_rel=5.6795e-16 U_rel=1.7038e-15 residual_scaled=4.9962e-04/2.0443e-04 PASS
sample n=16384 lda=16401 iteration=0 first=cdls cdls_ms=106.508094788 rocsolver_ms=113.386131287 cdls_submit_ms=1.302126000 roc_submit_ms=70.385529000 cdls_wall_ms=106.636234000 roc_wall_ms=113.394783000
sample n=16384 lda=16401 iteration=1 first=rocsolver cdls_ms=107.211807251 rocsolver_ms=114.123397827 cdls_submit_ms=1.610829000 roc_submit_ms=46.616404000 cdls_wall_ms=108.001366000 roc_wall_ms=114.689197000
sample n=16384 lda=16401 iteration=2 first=cdls cdls_ms=106.900428772 rocsolver_ms=113.448432922 cdls_submit_ms=0.518134000 roc_submit_ms=70.228227000 cdls_wall_ms=106.911014000 roc_wall_ms=113.462648000
sample n=16384 lda=16401 iteration=3 first=rocsolver cdls_ms=107.199630737 rocsolver_ms=115.721992493 cdls_submit_ms=1.355898000 roc_submit_ms=47.441709000 cdls_wall_ms=107.869504000 roc_wall_ms=115.729882000
sample n=16384 lda=16401 iteration=4 first=cdls cdls_ms=107.606071472 rocsolver_ms=114.397392273 cdls_submit_ms=0.512696000 roc_submit_ms=70.996265000 cdls_wall_ms=107.615545000 roc_wall_ms=114.404972000
sample n=16384 lda=16401 iteration=5 first=rocsolver cdls_ms=107.548118591 rocsolver_ms=114.893753052 cdls_submit_ms=1.415009000 roc_submit_ms=46.418971000 cdls_wall_ms=108.225880000 roc_wall_ms=115.368949000
sample n=16384 lda=16401 iteration=6 first=cdls cdls_ms=107.815917969 rocsolver_ms=114.554016113 cdls_submit_ms=0.504594000 roc_submit_ms=70.979499000 cdls_wall_ms=107.824675000 roc_wall_ms=114.562963000
sample n=16384 lda=16401 iteration=7 first=rocsolver cdls_ms=108.215744019 rocsolver_ms=115.044868469 cdls_submit_ms=1.632182000 roc_submit_ms=46.685089000 cdls_wall_ms=108.405575000 roc_wall_ms=115.518388000
sample n=16384 lda=16401 iteration=8 first=cdls cdls_ms=107.744132996 rocsolver_ms=114.627265930 cdls_submit_ms=0.464502000 roc_submit_ms=70.640820000 cdls_wall_ms=107.751964000 roc_wall_ms=114.635215000
sample n=16384 lda=16401 iteration=9 first=rocsolver cdls_ms=107.562103271 rocsolver_ms=115.421379089 cdls_submit_ms=1.339584000 roc_submit_ms=46.908792000 cdls_wall_ms=108.236646000 roc_wall_ms=115.891950000
sample n=16384 lda=16401 iteration=10 first=cdls cdls_ms=108.355712891 rocsolver_ms=115.002243042 cdls_submit_ms=0.491623000 roc_submit_ms=70.586797000 cdls_wall_ms=108.364222000 roc_wall_ms=115.012933000
sample n=16384 lda=16401 iteration=11 first=rocsolver cdls_ms=108.357521057 rocsolver_ms=115.887405396 cdls_submit_ms=1.364581000 roc_submit_ms=46.687733000 cdls_wall_ms=109.024033000 roc_wall_ms=116.363764000
sample n=16384 lda=16401 iteration=12 first=cdls cdls_ms=108.164489746 rocsolver_ms=114.750129700 cdls_submit_ms=0.487067000 roc_submit_ms=70.575949000 cdls_wall_ms=108.173250000 roc_wall_ms=114.757622000
sample n=16384 lda=16401 iteration=13 first=rocsolver cdls_ms=108.765663147 rocsolver_ms=115.576354980 cdls_submit_ms=1.381968000 roc_submit_ms=46.819455000 cdls_wall_ms=109.432239000 roc_wall_ms=116.053758000
sample n=16384 lda=16401 iteration=14 first=cdls cdls_ms=108.246223450 rocsolver_ms=115.304748535 cdls_submit_ms=0.515150000 roc_submit_ms=70.816028000 cdls_wall_ms=108.253893000 roc_wall_ms=115.312362000
sample n=16384 lda=16401 iteration=15 first=rocsolver cdls_ms=108.664604187 rocsolver_ms=115.978393555 cdls_submit_ms=1.382229000 roc_submit_ms=46.810101000 cdls_wall_ms=109.353278000 roc_wall_ms=116.465940000
sample n=16384 lda=16401 iteration=16 first=cdls cdls_ms=108.099853516 rocsolver_ms=115.076911926 cdls_submit_ms=0.477092000 roc_submit_ms=70.612576000 cdls_wall_ms=108.108159000 roc_wall_ms=115.084483000
sample n=16384 lda=16401 iteration=17 first=rocsolver cdls_ms=108.935089111 rocsolver_ms=116.566558838 cdls_submit_ms=1.418875000 roc_submit_ms=47.036969000 cdls_wall_ms=109.541697000 roc_wall_ms=116.575808000
sample n=16384 lda=16401 iteration=18 first=cdls cdls_ms=108.061096191 rocsolver_ms=115.311050415 cdls_submit_ms=0.516171000 roc_submit_ms=70.947228000 cdls_wall_ms=108.069440000 roc_wall_ms=115.319082000
sample n=16384 lda=16401 iteration=19 first=rocsolver cdls_ms=109.489120483 rocsolver_ms=116.980339050 cdls_submit_ms=1.351622000 roc_submit_ms=47.410011000 cdls_wall_ms=110.163939000 roc_wall_ms=116.989342000
sample n=16384 lda=16401 iteration=20 first=cdls cdls_ms=109.308250427 rocsolver_ms=114.926109314 cdls_submit_ms=0.483150000 roc_submit_ms=70.622952000 cdls_wall_ms=109.316341000 roc_wall_ms=114.934222000
sample n=16384 lda=16401 iteration=21 first=rocsolver cdls_ms=109.301612854 rocsolver_ms=117.109725952 cdls_submit_ms=1.346855000 roc_submit_ms=47.544486000 cdls_wall_ms=109.979538000 roc_wall_ms=117.120143000
sample n=16384 lda=16401 iteration=22 first=cdls cdls_ms=108.654037476 rocsolver_ms=115.449668884 cdls_submit_ms=0.481648000 roc_submit_ms=70.706740000 cdls_wall_ms=108.662719000 roc_wall_ms=115.457513000
sample n=16384 lda=16401 iteration=23 first=rocsolver cdls_ms=109.984077454 rocsolver_ms=116.803001404 cdls_submit_ms=1.367707000 roc_submit_ms=46.991408000 cdls_wall_ms=110.660441000 roc_wall_ms=117.345748000
sample n=16384 lda=16401 iteration=24 first=cdls cdls_ms=109.351379395 rocsolver_ms=116.250747681 cdls_submit_ms=0.502430000 roc_submit_ms=71.571615000 cdls_wall_ms=109.358937000 roc_wall_ms=116.258281000
sample n=16384 lda=16401 iteration=25 first=rocsolver cdls_ms=110.313247681 rocsolver_ms=116.571990967 cdls_submit_ms=2.037793000 roc_submit_ms=46.870483000 cdls_wall_ms=110.322623000 roc_wall_ms=117.045758000
sample n=16384 lda=16401 iteration=26 first=cdls cdls_ms=109.241539001 rocsolver_ms=116.165679932 cdls_submit_ms=0.514289000 roc_submit_ms=71.241099000 cdls_wall_ms=109.250369000 roc_wall_ms=116.173751000
sample n=16384 lda=16401 iteration=27 first=rocsolver cdls_ms=108.471710205 rocsolver_ms=117.514953613 cdls_submit_ms=1.621436000 roc_submit_ms=47.301884000 cdls_wall_ms=108.712064000 roc_wall_ms=117.985628000
sample n=16384 lda=16401 iteration=28 first=cdls cdls_ms=108.626380920 rocsolver_ms=114.825759888 cdls_submit_ms=0.536492000 roc_submit_ms=70.037303000 cdls_wall_ms=108.634245000 roc_wall_ms=114.832946000
sample n=16384 lda=16401 iteration=29 first=rocsolver cdls_ms=109.883087158 rocsolver_ms=117.139396667 cdls_submit_ms=1.343810000 roc_submit_ms=46.908492000 cdls_wall_ms=110.565065000 roc_wall_ms=117.626078000
bench n=16384 lda=16401 repeats=30 cdls_median_ms=108.356617 rocsolver_median_ms=115.366215 cdls_mean_ms=108.419558 rocsolver_mean_ms=115.493660 cdls_gflops=27057.847216 workspace_bytes=262152 roc_workspace_bytes=67765440 cdls_submit_ms=1.320855 roc_submit_ms=58.790894 cdls_wall_ms=108.519910 roc_wall_ms=115.487951 rocsolver_gflops=25413.824951 speedup=1.064690
