device=AMD Instinct MI300A arch=gfx942:sramecc+:xnack- HIP=60443484 CUs=228 memory_bytes=137438953472 rocSOLVER=3.28.2.1b897f5 rocBLAS=4.4.1.f08d23e3 baseline=rocsolver_dgetrf_npvt fp64 seed=20261001 method=auto matrix=dense n=2048 lda=2049 offset=0 warmup=5 repeats=30
validate n=2048 lda=2049 kind=dense info=7/0 L_rel=8.1213e-16 U_rel=2.0337e-15 residual_scaled=4.3742e-03/1.2203e-03 PASS
sample n=2048 lda=2049 iteration=0 first=cdls cdls_ms=1.767150998 rocsolver_ms=4.094038963 cdls_submit_ms=0.021734000 roc_submit_ms=2.298555000 cdls_wall_ms=1.802585000 roc_wall_ms=4.102080000
sample n=2048 lda=2049 iteration=1 first=rocsolver cdls_ms=1.763183951 rocsolver_ms=4.684113026 cdls_submit_ms=0.030246000 roc_submit_ms=4.295387000 cdls_wall_ms=1.772278000 roc_wall_ms=4.690894000
sample n=2048 lda=2049 iteration=2 first=cdls cdls_ms=1.699646950 rocsolver_ms=4.097994804 cdls_submit_ms=0.013531000 roc_submit_ms=2.247767000 cdls_wall_ms=1.708390000 roc_wall_ms=4.106938000
sample n=2048 lda=2049 iteration=3 first=rocsolver cdls_ms=1.802324057 rocsolver_ms=4.720368862 cdls_submit_ms=0.014021000 roc_submit_ms=4.243978000 cdls_wall_ms=1.810016000 roc_wall_ms=4.728541000
sample n=2048 lda=2049 iteration=4 first=cdls cdls_ms=1.705896974 rocsolver_ms=4.094239235 cdls_submit_ms=0.012559000 roc_submit_ms=2.293237000 cdls_wall_ms=1.714700000 roc_wall_ms=4.102782000
sample n=2048 lda=2049 iteration=5 first=rocsolver cdls_ms=1.772117019 rocsolver_ms=4.686697006 cdls_submit_ms=0.015313000 roc_submit_ms=4.260503000 cdls_wall_ms=1.778978000 roc_wall_ms=4.694099000
sample n=2048 lda=2049 iteration=6 first=cdls cdls_ms=1.716071963 rocsolver_ms=4.076551914 cdls_submit_ms=0.010776000 roc_submit_ms=2.295370000 cdls_wall_ms=1.724294000 roc_wall_ms=4.084043000
sample n=2048 lda=2049 iteration=7 first=rocsolver cdls_ms=1.769112945 rocsolver_ms=4.677213192 cdls_submit_ms=0.015444000 roc_submit_ms=4.213060000 cdls_wall_ms=1.776264000 roc_wall_ms=4.687848000
sample n=2048 lda=2049 iteration=8 first=cdls cdls_ms=1.666035056 rocsolver_ms=4.105415821 cdls_submit_ms=0.009745000 roc_submit_ms=2.257602000 cdls_wall_ms=1.674619000 roc_wall_ms=4.116513000
sample n=2048 lda=2049 iteration=9 first=rocsolver cdls_ms=1.779008031 rocsolver_ms=4.705337048 cdls_submit_ms=0.030226000 roc_submit_ms=4.257319000 cdls_wall_ms=1.787452000 roc_wall_ms=4.713939000
sample n=2048 lda=2049 iteration=10 first=cdls cdls_ms=1.725486040 rocsolver_ms=4.076551914 cdls_submit_ms=0.007962000 roc_submit_ms=2.284152000 cdls_wall_ms=1.735832000 roc_wall_ms=4.088259000
sample n=2048 lda=2049 iteration=11 first=rocsolver cdls_ms=1.791466951 rocsolver_ms=4.693237782 cdls_submit_ms=0.026550000 roc_submit_ms=4.229516000 cdls_wall_ms=1.798167000 roc_wall_ms=4.700318000
sample n=2048 lda=2049 iteration=12 first=cdls cdls_ms=1.719437003 rocsolver_ms=4.009017944 cdls_submit_ms=0.013301000 roc_submit_ms=2.319086000 cdls_wall_ms=1.727229000 roc_wall_ms=4.018502000
sample n=2048 lda=2049 iteration=13 first=rocsolver cdls_ms=1.771837950 rocsolver_ms=4.687148094 cdls_submit_ms=0.018519000 roc_submit_ms=4.273113000 cdls_wall_ms=1.781041000 roc_wall_ms=4.695110000
sample n=2048 lda=2049 iteration=14 first=cdls cdls_ms=1.756492972 rocsolver_ms=4.097955227 cdls_submit_ms=0.010456000 roc_submit_ms=2.313918000 cdls_wall_ms=1.766027000 roc_wall_ms=4.107969000
sample n=2048 lda=2049 iteration=15 first=rocsolver cdls_ms=1.815224051 rocsolver_ms=4.720709801 cdls_submit_ms=0.016075000 roc_submit_ms=4.287114000 cdls_wall_ms=1.823617000 roc_wall_ms=4.728621000
sample n=2048 lda=2049 iteration=16 first=cdls cdls_ms=1.697924018 rocsolver_ms=3.969527960 cdls_submit_ms=0.009234000 roc_submit_ms=2.307648000 cdls_wall_ms=1.834803000 roc_wall_ms=3.979943000
sample n=2048 lda=2049 iteration=17 first=rocsolver cdls_ms=1.826961994 rocsolver_ms=4.624392033 cdls_submit_ms=0.016766000 roc_submit_ms=4.173039000 cdls_wall_ms=1.835996000 roc_wall_ms=4.632924000
sample n=2048 lda=2049 iteration=18 first=cdls cdls_ms=1.687427044 rocsolver_ms=4.107748985 cdls_submit_ms=0.015393000 roc_submit_ms=2.296061000 cdls_wall_ms=1.696091000 roc_wall_ms=4.118635000
sample n=2048 lda=2049 iteration=19 first=rocsolver cdls_ms=1.767992020 rocsolver_ms=4.762975216 cdls_submit_ms=0.017176000 roc_submit_ms=4.321947000 cdls_wall_ms=1.776654000 roc_wall_ms=4.770906000
sample n=2048 lda=2049 iteration=20 first=cdls cdls_ms=1.728410959 rocsolver_ms=4.085946083 cdls_submit_ms=0.009625000 roc_submit_ms=2.296412000 cdls_wall_ms=1.737084000 roc_wall_ms=4.097023000
sample n=2048 lda=2049 iteration=21 first=rocsolver cdls_ms=1.744315028 rocsolver_ms=4.728220940 cdls_submit_ms=0.016085000 roc_submit_ms=4.273383000 cdls_wall_ms=1.752648000 roc_wall_ms=4.736363000
sample n=2048 lda=2049 iteration=22 first=cdls cdls_ms=1.716712952 rocsolver_ms=4.105346203 cdls_submit_ms=0.010336000 roc_submit_ms=2.250371000 cdls_wall_ms=1.725245000 roc_wall_ms=4.113398000
sample n=2048 lda=2049 iteration=23 first=rocsolver cdls_ms=1.787340999 rocsolver_ms=4.242216110 cdls_submit_ms=0.013160000 roc_submit_ms=3.826108000 cdls_wall_ms=1.794472000 roc_wall_ms=4.250307000
sample n=2048 lda=2049 iteration=24 first=cdls cdls_ms=1.718395948 rocsolver_ms=4.037841797 cdls_submit_ms=0.009434000 roc_submit_ms=2.129185000 cdls_wall_ms=1.726328000 roc_wall_ms=4.047217000
sample n=2048 lda=2049 iteration=25 first=rocsolver cdls_ms=1.723402977 rocsolver_ms=4.582326889 cdls_submit_ms=0.014573000 roc_submit_ms=3.849503000 cdls_wall_ms=1.733178000 roc_wall_ms=4.590559000
sample n=2048 lda=2049 iteration=26 first=cdls cdls_ms=1.716792941 rocsolver_ms=4.072384834 cdls_submit_ms=0.008804000 roc_submit_ms=2.143357000 cdls_wall_ms=1.725356000 roc_wall_ms=4.082450000
sample n=2048 lda=2049 iteration=27 first=rocsolver cdls_ms=1.836536050 rocsolver_ms=4.563639164 cdls_submit_ms=0.015374000 roc_submit_ms=3.774598000 cdls_wall_ms=1.843798000 roc_wall_ms=4.571781000
sample n=2048 lda=2049 iteration=28 first=cdls cdls_ms=1.718395948 rocsolver_ms=4.061839104 cdls_submit_ms=0.011778000 roc_submit_ms=2.113301000 cdls_wall_ms=1.727259000 roc_wall_ms=4.075059000
sample n=2048 lda=2049 iteration=29 first=rocsolver cdls_ms=1.780972004 rocsolver_ms=4.552631855 cdls_submit_ms=0.014232000 roc_submit_ms=3.924668000 cdls_wall_ms=1.789845000 roc_wall_ms=4.561144000
bench n=2048 lda=2049 repeats=30 cdls_median_ms=1.750404 rocsolver_median_ms=4.174983 cdls_mean_ms=1.749069 rocsolver_mean_ms=4.357454 cdls_gflops=3270.402471 workspace_bytes=4104 roc_workspace_bytes=8930496 cdls_submit_ms=0.014127 roc_submit_ms=3.046842 cdls_wall_ms=1.769153 roc_wall_ms=4.184471 rocsolver_gflops=1371.149580 speedup=2.385154
