device=AMD Instinct MI300A arch=gfx942:sramecc+:xnack- HIP=60443484 CUs=228 memory_bytes=137438953472 rocSOLVER=3.28.2.1b897f5 rocBLAS=4.4.1.f08d23e3 baseline=rocsolver_dgetrf fp64 seed=20261001 method=auto matrix=dense n=8192 lda=8192 offset=0 warmup=5 repeats=20
validate n=8192 lda=8192 kind=dense info=7/0 L_rel=7.1539e-16 U_rel=2.1336e-15 residual_scaled=1.2306e-03/3.9620e-04 PASS
sample n=8192 lda=8192 iteration=0 first=cdls cdls_ms=18.495964050 rocsolver_ms=119.446594238 cdls_submit_ms=0.486485000 roc_submit_ms=117.004887000 cdls_wall_ms=18.513182000 roc_wall_ms=119.453768000
sample n=8192 lda=8192 iteration=1 first=rocsolver cdls_ms=18.493059158 rocsolver_ms=120.316398621 cdls_submit_ms=0.598187000 roc_submit_ms=117.678368000 cdls_wall_ms=18.502535000 roc_wall_ms=120.324372000
sample n=8192 lda=8192 iteration=2 first=cdls cdls_ms=18.395099640 rocsolver_ms=117.022964478 cdls_submit_ms=0.184352000 roc_submit_ms=114.245770000 cdls_wall_ms=18.403954000 roc_wall_ms=117.030947000
sample n=8192 lda=8192 iteration=3 first=rocsolver cdls_ms=18.527702332 rocsolver_ms=114.804718018 cdls_submit_ms=0.498233000 roc_submit_ms=112.242791000 cdls_wall_ms=18.536447000 roc_wall_ms=114.811877000
sample n=8192 lda=8192 iteration=4 first=cdls cdls_ms=18.390382767 rocsolver_ms=125.154060364 cdls_submit_ms=0.208850000 roc_submit_ms=122.390998000 cdls_wall_ms=18.398616000 roc_wall_ms=125.163265000
sample n=8192 lda=8192 iteration=5 first=rocsolver cdls_ms=18.781232834 rocsolver_ms=114.568389893 cdls_submit_ms=0.707894000 roc_submit_ms=111.797819000 cdls_wall_ms=18.789955000 roc_wall_ms=114.576757000
sample n=8192 lda=8192 iteration=6 first=cdls cdls_ms=18.481271744 rocsolver_ms=125.710800171 cdls_submit_ms=0.235671000 roc_submit_ms=123.408676000 cdls_wall_ms=18.490086000 roc_wall_ms=125.720799000
sample n=8192 lda=8192 iteration=7 first=rocsolver cdls_ms=18.758085251 rocsolver_ms=114.186874390 cdls_submit_ms=0.681013000 roc_submit_ms=111.463988000 cdls_wall_ms=18.766480000 roc_wall_ms=114.195773000
sample n=8192 lda=8192 iteration=8 first=cdls cdls_ms=18.538339615 rocsolver_ms=115.255424500 cdls_submit_ms=0.183622000 roc_submit_ms=112.549912000 cdls_wall_ms=18.546623000 roc_wall_ms=115.263519000
sample n=8192 lda=8192 iteration=9 first=rocsolver cdls_ms=18.782623291 rocsolver_ms=114.446334839 cdls_submit_ms=0.705821000 roc_submit_ms=111.783327000 cdls_wall_ms=18.791568000 roc_wall_ms=114.454229000
sample n=8192 lda=8192 iteration=10 first=cdls cdls_ms=18.466098785 rocsolver_ms=124.672508240 cdls_submit_ms=0.225816000 roc_submit_ms=121.996253000 cdls_wall_ms=18.474562000 roc_wall_ms=124.681537000
sample n=8192 lda=8192 iteration=11 first=rocsolver cdls_ms=18.854364395 rocsolver_ms=114.029121399 cdls_submit_ms=0.722206000 roc_submit_ms=111.227075000 cdls_wall_ms=18.862527000 roc_wall_ms=114.041436000
sample n=8192 lda=8192 iteration=12 first=cdls cdls_ms=18.631692886 rocsolver_ms=125.119613647 cdls_submit_ms=0.185874000 roc_submit_ms=122.599427000 cdls_wall_ms=18.639094000 roc_wall_ms=125.126669000
sample n=8192 lda=8192 iteration=13 first=rocsolver cdls_ms=18.733980179 rocsolver_ms=113.488395691 cdls_submit_ms=0.633711000 roc_submit_ms=110.780841000 cdls_wall_ms=18.746089000 roc_wall_ms=113.495971000
sample n=8192 lda=8192 iteration=14 first=cdls cdls_ms=18.482904434 rocsolver_ms=116.791854858 cdls_submit_ms=0.184983000 roc_submit_ms=113.993663000 cdls_wall_ms=18.491498000 roc_wall_ms=116.801204000
sample n=8192 lda=8192 iteration=15 first=rocsolver cdls_ms=18.759708405 rocsolver_ms=114.191825867 cdls_submit_ms=0.683006000 roc_submit_ms=111.701362000 cdls_wall_ms=18.768533000 roc_wall_ms=114.201441000
sample n=8192 lda=8192 iteration=16 first=cdls cdls_ms=18.465507507 rocsolver_ms=124.804359436 cdls_submit_ms=0.199555000 roc_submit_ms=122.326138000 cdls_wall_ms=18.474702000 roc_wall_ms=124.811726000
sample n=8192 lda=8192 iteration=17 first=rocsolver cdls_ms=18.541915894 rocsolver_ms=114.568557739 cdls_submit_ms=0.627100000 roc_submit_ms=111.912735000 cdls_wall_ms=18.552371000 roc_wall_ms=114.576336000
sample n=8192 lda=8192 iteration=18 first=cdls cdls_ms=18.403261185 rocsolver_ms=116.570739746 cdls_submit_ms=0.205244000 roc_submit_ms=113.812015000 cdls_wall_ms=18.411717000 roc_wall_ms=116.578783000
sample n=8192 lda=8192 iteration=19 first=rocsolver cdls_ms=18.587203979 rocsolver_ms=114.699470520 cdls_submit_ms=0.342034000 roc_submit_ms=112.070738000 cdls_wall_ms=18.596018000 roc_wall_ms=114.707708000
bench n=8192 lda=8192 repeats=20 cdls_median_ms=18.533021 rocsolver_median_ms=115.913082 cdls_mean_ms=18.578520 rocsolver_mean_ms=117.992450 cdls_gflops=19773.911693 workspace_bytes=65544 roc_workspace_bytes=34178304 cdls_submit_ms=0.414260 roc_submit_ms=113.180964 cdls_wall_ms=18.541535 roc_wall_ms=115.921151 rocsolver_gflops=3161.595856 speedup=6.254408
