device=AMD Instinct MI300A arch=gfx942:sramecc+:xnack- HIP=60443484 CUs=228 memory_bytes=137438953472 rocSOLVER=3.28.2.1b897f5 rocBLAS=4.4.1.f08d23e3 baseline=rocsolver_dgetrf_npvt fp64 seed=20261001 method=auto matrix=dense n=8192 lda=8193 offset=0 warmup=5 repeats=30
validate n=8192 lda=8193 kind=dense info=7/0 L_rel=7.2829e-16 U_rel=2.1479e-15 residual_scaled=1.2306e-03/3.9221e-04 PASS
sample n=8192 lda=8193 iteration=0 first=cdls cdls_ms=19.847009659 rocsolver_ms=26.628587723 cdls_submit_ms=0.625870000 roc_submit_ms=9.236812000 cdls_wall_ms=19.863606000 roc_wall_ms=26.638113000
sample n=8192 lda=8193 iteration=1 first=rocsolver cdls_ms=18.981924057 rocsolver_ms=26.712827682 cdls_submit_ms=0.561410000 roc_submit_ms=12.592838000 cdls_wall_ms=19.298760000 roc_wall_ms=26.983603000
sample n=8192 lda=8193 iteration=2 first=cdls cdls_ms=18.960292816 rocsolver_ms=26.408460617 cdls_submit_ms=0.393624000 roc_submit_ms=9.030295000 cdls_wall_ms=19.120437000 roc_wall_ms=26.417966000
sample n=8192 lda=8193 iteration=3 first=rocsolver cdls_ms=19.549211502 rocsolver_ms=26.674728394 cdls_submit_ms=0.854981000 roc_submit_ms=12.755828000 cdls_wall_ms=19.561393000 roc_wall_ms=26.944433000
sample n=8192 lda=8193 iteration=4 first=cdls cdls_ms=19.051240921 rocsolver_ms=26.513599396 cdls_submit_ms=0.374894000 roc_submit_ms=8.950533000 cdls_wall_ms=19.059774000 roc_wall_ms=26.526462000
sample n=8192 lda=8193 iteration=5 first=rocsolver cdls_ms=19.070680618 rocsolver_ms=26.894054413 cdls_submit_ms=0.555481000 roc_submit_ms=12.499304000 cdls_wall_ms=19.079844000 roc_wall_ms=27.206675000
sample n=8192 lda=8193 iteration=6 first=cdls cdls_ms=19.293592453 rocsolver_ms=26.336940765 cdls_submit_ms=0.558696000 roc_submit_ms=9.028503000 cdls_wall_ms=19.304009000 roc_wall_ms=26.344794000
sample n=8192 lda=8193 iteration=7 first=rocsolver cdls_ms=19.449592590 rocsolver_ms=26.879981995 cdls_submit_ms=0.236283000 roc_submit_ms=12.377858000 cdls_wall_ms=19.647725000 roc_wall_ms=26.891111000
sample n=8192 lda=8193 iteration=8 first=cdls cdls_ms=19.312440872 rocsolver_ms=26.493560791 cdls_submit_ms=0.389647000 roc_submit_ms=8.630954000 cdls_wall_ms=19.319712000 roc_wall_ms=26.503457000
sample n=8192 lda=8193 iteration=9 first=rocsolver cdls_ms=19.198556900 rocsolver_ms=26.957582474 cdls_submit_ms=0.652460000 roc_submit_ms=11.069412000 cdls_wall_ms=19.207280000 roc_wall_ms=26.968169000
sample n=8192 lda=8193 iteration=10 first=cdls cdls_ms=19.277997971 rocsolver_ms=26.492177963 cdls_submit_ms=0.188589000 roc_submit_ms=8.810619000 cdls_wall_ms=19.288234000 roc_wall_ms=26.501093000
sample n=8192 lda=8193 iteration=11 first=rocsolver cdls_ms=19.327011108 rocsolver_ms=26.838607788 cdls_submit_ms=0.495811000 roc_submit_ms=10.999205000 cdls_wall_ms=19.552299000 roc_wall_ms=27.106261000
sample n=8192 lda=8193 iteration=12 first=cdls cdls_ms=19.208580017 rocsolver_ms=26.505840302 cdls_submit_ms=0.391210000 roc_submit_ms=8.770397000 cdls_wall_ms=19.217315000 roc_wall_ms=26.514654000
sample n=8192 lda=8193 iteration=13 first=rocsolver cdls_ms=19.749067307 rocsolver_ms=27.073240280 cdls_submit_ms=0.813787000 roc_submit_ms=11.063764000 cdls_wall_ms=19.757925000 roc_wall_ms=27.339839000
sample n=8192 lda=8193 iteration=14 first=cdls cdls_ms=19.172475815 rocsolver_ms=26.406908035 cdls_submit_ms=0.406063000 roc_submit_ms=8.889400000 cdls_wall_ms=19.180478000 roc_wall_ms=26.416793000
sample n=8192 lda=8193 iteration=15 first=rocsolver cdls_ms=19.210975647 rocsolver_ms=27.206703186 cdls_submit_ms=0.679932000 roc_submit_ms=11.167613000 cdls_wall_ms=19.218256000 roc_wall_ms=27.477941000
sample n=8192 lda=8193 iteration=16 first=cdls cdls_ms=19.444831848 rocsolver_ms=26.536165237 cdls_submit_ms=0.382387000 roc_submit_ms=8.721873000 cdls_wall_ms=19.453197000 roc_wall_ms=26.544820000
sample n=8192 lda=8193 iteration=17 first=rocsolver cdls_ms=19.174940109 rocsolver_ms=27.067779541 cdls_submit_ms=0.539718000 roc_submit_ms=10.851268000 cdls_wall_ms=19.454759000 roc_wall_ms=27.076375000
sample n=8192 lda=8193 iteration=18 first=cdls cdls_ms=19.459156036 rocsolver_ms=26.593374252 cdls_submit_ms=0.414946000 roc_submit_ms=8.720801000 cdls_wall_ms=19.466487000 roc_wall_ms=26.603350000
sample n=8192 lda=8193 iteration=19 first=rocsolver cdls_ms=19.141960144 rocsolver_ms=26.911720276 cdls_submit_ms=0.512075000 roc_submit_ms=10.958572000 cdls_wall_ms=19.411362000 roc_wall_ms=27.178271000
sample n=8192 lda=8193 iteration=20 first=cdls cdls_ms=19.386583328 rocsolver_ms=26.690431595 cdls_submit_ms=0.389807000 roc_submit_ms=8.766451000 cdls_wall_ms=19.395037000 roc_wall_ms=26.701780000
sample n=8192 lda=8193 iteration=21 first=rocsolver cdls_ms=19.259428024 rocsolver_ms=26.889778137 cdls_submit_ms=0.575032000 roc_submit_ms=11.129795000 cdls_wall_ms=19.538918000 roc_wall_ms=27.153643000
sample n=8192 lda=8193 iteration=22 first=cdls cdls_ms=19.207567215 rocsolver_ms=26.548835754 cdls_submit_ms=0.396628000 roc_submit_ms=8.718258000 cdls_wall_ms=19.216074000 roc_wall_ms=26.557639000
sample n=8192 lda=8193 iteration=23 first=rocsolver cdls_ms=19.696197510 rocsolver_ms=27.148563385 cdls_submit_ms=0.854280000 roc_submit_ms=11.142744000 cdls_wall_ms=19.706615000 roc_wall_ms=27.328171000
sample n=8192 lda=8193 iteration=24 first=cdls cdls_ms=19.140556335 rocsolver_ms=26.562236786 cdls_submit_ms=0.385631000 roc_submit_ms=8.861948000 cdls_wall_ms=19.148269000 roc_wall_ms=26.571942000
sample n=8192 lda=8193 iteration=25 first=rocsolver cdls_ms=19.538875580 rocsolver_ms=27.135644913 cdls_submit_ms=0.839356000 roc_submit_ms=11.088983000 cdls_wall_ms=19.549174000 roc_wall_ms=27.402175000
sample n=8192 lda=8193 iteration=26 first=cdls cdls_ms=19.390829086 rocsolver_ms=26.513069153 cdls_submit_ms=0.403739000 roc_submit_ms=8.809017000 cdls_wall_ms=19.400046000 roc_wall_ms=26.521795000
sample n=8192 lda=8193 iteration=27 first=rocsolver cdls_ms=19.385824203 rocsolver_ms=27.229137421 cdls_submit_ms=0.551806000 roc_submit_ms=11.035321000 cdls_wall_ms=19.665723000 roc_wall_ms=27.499173000
sample n=8192 lda=8193 iteration=28 first=cdls cdls_ms=19.407276154 rocsolver_ms=26.581886292 cdls_submit_ms=0.402987000 roc_submit_ms=8.735033000 cdls_wall_ms=19.414187000 roc_wall_ms=26.590831000
sample n=8192 lda=8193 iteration=29 first=rocsolver cdls_ms=19.496402740 rocsolver_ms=26.999004364 cdls_submit_ms=0.618368000 roc_submit_ms=11.070173000 cdls_wall_ms=19.505387000 roc_wall_ms=27.277784000
bench n=8192 lda=8193 repeats=30 cdls_median_ms=19.303017 rocsolver_median_ms=26.682580 cdls_mean_ms=19.326369 rocsolver_mean_ms=26.747714 cdls_gflops=18985.132041 workspace_bytes=65544 roc_workspace_bytes=34145472 cdls_submit_ms=0.503943 roc_submit_ms=10.044040 cdls_wall_ms=19.405704 roc_wall_ms=26.796445 rocsolver_gflops=13734.440980 speedup=1.382301
