device=AMD Instinct MI300A arch=gfx942:sramecc+:xnack- HIP=60443484 CUs=228 memory_bytes=137438953472 rocSOLVER=3.28.2.1b897f5 rocBLAS=4.4.1.f08d23e3 baseline=rocsolver_dgetrf_npvt fp64 seed=20261001 method=auto matrix=dense n=16384 lda=16401 offset=0 warmup=5 repeats=30
validate n=16384 lda=16401 kind=dense info=7/0 L_rel=2.3203e-15 U_rel=5.8178e-15 residual_scaled=1.5881e-03/2.0443e-04 PASS
sample n=16384 lda=16401 iteration=0 first=cdls cdls_ms=221.365081787 rocsolver_ms=114.272468567 cdls_submit_ms=0.010125000 roc_submit_ms=70.960043000 cdls_wall_ms=221.520453000 roc_wall_ms=114.280221000
sample n=16384 lda=16401 iteration=1 first=rocsolver cdls_ms=220.620666504 rocsolver_ms=114.582328796 cdls_submit_ms=0.009554000 roc_submit_ms=46.631403000 cdls_wall_ms=221.356581000 roc_wall_ms=114.720465000
sample n=16384 lda=16401 iteration=2 first=cdls cdls_ms=220.518356323 rocsolver_ms=113.622924805 cdls_submit_ms=0.220097000 roc_submit_ms=53.716253000 cdls_wall_ms=220.529773000 roc_wall_ms=113.746473000
sample n=16384 lda=16401 iteration=3 first=rocsolver cdls_ms=221.411254883 rocsolver_ms=114.710426331 cdls_submit_ms=0.008634000 roc_submit_ms=57.958044000 cdls_wall_ms=221.977282000 roc_wall_ms=115.383382000
sample n=16384 lda=16401 iteration=4 first=cdls cdls_ms=221.795227051 rocsolver_ms=114.411979675 cdls_submit_ms=0.019770000 roc_submit_ms=62.044578000 cdls_wall_ms=221.803876000 roc_wall_ms=114.421057000
sample n=16384 lda=16401 iteration=5 first=rocsolver cdls_ms=222.440628052 rocsolver_ms=114.825340271 cdls_submit_ms=0.010176000 roc_submit_ms=66.737591000 cdls_wall_ms=222.990985000 roc_wall_ms=115.398054000
sample n=16384 lda=16401 iteration=6 first=cdls cdls_ms=222.800094604 rocsolver_ms=115.619613647 cdls_submit_ms=0.014472000 roc_submit_ms=71.329069000 cdls_wall_ms=222.808586000 roc_wall_ms=115.626975000
sample n=16384 lda=16401 iteration=7 first=rocsolver cdls_ms=223.812286377 rocsolver_ms=114.733695984 cdls_submit_ms=0.009765000 roc_submit_ms=46.359206000 cdls_wall_ms=224.549553000 roc_wall_ms=115.283668000
sample n=16384 lda=16401 iteration=8 first=cdls cdls_ms=223.743026733 rocsolver_ms=115.811576843 cdls_submit_ms=0.011277000 roc_submit_ms=55.032289000 cdls_wall_ms=223.751200000 roc_wall_ms=115.819791000
sample n=16384 lda=16401 iteration=9 first=rocsolver cdls_ms=223.395004272 rocsolver_ms=116.137649536 cdls_submit_ms=0.008623000 roc_submit_ms=58.731569000 cdls_wall_ms=223.965548000 roc_wall_ms=116.803307000
sample n=16384 lda=16401 iteration=10 first=cdls cdls_ms=222.417663574 rocsolver_ms=115.362380981 cdls_submit_ms=0.015774000 roc_submit_ms=62.387563000 cdls_wall_ms=222.424837000 roc_wall_ms=115.369610000
sample n=16384 lda=16401 iteration=11 first=rocsolver cdls_ms=224.430160522 rocsolver_ms=115.970191956 cdls_submit_ms=0.008733000 roc_submit_ms=67.098624000 cdls_wall_ms=224.994265000 roc_wall_ms=116.541707000
sample n=16384 lda=16401 iteration=12 first=cdls cdls_ms=223.626800537 rocsolver_ms=116.012779236 cdls_submit_ms=0.025198000 roc_submit_ms=71.334746000 cdls_wall_ms=223.647691000 roc_wall_ms=116.023431000
sample n=16384 lda=16401 iteration=13 first=rocsolver cdls_ms=225.145782471 rocsolver_ms=115.895286560 cdls_submit_ms=0.009424000 roc_submit_ms=46.145849000 cdls_wall_ms=225.890808000 roc_wall_ms=116.442294000
sample n=16384 lda=16401 iteration=14 first=cdls cdls_ms=223.773788452 rocsolver_ms=115.706459045 cdls_submit_ms=0.007441000 roc_submit_ms=54.509578000 cdls_wall_ms=223.785611000 roc_wall_ms=115.714098000
sample n=16384 lda=16401 iteration=15 first=rocsolver cdls_ms=225.766769409 rocsolver_ms=116.987586975 cdls_submit_ms=0.007512000 roc_submit_ms=58.843300000 cdls_wall_ms=225.775952000 roc_wall_ms=117.628553000
sample n=16384 lda=16401 iteration=16 first=cdls cdls_ms=224.517044067 rocsolver_ms=116.830551147 cdls_submit_ms=0.017176000 roc_submit_ms=63.182421000 cdls_wall_ms=225.095199000 roc_wall_ms=116.839883000
sample n=16384 lda=16401 iteration=17 first=rocsolver cdls_ms=226.301422119 rocsolver_ms=116.943565369 cdls_submit_ms=0.009835000 roc_submit_ms=67.539049000 cdls_wall_ms=226.869879000 roc_wall_ms=117.526606000
sample n=16384 lda=16401 iteration=18 first=cdls cdls_ms=224.369293213 rocsolver_ms=116.042098999 cdls_submit_ms=0.020762000 roc_submit_ms=71.247012000 cdls_wall_ms=224.378210000 roc_wall_ms=116.051505000
sample n=16384 lda=16401 iteration=19 first=rocsolver cdls_ms=225.603576660 rocsolver_ms=117.237182617 cdls_submit_ms=0.014342000 roc_submit_ms=42.730454000 cdls_wall_ms=226.351403000 roc_wall_ms=117.246676000
sample n=16384 lda=16401 iteration=20 first=cdls cdls_ms=224.387802124 rocsolver_ms=116.530120850 cdls_submit_ms=0.008292000 roc_submit_ms=47.653509000 cdls_wall_ms=224.397289000 roc_wall_ms=116.537399000
sample n=16384 lda=16401 iteration=21 first=rocsolver cdls_ms=226.621551514 rocsolver_ms=117.434776306 cdls_submit_ms=0.007581000 roc_submit_ms=58.926659000 cdls_wall_ms=226.630551000 roc_wall_ms=118.002165000
sample n=16384 lda=16401 iteration=22 first=cdls cdls_ms=223.103515625 rocsolver_ms=116.346359253 cdls_submit_ms=0.008383000 roc_submit_ms=62.702997000 cdls_wall_ms=223.687430000 roc_wall_ms=116.353126000
sample n=16384 lda=16401 iteration=23 first=rocsolver cdls_ms=225.559280396 rocsolver_ms=116.311767578 cdls_submit_ms=0.008402000 roc_submit_ms=66.967473000 cdls_wall_ms=226.112937000 roc_wall_ms=116.873835000
sample n=16384 lda=16401 iteration=24 first=cdls cdls_ms=225.080108643 rocsolver_ms=117.267890930 cdls_submit_ms=0.006490000 roc_submit_ms=71.006022000 cdls_wall_ms=225.097821000 roc_wall_ms=117.277463000
sample n=16384 lda=16401 iteration=25 first=rocsolver cdls_ms=226.624404907 rocsolver_ms=117.032897949 cdls_submit_ms=0.024147000 roc_submit_ms=42.859411000 cdls_wall_ms=227.348561000 roc_wall_ms=117.101804000
sample n=16384 lda=16401 iteration=26 first=cdls cdls_ms=225.769012451 rocsolver_ms=116.814903259 cdls_submit_ms=0.008293000 roc_submit_ms=47.552775000 cdls_wall_ms=225.793337000 roc_wall_ms=116.824609000
sample n=16384 lda=16401 iteration=27 first=rocsolver cdls_ms=226.828430176 rocsolver_ms=117.869262695 cdls_submit_ms=0.591156000 roc_submit_ms=58.533415000 cdls_wall_ms=226.838889000 roc_wall_ms=118.472625000
sample n=16384 lda=16401 iteration=28 first=cdls cdls_ms=226.320892334 rocsolver_ms=116.678466797 cdls_submit_ms=0.019831000 roc_submit_ms=59.345329000 cdls_wall_ms=226.331552000 roc_wall_ms=116.687049000
sample n=16384 lda=16401 iteration=29 first=rocsolver cdls_ms=225.988250732 rocsolver_ms=118.048263550 cdls_submit_ms=0.008833000 roc_submit_ms=68.062441000 cdls_wall_ms=226.534272000 roc_wall_ms=118.609023000
bench n=16384 lda=16401 repeats=30 cdls_median_ms=224.378548 rocsolver_median_ms=116.089874 cdls_mean_ms=224.137906 rocsolver_mean_ms=116.068360 cdls_gflops=13066.742866 workspace_bytes=262152 roc_workspace_bytes=67765440 cdls_submit_ms=0.009800 roc_submit_ms=59.135994 cdls_wall_ms=224.473421 roc_wall_ms=116.489846 rocsolver_gflops=25255.404965 speedup=0.517384
