device=AMD Instinct MI300A arch=gfx942:sramecc+:xnack- HIP=60443484 CUs=228 memory_bytes=137438953472 rocSOLVER=3.28.2.1b897f5 rocBLAS=4.4.1.f08d23e3 baseline=rocsolver_dgetrf_npvt fp64 seed=20261001 method=auto matrix=dense n=8192 lda=8209 offset=0 warmup=5 repeats=30
validate n=8192 lda=8209 kind=dense info=7/0 L_rel=7.2829e-16 U_rel=2.1479e-15 residual_scaled=1.2306e-03/3.9221e-04 PASS
sample n=8192 lda=8209 iteration=0 first=cdls cdls_ms=19.441215515 rocsolver_ms=26.775491714 cdls_submit_ms=0.236733000 roc_submit_ms=9.076967000 cdls_wall_ms=19.602845000 roc_wall_ms=26.785918000
sample n=8192 lda=8209 iteration=1 first=rocsolver cdls_ms=19.247459412 rocsolver_ms=26.858257294 cdls_submit_ms=0.344809000 roc_submit_ms=12.818453000 cdls_wall_ms=19.500989000 roc_wall_ms=27.110375000
sample n=8192 lda=8209 iteration=2 first=cdls cdls_ms=19.060661316 rocsolver_ms=26.451803207 cdls_submit_ms=0.399312000 roc_submit_ms=8.572603000 cdls_wall_ms=19.069297000 roc_wall_ms=26.460418000
sample n=8192 lda=8209 iteration=3 first=rocsolver cdls_ms=19.244173050 rocsolver_ms=26.865648270 cdls_submit_ms=0.557165000 roc_submit_ms=12.431631000 cdls_wall_ms=19.525075000 roc_wall_ms=27.117546000
sample n=8192 lda=8209 iteration=4 first=cdls cdls_ms=19.242542267 rocsolver_ms=26.617788315 cdls_submit_ms=0.532526000 roc_submit_ms=8.644323000 cdls_wall_ms=19.253138000 roc_wall_ms=26.625271000
sample n=8192 lda=8209 iteration=5 first=rocsolver cdls_ms=19.222831726 rocsolver_ms=26.863626480 cdls_submit_ms=0.423439000 roc_submit_ms=11.708101000 cdls_wall_ms=19.479516000 roc_wall_ms=27.136525000
sample n=8192 lda=8209 iteration=6 first=cdls cdls_ms=19.386522293 rocsolver_ms=26.472185135 cdls_submit_ms=0.572398000 roc_submit_ms=8.913466000 cdls_wall_ms=19.396939000 roc_wall_ms=26.481481000
sample n=8192 lda=8209 iteration=7 first=rocsolver cdls_ms=19.117187500 rocsolver_ms=26.953231812 cdls_submit_ms=0.683067000 roc_submit_ms=13.142119000 cdls_wall_ms=19.126664000 roc_wall_ms=27.265473000
sample n=8192 lda=8209 iteration=8 first=cdls cdls_ms=19.284446716 rocsolver_ms=26.607664108 cdls_submit_ms=0.326731000 roc_submit_ms=8.735282000 cdls_wall_ms=19.292800000 roc_wall_ms=26.615016000
sample n=8192 lda=8209 iteration=9 first=rocsolver cdls_ms=19.410699844 rocsolver_ms=27.218912125 cdls_submit_ms=0.526998000 roc_submit_ms=11.423354000 cdls_wall_ms=19.700755000 roc_wall_ms=27.226564000
sample n=8192 lda=8209 iteration=10 first=cdls cdls_ms=19.060001373 rocsolver_ms=26.640554428 cdls_submit_ms=0.379361000 roc_submit_ms=8.873635000 cdls_wall_ms=19.068866000 roc_wall_ms=26.647836000
sample n=8192 lda=8209 iteration=11 first=rocsolver cdls_ms=19.329595566 rocsolver_ms=27.090173721 cdls_submit_ms=0.575492000 roc_submit_ms=11.667619000 cdls_wall_ms=19.623256000 roc_wall_ms=27.385767000
sample n=8192 lda=8209 iteration=12 first=cdls cdls_ms=19.247077942 rocsolver_ms=26.720256805 cdls_submit_ms=0.314742000 roc_submit_ms=8.721432000 cdls_wall_ms=19.357168000 roc_wall_ms=26.728600000
sample n=8192 lda=8209 iteration=13 first=rocsolver cdls_ms=19.112583160 rocsolver_ms=27.128824234 cdls_submit_ms=0.559137000 roc_submit_ms=11.277310000 cdls_wall_ms=19.411742000 roc_wall_ms=27.403976000
sample n=8192 lda=8209 iteration=14 first=cdls cdls_ms=19.251564026 rocsolver_ms=26.744743347 cdls_submit_ms=0.329095000 roc_submit_ms=8.659657000 cdls_wall_ms=19.365121000 roc_wall_ms=26.754750000
sample n=8192 lda=8209 iteration=15 first=rocsolver cdls_ms=19.551866531 rocsolver_ms=27.285644531 cdls_submit_ms=0.571526000 roc_submit_ms=11.134081000 cdls_wall_ms=19.851036000 roc_wall_ms=27.563170000
sample n=8192 lda=8209 iteration=16 first=cdls cdls_ms=19.146144867 rocsolver_ms=26.566030502 cdls_submit_ms=0.313601000 roc_submit_ms=8.682843000 cdls_wall_ms=19.249353000 roc_wall_ms=26.575235000
sample n=8192 lda=8209 iteration=17 first=rocsolver cdls_ms=19.277063370 rocsolver_ms=27.268796921 cdls_submit_ms=0.670078000 roc_submit_ms=11.392387000 cdls_wall_ms=19.284667000 roc_wall_ms=27.278783000
sample n=8192 lda=8209 iteration=18 first=cdls cdls_ms=19.114786148 rocsolver_ms=26.678352356 cdls_submit_ms=0.315904000 roc_submit_ms=8.673589000 cdls_wall_ms=19.122538000 roc_wall_ms=26.686696000
sample n=8192 lda=8209 iteration=19 first=rocsolver cdls_ms=19.611148834 rocsolver_ms=27.287475586 cdls_submit_ms=0.873199000 roc_submit_ms=11.392287000 cdls_wall_ms=19.618949000 roc_wall_ms=27.577572000
sample n=8192 lda=8209 iteration=20 first=cdls cdls_ms=19.115596771 rocsolver_ms=26.588224411 cdls_submit_ms=0.206026000 roc_submit_ms=8.877051000 cdls_wall_ms=19.154007000 roc_wall_ms=26.596758000
sample n=8192 lda=8209 iteration=21 first=rocsolver cdls_ms=19.267671585 rocsolver_ms=27.204927444 cdls_submit_ms=0.658259000 roc_submit_ms=11.299845000 cdls_wall_ms=19.277927000 roc_wall_ms=27.489927000
sample n=8192 lda=8209 iteration=22 first=cdls cdls_ms=19.252286911 rocsolver_ms=26.730871201 cdls_submit_ms=0.408987000 roc_submit_ms=8.819582000 cdls_wall_ms=19.262663000 roc_wall_ms=26.738986000
sample n=8192 lda=8209 iteration=23 first=rocsolver cdls_ms=19.485054016 rocsolver_ms=27.037271500 cdls_submit_ms=0.854781000 roc_submit_ms=12.053791000 cdls_wall_ms=19.493307000 roc_wall_ms=27.183738000
sample n=8192 lda=8209 iteration=24 first=cdls cdls_ms=19.301771164 rocsolver_ms=26.753555298 cdls_submit_ms=0.461177000 roc_submit_ms=8.654819000 cdls_wall_ms=19.309254000 roc_wall_ms=26.763854000
sample n=8192 lda=8209 iteration=25 first=rocsolver cdls_ms=19.359802246 rocsolver_ms=27.056941986 cdls_submit_ms=0.571936000 roc_submit_ms=11.369732000 cdls_wall_ms=19.654854000 roc_wall_ms=27.339266000
sample n=8192 lda=8209 iteration=26 first=cdls cdls_ms=19.243503571 rocsolver_ms=26.784624100 cdls_submit_ms=0.398531000 roc_submit_ms=8.594857000 cdls_wall_ms=19.252878000 roc_wall_ms=26.793459000
sample n=8192 lda=8209 iteration=27 first=rocsolver cdls_ms=19.659290314 rocsolver_ms=27.311523438 cdls_submit_ms=0.851475000 roc_submit_ms=11.294657000 cdls_wall_ms=19.669657000 roc_wall_ms=27.590602000
sample n=8192 lda=8209 iteration=28 first=cdls cdls_ms=19.157331467 rocsolver_ms=26.639863968 cdls_submit_ms=0.434336000 roc_submit_ms=8.765519000 cdls_wall_ms=19.164413000 roc_wall_ms=26.648497000
sample n=8192 lda=8209 iteration=29 first=rocsolver cdls_ms=19.365512848 rocsolver_ms=27.332986832 cdls_submit_ms=0.567730000 roc_submit_ms=11.360438000 cdls_wall_ms=19.666011000 roc_wall_ms=27.618384000
bench n=8192 lda=8209 repeats=30 cdls_median_ms=19.251925 rocsolver_median_ms=26.821441 cdls_mean_ms=19.285580 rocsolver_mean_ms=26.884542 cdls_gflops=19035.515213 workspace_bytes=65544 roc_workspace_bytes=34145472 cdls_submit_ms=0.494088 roc_submit_ms=10.105524 cdls_wall_ms=19.361145 roc_wall_ms=26.951917 rocsolver_gflops=13663.334653 speedup=1.393182
