device=AMD Instinct MI300A arch=gfx942:sramecc+:xnack- HIP=60443484 CUs=228 memory_bytes=137438953472 rocSOLVER=3.28.2.1b897f5 rocBLAS=4.4.1.f08d23e3 baseline=rocsolver_dgetrf_npvt fp64 seed=20261001 method=auto matrix=dense n=8192 lda=8320 offset=0 warmup=5 repeats=30
validate n=8192 lda=8320 kind=dense info=7/0 L_rel=7.2829e-16 U_rel=2.1479e-15 residual_scaled=1.2306e-03/3.9221e-04 PASS
sample n=8192 lda=8320 iteration=0 first=cdls cdls_ms=19.160121918 rocsolver_ms=26.220079422 cdls_submit_ms=0.658299000 roc_submit_ms=9.089575000 cdls_wall_ms=19.174717000 roc_wall_ms=26.230575000
sample n=8192 lda=8320 iteration=1 first=rocsolver cdls_ms=18.818479538 rocsolver_ms=26.383659363 cdls_submit_ms=0.581041000 roc_submit_ms=13.409578000 cdls_wall_ms=19.151191000 roc_wall_ms=26.662507000
sample n=8192 lda=8320 iteration=2 first=cdls cdls_ms=18.640327454 rocsolver_ms=26.009464264 cdls_submit_ms=0.552837000 roc_submit_ms=8.806161000 cdls_wall_ms=18.648130000 roc_wall_ms=26.019481000
sample n=8192 lda=8320 iteration=3 first=rocsolver cdls_ms=18.468833923 rocsolver_ms=26.701843262 cdls_submit_ms=0.399923000 roc_submit_ms=13.584917000 cdls_wall_ms=18.708573000 roc_wall_ms=26.710861000
sample n=8192 lda=8320 iteration=4 first=cdls cdls_ms=18.435611725 rocsolver_ms=25.855497360 cdls_submit_ms=0.407705000 roc_submit_ms=8.815205000 cdls_wall_ms=18.598393000 roc_wall_ms=25.865085000
sample n=8192 lda=8320 iteration=5 first=rocsolver cdls_ms=18.736423492 rocsolver_ms=26.736307144 cdls_submit_ms=0.543193000 roc_submit_ms=13.148038000 cdls_wall_ms=19.084489000 roc_wall_ms=26.745034000
sample n=8192 lda=8320 iteration=6 first=cdls cdls_ms=18.612743378 rocsolver_ms=26.135717392 cdls_submit_ms=0.487978000 roc_submit_ms=8.780722000 cdls_wall_ms=18.623151000 roc_wall_ms=26.144763000
sample n=8192 lda=8320 iteration=7 first=rocsolver cdls_ms=18.628408432 rocsolver_ms=26.553068161 cdls_submit_ms=0.563734000 roc_submit_ms=13.115107000 cdls_wall_ms=18.931705000 roc_wall_ms=26.854782000
sample n=8192 lda=8320 iteration=8 first=cdls cdls_ms=18.684364319 rocsolver_ms=25.925296783 cdls_submit_ms=0.431812000 roc_submit_ms=8.539483000 cdls_wall_ms=18.693158000 roc_wall_ms=25.934251000
sample n=8192 lda=8320 iteration=9 first=rocsolver cdls_ms=18.810457230 rocsolver_ms=26.476139069 cdls_submit_ms=0.620912000 roc_submit_ms=11.415572000 cdls_wall_ms=19.045028000 roc_wall_ms=26.728027000
sample n=8192 lda=8320 iteration=10 first=cdls cdls_ms=18.636400223 rocsolver_ms=26.086791992 cdls_submit_ms=0.360632000 roc_submit_ms=8.541585000 cdls_wall_ms=18.647168000 roc_wall_ms=26.094156000
sample n=8192 lda=8320 iteration=11 first=rocsolver cdls_ms=18.625633240 rocsolver_ms=26.641391754 cdls_submit_ms=0.649435000 roc_submit_ms=11.352344000 cdls_wall_ms=18.634930000 roc_wall_ms=26.923237000
sample n=8192 lda=8320 iteration=12 first=cdls cdls_ms=18.567356110 rocsolver_ms=25.985126495 cdls_submit_ms=0.325389000 roc_submit_ms=8.503958000 cdls_wall_ms=18.575839000 roc_wall_ms=25.992470000
sample n=8192 lda=8320 iteration=13 first=rocsolver cdls_ms=19.108184814 rocsolver_ms=26.507938385 cdls_submit_ms=0.844765000 roc_submit_ms=11.386857000 cdls_wall_ms=19.117910000 roc_wall_ms=26.777653000
sample n=8192 lda=8320 iteration=14 first=cdls cdls_ms=18.594575882 rocsolver_ms=26.043056488 cdls_submit_ms=0.324157000 roc_submit_ms=8.632474000 cdls_wall_ms=18.695683000 roc_wall_ms=26.050549000
sample n=8192 lda=8320 iteration=15 first=rocsolver cdls_ms=19.049253464 rocsolver_ms=26.574731827 cdls_submit_ms=0.861371000 roc_submit_ms=11.402882000 cdls_wall_ms=19.057777000 roc_wall_ms=26.856504000
sample n=8192 lda=8320 iteration=16 first=cdls cdls_ms=18.687057495 rocsolver_ms=26.162227631 cdls_submit_ms=0.326100000 roc_submit_ms=8.689261000 cdls_wall_ms=18.696363000 roc_wall_ms=26.171184000
sample n=8192 lda=8320 iteration=17 first=rocsolver cdls_ms=19.040729523 rocsolver_ms=26.790149689 cdls_submit_ms=0.812626000 roc_submit_ms=11.908737000 cdls_wall_ms=19.049846000 roc_wall_ms=26.798725000
sample n=8192 lda=8320 iteration=18 first=cdls cdls_ms=18.552562714 rocsolver_ms=26.211063385 cdls_submit_ms=0.388866000 roc_submit_ms=8.555316000 cdls_wall_ms=18.560315000 roc_wall_ms=26.220208000
sample n=8192 lda=8320 iteration=19 first=rocsolver cdls_ms=18.918411255 rocsolver_ms=26.658500671 cdls_submit_ms=0.847610000 roc_submit_ms=11.320125000 cdls_wall_ms=18.925445000 roc_wall_ms=26.927413000
sample n=8192 lda=8320 iteration=20 first=cdls cdls_ms=18.519681931 rocsolver_ms=26.155668259 cdls_submit_ms=0.178904000 roc_submit_ms=8.644012000 cdls_wall_ms=18.528546000 roc_wall_ms=26.163602000
sample n=8192 lda=8320 iteration=21 first=rocsolver cdls_ms=19.012235641 rocsolver_ms=26.848941803 cdls_submit_ms=0.839087000 roc_submit_ms=11.332233000 cdls_wall_ms=19.020721000 roc_wall_ms=27.123263000
sample n=8192 lda=8320 iteration=22 first=cdls cdls_ms=18.436584473 rocsolver_ms=26.024988174 cdls_submit_ms=0.318158000 roc_submit_ms=8.664945000 cdls_wall_ms=18.445269000 roc_wall_ms=26.035055000
sample n=8192 lda=8320 iteration=23 first=rocsolver cdls_ms=19.086259842 rocsolver_ms=26.616903305 cdls_submit_ms=0.844755000 roc_submit_ms=11.330891000 cdls_wall_ms=19.094984000 roc_wall_ms=26.890436000
sample n=8192 lda=8320 iteration=24 first=cdls cdls_ms=18.721351624 rocsolver_ms=26.057958603 cdls_submit_ms=0.331318000 roc_submit_ms=8.624692000 cdls_wall_ms=18.729695000 roc_wall_ms=26.066083000
sample n=8192 lda=8320 iteration=25 first=rocsolver cdls_ms=18.895727158 rocsolver_ms=26.789087296 cdls_submit_ms=0.606610000 roc_submit_ms=11.390253000 cdls_wall_ms=19.107614000 roc_wall_ms=27.066817000
sample n=8192 lda=8320 iteration=26 first=cdls cdls_ms=18.731405258 rocsolver_ms=26.033239365 cdls_submit_ms=0.407275000 roc_submit_ms=8.581847000 cdls_wall_ms=18.740271000 roc_wall_ms=26.042796000
sample n=8192 lda=8320 iteration=27 first=rocsolver cdls_ms=18.755731583 rocsolver_ms=26.920511246 cdls_submit_ms=0.513888000 roc_submit_ms=11.292823000 cdls_wall_ms=19.025679000 roc_wall_ms=27.188083000
sample n=8192 lda=8320 iteration=28 first=cdls cdls_ms=18.524839401 rocsolver_ms=26.077608109 cdls_submit_ms=0.382236000 roc_submit_ms=8.712417000 cdls_wall_ms=18.533694000 roc_wall_ms=26.085061000
sample n=8192 lda=8320 iteration=29 first=rocsolver cdls_ms=19.117477417 rocsolver_ms=26.666971207 cdls_submit_ms=0.884115000 roc_submit_ms=11.289067000 cdls_wall_ms=19.126103000 roc_wall_ms=26.940874000
bench n=8192 lda=8320 repeats=30 cdls_median_ms=18.704205 rocsolver_median_ms=26.301869 cdls_mean_ms=18.752574 rocsolver_mean_ms=26.361664 cdls_gflops=19592.937992 workspace_bytes=65544 roc_workspace_bytes=34145472 cdls_submit_ms=0.528541 roc_submit_ms=10.189321 cdls_wall_ms=18.734983 roc_wall_ms=26.446541 rocsolver_gflops=13933.242336 speedup=1.406201
