device=AMD Instinct MI300A arch=gfx942:sramecc+:xnack- HIP=60443484 CUs=228 memory_bytes=137438953472 rocSOLVER=3.28.2.1b897f5 rocBLAS=4.4.1.f08d23e3 baseline=rocsolver_dgetrf_npvt fp64 seed=20261001 method=auto matrix=dense n=16384 lda=16512 offset=0 warmup=5 repeats=30
validate n=16384 lda=16512 kind=dense info=7/0 L_rel=2.3203e-15 U_rel=5.8178e-15 residual_scaled=1.5881e-03/2.0443e-04 PASS
sample n=16384 lda=16512 iteration=0 first=cdls cdls_ms=220.570205688 rocsolver_ms=111.329742432 cdls_submit_ms=0.628974000 roc_submit_ms=68.329851000 cdls_wall_ms=220.587239000 roc_wall_ms=111.337273000
sample n=16384 lda=16512 iteration=1 first=rocsolver cdls_ms=220.858642578 rocsolver_ms=111.592025757 cdls_submit_ms=0.010125000 roc_submit_ms=45.724055000 cdls_wall_ms=221.612175000 roc_wall_ms=111.599435000
sample n=16384 lda=16512 iteration=2 first=cdls cdls_ms=219.779846191 rocsolver_ms=110.582527161 cdls_submit_ms=0.292257000 roc_submit_ms=51.901603000 cdls_wall_ms=219.790568000 roc_wall_ms=110.596608000
sample n=16384 lda=16512 iteration=3 first=rocsolver cdls_ms=220.688308716 rocsolver_ms=111.937965393 cdls_submit_ms=0.009554000 roc_submit_ms=56.313796000 cdls_wall_ms=221.258296000 roc_wall_ms=112.581130000
sample n=16384 lda=16512 iteration=4 first=cdls cdls_ms=221.304534912 rocsolver_ms=111.602928162 cdls_submit_ms=0.006981000 roc_submit_ms=60.201864000 cdls_wall_ms=221.313761000 roc_wall_ms=111.620918000
sample n=16384 lda=16512 iteration=5 first=rocsolver cdls_ms=222.231475830 rocsolver_ms=112.341789246 cdls_submit_ms=0.009966000 roc_submit_ms=65.055833000 cdls_wall_ms=222.801811000 roc_wall_ms=112.890214000
sample n=16384 lda=16512 iteration=6 first=cdls cdls_ms=221.696319580 rocsolver_ms=112.102119446 cdls_submit_ms=0.008734000 roc_submit_ms=68.730205000 cdls_wall_ms=221.703709000 roc_wall_ms=112.110328000
sample n=16384 lda=16512 iteration=7 first=rocsolver cdls_ms=221.875518799 rocsolver_ms=112.938919067 cdls_submit_ms=0.009655000 roc_submit_ms=45.765609000 cdls_wall_ms=222.462792000 roc_wall_ms=112.947481000
sample n=16384 lda=16512 iteration=8 first=cdls cdls_ms=222.110046387 rocsolver_ms=111.570007324 cdls_submit_ms=0.279648000 roc_submit_ms=52.458838000 cdls_wall_ms=222.120327000 roc_wall_ms=111.578593000
sample n=16384 lda=16512 iteration=9 first=rocsolver cdls_ms=223.777603149 rocsolver_ms=112.857498169 cdls_submit_ms=0.009044000 roc_submit_ms=56.572242000 cdls_wall_ms=223.785729000 roc_wall_ms=113.482511000
sample n=16384 lda=16512 iteration=10 first=cdls cdls_ms=223.072555542 rocsolver_ms=112.621360779 cdls_submit_ms=0.008383000 roc_submit_ms=60.604822000 cdls_wall_ms=223.082020000 roc_wall_ms=112.629022000
sample n=16384 lda=16512 iteration=11 first=rocsolver cdls_ms=223.748718262 rocsolver_ms=113.303413391 cdls_submit_ms=0.009555000 roc_submit_ms=65.406350000 cdls_wall_ms=224.285304000 roc_wall_ms=113.846899000
sample n=16384 lda=16512 iteration=12 first=cdls cdls_ms=222.511138916 rocsolver_ms=112.593750000 cdls_submit_ms=0.021523000 roc_submit_ms=68.916780000 cdls_wall_ms=222.520509000 roc_wall_ms=112.601259000
sample n=16384 lda=16512 iteration=13 first=rocsolver cdls_ms=224.182662964 rocsolver_ms=112.869239807 cdls_submit_ms=0.008884000 roc_submit_ms=45.811310000 cdls_wall_ms=224.772540000 roc_wall_ms=112.877824000
sample n=16384 lda=16512 iteration=14 first=cdls cdls_ms=224.168395996 rocsolver_ms=112.350402832 cdls_submit_ms=0.008413000 roc_submit_ms=52.501322000 cdls_wall_ms=224.178159000 roc_wall_ms=112.358047000
sample n=16384 lda=16512 iteration=15 first=rocsolver cdls_ms=225.336380005 rocsolver_ms=114.129112244 cdls_submit_ms=0.009966000 roc_submit_ms=57.302601000 cdls_wall_ms=225.934341000 roc_wall_ms=114.770034000
sample n=16384 lda=16512 iteration=16 first=cdls cdls_ms=224.405593872 rocsolver_ms=113.469085693 cdls_submit_ms=0.007201000 roc_submit_ms=61.108484000 cdls_wall_ms=224.427181000 roc_wall_ms=113.477002000
sample n=16384 lda=16512 iteration=17 first=rocsolver cdls_ms=225.546035767 rocsolver_ms=114.130767822 cdls_submit_ms=0.010115000 roc_submit_ms=66.285928000 cdls_wall_ms=226.090600000 roc_wall_ms=114.683431000
sample n=16384 lda=16512 iteration=18 first=cdls cdls_ms=224.470458984 rocsolver_ms=113.322608948 cdls_submit_ms=0.010797000 roc_submit_ms=69.411999000 cdls_wall_ms=224.477458000 roc_wall_ms=113.332470000
sample n=16384 lda=16512 iteration=19 first=rocsolver cdls_ms=224.825408936 rocsolver_ms=114.075309753 cdls_submit_ms=0.009875000 roc_submit_ms=41.562087000 cdls_wall_ms=225.548930000 roc_wall_ms=114.084863000
sample n=16384 lda=16512 iteration=20 first=cdls cdls_ms=224.432052612 rocsolver_ms=113.572441101 cdls_submit_ms=0.011297000 roc_submit_ms=46.677517000 cdls_wall_ms=224.439479000 roc_wall_ms=113.581281000
sample n=16384 lda=16512 iteration=21 first=rocsolver cdls_ms=225.709548950 rocsolver_ms=115.144172668 cdls_submit_ms=0.008973000 roc_submit_ms=57.716695000 cdls_wall_ms=226.264305000 roc_wall_ms=115.152970000
sample n=16384 lda=16512 iteration=22 first=cdls cdls_ms=223.371368408 rocsolver_ms=114.424331665 cdls_submit_ms=0.022625000 roc_submit_ms=61.619677000 cdls_wall_ms=223.381417000 roc_wall_ms=114.432675000
sample n=16384 lda=16512 iteration=23 first=rocsolver cdls_ms=224.928314209 rocsolver_ms=114.639457703 cdls_submit_ms=0.010046000 roc_submit_ms=66.169289000 cdls_wall_ms=225.476328000 roc_wall_ms=114.648236000
sample n=16384 lda=16512 iteration=24 first=cdls cdls_ms=225.351013184 rocsolver_ms=114.292953491 cdls_submit_ms=0.019490000 roc_submit_ms=69.888379000 cdls_wall_ms=225.361451000 roc_wall_ms=114.301034000
sample n=16384 lda=16512 iteration=25 first=rocsolver cdls_ms=226.169952393 rocsolver_ms=114.691184998 cdls_submit_ms=0.010456000 roc_submit_ms=41.577821000 cdls_wall_ms=226.903325000 roc_wall_ms=114.699455000
sample n=16384 lda=16512 iteration=26 first=cdls cdls_ms=224.799804688 rocsolver_ms=114.101959229 cdls_submit_ms=0.008203000 roc_submit_ms=46.719331000 cdls_wall_ms=224.818850000 roc_wall_ms=114.111704000
sample n=16384 lda=16512 iteration=27 first=rocsolver cdls_ms=226.916152954 rocsolver_ms=115.143600464 cdls_submit_ms=0.562032000 roc_submit_ms=57.248106000 cdls_wall_ms=226.924997000 roc_wall_ms=115.375400000
sample n=16384 lda=16512 iteration=28 first=cdls cdls_ms=225.597946167 rocsolver_ms=113.295425415 cdls_submit_ms=0.022375000 roc_submit_ms=57.059206000 cdls_wall_ms=225.606777000 roc_wall_ms=113.303084000
sample n=16384 lda=16512 iteration=29 first=rocsolver cdls_ms=226.906112671 rocsolver_ms=114.645515442 cdls_submit_ms=0.013812000 roc_submit_ms=66.232335000 cdls_wall_ms=227.447508000 roc_wall_ms=115.198189000
bench n=16384 lda=16512 repeats=30 cdls_median_ms=224.175529 rocsolver_median_ms=113.299419 cdls_mean_ms=223.711404 rocsolver_mean_ms=113.189054 cdls_gflops=13078.576389 workspace_bytes=262152 roc_workspace_bytes=67765440 cdls_submit_ms=0.010006 roc_submit_ms=57.509648 cdls_wall_ms=224.356243 roc_wall_ms=113.404736 rocsolver_gflops=25877.421106 speedup=0.505405
