device=AMD Instinct MI300A arch=gfx942:sramecc+:xnack- HIP=60443484 CUs=228 memory_bytes=137438953472 rocSOLVER=3.28.2.1b897f5 rocBLAS=4.4.1.f08d23e3 baseline=rocsolver_dgetrf_npvt fp64 seed=20261001 method=auto matrix=dense n=16384 lda=16384 offset=0 warmup=5 repeats=30
validate n=16384 lda=16384 kind=dense info=7/0 L_rel=2.3203e-15 U_rel=5.8178e-15 residual_scaled=1.5881e-03/2.0443e-04 PASS
sample n=16384 lda=16384 iteration=0 first=cdls cdls_ms=222.782958984 rocsolver_ms=109.952529907 cdls_submit_ms=0.009996000 roc_submit_ms=67.879826000 cdls_wall_ms=222.930596000 roc_wall_ms=109.959548000
sample n=16384 lda=16384 iteration=1 first=rocsolver cdls_ms=220.466125488 rocsolver_ms=110.024063110 cdls_submit_ms=0.010126000 roc_submit_ms=44.753196000 cdls_wall_ms=221.186316000 roc_wall_ms=110.159204000
sample n=16384 lda=16384 iteration=2 first=cdls cdls_ms=221.683578491 rocsolver_ms=109.181953430 cdls_submit_ms=0.315073000 roc_submit_ms=51.996857000 cdls_wall_ms=221.694734000 roc_wall_ms=109.191562000
sample n=16384 lda=16384 iteration=3 first=rocsolver cdls_ms=222.722061157 rocsolver_ms=111.129463196 cdls_submit_ms=0.009144000 roc_submit_ms=56.218131000 cdls_wall_ms=223.290558000 roc_wall_ms=111.784462000
sample n=16384 lda=16384 iteration=4 first=cdls cdls_ms=222.172821045 rocsolver_ms=110.815765381 cdls_submit_ms=0.008904000 roc_submit_ms=59.937705000 cdls_wall_ms=222.181460000 roc_wall_ms=110.822439000
sample n=16384 lda=16384 iteration=5 first=rocsolver cdls_ms=223.720672607 rocsolver_ms=110.531364441 cdls_submit_ms=0.009415000 roc_submit_ms=64.201134000 cdls_wall_ms=224.273072000 roc_wall_ms=111.109950000
sample n=16384 lda=16384 iteration=6 first=cdls cdls_ms=223.046356201 rocsolver_ms=110.827499390 cdls_submit_ms=0.008743000 roc_submit_ms=68.030096000 cdls_wall_ms=223.056058000 roc_wall_ms=110.837051000
sample n=16384 lda=16384 iteration=7 first=rocsolver cdls_ms=223.790573120 rocsolver_ms=110.546302795 cdls_submit_ms=0.010666000 roc_submit_ms=44.846819000 cdls_wall_ms=223.799266000 roc_wall_ms=111.118602000
sample n=16384 lda=16384 iteration=8 first=cdls cdls_ms=224.701049805 rocsolver_ms=109.883834839 cdls_submit_ms=0.009695000 roc_submit_ms=51.567319000 cdls_wall_ms=224.710952000 roc_wall_ms=109.892776000
sample n=16384 lda=16384 iteration=9 first=rocsolver cdls_ms=224.633224487 rocsolver_ms=111.031417847 cdls_submit_ms=0.009375000 roc_submit_ms=55.854203000 cdls_wall_ms=225.208395000 roc_wall_ms=111.672751000
sample n=16384 lda=16384 iteration=10 first=cdls cdls_ms=222.696411133 rocsolver_ms=111.227294922 cdls_submit_ms=0.006941000 roc_submit_ms=60.502009000 cdls_wall_ms=222.706893000 roc_wall_ms=111.235842000
sample n=16384 lda=16384 iteration=11 first=rocsolver cdls_ms=225.098968506 rocsolver_ms=111.981147766 cdls_submit_ms=0.009304000 roc_submit_ms=64.899363000 cdls_wall_ms=225.661819000 roc_wall_ms=111.990187000
sample n=16384 lda=16384 iteration=12 first=cdls cdls_ms=224.474029541 rocsolver_ms=111.324447632 cdls_submit_ms=0.007271000 roc_submit_ms=68.268852000 cdls_wall_ms=224.496915000 roc_wall_ms=111.332690000
sample n=16384 lda=16384 iteration=13 first=rocsolver cdls_ms=226.572433472 rocsolver_ms=111.474433899 cdls_submit_ms=0.729086000 roc_submit_ms=45.146968000 cdls_wall_ms=226.581426000 roc_wall_ms=112.009165000
sample n=16384 lda=16384 iteration=14 first=cdls cdls_ms=224.870300293 rocsolver_ms=110.183502197 cdls_submit_ms=0.012649000 roc_submit_ms=51.378740000 cdls_wall_ms=224.879250000 roc_wall_ms=110.191222000
sample n=16384 lda=16384 iteration=15 first=rocsolver cdls_ms=225.766555786 rocsolver_ms=111.572685242 cdls_submit_ms=0.008203000 roc_submit_ms=56.175334000 cdls_wall_ms=225.775923000 roc_wall_ms=112.212016000
sample n=16384 lda=16384 iteration=16 first=cdls cdls_ms=225.133392334 rocsolver_ms=112.146629333 cdls_submit_ms=0.010567000 roc_submit_ms=60.448628000 cdls_wall_ms=225.738917000 roc_wall_ms=112.154589000
sample n=16384 lda=16384 iteration=17 first=rocsolver cdls_ms=225.771453857 rocsolver_ms=111.721023560 cdls_submit_ms=0.009024000 roc_submit_ms=64.333366000 cdls_wall_ms=226.314869000 roc_wall_ms=112.272409000
sample n=16384 lda=16384 iteration=18 first=cdls cdls_ms=225.952209473 rocsolver_ms=112.001678467 cdls_submit_ms=0.008323000 roc_submit_ms=68.525975000 cdls_wall_ms=225.960746000 roc_wall_ms=112.009557000
sample n=16384 lda=16384 iteration=19 first=rocsolver cdls_ms=226.636657715 rocsolver_ms=112.463653564 cdls_submit_ms=0.009154000 roc_submit_ms=41.011035000 cdls_wall_ms=227.386880000 roc_wall_ms=112.996497000
sample n=16384 lda=16384 iteration=20 first=cdls cdls_ms=225.816680908 rocsolver_ms=111.756065369 cdls_submit_ms=0.008273000 roc_submit_ms=45.857366000 cdls_wall_ms=225.827102000 roc_wall_ms=111.764973000
sample n=16384 lda=16384 iteration=21 first=rocsolver cdls_ms=227.848312378 rocsolver_ms=113.159889221 cdls_submit_ms=0.008493000 roc_submit_ms=56.790537000 cdls_wall_ms=227.858192000 roc_wall_ms=113.836834000
sample n=16384 lda=16384 iteration=22 first=cdls cdls_ms=226.589874268 rocsolver_ms=112.199661255 cdls_submit_ms=0.009565000 roc_submit_ms=60.029846000 cdls_wall_ms=227.168785000 roc_wall_ms=112.208211000
sample n=16384 lda=16384 iteration=23 first=rocsolver cdls_ms=227.391372681 rocsolver_ms=113.097129822 cdls_submit_ms=0.009805000 roc_submit_ms=65.588667000 cdls_wall_ms=228.000680000 roc_wall_ms=113.662527000
sample n=16384 lda=16384 iteration=24 first=cdls cdls_ms=227.152893066 rocsolver_ms=112.330619812 cdls_submit_ms=0.006550000 roc_submit_ms=68.348814000 cdls_wall_ms=227.163358000 roc_wall_ms=112.341094000
sample n=16384 lda=16384 iteration=25 first=rocsolver cdls_ms=227.869583130 rocsolver_ms=113.099273682 cdls_submit_ms=0.009685000 roc_submit_ms=41.270633000 cdls_wall_ms=228.422856000 roc_wall_ms=113.641215000
sample n=16384 lda=16384 iteration=26 first=cdls cdls_ms=226.503814697 rocsolver_ms=112.401550293 cdls_submit_ms=0.009975000 roc_submit_ms=45.795861000 cdls_wall_ms=226.512781000 roc_wall_ms=112.410781000
sample n=16384 lda=16384 iteration=27 first=rocsolver cdls_ms=228.611206055 rocsolver_ms=113.176078796 cdls_submit_ms=0.008764000 roc_submit_ms=56.657243000 cdls_wall_ms=228.618446000 roc_wall_ms=113.917888000
sample n=16384 lda=16384 iteration=28 first=cdls cdls_ms=226.351455688 rocsolver_ms=112.609886169 cdls_submit_ms=0.063307000 roc_submit_ms=57.191330000 cdls_wall_ms=226.881326000 roc_wall_ms=112.617538000
sample n=16384 lda=16384 iteration=29 first=rocsolver cdls_ms=229.031433105 rocsolver_ms=112.314796448 cdls_submit_ms=0.008894000 roc_submit_ms=64.594596000 cdls_wall_ms=229.599177000 roc_wall_ms=112.872648000
bench n=16384 lda=16384 repeats=30 cdls_median_ms=225.449974 rocsolver_median_ms=111.646854 cdls_mean_ms=225.195282 rocsolver_mean_ms=111.538855 cdls_gflops=13004.644597 workspace_bytes=262152 roc_workspace_bytes=67765440 cdls_submit_ms=0.009340 roc_submit_ms=56.990933 cdls_wall_ms=225.757420 roc_wall_ms=111.999676 rocsolver_gflops=26260.451337 speedup=0.495218
