device=AMD Instinct MI300A arch=gfx942:sramecc+:xnack- HIP=60443484 CUs=228 memory_bytes=137438953472 rocSOLVER=3.28.2.1b897f5 rocBLAS=4.4.1.f08d23e3 baseline=rocsolver_dgetrf_npvt fp64 seed=20261001 method=auto matrix=dense n=8192 lda=8192 offset=0 warmup=5 repeats=30
validate n=8192 lda=8192 kind=dense info=7/0 L_rel=7.2829e-16 U_rel=2.1479e-15 residual_scaled=1.2306e-03/3.9221e-04 PASS
sample n=8192 lda=8192 iteration=0 first=cdls cdls_ms=18.457729340 rocsolver_ms=25.938463211 cdls_submit_ms=0.228289000 roc_submit_ms=8.969604000 cdls_wall_ms=18.628493000 roc_wall_ms=25.948982000
sample n=8192 lda=8192 iteration=1 first=rocsolver cdls_ms=18.566125870 rocsolver_ms=26.392639160 cdls_submit_ms=0.559687000 roc_submit_ms=13.988930000 cdls_wall_ms=18.883654000 roc_wall_ms=26.402908000
sample n=8192 lda=8192 iteration=2 first=cdls cdls_ms=18.465431213 rocsolver_ms=25.903459549 cdls_submit_ms=0.250414000 roc_submit_ms=8.835769000 cdls_wall_ms=18.473166000 roc_wall_ms=25.912326000
sample n=8192 lda=8192 iteration=3 first=rocsolver cdls_ms=18.529619217 rocsolver_ms=26.408424377 cdls_submit_ms=0.686943000 roc_submit_ms=12.812999000 cdls_wall_ms=18.537163000 roc_wall_ms=26.677738000
sample n=8192 lda=8192 iteration=4 first=cdls cdls_ms=18.638175964 rocsolver_ms=25.905664444 cdls_submit_ms=0.221869000 roc_submit_ms=8.816370000 cdls_wall_ms=18.689476000 roc_wall_ms=25.915111000
sample n=8192 lda=8192 iteration=5 first=rocsolver cdls_ms=18.595060349 rocsolver_ms=26.384006500 cdls_submit_ms=0.593228000 roc_submit_ms=12.545028000 cdls_wall_ms=18.921442000 roc_wall_ms=26.675504000
sample n=8192 lda=8192 iteration=6 first=cdls cdls_ms=18.498411179 rocsolver_ms=25.928028107 cdls_submit_ms=0.243503000 roc_submit_ms=8.797461000 cdls_wall_ms=18.508239000 roc_wall_ms=25.935592000
sample n=8192 lda=8192 iteration=7 first=rocsolver cdls_ms=18.498592377 rocsolver_ms=26.395383835 cdls_submit_ms=0.532676000 roc_submit_ms=12.388528000 cdls_wall_ms=18.790391000 roc_wall_ms=26.698860000
sample n=8192 lda=8192 iteration=8 first=cdls cdls_ms=18.566896439 rocsolver_ms=25.911943436 cdls_submit_ms=0.206777000 roc_submit_ms=8.491482000 cdls_wall_ms=18.576755000 roc_wall_ms=25.919577000
sample n=8192 lda=8192 iteration=9 first=rocsolver cdls_ms=18.588632584 rocsolver_ms=26.451190948 cdls_submit_ms=0.558605000 roc_submit_ms=11.229505000 cdls_wall_ms=18.832586000 roc_wall_ms=26.690058000
sample n=8192 lda=8192 iteration=10 first=cdls cdls_ms=18.491262436 rocsolver_ms=25.847745895 cdls_submit_ms=0.212395000 roc_submit_ms=8.527698000 cdls_wall_ms=18.499606000 roc_wall_ms=25.856541000
sample n=8192 lda=8192 iteration=11 first=rocsolver cdls_ms=18.790159225 rocsolver_ms=26.394403458 cdls_submit_ms=0.830692000 roc_submit_ms=11.159517000 cdls_wall_ms=18.798825000 roc_wall_ms=26.659380000
sample n=8192 lda=8192 iteration=12 first=cdls cdls_ms=18.411100388 rocsolver_ms=25.951623917 cdls_submit_ms=0.202430000 roc_submit_ms=8.602192000 cdls_wall_ms=18.419954000 roc_wall_ms=25.959248000
sample n=8192 lda=8192 iteration=13 first=rocsolver cdls_ms=18.931386948 rocsolver_ms=26.610984802 cdls_submit_ms=0.792323000 roc_submit_ms=11.277607000 cdls_wall_ms=18.940862000 roc_wall_ms=26.787636000
sample n=8192 lda=8192 iteration=14 first=cdls cdls_ms=18.574119568 rocsolver_ms=26.114152908 cdls_submit_ms=0.367953000 roc_submit_ms=8.620860000 cdls_wall_ms=18.583564000 roc_wall_ms=26.121876000
sample n=8192 lda=8192 iteration=15 first=rocsolver cdls_ms=18.671358109 rocsolver_ms=26.717878342 cdls_submit_ms=0.572898000 roc_submit_ms=11.305320000 cdls_wall_ms=18.917115000 roc_wall_ms=26.991469000
sample n=8192 lda=8192 iteration=16 first=cdls cdls_ms=18.544593811 rocsolver_ms=26.049184799 cdls_submit_ms=0.417519000 roc_submit_ms=8.596092000 cdls_wall_ms=18.553058000 roc_wall_ms=26.057939000
sample n=8192 lda=8192 iteration=17 first=rocsolver cdls_ms=19.035503387 rocsolver_ms=26.442203522 cdls_submit_ms=0.813806000 roc_submit_ms=11.120788000 cdls_wall_ms=19.044069000 roc_wall_ms=26.453725000
sample n=8192 lda=8192 iteration=18 first=cdls cdls_ms=18.419542313 rocsolver_ms=25.975971222 cdls_submit_ms=0.370718000 roc_submit_ms=8.541739000 cdls_wall_ms=18.428136000 roc_wall_ms=25.984908000
sample n=8192 lda=8192 iteration=19 first=rocsolver cdls_ms=18.724830627 rocsolver_ms=26.776437759 cdls_submit_ms=0.524994000 roc_submit_ms=11.188091000 cdls_wall_ms=19.004058000 roc_wall_ms=27.042075000
sample n=8192 lda=8192 iteration=20 first=cdls cdls_ms=18.617576599 rocsolver_ms=25.897752762 cdls_submit_ms=0.442678000 roc_submit_ms=8.545374000 cdls_wall_ms=18.624747000 roc_wall_ms=25.904605000
sample n=8192 lda=8192 iteration=21 first=rocsolver cdls_ms=18.771179199 rocsolver_ms=26.338928223 cdls_submit_ms=0.645608000 roc_submit_ms=11.045182000 cdls_wall_ms=18.779555000 roc_wall_ms=26.605438000
sample n=8192 lda=8192 iteration=22 first=cdls cdls_ms=18.475727081 rocsolver_ms=26.015411377 cdls_submit_ms=0.361204000 roc_submit_ms=8.630004000 cdls_wall_ms=18.484863000 roc_wall_ms=26.023436000
sample n=8192 lda=8192 iteration=23 first=rocsolver cdls_ms=18.836872101 rocsolver_ms=26.472824097 cdls_submit_ms=0.823290000 roc_submit_ms=11.144464000 cdls_wall_ms=18.845445000 roc_wall_ms=26.648423000
sample n=8192 lda=8192 iteration=24 first=cdls cdls_ms=18.755887985 rocsolver_ms=26.041362762 cdls_submit_ms=0.398430000 roc_submit_ms=8.692309000 cdls_wall_ms=18.764271000 roc_wall_ms=26.048885000
sample n=8192 lda=8192 iteration=25 first=rocsolver cdls_ms=18.754104614 rocsolver_ms=26.886646271 cdls_submit_ms=0.637546000 roc_submit_ms=11.303468000 cdls_wall_ms=18.930125000 roc_wall_ms=26.897014000
sample n=8192 lda=8192 iteration=26 first=cdls cdls_ms=18.587760925 rocsolver_ms=25.972465515 cdls_submit_ms=0.366951000 roc_submit_ms=8.548400000 cdls_wall_ms=18.595373000 roc_wall_ms=25.980020000
sample n=8192 lda=8192 iteration=27 first=rocsolver cdls_ms=18.936180115 rocsolver_ms=26.404338837 cdls_submit_ms=0.848619000 roc_submit_ms=11.167389000 cdls_wall_ms=18.944428000 roc_wall_ms=26.671509000
sample n=8192 lda=8192 iteration=28 first=cdls cdls_ms=18.635520935 rocsolver_ms=26.065048218 cdls_submit_ms=0.392571000 roc_submit_ms=8.553597000 cdls_wall_ms=18.643797000 roc_wall_ms=26.073463000
sample n=8192 lda=8192 iteration=29 first=rocsolver cdls_ms=18.726984024 rocsolver_ms=26.731048584 cdls_submit_ms=0.537052000 roc_submit_ms=11.233450000 cdls_wall_ms=19.019261000 roc_wall_ms=27.010247000
bench n=8192 lda=8192 repeats=30 cdls_median_ms=18.591846 rocsolver_median_ms=26.226541 cdls_mean_ms=18.636544 rocsolver_mean_ms=26.244187 cdls_gflops=19711.346089 workspace_bytes=65544 roc_workspace_bytes=34145472 cdls_submit_ms=0.483836 roc_submit_ms=10.007393 cdls_wall_ms=18.726873 roc_wall_ms=26.262392 rocsolver_gflops=13973.261903 speedup=1.410647
