device=AMD Instinct MI300A arch=gfx942:sramecc+:xnack- HIP=60443484 CUs=228 memory_bytes=137438953472 rocSOLVER=3.28.2.1b897f5 rocBLAS=4.4.1.f08d23e3 baseline=rocsolver_dgetrf_npvt fp64 seed=20261001 method=auto matrix=dense n=8 lda=8 offset=0 warmup=20 repeats=30
validate n=8 lda=8 kind=dense info=7/0 L_rel=3.8164e-17 U_rel=4.8446e-18 residual_scaled=7.2478e-03/8.2852e-03 cpu_residual_scaled=2.6370e-02/2.6874e-02 PASS
sample n=8 lda=8 iteration=0 first=cdls cdls_ms=0.007011000 rocsolver_ms=0.011377000 cdls_submit_ms=0.002574000 roc_submit_ms=0.008944000 cdls_wall_ms=0.025670000 roc_wall_ms=0.020121000
sample n=8 lda=8 iteration=1 first=rocsolver cdls_ms=0.008132000 rocsolver_ms=0.010496000 cdls_submit_ms=0.002785000 roc_submit_ms=0.007051000 cdls_wall_ms=0.016695000 roc_wall_ms=0.018178000
sample n=8 lda=8 iteration=2 first=cdls cdls_ms=0.006730000 rocsolver_ms=0.016826000 cdls_submit_ms=0.002914000 roc_submit_ms=0.012369000 cdls_wall_ms=0.015895000 roc_wall_ms=0.024738000
sample n=8 lda=8 iteration=3 first=rocsolver cdls_ms=0.006771000 rocsolver_ms=0.016104000 cdls_submit_ms=0.002224000 roc_submit_ms=0.011387000 cdls_wall_ms=0.014102000 roc_wall_ms=0.025339000
sample n=8 lda=8 iteration=4 first=cdls cdls_ms=0.013661000 rocsolver_ms=0.012700000 cdls_submit_ms=0.007581000 roc_submit_ms=0.006770000 cdls_wall_ms=0.023135000 roc_wall_ms=0.021553000
sample n=8 lda=8 iteration=5 first=rocsolver cdls_ms=0.007331000 rocsolver_ms=0.011898000 cdls_submit_ms=0.002564000 roc_submit_ms=0.007241000 cdls_wall_ms=0.015754000 roc_wall_ms=0.019359000
sample n=8 lda=8 iteration=6 first=cdls cdls_ms=0.009695000 rocsolver_ms=0.016065000 cdls_submit_ms=0.003635000 roc_submit_ms=0.008873000 cdls_wall_ms=0.017547000 roc_wall_ms=0.025168000
sample n=8 lda=8 iteration=7 first=rocsolver cdls_ms=0.006930000 rocsolver_ms=0.011137000 cdls_submit_ms=0.002684000 roc_submit_ms=0.007992000 cdls_wall_ms=0.015734000 roc_wall_ms=0.020983000
sample n=8 lda=8 iteration=8 first=cdls cdls_ms=0.006851000 rocsolver_ms=0.016105000 cdls_submit_ms=0.003015000 roc_submit_ms=0.012069000 cdls_wall_ms=0.019570000 roc_wall_ms=0.028133000
sample n=8 lda=8 iteration=9 first=rocsolver cdls_ms=0.009976000 rocsolver_ms=0.010175000 cdls_submit_ms=0.002734000 roc_submit_ms=0.006921000 cdls_wall_ms=0.023897000 roc_wall_ms=0.018699000
sample n=8 lda=8 iteration=10 first=cdls cdls_ms=0.009053000 rocsolver_ms=0.013861000 cdls_submit_ms=0.004247000 roc_submit_ms=0.007762000 cdls_wall_ms=0.030637000 roc_wall_ms=0.023135000
sample n=8 lda=8 iteration=11 first=rocsolver cdls_ms=0.010536000 rocsolver_ms=0.017106000 cdls_submit_ms=0.004387000 roc_submit_ms=0.013621000 cdls_wall_ms=0.020832000 roc_wall_ms=0.025869000
sample n=8 lda=8 iteration=12 first=cdls cdls_ms=0.007292000 rocsolver_ms=0.030766999 cdls_submit_ms=0.002544000 roc_submit_ms=0.008293000 cdls_wall_ms=0.016766000 roc_wall_ms=0.039620000
sample n=8 lda=8 iteration=13 first=rocsolver cdls_ms=0.007291000 rocsolver_ms=0.016866000 cdls_submit_ms=0.003055000 roc_submit_ms=0.013180000 cdls_wall_ms=0.018598000 roc_wall_ms=0.026851000
sample n=8 lda=8 iteration=14 first=cdls cdls_ms=0.007411000 rocsolver_ms=0.019950001 cdls_submit_ms=0.002654000 roc_submit_ms=0.013941000 cdls_wall_ms=0.016825000 roc_wall_ms=0.029836000
sample n=8 lda=8 iteration=15 first=rocsolver cdls_ms=0.007171000 rocsolver_ms=0.013901000 cdls_submit_ms=0.002554000 roc_submit_ms=0.008092000 cdls_wall_ms=0.014682000 roc_wall_ms=0.023336000
sample n=8 lda=8 iteration=16 first=cdls cdls_ms=0.012299000 rocsolver_ms=0.018909000 cdls_submit_ms=0.002984000 roc_submit_ms=0.014523000 cdls_wall_ms=0.019950000 roc_wall_ms=0.028383000
sample n=8 lda=8 iteration=17 first=rocsolver cdls_ms=0.012019000 rocsolver_ms=0.012259000 cdls_submit_ms=0.003425000 roc_submit_ms=0.008534000 cdls_wall_ms=0.021242000 roc_wall_ms=0.020451000
sample n=8 lda=8 iteration=18 first=cdls cdls_ms=0.008173000 rocsolver_ms=0.012299000 cdls_submit_ms=0.004367000 roc_submit_ms=0.008533000 cdls_wall_ms=0.017446000 roc_wall_ms=0.020641000
sample n=8 lda=8 iteration=19 first=rocsolver cdls_ms=0.006931000 rocsolver_ms=0.008854000 cdls_submit_ms=0.003075000 roc_submit_ms=0.005378000 cdls_wall_ms=0.017366000 roc_wall_ms=0.017087000
sample n=8 lda=8 iteration=20 first=cdls cdls_ms=0.009775000 rocsolver_ms=0.013660000 cdls_submit_ms=0.005418000 roc_submit_ms=0.006790000 cdls_wall_ms=0.019229000 roc_wall_ms=0.023466000
sample n=8 lda=8 iteration=21 first=rocsolver cdls_ms=0.011017000 rocsolver_ms=0.009575000 cdls_submit_ms=0.002934000 roc_submit_ms=0.006490000 cdls_wall_ms=0.022054000 roc_wall_ms=0.018138000
sample n=8 lda=8 iteration=22 first=cdls cdls_ms=0.010456000 rocsolver_ms=0.010456000 cdls_submit_ms=0.006130000 roc_submit_ms=0.007131000 cdls_wall_ms=0.020511000 roc_wall_ms=0.020161000
sample n=8 lda=8 iteration=23 first=rocsolver cdls_ms=0.007372000 rocsolver_ms=0.018749001 cdls_submit_ms=0.003375000 roc_submit_ms=0.014252000 cdls_wall_ms=0.016505000 roc_wall_ms=0.027432000
sample n=8 lda=8 iteration=24 first=cdls cdls_ms=0.007371000 rocsolver_ms=0.016826000 cdls_submit_ms=0.002283000 roc_submit_ms=0.008313000 cdls_wall_ms=0.018748000 roc_wall_ms=0.025208000
sample n=8 lda=8 iteration=25 first=rocsolver cdls_ms=0.007412000 rocsolver_ms=0.024116000 cdls_submit_ms=0.002303000 roc_submit_ms=0.021493000 cdls_wall_ms=0.016596000 roc_wall_ms=0.034633000
sample n=8 lda=8 iteration=26 first=cdls cdls_ms=0.006690000 rocsolver_ms=0.015143000 cdls_submit_ms=0.002754000 roc_submit_ms=0.008543000 cdls_wall_ms=0.018068000 roc_wall_ms=0.025559000
sample n=8 lda=8 iteration=27 first=rocsolver cdls_ms=0.006970000 rocsolver_ms=0.009375000 cdls_submit_ms=0.003115000 roc_submit_ms=0.005448000 cdls_wall_ms=0.016856000 roc_wall_ms=0.017386000
sample n=8 lda=8 iteration=28 first=cdls cdls_ms=0.007291000 rocsolver_ms=0.012539000 cdls_submit_ms=0.002874000 roc_submit_ms=0.009375000 cdls_wall_ms=0.016625000 roc_wall_ms=0.021373000
sample n=8 lda=8 iteration=29 first=rocsolver cdls_ms=0.007091000 rocsolver_ms=0.008974000 cdls_submit_ms=0.003435000 roc_submit_ms=0.005969000 cdls_wall_ms=0.015894000 roc_wall_ms=0.018358000
bench n=8 lda=8 repeats=30 cdls_median_ms=0.007371 rocsolver_median_ms=0.013760 cdls_mean_ms=0.008424 rocsolver_mean_ms=0.014569 cdls_gflops=0.041783 workspace_bytes=12 roc_workspace_bytes=0 cdls_submit_ms=0.002959 roc_submit_ms=0.008423 cdls_wall_ms=0.017496 roc_wall_ms=0.023235 rocsolver_gflops=0.022383 speedup=1.866716
