device=AMD Instinct MI300A arch=gfx942:sramecc+:xnack- HIP=60443484 CUs=228 memory_bytes=137438953472 rocSOLVER=3.28.2.1b897f5 rocBLAS=4.4.1.f08d23e3 baseline=rocsolver_dgetrf_npvt fp64 seed=20261001 method=auto matrix=dense n=16384 lda=16384 offset=0 warmup=5 repeats=30
validate n=16384 lda=16384 kind=dense info=7/0 L_rel=5.6795e-16 U_rel=1.7038e-15 residual_scaled=4.9962e-04/2.0443e-04 PASS
sample n=16384 lda=16384 iteration=0 first=cdls cdls_ms=103.012535095 rocsolver_ms=108.993392944 cdls_submit_ms=1.264797000 roc_submit_ms=67.358447000 cdls_wall_ms=103.137722000 roc_wall_ms=109.002202000
sample n=16384 lda=16384 iteration=1 first=rocsolver cdls_ms=102.681770325 rocsolver_ms=110.171005249 cdls_submit_ms=1.551285000 roc_submit_ms=45.118184000 cdls_wall_ms=103.469720000 roc_wall_ms=110.719671000
sample n=16384 lda=16384 iteration=2 first=cdls cdls_ms=102.334907532 rocsolver_ms=109.733520508 cdls_submit_ms=0.509410000 roc_submit_ms=67.466483000 cdls_wall_ms=102.344647000 roc_wall_ms=109.743336000
sample n=16384 lda=16384 iteration=3 first=rocsolver cdls_ms=103.056686401 rocsolver_ms=111.531440735 cdls_submit_ms=1.372672000 roc_submit_ms=45.489723000 cdls_wall_ms=103.719342000 roc_wall_ms=112.024960000
sample n=16384 lda=16384 iteration=4 first=cdls cdls_ms=102.789405823 rocsolver_ms=110.196128845 cdls_submit_ms=0.469178000 roc_submit_ms=67.854547000 cdls_wall_ms=102.798002000 roc_wall_ms=110.203592000
sample n=16384 lda=16384 iteration=5 first=rocsolver cdls_ms=103.066520691 rocsolver_ms=112.312103271 cdls_submit_ms=1.532687000 roc_submit_ms=46.087198000 cdls_wall_ms=103.412572000 roc_wall_ms=112.775169000
sample n=16384 lda=16384 iteration=6 first=cdls cdls_ms=102.935829163 rocsolver_ms=110.831687927 cdls_submit_ms=0.480405000 roc_submit_ms=68.277774000 cdls_wall_ms=102.944656000 roc_wall_ms=110.840637000
sample n=16384 lda=16384 iteration=7 first=rocsolver cdls_ms=103.781105042 rocsolver_ms=111.620681763 cdls_submit_ms=1.359502000 roc_submit_ms=45.260652000 cdls_wall_ms=104.453617000 roc_wall_ms=112.086194000
sample n=16384 lda=16384 iteration=8 first=cdls cdls_ms=103.158393860 rocsolver_ms=110.076026917 cdls_submit_ms=0.450459000 roc_submit_ms=67.905616000 cdls_wall_ms=103.167057000 roc_wall_ms=110.083738000
sample n=16384 lda=16384 iteration=9 first=rocsolver cdls_ms=103.345924377 rocsolver_ms=112.073783875 cdls_submit_ms=1.368435000 roc_submit_ms=45.881763000 cdls_wall_ms=104.021195000 roc_wall_ms=112.534280000
sample n=16384 lda=16384 iteration=10 first=cdls cdls_ms=103.421989441 rocsolver_ms=111.163024902 cdls_submit_ms=0.482699000 roc_submit_ms=68.499905000 cdls_wall_ms=103.429429000 roc_wall_ms=111.170261000
sample n=16384 lda=16384 iteration=11 first=rocsolver cdls_ms=103.722930908 rocsolver_ms=111.918212891 cdls_submit_ms=1.517123000 roc_submit_ms=45.432916000 cdls_wall_ms=104.072333000 roc_wall_ms=112.381295000
sample n=16384 lda=16384 iteration=12 first=cdls cdls_ms=103.246414185 rocsolver_ms=111.622245789 cdls_submit_ms=0.457490000 roc_submit_ms=68.667572000 cdls_wall_ms=103.255102000 roc_wall_ms=111.631468000
sample n=16384 lda=16384 iteration=13 first=rocsolver cdls_ms=105.178810120 rocsolver_ms=111.410903931 cdls_submit_ms=1.972200000 roc_submit_ms=45.688778000 cdls_wall_ms=105.186830000 roc_wall_ms=111.954402000
sample n=16384 lda=16384 iteration=14 first=cdls cdls_ms=103.465904236 rocsolver_ms=111.114845276 cdls_submit_ms=0.472504000 roc_submit_ms=67.895400000 cdls_wall_ms=103.473506000 roc_wall_ms=111.122217000
sample n=16384 lda=16384 iteration=15 first=rocsolver cdls_ms=104.810752869 rocsolver_ms=111.716781616 cdls_submit_ms=1.810352000 roc_submit_ms=45.874722000 cdls_wall_ms=105.039394000 roc_wall_ms=112.261472000
sample n=16384 lda=16384 iteration=16 first=cdls cdls_ms=103.693878174 rocsolver_ms=111.644271851 cdls_submit_ms=0.483260000 roc_submit_ms=68.814617000 cdls_wall_ms=103.701916000 roc_wall_ms=111.652119000
sample n=16384 lda=16384 iteration=17 first=rocsolver cdls_ms=104.423591614 rocsolver_ms=113.373954773 cdls_submit_ms=1.345239000 roc_submit_ms=45.971601000 cdls_wall_ms=105.095670000 roc_wall_ms=113.381427000
sample n=16384 lda=16384 iteration=18 first=cdls cdls_ms=103.635986328 rocsolver_ms=111.055732727 cdls_submit_ms=0.495408000 roc_submit_ms=67.989374000 cdls_wall_ms=103.644278000 roc_wall_ms=111.063478000
sample n=16384 lda=16384 iteration=19 first=rocsolver cdls_ms=104.700912476 rocsolver_ms=112.290260315 cdls_submit_ms=1.339972000 roc_submit_ms=45.305721000 cdls_wall_ms=105.371192000 roc_wall_ms=112.755579000
sample n=16384 lda=16384 iteration=20 first=cdls cdls_ms=104.052352905 rocsolver_ms=113.018753052 cdls_submit_ms=0.468418000 roc_submit_ms=69.475209000 cdls_wall_ms=104.060224000 roc_wall_ms=113.026333000
sample n=16384 lda=16384 iteration=21 first=rocsolver cdls_ms=105.270492554 rocsolver_ms=112.319938660 cdls_submit_ms=1.989837000 roc_submit_ms=45.532949000 cdls_wall_ms=105.277858000 roc_wall_ms=112.785816000
sample n=16384 lda=16384 iteration=22 first=cdls cdls_ms=104.193061829 rocsolver_ms=111.980072021 cdls_submit_ms=0.469519000 roc_submit_ms=68.699721000 cdls_wall_ms=104.201100000 roc_wall_ms=111.987593000
sample n=16384 lda=16384 iteration=23 first=rocsolver cdls_ms=104.832801819 rocsolver_ms=112.437767029 cdls_submit_ms=1.349968000 roc_submit_ms=45.653944000 cdls_wall_ms=105.501992000 roc_wall_ms=112.902314000
sample n=16384 lda=16384 iteration=24 first=cdls cdls_ms=103.758865356 rocsolver_ms=111.308929443 cdls_submit_ms=0.434686000 roc_submit_ms=68.158112000 cdls_wall_ms=103.766845000 roc_wall_ms=111.315444000
sample n=16384 lda=16384 iteration=25 first=rocsolver cdls_ms=105.650184631 rocsolver_ms=112.283096313 cdls_submit_ms=1.987123000 roc_submit_ms=45.084753000 cdls_wall_ms=105.657109000 roc_wall_ms=112.290557000
sample n=16384 lda=16384 iteration=26 first=cdls cdls_ms=103.640998840 rocsolver_ms=111.771148682 cdls_submit_ms=0.450160000 roc_submit_ms=68.734755000 cdls_wall_ms=103.649887000 roc_wall_ms=111.780245000
sample n=16384 lda=16384 iteration=27 first=rocsolver cdls_ms=104.983421326 rocsolver_ms=112.957984924 cdls_submit_ms=1.988264000 roc_submit_ms=45.838817000 cdls_wall_ms=104.991310000 roc_wall_ms=112.967063000
sample n=16384 lda=16384 iteration=28 first=cdls cdls_ms=104.589103699 rocsolver_ms=112.462127686 cdls_submit_ms=0.494738000 roc_submit_ms=69.119935000 cdls_wall_ms=104.596816000 roc_wall_ms=112.471353000
sample n=16384 lda=16384 iteration=29 first=rocsolver cdls_ms=105.278930664 rocsolver_ms=113.724678040 cdls_submit_ms=1.352100000 roc_submit_ms=46.381969000 cdls_wall_ms=105.947644000 roc_wall_ms=113.732495000
bench n=16384 lda=16384 repeats=30 cdls_median_ms=103.708405 rocsolver_median_ms=111.680527 cdls_mean_ms=103.890482 rocsolver_mean_ms=111.637150 cdls_gflops=28270.580383 workspace_bytes=262152 roc_workspace_bytes=67765440 cdls_submit_ms=1.302385 roc_submit_ms=56.870208 cdls_wall_ms=103.894020 roc_wall_ms=112.006276 rocsolver_gflops=26252.533657 speedup=1.076871
