device=AMD Instinct MI300A arch=gfx942:sramecc+:xnack- HIP=60443484 CUs=228 memory_bytes=137438953472 rocSOLVER=3.28.2.1b897f5 rocBLAS=4.4.1.f08d23e3 baseline=rocsolver_dgetrf_npvt fp64 seed=20261001 method=auto matrix=dense n=4 lda=4 offset=0 warmup=20 repeats=30
validate n=4 lda=4 kind=dense info=7/0 L_rel=2.4037e-17 U_rel=0.0000e+00 residual_scaled=0.0000e+00/1.7307e-02 cpu_residual_scaled=4.6763e-02/4.7592e-02 PASS
sample n=4 lda=4 iteration=0 first=cdls cdls_ms=0.008132000 rocsolver_ms=0.010817000 cdls_submit_ms=0.003576000 roc_submit_ms=0.007771000 cdls_wall_ms=0.026281000 roc_wall_ms=0.018408000
sample n=4 lda=4 iteration=1 first=rocsolver cdls_ms=0.009375000 rocsolver_ms=0.027362000 cdls_submit_ms=0.004166000 roc_submit_ms=0.011668000 cdls_wall_ms=0.017066000 roc_wall_ms=0.037458000
sample n=4 lda=4 iteration=2 first=cdls cdls_ms=0.010617000 rocsolver_ms=0.014061000 cdls_submit_ms=0.006359000 roc_submit_ms=0.008283000 cdls_wall_ms=0.019810000 roc_wall_ms=0.022745000
sample n=4 lda=4 iteration=3 first=rocsolver cdls_ms=0.012018000 rocsolver_ms=0.010736000 cdls_submit_ms=0.002894000 roc_submit_ms=0.006601000 cdls_wall_ms=0.019721000 roc_wall_ms=0.018558000
sample n=4 lda=4 iteration=4 first=cdls cdls_ms=0.007612000 rocsolver_ms=0.012579000 cdls_submit_ms=0.003296000 roc_submit_ms=0.008403000 cdls_wall_ms=0.016976000 roc_wall_ms=0.020381000
sample n=4 lda=4 iteration=5 first=rocsolver cdls_ms=0.009414000 rocsolver_ms=0.010736000 cdls_submit_ms=0.003195000 roc_submit_ms=0.006911000 cdls_wall_ms=0.019189000 roc_wall_ms=0.018128000
sample n=4 lda=4 iteration=6 first=cdls cdls_ms=0.006810000 rocsolver_ms=0.020431001 cdls_submit_ms=0.002544000 roc_submit_ms=0.013982000 cdls_wall_ms=0.014562000 roc_wall_ms=0.028814000
sample n=4 lda=4 iteration=7 first=rocsolver cdls_ms=0.005689000 rocsolver_ms=0.015263000 cdls_submit_ms=0.002795000 roc_submit_ms=0.011818000 cdls_wall_ms=0.014662000 roc_wall_ms=0.026751000
sample n=4 lda=4 iteration=8 first=cdls cdls_ms=0.007051000 rocsolver_ms=0.012819000 cdls_submit_ms=0.002965000 roc_submit_ms=0.008513000 cdls_wall_ms=0.017647000 roc_wall_ms=0.022895000
sample n=4 lda=4 iteration=9 first=rocsolver cdls_ms=0.007131000 rocsolver_ms=0.010456000 cdls_submit_ms=0.003876000 roc_submit_ms=0.007381000 cdls_wall_ms=0.016155000 roc_wall_ms=0.019319000
sample n=4 lda=4 iteration=10 first=cdls cdls_ms=0.006329000 rocsolver_ms=0.017587001 cdls_submit_ms=0.002063000 roc_submit_ms=0.009745000 cdls_wall_ms=0.014572000 roc_wall_ms=0.025579000
sample n=4 lda=4 iteration=11 first=rocsolver cdls_ms=0.014983000 rocsolver_ms=0.026440000 cdls_submit_ms=0.006119000 roc_submit_ms=0.014723000 cdls_wall_ms=0.023947000 roc_wall_ms=0.034643000
sample n=4 lda=4 iteration=12 first=cdls cdls_ms=0.008453000 rocsolver_ms=0.014622000 cdls_submit_ms=0.004286000 roc_submit_ms=0.008403000 cdls_wall_ms=0.016936000 roc_wall_ms=0.024057000
sample n=4 lda=4 iteration=13 first=rocsolver cdls_ms=0.009455000 rocsolver_ms=0.009494000 cdls_submit_ms=0.004006000 roc_submit_ms=0.005979000 cdls_wall_ms=0.017687000 roc_wall_ms=0.017147000
sample n=4 lda=4 iteration=14 first=cdls cdls_ms=0.006209000 rocsolver_ms=0.016705999 cdls_submit_ms=0.002303000 roc_submit_ms=0.010496000 cdls_wall_ms=0.014032000 roc_wall_ms=0.025318000
sample n=4 lda=4 iteration=15 first=rocsolver cdls_ms=0.006850000 rocsolver_ms=0.015384000 cdls_submit_ms=0.002724000 roc_submit_ms=0.008724000 cdls_wall_ms=0.015323000 roc_wall_ms=0.025419000
sample n=4 lda=4 iteration=16 first=cdls cdls_ms=0.007531000 rocsolver_ms=0.012820000 cdls_submit_ms=0.002474000 roc_submit_ms=0.007801000 cdls_wall_ms=0.017697000 roc_wall_ms=0.020331000
sample n=4 lda=4 iteration=17 first=rocsolver cdls_ms=0.021513000 rocsolver_ms=0.012099000 cdls_submit_ms=0.003435000 roc_submit_ms=0.007962000 cdls_wall_ms=0.030246000 roc_wall_ms=0.019641000
sample n=4 lda=4 iteration=18 first=cdls cdls_ms=0.005929000 rocsolver_ms=0.016665000 cdls_submit_ms=0.003045000 roc_submit_ms=0.007291000 cdls_wall_ms=0.015354000 roc_wall_ms=0.030296000
sample n=4 lda=4 iteration=19 first=rocsolver cdls_ms=0.011378000 rocsolver_ms=0.015944000 cdls_submit_ms=0.003886000 roc_submit_ms=0.007812000 cdls_wall_ms=0.021683000 roc_wall_ms=0.024247000
sample n=4 lda=4 iteration=20 first=cdls cdls_ms=0.006210000 rocsolver_ms=0.016104000 cdls_submit_ms=0.003525000 roc_submit_ms=0.010506000 cdls_wall_ms=0.015153000 roc_wall_ms=0.026000000
sample n=4 lda=4 iteration=21 first=rocsolver cdls_ms=0.007652000 rocsolver_ms=0.011938000 cdls_submit_ms=0.003075000 roc_submit_ms=0.008023000 cdls_wall_ms=0.015624000 roc_wall_ms=0.019259000
sample n=4 lda=4 iteration=22 first=cdls cdls_ms=0.009895000 rocsolver_ms=0.011658000 cdls_submit_ms=0.004988000 roc_submit_ms=0.007041000 cdls_wall_ms=0.017647000 roc_wall_ms=0.021152000
sample n=4 lda=4 iteration=23 first=rocsolver cdls_ms=0.008613000 rocsolver_ms=0.018788001 cdls_submit_ms=0.005057000 roc_submit_ms=0.013400000 cdls_wall_ms=0.016065000 roc_wall_ms=0.026200000
sample n=4 lda=4 iteration=24 first=cdls cdls_ms=0.006890000 rocsolver_ms=0.014903000 cdls_submit_ms=0.002754000 roc_submit_ms=0.008513000 cdls_wall_ms=0.015564000 roc_wall_ms=0.022274000
sample n=4 lda=4 iteration=25 first=rocsolver cdls_ms=0.012179000 rocsolver_ms=0.010496000 cdls_submit_ms=0.004107000 roc_submit_ms=0.006961000 cdls_wall_ms=0.022204000 roc_wall_ms=0.018709000
sample n=4 lda=4 iteration=26 first=cdls cdls_ms=0.010777000 rocsolver_ms=0.012980000 cdls_submit_ms=0.005598000 roc_submit_ms=0.008293000 cdls_wall_ms=0.021944000 roc_wall_ms=0.023305000
sample n=4 lda=4 iteration=27 first=rocsolver cdls_ms=0.007892000 rocsolver_ms=0.009615000 cdls_submit_ms=0.003075000 roc_submit_ms=0.006350000 cdls_wall_ms=0.016836000 roc_wall_ms=0.017417000
sample n=4 lda=4 iteration=28 first=cdls cdls_ms=0.009214000 rocsolver_ms=0.015704000 cdls_submit_ms=0.004187000 roc_submit_ms=0.008923000 cdls_wall_ms=0.017748000 roc_wall_ms=0.024648000
sample n=4 lda=4 iteration=29 first=rocsolver cdls_ms=0.013180000 rocsolver_ms=0.010976000 cdls_submit_ms=0.003365000 roc_submit_ms=0.006991000 cdls_wall_ms=0.021944000 roc_wall_ms=0.019100000
bench n=4 lda=4 repeats=30 cdls_median_ms=0.008293 rocsolver_median_ms=0.013521 cdls_mean_ms=0.009166 rocsolver_mean_ms=0.014539 cdls_gflops=0.004100 workspace_bytes=12 roc_workspace_bytes=0 cdls_submit_ms=0.003400 roc_submit_ms=0.008288 cdls_wall_ms=0.017357 roc_wall_ms=0.022820 rocsolver_gflops=0.002515 speedup=1.630449
