device=AMD Instinct MI300A arch=gfx942:sramecc+:xnack- HIP=60443484 CUs=228 memory_bytes=137438953472 rocSOLVER=3.28.2.1b897f5 rocBLAS=4.4.1.f08d23e3 baseline=rocsolver_dgetrf_npvt fp64 seed=20261001 method=auto matrix=dense n=32 lda=32 offset=0 warmup=20 repeats=30
validate n=32 lda=32 kind=dense info=7/0 L_rel=2.6683e-17 U_rel=1.4259e-18 residual_scaled=3.9941e-02/3.9942e-02 cpu_residual_scaled=4.0691e-02/4.0690e-02 PASS
sample n=32 lda=32 iteration=0 first=cdls cdls_ms=0.014863000 rocsolver_ms=0.032609999 cdls_submit_ms=0.002685000 roc_submit_ms=0.006139000 cdls_wall_ms=0.027432000 roc_wall_ms=0.041283000
sample n=32 lda=32 iteration=1 first=rocsolver cdls_ms=0.014142000 rocsolver_ms=0.031408001 cdls_submit_ms=0.002814000 roc_submit_ms=0.005328000 cdls_wall_ms=0.022495000 roc_wall_ms=0.039571000
sample n=32 lda=32 iteration=2 first=cdls cdls_ms=0.015103000 rocsolver_ms=0.033730999 cdls_submit_ms=0.002754000 roc_submit_ms=0.007992000 cdls_wall_ms=0.023386000 roc_wall_ms=0.041173000
sample n=32 lda=32 iteration=3 first=rocsolver cdls_ms=0.014382000 rocsolver_ms=0.031769000 cdls_submit_ms=0.002775000 roc_submit_ms=0.005589000 cdls_wall_ms=0.024247000 roc_wall_ms=0.039200000
sample n=32 lda=32 iteration=4 first=cdls cdls_ms=0.014262000 rocsolver_ms=0.036015999 cdls_submit_ms=0.002764000 roc_submit_ms=0.010516000 cdls_wall_ms=0.022244000 roc_wall_ms=0.045119000
sample n=32 lda=32 iteration=5 first=rocsolver cdls_ms=0.014222000 rocsolver_ms=0.031528000 cdls_submit_ms=0.003876000 roc_submit_ms=0.005339000 cdls_wall_ms=0.023976000 roc_wall_ms=0.041383000
sample n=32 lda=32 iteration=6 first=cdls cdls_ms=0.017707000 rocsolver_ms=0.034573000 cdls_submit_ms=0.005158000 roc_submit_ms=0.010266000 cdls_wall_ms=0.029876000 roc_wall_ms=0.044238000
sample n=32 lda=32 iteration=7 first=rocsolver cdls_ms=0.015303000 rocsolver_ms=0.030766999 cdls_submit_ms=0.003195000 roc_submit_ms=0.005819000 cdls_wall_ms=0.021903000 roc_wall_ms=0.038569000
sample n=32 lda=32 iteration=8 first=cdls cdls_ms=0.016145000 rocsolver_ms=0.035654999 cdls_submit_ms=0.003415000 roc_submit_ms=0.009034000 cdls_wall_ms=0.023816000 roc_wall_ms=0.043817000
sample n=32 lda=32 iteration=9 first=rocsolver cdls_ms=0.016504999 rocsolver_ms=0.034533001 cdls_submit_ms=0.003475000 roc_submit_ms=0.007772000 cdls_wall_ms=0.025058000 roc_wall_ms=0.041423000
sample n=32 lda=32 iteration=10 first=cdls cdls_ms=0.015103000 rocsolver_ms=0.038578998 cdls_submit_ms=0.002905000 roc_submit_ms=0.012258000 cdls_wall_ms=0.021983000 roc_wall_ms=0.045831000
sample n=32 lda=32 iteration=11 first=rocsolver cdls_ms=0.015664000 rocsolver_ms=0.035133000 cdls_submit_ms=0.003836000 roc_submit_ms=0.009785000 cdls_wall_ms=0.023516000 roc_wall_ms=0.044398000
sample n=32 lda=32 iteration=12 first=cdls cdls_ms=0.014222000 rocsolver_ms=0.039740998 cdls_submit_ms=0.002564000 roc_submit_ms=0.013831000 cdls_wall_ms=0.023576000 roc_wall_ms=0.048274000
sample n=32 lda=32 iteration=13 first=rocsolver cdls_ms=0.013981000 rocsolver_ms=0.030567000 cdls_submit_ms=0.002954000 roc_submit_ms=0.005158000 cdls_wall_ms=0.022324000 roc_wall_ms=0.038489000
sample n=32 lda=32 iteration=14 first=cdls cdls_ms=0.014141000 rocsolver_ms=0.032889999 cdls_submit_ms=0.002213000 roc_submit_ms=0.007642000 cdls_wall_ms=0.022094000 roc_wall_ms=0.041063000
sample n=32 lda=32 iteration=15 first=rocsolver cdls_ms=0.013781000 rocsolver_ms=0.031047000 cdls_submit_ms=0.002864000 roc_submit_ms=0.005509000 cdls_wall_ms=0.022124000 roc_wall_ms=0.039961000
sample n=32 lda=32 iteration=16 first=cdls cdls_ms=0.014342000 rocsolver_ms=0.032931000 cdls_submit_ms=0.003035000 roc_submit_ms=0.007432000 cdls_wall_ms=0.021914000 roc_wall_ms=0.041503000
sample n=32 lda=32 iteration=17 first=rocsolver cdls_ms=0.013781000 rocsolver_ms=0.031088000 cdls_submit_ms=0.002724000 roc_submit_ms=0.005979000 cdls_wall_ms=0.023196000 roc_wall_ms=0.041363000
sample n=32 lda=32 iteration=18 first=cdls cdls_ms=0.013741000 rocsolver_ms=0.037857000 cdls_submit_ms=0.002384000 roc_submit_ms=0.013280000 cdls_wall_ms=0.022895000 roc_wall_ms=0.046701000
sample n=32 lda=32 iteration=19 first=rocsolver cdls_ms=0.014342000 rocsolver_ms=0.030687001 cdls_submit_ms=0.003204000 roc_submit_ms=0.006320000 cdls_wall_ms=0.022495000 roc_wall_ms=0.041453000
sample n=32 lda=32 iteration=20 first=cdls cdls_ms=0.013741000 rocsolver_ms=0.033491999 cdls_submit_ms=0.002514000 roc_submit_ms=0.008252000 cdls_wall_ms=0.022534000 roc_wall_ms=0.041743000
sample n=32 lda=32 iteration=21 first=rocsolver cdls_ms=0.014262000 rocsolver_ms=0.033011001 cdls_submit_ms=0.002844000 roc_submit_ms=0.008432000 cdls_wall_ms=0.022194000 roc_wall_ms=0.043217000
sample n=32 lda=32 iteration=22 first=cdls cdls_ms=0.013781000 rocsolver_ms=0.035735000 cdls_submit_ms=0.002624000 roc_submit_ms=0.009585000 cdls_wall_ms=0.022635000 roc_wall_ms=0.043356000
sample n=32 lda=32 iteration=23 first=rocsolver cdls_ms=0.013701000 rocsolver_ms=0.031328000 cdls_submit_ms=0.003275000 roc_submit_ms=0.005628000 cdls_wall_ms=0.022254000 roc_wall_ms=0.041875000
sample n=32 lda=32 iteration=24 first=cdls cdls_ms=0.013942000 rocsolver_ms=0.034692999 cdls_submit_ms=0.002404000 roc_submit_ms=0.008543000 cdls_wall_ms=0.021643000 roc_wall_ms=0.042214000
sample n=32 lda=32 iteration=25 first=rocsolver cdls_ms=0.013981000 rocsolver_ms=0.031328000 cdls_submit_ms=0.003095000 roc_submit_ms=0.004988000 cdls_wall_ms=0.021893000 roc_wall_ms=0.039140000
sample n=32 lda=32 iteration=26 first=cdls cdls_ms=0.014101000 rocsolver_ms=0.033611000 cdls_submit_ms=0.002214000 roc_submit_ms=0.007822000 cdls_wall_ms=0.021533000 roc_wall_ms=0.040652000
sample n=32 lda=32 iteration=27 first=rocsolver cdls_ms=0.014142000 rocsolver_ms=0.031528000 cdls_submit_ms=0.002814000 roc_submit_ms=0.005909000 cdls_wall_ms=0.021613000 roc_wall_ms=0.041012000
sample n=32 lda=32 iteration=28 first=cdls cdls_ms=0.014262000 rocsolver_ms=0.033011001 cdls_submit_ms=0.002364000 roc_submit_ms=0.007592000 cdls_wall_ms=0.021473000 roc_wall_ms=0.040953000
sample n=32 lda=32 iteration=29 first=rocsolver cdls_ms=0.014142000 rocsolver_ms=0.030486999 cdls_submit_ms=0.002874000 roc_submit_ms=0.004777000 cdls_wall_ms=0.023226000 roc_wall_ms=0.038339000
bench n=32 lda=32 repeats=30 cdls_median_ms=0.014222 rocsolver_median_ms=0.032971 cdls_mean_ms=0.014526 rocsolver_mean_ms=0.033378 cdls_gflops=1.499648 workspace_bytes=12 roc_workspace_bytes=0 cdls_submit_ms=0.002829 roc_submit_ms=0.007617 cdls_wall_ms=0.022495 roc_wall_ms=0.041403 rocsolver_gflops=0.646871 speedup=2.318310
