device=AMD Instinct MI300A arch=gfx942:sramecc+:xnack- HIP=60443484 CUs=228 memory_bytes=137438953472 rocSOLVER=3.28.2.1b897f5 rocBLAS=4.4.1.f08d23e3 baseline=rocsolver_dgetrf_npvt fp64 seed=20261001 method=auto matrix=dense n=2560 lda=2560 offset=0 warmup=5 repeats=30
validate n=2560 lda=2560 kind=dense info=7/0 L_rel=7.9078e-16 U_rel=1.8226e-15 residual_scaled=3.1316e-03/7.6200e-04 PASS
sample n=2560 lda=2560 iteration=0 first=cdls cdls_ms=2.332931995 rocsolver_ms=5.201023102 cdls_submit_ms=0.010827000 roc_submit_ms=2.829582000 cdls_wall_ms=2.347194000 roc_wall_ms=5.208375000
sample n=2560 lda=2560 iteration=1 first=rocsolver cdls_ms=2.365701914 rocsolver_ms=5.669600010 cdls_submit_ms=0.013140000 roc_submit_ms=5.254055000 cdls_wall_ms=2.374325000 roc_wall_ms=5.677573000
sample n=2560 lda=2560 iteration=2 first=cdls cdls_ms=2.299439907 rocsolver_ms=5.240873814 cdls_submit_ms=0.008232000 roc_submit_ms=2.913812000 cdls_wall_ms=2.464594000 roc_wall_ms=5.248797000
sample n=2560 lda=2560 iteration=3 first=rocsolver cdls_ms=2.371109962 rocsolver_ms=5.781540871 cdls_submit_ms=0.007331000 roc_submit_ms=5.254185000 cdls_wall_ms=2.377901000 roc_wall_ms=5.789064000
sample n=2560 lda=2560 iteration=4 first=cdls cdls_ms=2.308574915 rocsolver_ms=5.238900185 cdls_submit_ms=0.009514000 roc_submit_ms=2.957158000 cdls_wall_ms=2.480829000 roc_wall_ms=5.247805000
sample n=2560 lda=2560 iteration=5 first=rocsolver cdls_ms=2.342505932 rocsolver_ms=5.923108101 cdls_submit_ms=0.013511000 roc_submit_ms=5.442924000 cdls_wall_ms=2.351120000 roc_wall_ms=5.931221000
sample n=2560 lda=2560 iteration=6 first=cdls cdls_ms=2.280451059 rocsolver_ms=5.225450039 cdls_submit_ms=0.064319000 roc_submit_ms=3.349469000 cdls_wall_ms=2.288654000 roc_wall_ms=5.238311000
sample n=2560 lda=2560 iteration=7 first=rocsolver cdls_ms=2.346792936 rocsolver_ms=5.885620117 cdls_submit_ms=0.013831000 roc_submit_ms=5.217528000 cdls_wall_ms=2.357680000 roc_wall_ms=5.895857000
sample n=2560 lda=2560 iteration=8 first=cdls cdls_ms=2.343267918 rocsolver_ms=5.245380878 cdls_submit_ms=0.007862000 roc_submit_ms=2.930316000 cdls_wall_ms=2.351571000 roc_wall_ms=5.253615000
sample n=2560 lda=2560 iteration=9 first=rocsolver cdls_ms=2.338299990 rocsolver_ms=5.696812153 cdls_submit_ms=0.014482000 roc_submit_ms=4.659975000 cdls_wall_ms=2.347214000 roc_wall_ms=5.705737000
sample n=2560 lda=2560 iteration=10 first=cdls cdls_ms=2.327403069 rocsolver_ms=5.255455971 cdls_submit_ms=0.015464000 roc_submit_ms=3.013564000 cdls_wall_ms=2.336017000 roc_wall_ms=5.268056000
sample n=2560 lda=2560 iteration=11 first=rocsolver cdls_ms=2.312099934 rocsolver_ms=5.809784889 cdls_submit_ms=0.016926000 roc_submit_ms=5.275438000 cdls_wall_ms=2.322286000 roc_wall_ms=5.819320000
sample n=2560 lda=2560 iteration=12 first=cdls cdls_ms=2.305048943 rocsolver_ms=5.132517815 cdls_submit_ms=0.010296000 roc_submit_ms=2.966753000 cdls_wall_ms=2.315485000 roc_wall_ms=5.143085000
sample n=2560 lda=2560 iteration=13 first=rocsolver cdls_ms=2.351279974 rocsolver_ms=5.834272861 cdls_submit_ms=0.016325000 roc_submit_ms=5.270760000 cdls_wall_ms=2.360865000 roc_wall_ms=5.843688000
sample n=2560 lda=2560 iteration=14 first=cdls cdls_ms=2.311939955 rocsolver_ms=5.260884762 cdls_submit_ms=0.015564000 roc_submit_ms=2.861161000 cdls_wall_ms=2.321976000 roc_wall_ms=5.270380000
sample n=2560 lda=2560 iteration=15 first=rocsolver cdls_ms=2.356688023 rocsolver_ms=5.773789883 cdls_submit_ms=0.026781000 roc_submit_ms=5.319375000 cdls_wall_ms=2.366663000 roc_wall_ms=5.781873000
sample n=2560 lda=2560 iteration=16 first=cdls cdls_ms=2.273801088 rocsolver_ms=5.242256165 cdls_submit_ms=0.014242000 roc_submit_ms=2.836553000 cdls_wall_ms=2.283096000 roc_wall_ms=5.251480000
sample n=2560 lda=2560 iteration=17 first=rocsolver cdls_ms=2.325520039 rocsolver_ms=5.680016041 cdls_submit_ms=0.013822000 roc_submit_ms=5.198129000 cdls_wall_ms=2.335015000 roc_wall_ms=5.687489000
sample n=2560 lda=2560 iteration=18 first=cdls cdls_ms=2.478315115 rocsolver_ms=5.264841080 cdls_submit_ms=0.175158000 roc_submit_ms=2.834901000 cdls_wall_ms=2.487469000 roc_wall_ms=5.273675000
sample n=2560 lda=2560 iteration=19 first=rocsolver cdls_ms=2.393224001 rocsolver_ms=5.665674210 cdls_submit_ms=0.015454000 roc_submit_ms=5.212492000 cdls_wall_ms=2.402599000 roc_wall_ms=5.674939000
sample n=2560 lda=2560 iteration=20 first=cdls cdls_ms=2.339020967 rocsolver_ms=5.246081829 cdls_submit_ms=0.018218000 roc_submit_ms=2.772075000 cdls_wall_ms=2.348055000 roc_wall_ms=5.257451000
sample n=2560 lda=2560 iteration=21 first=rocsolver cdls_ms=2.391782045 rocsolver_ms=5.443253994 cdls_submit_ms=0.014872000 roc_submit_ms=5.017142000 cdls_wall_ms=2.400575000 roc_wall_ms=5.451757000
sample n=2560 lda=2560 iteration=22 first=cdls cdls_ms=2.320312023 rocsolver_ms=5.218029022 cdls_submit_ms=0.012299000 roc_submit_ms=2.694816000 cdls_wall_ms=2.328225000 roc_wall_ms=5.229478000
sample n=2560 lda=2560 iteration=23 first=rocsolver cdls_ms=2.341063976 rocsolver_ms=5.570518970 cdls_submit_ms=0.015964000 roc_submit_ms=4.924981000 cdls_wall_ms=2.350389000 roc_wall_ms=5.579092000
sample n=2560 lda=2560 iteration=24 first=cdls cdls_ms=2.313302040 rocsolver_ms=5.258200169 cdls_submit_ms=0.006820000 roc_submit_ms=2.699353000 cdls_wall_ms=2.467358000 roc_wall_ms=5.268267000
sample n=2560 lda=2560 iteration=25 first=rocsolver cdls_ms=2.329607010 rocsolver_ms=5.355079174 cdls_submit_ms=0.011748000 roc_submit_ms=4.798427000 cdls_wall_ms=2.336688000 roc_wall_ms=5.363912000
sample n=2560 lda=2560 iteration=26 first=cdls cdls_ms=2.326961994 rocsolver_ms=5.214973927 cdls_submit_ms=0.019841000 roc_submit_ms=2.674124000 cdls_wall_ms=2.336288000 roc_wall_ms=5.224820000
sample n=2560 lda=2560 iteration=27 first=rocsolver cdls_ms=2.366063118 rocsolver_ms=5.335838795 cdls_submit_ms=0.015204000 roc_submit_ms=4.949178000 cdls_wall_ms=2.374586000 roc_wall_ms=5.344042000
sample n=2560 lda=2560 iteration=28 first=cdls cdls_ms=2.279850006 rocsolver_ms=5.074618816 cdls_submit_ms=0.008633000 roc_submit_ms=2.699483000 cdls_wall_ms=2.289976000 roc_wall_ms=5.085857000
sample n=2560 lda=2560 iteration=29 first=rocsolver cdls_ms=2.381445885 rocsolver_ms=5.537097931 cdls_submit_ms=0.015754000 roc_submit_ms=4.847783000 cdls_wall_ms=2.390831000 roc_wall_ms=5.545190000
bench n=2560 lda=2560 repeats=30 cdls_median_ms=2.335616 rocsolver_median_ms=5.300340 cdls_mean_ms=2.338460 rocsolver_mean_ms=5.442717 cdls_gflops=4787.402328 workspace_bytes=6408 roc_workspace_bytes=11031744 cdls_submit_ms=0.014362 roc_submit_ms=4.004722 cdls_wall_ms=2.350754 roc_wall_ms=5.308858 rocsolver_gflops=2109.587983 speedup=2.269354
