device=AMD Instinct MI300A arch=gfx942:sramecc+:xnack- HIP=60443484 CUs=228 memory_bytes=137438953472 rocSOLVER=3.28.2.1b897f5 rocBLAS=4.4.1.f08d23e3 baseline=rocsolver_dgetrf_npvt fp64 seed=20261001 method=auto matrix=dense n=12288 lda=12288 offset=0 warmup=5 repeats=30
validate n=12288 lda=12288 kind=dense info=7/0 L_rel=1.5710e-15 U_rel=3.3276e-15 residual_scaled=1.2078e-03/1.7856e-04 PASS
sample n=12288 lda=12288 iteration=0 first=cdls cdls_ms=94.717460632 rocsolver_ms=57.410343170 cdls_submit_ms=0.010155000 roc_submit_ms=14.619705000 cdls_wall_ms=94.775778000 roc_wall_ms=57.420701000
sample n=12288 lda=12288 iteration=1 first=rocsolver cdls_ms=95.746398926 rocsolver_ms=58.092628479 cdls_submit_ms=0.008884000 roc_submit_ms=19.499958000 cdls_wall_ms=96.381247000 roc_wall_ms=58.136548000
sample n=12288 lda=12288 iteration=2 first=cdls cdls_ms=94.263648987 rocsolver_ms=58.289680481 cdls_submit_ms=0.093193000 roc_submit_ms=15.603101000 cdls_wall_ms=94.270784000 roc_wall_ms=58.299657000
sample n=12288 lda=12288 iteration=3 first=rocsolver cdls_ms=94.861167908 rocsolver_ms=58.183868408 cdls_submit_ms=0.008884000 roc_submit_ms=16.952817000 cdls_wall_ms=95.444612000 roc_wall_ms=58.780644000
sample n=12288 lda=12288 iteration=4 first=cdls cdls_ms=94.305763245 rocsolver_ms=57.484375000 cdls_submit_ms=0.207598000 roc_submit_ms=14.250340000 cdls_wall_ms=94.316505000 roc_wall_ms=57.494654000
sample n=12288 lda=12288 iteration=5 first=rocsolver cdls_ms=95.264663696 rocsolver_ms=58.316852570 cdls_submit_ms=0.008554000 roc_submit_ms=14.711165000 cdls_wall_ms=95.813127000 roc_wall_ms=58.874747000
sample n=12288 lda=12288 iteration=6 first=cdls cdls_ms=95.390617371 rocsolver_ms=58.355541229 cdls_submit_ms=0.011147000 roc_submit_ms=14.457447000 cdls_wall_ms=95.416028000 roc_wall_ms=58.365006000
sample n=12288 lda=12288 iteration=7 first=rocsolver cdls_ms=96.325408936 rocsolver_ms=58.644325256 cdls_submit_ms=0.008634000 roc_submit_ms=14.884812000 cdls_wall_ms=96.882093000 roc_wall_ms=59.181477000
sample n=12288 lda=12288 iteration=8 first=cdls cdls_ms=94.406349182 rocsolver_ms=58.841705322 cdls_submit_ms=0.008994000 roc_submit_ms=14.540474000 cdls_wall_ms=94.413864000 roc_wall_ms=58.849218000
sample n=12288 lda=12288 iteration=9 first=rocsolver cdls_ms=96.013366699 rocsolver_ms=58.734272003 cdls_submit_ms=0.176090000 roc_submit_ms=14.950853000 cdls_wall_ms=96.404702000 roc_wall_ms=59.293990000
sample n=12288 lda=12288 iteration=10 first=cdls cdls_ms=94.941406250 rocsolver_ms=58.521045685 cdls_submit_ms=0.027673000 roc_submit_ms=15.127163000 cdls_wall_ms=94.948382000 roc_wall_ms=58.528568000
sample n=12288 lda=12288 iteration=11 first=rocsolver cdls_ms=96.061607361 rocsolver_ms=58.804767609 cdls_submit_ms=0.009134000 roc_submit_ms=15.101082000 cdls_wall_ms=96.617278000 roc_wall_ms=59.350626000
sample n=12288 lda=12288 iteration=12 first=cdls cdls_ms=94.997734070 rocsolver_ms=58.617061615 cdls_submit_ms=0.009084000 roc_submit_ms=14.694189000 cdls_wall_ms=95.007162000 roc_wall_ms=58.645617000
sample n=12288 lda=12288 iteration=13 first=rocsolver cdls_ms=96.756195068 rocsolver_ms=58.986587524 cdls_submit_ms=0.010056000 roc_submit_ms=18.922323000 cdls_wall_ms=97.318332000 roc_wall_ms=59.538675000
sample n=12288 lda=12288 iteration=14 first=cdls cdls_ms=95.318504333 rocsolver_ms=58.705867767 cdls_submit_ms=0.026410000 roc_submit_ms=14.616100000 cdls_wall_ms=95.326140000 roc_wall_ms=58.712980000
sample n=12288 lda=12288 iteration=15 first=rocsolver cdls_ms=96.460853577 rocsolver_ms=58.829936981 cdls_submit_ms=0.009314000 roc_submit_ms=14.994619000 cdls_wall_ms=97.012624000 roc_wall_ms=59.380292000
sample n=12288 lda=12288 iteration=16 first=cdls cdls_ms=95.291580200 rocsolver_ms=58.139801025 cdls_submit_ms=0.010917000 roc_submit_ms=14.179441000 cdls_wall_ms=95.521740000 roc_wall_ms=58.150067000
sample n=12288 lda=12288 iteration=17 first=rocsolver cdls_ms=96.574310303 rocsolver_ms=59.204299927 cdls_submit_ms=0.008643000 roc_submit_ms=14.885292000 cdls_wall_ms=97.126137000 roc_wall_ms=59.215068000
sample n=12288 lda=12288 iteration=18 first=cdls cdls_ms=95.694686890 rocsolver_ms=57.914367676 cdls_submit_ms=0.012800000 roc_submit_ms=14.162305000 cdls_wall_ms=95.704119000 roc_wall_ms=58.142576000
sample n=12288 lda=12288 iteration=19 first=rocsolver cdls_ms=96.131874084 rocsolver_ms=59.446670532 cdls_submit_ms=0.008413000 roc_submit_ms=15.162667000 cdls_wall_ms=96.688607000 roc_wall_ms=60.008154000
sample n=12288 lda=12288 iteration=20 first=cdls cdls_ms=95.678054810 rocsolver_ms=58.036411285 cdls_submit_ms=0.163841000 roc_submit_ms=14.310031000 cdls_wall_ms=95.686933000 roc_wall_ms=58.043415000
sample n=12288 lda=12288 iteration=21 first=rocsolver cdls_ms=96.800132751 rocsolver_ms=59.129989624 cdls_submit_ms=0.008593000 roc_submit_ms=15.847756000 cdls_wall_ms=97.358272000 roc_wall_ms=59.688033000
sample n=12288 lda=12288 iteration=22 first=cdls cdls_ms=96.143646240 rocsolver_ms=58.484638214 cdls_submit_ms=0.012109000 roc_submit_ms=14.326626000 cdls_wall_ms=96.154410000 roc_wall_ms=58.494796000
sample n=12288 lda=12288 iteration=23 first=rocsolver cdls_ms=97.260162354 rocsolver_ms=58.934574127 cdls_submit_ms=0.008623000 roc_submit_ms=15.017154000 cdls_wall_ms=97.825769000 roc_wall_ms=59.484602000
sample n=12288 lda=12288 iteration=24 first=cdls cdls_ms=95.948394775 rocsolver_ms=59.185512543 cdls_submit_ms=0.012238000 roc_submit_ms=14.540795000 cdls_wall_ms=95.957227000 roc_wall_ms=59.212695000
sample n=12288 lda=12288 iteration=25 first=rocsolver cdls_ms=97.312377930 rocsolver_ms=59.271591187 cdls_submit_ms=0.009714000 roc_submit_ms=15.091368000 cdls_wall_ms=97.874863000 roc_wall_ms=59.836550000
sample n=12288 lda=12288 iteration=26 first=cdls cdls_ms=95.735702515 rocsolver_ms=58.174125671 cdls_submit_ms=0.009014000 roc_submit_ms=14.189346000 cdls_wall_ms=95.967423000 roc_wall_ms=58.182838000
sample n=12288 lda=12288 iteration=27 first=rocsolver cdls_ms=97.063255310 rocsolver_ms=59.392421722 cdls_submit_ms=0.008944000 roc_submit_ms=14.946296000 cdls_wall_ms=97.628266000 roc_wall_ms=59.948872000
sample n=12288 lda=12288 iteration=28 first=cdls cdls_ms=96.362907410 rocsolver_ms=58.306495667 cdls_submit_ms=0.007532000 roc_submit_ms=14.223479000 cdls_wall_ms=96.373865000 roc_wall_ms=58.535818000
sample n=12288 lda=12288 iteration=29 first=rocsolver cdls_ms=97.927223206 rocsolver_ms=59.111900330 cdls_submit_ms=0.008073000 roc_submit_ms=15.458309000 cdls_wall_ms=97.936327000 roc_wall_ms=59.673571000
bench n=12288 lda=12288 repeats=30 cdls_median_ms=95.847397 rocsolver_median_ms=58.630693 cdls_mean_ms=95.858515 rocsolver_mean_ms=58.585055 cdls_gflops=12904.628841 workspace_bytes=147464 roc_workspace_bytes=50955456 cdls_submit_ms=0.009224 roc_submit_ms=14.885052 cdls_wall_ms=96.060916 roc_wall_ms=58.814931 rocsolver_gflops=21096.033651 speedup=0.611709
