device=AMD Instinct MI300A arch=gfx942:sramecc+:xnack- HIP=60443484 CUs=228 memory_bytes=137438953472 rocSOLVER=3.28.2.1b897f5 rocBLAS=4.4.1.f08d23e3 baseline=rocsolver_dgetrf_npvt fp64 seed=20261001 method=auto matrix=dense n=2048 lda=4096 offset=0 warmup=5 repeats=30
validate n=2048 lda=4096 kind=dense info=7/0 L_rel=8.1213e-16 U_rel=2.0337e-15 residual_scaled=4.3742e-03/1.2203e-03 PASS
sample n=2048 lda=4096 iteration=0 first=cdls cdls_ms=1.729369998 rocsolver_ms=4.092091084 cdls_submit_ms=0.007181000 roc_submit_ms=2.270069000 cdls_wall_ms=1.748930000 roc_wall_ms=4.100825000
sample n=2048 lda=4096 iteration=1 first=rocsolver cdls_ms=1.766186953 rocsolver_ms=4.490009785 cdls_submit_ms=0.009785000 roc_submit_ms=4.099122000 cdls_wall_ms=1.774941000 roc_wall_ms=4.498524000
sample n=2048 lda=4096 iteration=2 first=cdls cdls_ms=1.704571962 rocsolver_ms=4.082506180 cdls_submit_ms=0.008102000 roc_submit_ms=2.290550000 cdls_wall_ms=1.719065000 roc_wall_ms=4.091911000
sample n=2048 lda=4096 iteration=3 first=rocsolver cdls_ms=1.741068006 rocsolver_ms=4.457250118 cdls_submit_ms=0.009525000 roc_submit_ms=4.129869000 cdls_wall_ms=1.755140000 roc_wall_ms=4.464122000
sample n=2048 lda=4096 iteration=4 first=cdls cdls_ms=1.707977057 rocsolver_ms=4.091970921 cdls_submit_ms=0.009024000 roc_submit_ms=2.265362000 cdls_wall_ms=1.720477000 roc_wall_ms=4.104310000
sample n=2048 lda=4096 iteration=5 first=rocsolver cdls_ms=1.751404047 rocsolver_ms=4.627080917 cdls_submit_ms=0.011568000 roc_submit_ms=4.278998000 cdls_wall_ms=1.759557000 roc_wall_ms=4.634202000
sample n=2048 lda=4096 iteration=6 first=cdls cdls_ms=1.840499997 rocsolver_ms=4.122737885 cdls_submit_ms=0.123750000 roc_submit_ms=2.303770000 cdls_wall_ms=1.857487000 roc_wall_ms=4.130010000
sample n=2048 lda=4096 iteration=7 first=rocsolver cdls_ms=1.741348982 rocsolver_ms=4.600059032 cdls_submit_ms=0.014943000 roc_submit_ms=4.247340000 cdls_wall_ms=1.750072000 roc_wall_ms=4.607280000
sample n=2048 lda=4096 iteration=8 first=cdls cdls_ms=1.741909981 rocsolver_ms=4.115166187 cdls_submit_ms=0.009725000 roc_submit_ms=2.290911000 cdls_wall_ms=1.750213000 roc_wall_ms=4.123980000
sample n=2048 lda=4096 iteration=9 first=rocsolver cdls_ms=1.729930997 rocsolver_ms=4.592436790 cdls_submit_ms=0.017417000 roc_submit_ms=4.152955000 cdls_wall_ms=1.742259000 roc_wall_ms=4.600921000
sample n=2048 lda=4096 iteration=10 first=cdls cdls_ms=1.729009032 rocsolver_ms=4.094493866 cdls_submit_ms=0.007081000 roc_submit_ms=2.298663000 cdls_wall_ms=1.877817000 roc_wall_ms=4.107755000
sample n=2048 lda=4096 iteration=11 first=rocsolver cdls_ms=1.784734011 rocsolver_ms=4.538394928 cdls_submit_ms=0.017196000 roc_submit_ms=4.281191000 cdls_wall_ms=1.793068000 roc_wall_ms=4.552898000
sample n=2048 lda=4096 iteration=12 first=cdls cdls_ms=1.712944984 rocsolver_ms=4.001000881 cdls_submit_ms=0.009003000 roc_submit_ms=2.227804000 cdls_wall_ms=1.721438000 roc_wall_ms=4.016605000
sample n=2048 lda=4096 iteration=13 first=rocsolver cdls_ms=1.749840975 rocsolver_ms=4.637226105 cdls_submit_ms=0.014852000 roc_submit_ms=4.233377000 cdls_wall_ms=1.758224000 roc_wall_ms=4.645860000
sample n=2048 lda=4096 iteration=14 first=cdls cdls_ms=1.732535005 rocsolver_ms=4.114395142 cdls_submit_ms=0.010376000 roc_submit_ms=2.288117000 cdls_wall_ms=1.741419000 roc_wall_ms=4.121726000
sample n=2048 lda=4096 iteration=15 first=rocsolver cdls_ms=1.751803994 rocsolver_ms=4.601241112 cdls_submit_ms=0.017848000 roc_submit_ms=4.242482000 cdls_wall_ms=1.759867000 roc_wall_ms=4.609214000
sample n=2048 lda=4096 iteration=16 first=cdls cdls_ms=1.688627005 rocsolver_ms=4.117448807 cdls_submit_ms=0.010787000 roc_submit_ms=2.301838000 cdls_wall_ms=1.696320000 roc_wall_ms=4.124721000
sample n=2048 lda=4096 iteration=17 first=rocsolver cdls_ms=1.776481986 rocsolver_ms=4.505583763 cdls_submit_ms=0.017076000 roc_submit_ms=4.213597000 cdls_wall_ms=1.783704000 roc_wall_ms=4.519576000
sample n=2048 lda=4096 iteration=18 first=cdls cdls_ms=1.895143986 rocsolver_ms=3.974189997 cdls_submit_ms=0.181609000 roc_submit_ms=2.230909000 cdls_wall_ms=1.904439000 roc_wall_ms=3.984166000
sample n=2048 lda=4096 iteration=19 first=rocsolver cdls_ms=1.772596002 rocsolver_ms=4.603213787 cdls_submit_ms=0.014302000 roc_submit_ms=4.181438000 cdls_wall_ms=1.781099000 roc_wall_ms=4.611467000
sample n=2048 lda=4096 iteration=20 first=cdls cdls_ms=1.704251051 rocsolver_ms=4.088045120 cdls_submit_ms=0.013020000 roc_submit_ms=2.235536000 cdls_wall_ms=1.713115000 roc_wall_ms=4.100935000
sample n=2048 lda=4096 iteration=21 first=rocsolver cdls_ms=1.766026020 rocsolver_ms=4.580318928 cdls_submit_ms=0.017257000 roc_submit_ms=4.251976000 cdls_wall_ms=1.773318000 roc_wall_ms=4.587991000
sample n=2048 lda=4096 iteration=22 first=cdls cdls_ms=1.706133962 rocsolver_ms=4.142147064 cdls_submit_ms=0.031238000 roc_submit_ms=2.319885000 cdls_wall_ms=1.718484000 roc_wall_ms=4.150010000
sample n=2048 lda=4096 iteration=23 first=rocsolver cdls_ms=1.742791057 rocsolver_ms=4.659841061 cdls_submit_ms=0.017217000 roc_submit_ms=4.299900000 cdls_wall_ms=1.750372000 roc_wall_ms=4.667113000
sample n=2048 lda=4096 iteration=24 first=cdls cdls_ms=1.717751980 rocsolver_ms=4.118350983 cdls_submit_ms=0.013701000 roc_submit_ms=2.326746000 cdls_wall_ms=1.725234000 roc_wall_ms=4.136358000
sample n=2048 lda=4096 iteration=25 first=rocsolver cdls_ms=1.742709994 rocsolver_ms=4.462808132 cdls_submit_ms=0.015774000 roc_submit_ms=4.267690000 cdls_wall_ms=1.756893000 roc_wall_ms=4.471002000
sample n=2048 lda=4096 iteration=26 first=cdls cdls_ms=1.713626027 rocsolver_ms=4.094715118 cdls_submit_ms=0.011427000 roc_submit_ms=2.272383000 cdls_wall_ms=1.721267000 roc_wall_ms=4.103318000
sample n=2048 lda=4096 iteration=27 first=rocsolver cdls_ms=1.737542987 rocsolver_ms=4.692029953 cdls_submit_ms=0.017858000 roc_submit_ms=4.197814000 cdls_wall_ms=1.750242000 roc_wall_ms=4.697990000
sample n=2048 lda=4096 iteration=28 first=cdls cdls_ms=1.707497001 rocsolver_ms=4.103778839 cdls_submit_ms=0.007952000 roc_submit_ms=2.259443000 cdls_wall_ms=1.720106000 roc_wall_ms=4.116409000
sample n=2048 lda=4096 iteration=29 first=rocsolver cdls_ms=1.721397996 rocsolver_ms=4.564605236 cdls_submit_ms=0.016315000 roc_submit_ms=4.144021000 cdls_wall_ms=1.728729000 roc_wall_ms=4.577996000
bench n=2048 lda=4096 repeats=30 cdls_median_ms=1.739305 rocsolver_median_ms=4.299699 cdls_mean_ms=1.743590 rocsolver_mean_ms=4.332171 cdls_gflops=3291.270901 workspace_bytes=4104 roc_workspace_bytes=8930496 cdls_submit_ms=0.014002 roc_submit_ms=3.212934 cdls_wall_ms=1.750228 roc_wall_ms=4.307066 rocsolver_gflops=1331.378339 speedup=2.472078
