device=AMD Instinct MI300A arch=gfx942:sramecc+:xnack- HIP=60443484 CUs=228 memory_bytes=137438953472 rocSOLVER=3.28.2.1b897f5 rocBLAS=4.4.1.f08d23e3 baseline=rocsolver_dgetrf_npvt fp64 seed=20261001 method=auto matrix=dense n=8192 lda=8192 offset=0 warmup=5 repeats=30
validate n=8192 lda=8192 kind=dense info=7/0 L_rel=1.6309e-15 U_rel=4.0342e-15 residual_scaled=2.1920e-03/3.9221e-04 PASS
sample n=8192 lda=8192 iteration=0 first=cdls cdls_ms=27.759904861 rocsolver_ms=25.961799622 cdls_submit_ms=0.010075000 roc_submit_ms=9.223213000 cdls_wall_ms=28.251298000 roc_wall_ms=25.969544000
sample n=8192 lda=8192 iteration=1 first=rocsolver cdls_ms=27.519296646 rocsolver_ms=26.325857162 cdls_submit_ms=0.008794000 roc_submit_ms=12.999905000 cdls_wall_ms=27.837273000 roc_wall_ms=26.605238000
sample n=8192 lda=8192 iteration=2 first=cdls cdls_ms=27.143960953 rocsolver_ms=26.187988281 cdls_submit_ms=0.006290000 roc_submit_ms=9.231145000 cdls_wall_ms=27.151584000 roc_wall_ms=26.195039000
sample n=8192 lda=8192 iteration=3 first=rocsolver cdls_ms=28.081836700 rocsolver_ms=26.261619568 cdls_submit_ms=0.268972000 roc_submit_ms=12.954936000 cdls_wall_ms=28.090081000 roc_wall_ms=26.541670000
sample n=8192 lda=8192 iteration=4 first=cdls cdls_ms=27.362615585 rocsolver_ms=25.960807800 cdls_submit_ms=0.007932000 roc_submit_ms=9.265026000 cdls_wall_ms=27.371030000 roc_wall_ms=26.116750000
sample n=8192 lda=8192 iteration=5 first=rocsolver cdls_ms=28.383899689 rocsolver_ms=26.521127701 cdls_submit_ms=0.338889000 roc_submit_ms=12.817635000 cdls_wall_ms=28.394307000 roc_wall_ms=26.530082000
sample n=8192 lda=8192 iteration=6 first=cdls cdls_ms=27.287059784 rocsolver_ms=26.213306427 cdls_submit_ms=0.008773000 roc_submit_ms=9.236754000 cdls_wall_ms=27.295273000 roc_wall_ms=26.378651000
sample n=8192 lda=8192 iteration=7 first=rocsolver cdls_ms=28.161840439 rocsolver_ms=26.312667847 cdls_submit_ms=0.009394000 roc_submit_ms=12.563197000 cdls_wall_ms=28.430812000 roc_wall_ms=26.325319000
sample n=8192 lda=8192 iteration=8 first=cdls cdls_ms=27.187828064 rocsolver_ms=26.097255707 cdls_submit_ms=0.008873000 roc_submit_ms=9.291788000 cdls_wall_ms=27.198856000 roc_wall_ms=26.106943000
sample n=8192 lda=8192 iteration=9 first=rocsolver cdls_ms=27.823600769 rocsolver_ms=26.317283630 cdls_submit_ms=0.008774000 roc_submit_ms=12.822764000 cdls_wall_ms=27.833598000 roc_wall_ms=26.638358000
sample n=8192 lda=8192 iteration=10 first=cdls cdls_ms=26.897022247 rocsolver_ms=26.453744888 cdls_submit_ms=0.008774000 roc_submit_ms=9.138442000 cdls_wall_ms=26.906599000 roc_wall_ms=26.462118000
sample n=8192 lda=8192 iteration=11 first=rocsolver cdls_ms=28.118452072 rocsolver_ms=26.394731522 cdls_submit_ms=0.008413000 roc_submit_ms=11.620113000 cdls_wall_ms=28.400155000 roc_wall_ms=26.690168000
sample n=8192 lda=8192 iteration=12 first=cdls cdls_ms=27.066482544 rocsolver_ms=26.052959442 cdls_submit_ms=0.009444000 roc_submit_ms=9.104250000 cdls_wall_ms=27.073885000 roc_wall_ms=26.060433000
sample n=8192 lda=8192 iteration=13 first=rocsolver cdls_ms=27.693000793 rocsolver_ms=26.437427521 cdls_submit_ms=0.008413000 roc_submit_ms=11.491425000 cdls_wall_ms=27.701416000 roc_wall_ms=26.729016000
sample n=8192 lda=8192 iteration=14 first=cdls cdls_ms=27.169799805 rocsolver_ms=26.360179901 cdls_submit_ms=0.008303000 roc_submit_ms=9.178184000 cdls_wall_ms=27.178875000 roc_wall_ms=26.369266000
sample n=8192 lda=8192 iteration=15 first=rocsolver cdls_ms=28.470792770 rocsolver_ms=26.451570511 cdls_submit_ms=0.008743000 roc_submit_ms=11.669378000 cdls_wall_ms=28.778645000 roc_wall_ms=26.752653000
sample n=8192 lda=8192 iteration=16 first=cdls cdls_ms=27.522180557 rocsolver_ms=26.374221802 cdls_submit_ms=0.010566000 roc_submit_ms=9.212336000 cdls_wall_ms=27.530173000 roc_wall_ms=26.382706000
sample n=8192 lda=8192 iteration=17 first=rocsolver cdls_ms=27.928884506 rocsolver_ms=26.485801697 cdls_submit_ms=0.008312000 roc_submit_ms=11.709940000 cdls_wall_ms=28.233961000 roc_wall_ms=26.784732000
sample n=8192 lda=8192 iteration=18 first=cdls cdls_ms=27.546215057 rocsolver_ms=26.237983704 cdls_submit_ms=0.008873000 roc_submit_ms=9.000671000 cdls_wall_ms=27.671200000 roc_wall_ms=26.245387000
sample n=8192 lda=8192 iteration=19 first=rocsolver cdls_ms=28.060884476 rocsolver_ms=26.528747559 cdls_submit_ms=0.008142000 roc_submit_ms=11.436992000 cdls_wall_ms=28.371001000 roc_wall_ms=26.826205000
sample n=8192 lda=8192 iteration=20 first=cdls cdls_ms=27.757419586 rocsolver_ms=26.345478058 cdls_submit_ms=0.007953000 roc_submit_ms=9.046452000 cdls_wall_ms=27.766104000 roc_wall_ms=26.353672000
sample n=8192 lda=8192 iteration=21 first=rocsolver cdls_ms=28.107128143 rocsolver_ms=26.381004333 cdls_submit_ms=0.009184000 roc_submit_ms=11.004289000 cdls_wall_ms=28.392193000 roc_wall_ms=26.659750000
sample n=8192 lda=8192 iteration=22 first=cdls cdls_ms=27.551635742 rocsolver_ms=26.132591248 cdls_submit_ms=0.010747000 roc_submit_ms=9.117720000 cdls_wall_ms=27.673313000 roc_wall_ms=26.142919000
sample n=8192 lda=8192 iteration=23 first=rocsolver cdls_ms=27.747364044 rocsolver_ms=26.440483093 cdls_submit_ms=0.008483000 roc_submit_ms=11.103552000 cdls_wall_ms=28.028396000 roc_wall_ms=26.720514000
sample n=8192 lda=8192 iteration=24 first=cdls cdls_ms=27.595132828 rocsolver_ms=26.320989609 cdls_submit_ms=0.124771000 roc_submit_ms=9.102838000 cdls_wall_ms=27.603656000 roc_wall_ms=26.328644000
sample n=8192 lda=8192 iteration=25 first=rocsolver cdls_ms=28.059522629 rocsolver_ms=26.488555908 cdls_submit_ms=0.007842000 roc_submit_ms=11.326322000 cdls_wall_ms=28.352412000 roc_wall_ms=26.766674000
sample n=8192 lda=8192 iteration=26 first=cdls cdls_ms=27.572336197 rocsolver_ms=26.264394760 cdls_submit_ms=0.110379000 roc_submit_ms=9.057379000 cdls_wall_ms=27.580631000 roc_wall_ms=26.272788000
sample n=8192 lda=8192 iteration=27 first=rocsolver cdls_ms=27.835420609 rocsolver_ms=26.486434937 cdls_submit_ms=0.009355000 roc_submit_ms=11.187370000 cdls_wall_ms=28.131504000 roc_wall_ms=26.769778000
sample n=8192 lda=8192 iteration=28 first=cdls cdls_ms=27.519535065 rocsolver_ms=26.348512650 cdls_submit_ms=0.009254000 roc_submit_ms=9.065691000 cdls_wall_ms=27.529142000 roc_wall_ms=26.356045000
sample n=8192 lda=8192 iteration=29 first=rocsolver cdls_ms=27.857091904 rocsolver_ms=26.623344421 cdls_submit_ms=0.007902000 roc_submit_ms=11.427117000 cdls_wall_ms=28.153587000 roc_wall_ms=26.899268000
bench n=8192 lda=8192 repeats=30 cdls_median_ms=27.720182 rocsolver_median_ms=26.346995 cdls_mean_ms=27.692938 rocsolver_mean_ms=26.325629 cdls_gflops=13220.343019 workspace_bytes=65544 roc_workspace_bytes=34145472 cdls_submit_ms=0.008784 roc_submit_ms=10.148039 cdls_wall_ms=27.799851 roc_wall_ms=26.422412 rocsolver_gflops=13909.378098 speedup=0.950463
