device=AMD Instinct MI300A arch=gfx942:sramecc+:xnack- HIP=60443484 CUs=228 memory_bytes=137438953472 rocSOLVER=3.28.2.1b897f5 rocBLAS=4.4.1.f08d23e3 baseline=rocsolver_dgetrf_npvt fp64 seed=20261001 method=auto matrix=dense n=10240 lda=10240 offset=0 warmup=5 repeats=30
validate n=10240 lda=10240 kind=dense info=7/0 L_rel=1.5875e-15 U_rel=3.6784e-15 residual_scaled=1.5973e-03/2.5504e-04 PASS
sample n=10240 lda=10240 iteration=0 first=cdls cdls_ms=55.170272827 rocsolver_ms=39.167312622 cdls_submit_ms=0.017437000 roc_submit_ms=11.241362000 cdls_wall_ms=55.184357000 roc_wall_ms=39.176506000
sample n=10240 lda=10240 iteration=1 first=rocsolver cdls_ms=54.959430695 rocsolver_ms=39.878459930 cdls_submit_ms=0.009254000 roc_submit_ms=14.280716000 cdls_wall_ms=55.416512000 roc_wall_ms=40.306085000
sample n=10240 lda=10240 iteration=2 first=cdls cdls_ms=54.131240845 rocsolver_ms=40.046726227 cdls_submit_ms=0.009294000 roc_submit_ms=11.892960000 cdls_wall_ms=54.252439000 roc_wall_ms=40.053930000
sample n=10240 lda=10240 iteration=3 first=rocsolver cdls_ms=56.921916962 rocsolver_ms=40.146846771 cdls_submit_ms=0.008503000 roc_submit_ms=14.304363000 cdls_wall_ms=57.391556000 roc_wall_ms=40.584932000
sample n=10240 lda=10240 iteration=4 first=cdls cdls_ms=54.346252441 rocsolver_ms=39.567905426 cdls_submit_ms=0.010115000 roc_submit_ms=11.677300000 cdls_wall_ms=54.356990000 roc_wall_ms=39.578361000
sample n=10240 lda=10240 iteration=5 first=rocsolver cdls_ms=56.539966583 rocsolver_ms=40.152648926 cdls_submit_ms=0.009966000 roc_submit_ms=14.386288000 cdls_wall_ms=56.929970000 roc_wall_ms=40.160602000
sample n=10240 lda=10240 iteration=6 first=cdls cdls_ms=54.276943207 rocsolver_ms=39.546871185 cdls_submit_ms=0.007201000 roc_submit_ms=11.513869000 cdls_wall_ms=54.286202000 roc_wall_ms=39.643191000
sample n=10240 lda=10240 iteration=7 first=rocsolver cdls_ms=56.783504486 rocsolver_ms=40.300216675 cdls_submit_ms=0.008012000 roc_submit_ms=14.466390000 cdls_wall_ms=56.793120000 roc_wall_ms=40.308319000
sample n=10240 lda=10240 iteration=8 first=cdls cdls_ms=54.866329193 rocsolver_ms=39.978103638 cdls_submit_ms=0.007531000 roc_submit_ms=11.440947000 cdls_wall_ms=54.874943000 roc_wall_ms=39.987187000
sample n=10240 lda=10240 iteration=9 first=rocsolver cdls_ms=55.933361053 rocsolver_ms=40.132274628 cdls_submit_ms=0.008723000 roc_submit_ms=13.516175000 cdls_wall_ms=56.320116000 roc_wall_ms=40.536027000
sample n=10240 lda=10240 iteration=10 first=cdls cdls_ms=53.413505554 rocsolver_ms=39.558406830 cdls_submit_ms=0.088085000 roc_submit_ms=11.267402000 cdls_wall_ms=53.420937000 roc_wall_ms=39.565322000
sample n=10240 lda=10240 iteration=11 first=rocsolver cdls_ms=55.007663727 rocsolver_ms=40.255329132 cdls_submit_ms=0.008202000 roc_submit_ms=13.610991000 cdls_wall_ms=55.394049000 roc_wall_ms=40.659086000
sample n=10240 lda=10240 iteration=12 first=cdls cdls_ms=54.651920319 rocsolver_ms=39.759063721 cdls_submit_ms=0.095847000 roc_submit_ms=11.529313000 cdls_wall_ms=54.659483000 roc_wall_ms=39.767481000
sample n=10240 lda=10240 iteration=13 first=rocsolver cdls_ms=55.769153595 rocsolver_ms=40.003520966 cdls_submit_ms=0.010306000 roc_submit_ms=14.285814000 cdls_wall_ms=56.167682000 roc_wall_ms=40.470859000
sample n=10240 lda=10240 iteration=14 first=cdls cdls_ms=54.558414459 rocsolver_ms=40.148563385 cdls_submit_ms=0.008733000 roc_submit_ms=11.660335000 cdls_wall_ms=54.567161000 roc_wall_ms=40.156105000
sample n=10240 lda=10240 iteration=15 first=rocsolver cdls_ms=56.341102600 rocsolver_ms=40.041759491 cdls_submit_ms=0.008162000 roc_submit_ms=14.309520000 cdls_wall_ms=56.746118000 roc_wall_ms=40.514064000
sample n=10240 lda=10240 iteration=16 first=cdls cdls_ms=55.167388916 rocsolver_ms=40.355701447 cdls_submit_ms=0.008042000 roc_submit_ms=11.498987000 cdls_wall_ms=55.174181000 roc_wall_ms=40.451689000
sample n=10240 lda=10240 iteration=17 first=rocsolver cdls_ms=56.097812653 rocsolver_ms=40.527118683 cdls_submit_ms=0.008373000 roc_submit_ms=13.707909000 cdls_wall_ms=56.492220000 roc_wall_ms=40.535967000
sample n=10240 lda=10240 iteration=18 first=cdls cdls_ms=54.746864319 rocsolver_ms=40.392795563 cdls_submit_ms=0.090508000 roc_submit_ms=11.437743000 cdls_wall_ms=54.754859000 roc_wall_ms=40.400431000
sample n=10240 lda=10240 iteration=19 first=rocsolver cdls_ms=55.865215302 rocsolver_ms=40.631111145 cdls_submit_ms=0.378039000 roc_submit_ms=13.770805000 cdls_wall_ms=55.873593000 roc_wall_ms=41.047491000
sample n=10240 lda=10240 iteration=20 first=cdls cdls_ms=55.336486816 rocsolver_ms=40.354034424 cdls_submit_ms=0.010476000 roc_submit_ms=11.556925000 cdls_wall_ms=55.346785000 roc_wall_ms=40.361421000
sample n=10240 lda=10240 iteration=21 first=rocsolver cdls_ms=56.752014160 rocsolver_ms=40.397834778 cdls_submit_ms=0.009264000 roc_submit_ms=13.595457000 cdls_wall_ms=57.146330000 roc_wall_ms=40.802555000
sample n=10240 lda=10240 iteration=22 first=cdls cdls_ms=55.398864746 rocsolver_ms=39.892742157 cdls_submit_ms=0.008473000 roc_submit_ms=11.559389000 cdls_wall_ms=55.406257000 roc_wall_ms=39.900073000
sample n=10240 lda=10240 iteration=23 first=rocsolver cdls_ms=56.327243805 rocsolver_ms=40.506980896 cdls_submit_ms=0.008553000 roc_submit_ms=14.398096000 cdls_wall_ms=56.725016000 roc_wall_ms=40.514194000
sample n=10240 lda=10240 iteration=24 first=cdls cdls_ms=55.101089478 rocsolver_ms=40.323593140 cdls_submit_ms=0.010476000 roc_submit_ms=11.423481000 cdls_wall_ms=55.108751000 roc_wall_ms=40.331134000
sample n=10240 lda=10240 iteration=25 first=rocsolver cdls_ms=56.302806854 rocsolver_ms=40.249614716 cdls_submit_ms=0.379962000 roc_submit_ms=13.516375000 cdls_wall_ms=56.310962000 roc_wall_ms=40.651605000
sample n=10240 lda=10240 iteration=26 first=cdls cdls_ms=55.443771362 rocsolver_ms=40.114048004 cdls_submit_ms=0.098120000 roc_submit_ms=11.335156000 cdls_wall_ms=55.451105000 roc_wall_ms=40.121944000
sample n=10240 lda=10240 iteration=27 first=rocsolver cdls_ms=56.810943604 rocsolver_ms=40.219932556 cdls_submit_ms=0.384669000 roc_submit_ms=13.462954000 cdls_wall_ms=56.820803000 roc_wall_ms=40.631294000
sample n=10240 lda=10240 iteration=28 first=cdls cdls_ms=54.554653168 rocsolver_ms=40.455142975 cdls_submit_ms=0.007561000 roc_submit_ms=11.804104000 cdls_wall_ms=54.563255000 roc_wall_ms=40.463707000
sample n=10240 lda=10240 iteration=29 first=rocsolver cdls_ms=56.511528015 rocsolver_ms=40.646194458 cdls_submit_ms=0.007502000 roc_submit_ms=13.802544000 cdls_wall_ms=56.520402000 roc_wall_ms=41.055213000
bench n=10240 lda=10240 repeats=30 cdls_median_ms=55.367676 rocsolver_median_ms=40.150606 cdls_mean_ms=55.469589 rocsolver_mean_ms=40.125028 cdls_gflops=12927.677423 workspace_bytes=102408 roc_workspace_bytes=42550464 cdls_submit_ms=0.009259 roc_submit_ms=12.677957 cdls_wall_ms=55.411384 roc_wall_ms=40.380926 rocsolver_gflops=17827.263912 speedup=0.725163
