device=AMD Instinct MI300A arch=gfx942:sramecc+:xnack- HIP=60443484 CUs=228 memory_bytes=137438953472 rocSOLVER=3.28.2.1b897f5 rocBLAS=4.4.1.f08d23e3 baseline=rocsolver_dgetrf_npvt fp64 seed=20261001 method=auto matrix=dense n=3072 lda=3072 offset=0 warmup=5 repeats=30
validate n=3072 lda=3072 kind=dense info=7/0 L_rel=7.8305e-16 U_rel=1.6757e-15 residual_scaled=2.3644e-03/6.8100e-04 PASS
sample n=3072 lda=3072 iteration=0 first=cdls cdls_ms=3.160319090 rocsolver_ms=6.439710140 cdls_submit_ms=0.008613000 roc_submit_ms=3.320985000 cdls_wall_ms=3.175442000 roc_wall_ms=6.447513000
sample n=3072 lda=3072 iteration=1 first=rocsolver cdls_ms=3.089250088 rocsolver_ms=6.970902920 cdls_submit_ms=0.010826000 roc_submit_ms=6.316612000 cdls_wall_ms=3.096431000 roc_wall_ms=6.978556000
sample n=3072 lda=3072 iteration=2 first=cdls cdls_ms=3.119535923 rocsolver_ms=6.457406044 cdls_submit_ms=0.007191000 roc_submit_ms=3.456051000 cdls_wall_ms=3.312793000 roc_wall_ms=6.464108000
sample n=3072 lda=3072 iteration=3 first=rocsolver cdls_ms=3.083921909 rocsolver_ms=6.976481915 cdls_submit_ms=0.009595000 roc_submit_ms=6.349972000 cdls_wall_ms=3.093127000 roc_wall_ms=6.984094000
sample n=3072 lda=3072 iteration=4 first=cdls cdls_ms=3.070580959 rocsolver_ms=6.451517105 cdls_submit_ms=0.013521000 roc_submit_ms=3.454790000 cdls_wall_ms=3.078834000 roc_wall_ms=6.460422000
sample n=3072 lda=3072 iteration=5 first=rocsolver cdls_ms=3.065534115 rocsolver_ms=7.008649826 cdls_submit_ms=0.012018000 roc_submit_ms=6.349812000 cdls_wall_ms=3.072754000 roc_wall_ms=7.017606000
sample n=3072 lda=3072 iteration=6 first=cdls cdls_ms=3.132476091 rocsolver_ms=6.444046021 cdls_submit_ms=0.013711000 roc_submit_ms=3.449642000 cdls_wall_ms=3.141941000 roc_wall_ms=6.452099000
sample n=3072 lda=3072 iteration=7 first=rocsolver cdls_ms=3.180269003 rocsolver_ms=6.977402210 cdls_submit_ms=0.015103000 roc_submit_ms=6.405338000 cdls_wall_ms=3.189494000 roc_wall_ms=6.985946000
sample n=3072 lda=3072 iteration=8 first=cdls cdls_ms=3.070461035 rocsolver_ms=6.469204903 cdls_submit_ms=0.005749000 roc_submit_ms=3.474881000 cdls_wall_ms=3.081167000 roc_wall_ms=6.477448000
sample n=3072 lda=3072 iteration=9 first=rocsolver cdls_ms=3.155190945 rocsolver_ms=7.044344902 cdls_submit_ms=0.021773000 roc_submit_ms=6.474583000 cdls_wall_ms=3.163814000 roc_wall_ms=7.052578000
sample n=3072 lda=3072 iteration=10 first=cdls cdls_ms=3.069298983 rocsolver_ms=6.445609093 cdls_submit_ms=0.011999000 roc_submit_ms=3.440028000 cdls_wall_ms=3.077762000 roc_wall_ms=6.455835000
sample n=3072 lda=3072 iteration=11 first=rocsolver cdls_ms=3.054236889 rocsolver_ms=6.979606152 cdls_submit_ms=0.014422000 roc_submit_ms=6.425860000 cdls_wall_ms=3.062549000 roc_wall_ms=6.986438000
sample n=3072 lda=3072 iteration=12 first=cdls cdls_ms=3.063771009 rocsolver_ms=6.443965912 cdls_submit_ms=0.014503000 roc_submit_ms=3.475842000 cdls_wall_ms=3.072816000 roc_wall_ms=6.453571000
sample n=3072 lda=3072 iteration=13 first=rocsolver cdls_ms=3.033524036 rocsolver_ms=6.955218792 cdls_submit_ms=0.013731000 roc_submit_ms=6.413379000 cdls_wall_ms=3.042098000 roc_wall_ms=6.963412000
sample n=3072 lda=3072 iteration=14 first=cdls cdls_ms=2.938740015 rocsolver_ms=6.474452019 cdls_submit_ms=0.008974000 roc_submit_ms=3.428740000 cdls_wall_ms=2.946091000 roc_wall_ms=6.483438000
sample n=3072 lda=3072 iteration=15 first=rocsolver cdls_ms=3.122860909 rocsolver_ms=7.122455120 cdls_submit_ms=0.026721000 roc_submit_ms=6.530440000 cdls_wall_ms=3.131425000 roc_wall_ms=7.131149000
sample n=3072 lda=3072 iteration=16 first=cdls cdls_ms=3.028036118 rocsolver_ms=6.483026028 cdls_submit_ms=0.013371000 roc_submit_ms=3.450573000 cdls_wall_ms=3.036780000 roc_wall_ms=6.491820000
sample n=3072 lda=3072 iteration=17 first=rocsolver cdls_ms=3.245769024 rocsolver_ms=7.103866100 cdls_submit_ms=0.016666000 roc_submit_ms=6.445630000 cdls_wall_ms=3.254844000 roc_wall_ms=7.110708000
sample n=3072 lda=3072 iteration=18 first=cdls cdls_ms=3.127068043 rocsolver_ms=6.477568150 cdls_submit_ms=0.011017000 roc_submit_ms=3.462832000 cdls_wall_ms=3.136002000 roc_wall_ms=6.487634000
sample n=3072 lda=3072 iteration=19 first=rocsolver cdls_ms=3.027314901 rocsolver_ms=7.030424118 cdls_submit_ms=0.015234000 roc_submit_ms=6.481595000 cdls_wall_ms=3.035928000 roc_wall_ms=7.036925000
sample n=3072 lda=3072 iteration=20 first=cdls cdls_ms=2.997709036 rocsolver_ms=6.482164860 cdls_submit_ms=0.009405000 roc_submit_ms=3.411364000 cdls_wall_ms=3.196404000 roc_wall_ms=6.490578000
sample n=3072 lda=3072 iteration=21 first=rocsolver cdls_ms=3.064851999 rocsolver_ms=6.958573818 cdls_submit_ms=0.015544000 roc_submit_ms=6.515947000 cdls_wall_ms=3.073276000 roc_wall_ms=6.965866000
sample n=3072 lda=3072 iteration=22 first=cdls cdls_ms=3.094578028 rocsolver_ms=6.443625927 cdls_submit_ms=0.008653000 roc_submit_ms=3.453949000 cdls_wall_ms=3.102971000 roc_wall_ms=6.454242000
sample n=3072 lda=3072 iteration=23 first=rocsolver cdls_ms=3.122862101 rocsolver_ms=7.079830170 cdls_submit_ms=0.014002000 roc_submit_ms=6.406859000 cdls_wall_ms=3.131675000 roc_wall_ms=7.088123000
sample n=3072 lda=3072 iteration=24 first=cdls cdls_ms=3.072745085 rocsolver_ms=6.466629982 cdls_submit_ms=0.013420000 roc_submit_ms=3.458575000 cdls_wall_ms=3.080727000 roc_wall_ms=6.476156000
sample n=3072 lda=3072 iteration=25 first=rocsolver cdls_ms=3.042177916 rocsolver_ms=7.037734985 cdls_submit_ms=0.017697000 roc_submit_ms=6.417777000 cdls_wall_ms=3.050791000 roc_wall_ms=7.045448000
sample n=3072 lda=3072 iteration=26 first=cdls cdls_ms=3.050910950 rocsolver_ms=6.492059231 cdls_submit_ms=0.009464000 roc_submit_ms=3.517485000 cdls_wall_ms=3.059535000 roc_wall_ms=6.504339000
sample n=3072 lda=3072 iteration=27 first=rocsolver cdls_ms=3.171614885 rocsolver_ms=7.094882965 cdls_submit_ms=0.015384000 roc_submit_ms=6.393008000 cdls_wall_ms=3.180420000 roc_wall_ms=7.101653000
sample n=3072 lda=3072 iteration=28 first=cdls cdls_ms=3.110162020 rocsolver_ms=6.466950893 cdls_submit_ms=0.009094000 roc_submit_ms=3.425555000 cdls_wall_ms=3.118384000 roc_wall_ms=6.477148000
sample n=3072 lda=3072 iteration=29 first=rocsolver cdls_ms=3.136722088 rocsolver_ms=7.047150135 cdls_submit_ms=0.014042000 roc_submit_ms=6.530389000 cdls_wall_ms=3.145536000 roc_wall_ms=7.055624000
bench n=3072 lda=3072 repeats=30 cdls_median_ms=3.078333 rocsolver_median_ms=6.723639 cdls_mean_ms=3.090083 rocsolver_mean_ms=6.744182 cdls_gflops=6276.978679 workspace_bytes=9224 roc_workspace_bytes=13132992 cdls_submit_ms=0.013470 roc_submit_ms=4.917048 cdls_wall_ms=3.094779 roc_wall_ms=6.733875 rocsolver_gflops=2873.835686 speedup=2.184181
