device=AMD Instinct MI300A arch=gfx942:sramecc+:xnack- HIP=60443484 CUs=228 memory_bytes=137438953472 rocSOLVER=3.28.2.1b897f5 rocBLAS=4.4.1.f08d23e3 baseline=rocsolver_dgetrf_npvt fp64 seed=20261001 method=auto matrix=dense n=12288 lda=12288 offset=0 warmup=5 repeats=30
validate n=12288 lda=12288 kind=dense info=7/0 L_rel=4.7960e-16 U_rel=1.2396e-15 residual_scaled=4.7372e-04/1.7856e-04 PASS
sample n=12288 lda=12288 iteration=0 first=cdls cdls_ms=48.126987457 rocsolver_ms=57.501472473 cdls_submit_ms=1.023007000 roc_submit_ms=14.123355000 cdls_wall_ms=48.143997000 roc_wall_ms=57.510259000
sample n=12288 lda=12288 iteration=1 first=rocsolver cdls_ms=48.795532227 rocsolver_ms=58.509105682 cdls_submit_ms=1.605187000 roc_submit_ms=16.500756000 cdls_wall_ms=48.809856000 roc_wall_ms=59.018177000
sample n=12288 lda=12288 iteration=2 first=cdls cdls_ms=48.249237061 rocsolver_ms=57.696521759 cdls_submit_ms=0.322664000 roc_submit_ms=14.267486000 cdls_wall_ms=48.258842000 roc_wall_ms=57.704405000
sample n=12288 lda=12288 iteration=3 first=rocsolver cdls_ms=48.508945465 rocsolver_ms=58.216846466 cdls_submit_ms=1.158343000 roc_submit_ms=16.330165000 cdls_wall_ms=48.760702000 roc_wall_ms=58.724728000
sample n=12288 lda=12288 iteration=4 first=cdls cdls_ms=48.335639954 rocsolver_ms=57.641223907 cdls_submit_ms=0.321733000 roc_submit_ms=13.893694000 cdls_wall_ms=48.343453000 roc_wall_ms=57.648640000
sample n=12288 lda=12288 iteration=5 first=rocsolver cdls_ms=48.881343842 rocsolver_ms=58.487171173 cdls_submit_ms=1.512135000 roc_submit_ms=15.738308000 cdls_wall_ms=48.890069000 roc_wall_ms=58.956623000
sample n=12288 lda=12288 iteration=6 first=cdls cdls_ms=48.099246979 rocsolver_ms=58.022079468 cdls_submit_ms=0.303314000 roc_submit_ms=13.727279000 cdls_wall_ms=48.107340000 roc_wall_ms=58.031696000
sample n=12288 lda=12288 iteration=7 first=rocsolver cdls_ms=48.649158478 rocsolver_ms=58.299804688 cdls_submit_ms=1.073433000 roc_submit_ms=14.197088000 cdls_wall_ms=49.122955000 roc_wall_ms=58.780023000
sample n=12288 lda=12288 iteration=8 first=cdls cdls_ms=48.253482819 rocsolver_ms=58.046295166 cdls_submit_ms=0.336365000 roc_submit_ms=13.893554000 cdls_wall_ms=48.261897000 roc_wall_ms=58.053530000
sample n=12288 lda=12288 iteration=9 first=rocsolver cdls_ms=49.206771851 rocsolver_ms=58.725086212 cdls_submit_ms=1.485344000 roc_submit_ms=18.753625000 cdls_wall_ms=49.216599000 roc_wall_ms=59.206896000
sample n=12288 lda=12288 iteration=10 first=cdls cdls_ms=48.437782288 rocsolver_ms=58.034832001 cdls_submit_ms=0.317156000 roc_submit_ms=13.659986000 cdls_wall_ms=48.445509000 roc_wall_ms=58.042002000
sample n=12288 lda=12288 iteration=11 first=rocsolver cdls_ms=48.838966370 rocsolver_ms=58.436576843 cdls_submit_ms=1.030197000 roc_submit_ms=14.355420000 cdls_wall_ms=49.316192000 roc_wall_ms=58.911164000
sample n=12288 lda=12288 iteration=12 first=cdls cdls_ms=48.144649506 rocsolver_ms=57.858833313 cdls_submit_ms=0.338619000 roc_submit_ms=13.664743000 cdls_wall_ms=48.153111000 roc_wall_ms=57.866233000
sample n=12288 lda=12288 iteration=13 first=rocsolver cdls_ms=48.990379333 rocsolver_ms=58.888774872 cdls_submit_ms=1.522441000 roc_submit_ms=14.527254000 cdls_wall_ms=48.999337000 roc_wall_ms=59.354061000
sample n=12288 lda=12288 iteration=14 first=cdls cdls_ms=48.517627716 rocsolver_ms=57.962818146 cdls_submit_ms=0.317025000 roc_submit_ms=13.773169000 cdls_wall_ms=48.526162000 roc_wall_ms=57.970272000
sample n=12288 lda=12288 iteration=15 first=rocsolver cdls_ms=48.574756622 rocsolver_ms=58.698196411 cdls_submit_ms=1.032120000 roc_submit_ms=14.401992000 cdls_wall_ms=49.061611000 roc_wall_ms=59.180706000
sample n=12288 lda=12288 iteration=16 first=cdls cdls_ms=48.551952362 rocsolver_ms=57.924018860 cdls_submit_ms=0.319099000 roc_submit_ms=13.658354000 cdls_wall_ms=48.559783000 roc_wall_ms=57.933967000
sample n=12288 lda=12288 iteration=17 first=rocsolver cdls_ms=48.455963135 rocsolver_ms=58.652763367 cdls_submit_ms=1.082437000 roc_submit_ms=14.330823000 cdls_wall_ms=48.933866000 roc_wall_ms=58.661952000
sample n=12288 lda=12288 iteration=18 first=cdls cdls_ms=48.587097168 rocsolver_ms=58.396816254 cdls_submit_ms=0.318908000 roc_submit_ms=13.678604000 cdls_wall_ms=48.595748000 roc_wall_ms=58.409265000
sample n=12288 lda=12288 iteration=19 first=rocsolver cdls_ms=49.088344574 rocsolver_ms=58.471687317 cdls_submit_ms=1.476120000 roc_submit_ms=14.466711000 cdls_wall_ms=49.098388000 roc_wall_ms=58.949843000
sample n=12288 lda=12288 iteration=20 first=cdls cdls_ms=48.336071014 rocsolver_ms=57.873664856 cdls_submit_ms=0.336986000 roc_submit_ms=13.689541000 cdls_wall_ms=48.344013000 roc_wall_ms=57.881807000
sample n=12288 lda=12288 iteration=21 first=rocsolver cdls_ms=48.507633209 rocsolver_ms=59.025608063 cdls_submit_ms=0.986380000 roc_submit_ms=14.075643000 cdls_wall_ms=49.005295000 roc_wall_ms=59.508377000
sample n=12288 lda=12288 iteration=22 first=cdls cdls_ms=48.236488342 rocsolver_ms=58.229549408 cdls_submit_ms=0.328123000 roc_submit_ms=13.883097000 cdls_wall_ms=48.244270000 roc_wall_ms=58.236871000
sample n=12288 lda=12288 iteration=23 first=rocsolver cdls_ms=49.563549042 rocsolver_ms=58.809436798 cdls_submit_ms=1.446675000 roc_submit_ms=14.403234000 cdls_wall_ms=49.572744000 roc_wall_ms=59.294821000
sample n=12288 lda=12288 iteration=24 first=cdls cdls_ms=48.493118286 rocsolver_ms=58.383079529 cdls_submit_ms=0.322254000 roc_submit_ms=14.197910000 cdls_wall_ms=48.501704000 roc_wall_ms=58.390896000
sample n=12288 lda=12288 iteration=25 first=rocsolver cdls_ms=48.921836853 rocsolver_ms=58.884151459 cdls_submit_ms=1.043788000 roc_submit_ms=14.444286000 cdls_wall_ms=49.398878000 roc_wall_ms=59.367612000
sample n=12288 lda=12288 iteration=26 first=cdls cdls_ms=49.009407043 rocsolver_ms=58.613864899 cdls_submit_ms=0.327372000 roc_submit_ms=13.774251000 cdls_wall_ms=49.017565000 roc_wall_ms=58.621940000
sample n=12288 lda=12288 iteration=27 first=rocsolver cdls_ms=48.973056793 rocsolver_ms=58.686256409 cdls_submit_ms=1.036267000 roc_submit_ms=14.403394000 cdls_wall_ms=49.459071000 roc_wall_ms=59.167635000
sample n=12288 lda=12288 iteration=28 first=cdls cdls_ms=48.609828949 rocsolver_ms=58.285663605 cdls_submit_ms=0.317686000 roc_submit_ms=13.699877000 cdls_wall_ms=48.618904000 roc_wall_ms=58.293027000
sample n=12288 lda=12288 iteration=29 first=rocsolver cdls_ms=49.691017151 rocsolver_ms=58.983798981 cdls_submit_ms=1.475629000 roc_submit_ms=14.335190000 cdls_wall_ms=49.700240000 roc_wall_ms=59.464140000
bench n=12288 lda=12288 repeats=30 cdls_median_ms=48.563354 rocsolver_median_ms=58.389948 cdls_mean_ms=48.654529 rocsolver_mean_ms=58.341533 cdls_gflops=25469.309002 workspace_bytes=147464 roc_workspace_bytes=50955456 cdls_submit_ms=1.004694 roc_submit_ms=14.197499 cdls_wall_ms=48.785279 roc_wall_ms=58.641946 rocsolver_gflops=21183.013967 speedup=1.202346
