device=AMD Instinct MI300A arch=gfx942:sramecc+:xnack- HIP=60443484 CUs=228 memory_bytes=137438953472 rocSOLVER=3.28.2.1b897f5 rocBLAS=4.4.1.f08d23e3 baseline=rocsolver_dgetrf_npvt fp64 seed=20261001 method=auto matrix=dense n=2048 lda=4096 offset=0 warmup=5 repeats=30
validate n=2048 lda=4096 kind=dense info=7/0 L_rel=8.1213e-16 U_rel=2.0337e-15 residual_scaled=4.3742e-03/1.2203e-03 PASS
sample n=2048 lda=4096 iteration=0 first=cdls cdls_ms=1.731413007 rocsolver_ms=4.058919907 cdls_submit_ms=0.013701000 roc_submit_ms=2.254405000 cdls_wall_ms=1.754439000 roc_wall_ms=4.066892000
sample n=2048 lda=4096 iteration=1 first=rocsolver cdls_ms=1.742630005 rocsolver_ms=4.384259224 cdls_submit_ms=0.008202000 roc_submit_ms=3.969213000 cdls_wall_ms=1.750773000 roc_wall_ms=4.392161000
sample n=2048 lda=4096 iteration=2 first=cdls cdls_ms=1.694877028 rocsolver_ms=4.058409214 cdls_submit_ms=0.007812000 roc_submit_ms=2.225210000 cdls_wall_ms=1.702338000 roc_wall_ms=4.067193000
sample n=2048 lda=4096 iteration=3 first=rocsolver cdls_ms=1.726205945 rocsolver_ms=4.479815006 cdls_submit_ms=0.010266000 roc_submit_ms=4.078551000 cdls_wall_ms=1.734558000 roc_wall_ms=4.488028000
sample n=2048 lda=4096 iteration=4 first=cdls cdls_ms=1.684020042 rocsolver_ms=4.054152966 cdls_submit_ms=0.007582000 roc_submit_ms=2.189505000 cdls_wall_ms=1.807711000 roc_wall_ms=4.062246000
sample n=2048 lda=4096 iteration=5 first=rocsolver cdls_ms=1.722038984 rocsolver_ms=4.399812222 cdls_submit_ms=0.008834000 roc_submit_ms=4.057148000 cdls_wall_ms=1.730012000 roc_wall_ms=4.408095000
sample n=2048 lda=4096 iteration=6 first=cdls cdls_ms=1.802603006 rocsolver_ms=4.051918983 cdls_submit_ms=0.115216000 roc_submit_ms=2.206882000 cdls_wall_ms=1.811506000 roc_wall_ms=4.060813000
sample n=2048 lda=4096 iteration=7 first=rocsolver cdls_ms=1.698081970 rocsolver_ms=4.460696220 cdls_submit_ms=0.013951000 roc_submit_ms=4.065400000 cdls_wall_ms=1.707346000 roc_wall_ms=4.468939000
sample n=2048 lda=4096 iteration=8 first=cdls cdls_ms=1.646963954 rocsolver_ms=4.066191196 cdls_submit_ms=0.008764000 roc_submit_ms=2.211358000 cdls_wall_ms=1.762782000 roc_wall_ms=4.076597000
sample n=2048 lda=4096 iteration=9 first=rocsolver cdls_ms=1.758375049 rocsolver_ms=4.429007053 cdls_submit_ms=0.016576000 roc_submit_ms=4.092992000 cdls_wall_ms=1.766377000 roc_wall_ms=4.436870000
sample n=2048 lda=4096 iteration=10 first=cdls cdls_ms=1.709941030 rocsolver_ms=4.062665939 cdls_submit_ms=0.007612000 roc_submit_ms=2.205760000 cdls_wall_ms=1.718474000 roc_wall_ms=4.072571000
sample n=2048 lda=4096 iteration=11 first=rocsolver cdls_ms=1.717993021 rocsolver_ms=4.477420807 cdls_submit_ms=0.014232000 roc_submit_ms=4.081265000 cdls_wall_ms=1.726515000 roc_wall_ms=4.484683000
sample n=2048 lda=4096 iteration=12 first=cdls cdls_ms=1.699604988 rocsolver_ms=4.044278145 cdls_submit_ms=0.009434000 roc_submit_ms=2.197328000 cdls_wall_ms=1.706945000 roc_wall_ms=4.053242000
sample n=2048 lda=4096 iteration=13 first=rocsolver cdls_ms=1.755048990 rocsolver_ms=4.437280178 cdls_submit_ms=0.017547000 roc_submit_ms=4.023396000 cdls_wall_ms=1.763883000 roc_wall_ms=4.446254000
sample n=2048 lda=4096 iteration=14 first=cdls cdls_ms=1.718834043 rocsolver_ms=4.151350975 cdls_submit_ms=0.007682000 roc_submit_ms=2.404615000 cdls_wall_ms=1.728329000 roc_wall_ms=4.160836000
sample n=2048 lda=4096 iteration=15 first=rocsolver cdls_ms=1.737862945 rocsolver_ms=4.487327099 cdls_submit_ms=0.016004000 roc_submit_ms=4.068866000 cdls_wall_ms=1.745786000 roc_wall_ms=4.494788000
sample n=2048 lda=4096 iteration=16 first=cdls cdls_ms=1.717872977 rocsolver_ms=4.076988220 cdls_submit_ms=0.008624000 roc_submit_ms=2.190998000 cdls_wall_ms=1.725565000 roc_wall_ms=4.085542000
sample n=2048 lda=4096 iteration=17 first=rocsolver cdls_ms=1.754928946 rocsolver_ms=4.478052139 cdls_submit_ms=0.014543000 roc_submit_ms=4.147947000 cdls_wall_ms=1.763893000 roc_wall_ms=4.486626000
sample n=2048 lda=4096 iteration=18 first=cdls cdls_ms=1.730772018 rocsolver_ms=4.048954964 cdls_submit_ms=0.010686000 roc_submit_ms=2.192279000 cdls_wall_ms=1.739336000 roc_wall_ms=4.059621000
sample n=2048 lda=4096 iteration=19 first=rocsolver cdls_ms=1.709740043 rocsolver_ms=4.431059837 cdls_submit_ms=0.012860000 roc_submit_ms=4.072201000 cdls_wall_ms=1.717702000 roc_wall_ms=4.439423000
sample n=2048 lda=4096 iteration=20 first=cdls cdls_ms=1.694756985 rocsolver_ms=3.933979034 cdls_submit_ms=0.006990000 roc_submit_ms=2.207233000 cdls_wall_ms=1.702580000 roc_wall_ms=3.943653000
sample n=2048 lda=4096 iteration=21 first=rocsolver cdls_ms=1.699244022 rocsolver_ms=4.454004765 cdls_submit_ms=0.013962000 roc_submit_ms=4.135778000 cdls_wall_ms=1.709260000 roc_wall_ms=4.463150000
sample n=2048 lda=4096 iteration=22 first=cdls cdls_ms=1.692072988 rocsolver_ms=4.082886219 cdls_submit_ms=0.008413000 roc_submit_ms=2.212100000 cdls_wall_ms=1.701117000 roc_wall_ms=4.093263000
sample n=2048 lda=4096 iteration=23 first=rocsolver cdls_ms=1.727928042 rocsolver_ms=4.518613815 cdls_submit_ms=0.013741000 roc_submit_ms=4.107545000 cdls_wall_ms=1.737112000 roc_wall_ms=4.525115000
sample n=2048 lda=4096 iteration=24 first=cdls cdls_ms=1.708538055 rocsolver_ms=3.952917099 cdls_submit_ms=0.007461000 roc_submit_ms=2.214674000 cdls_wall_ms=1.715951000 roc_wall_ms=4.020741000
sample n=2048 lda=4096 iteration=25 first=rocsolver cdls_ms=1.758134961 rocsolver_ms=4.562662125 cdls_submit_ms=0.018559000 roc_submit_ms=4.175579000 cdls_wall_ms=1.765586000 roc_wall_ms=4.571485000
sample n=2048 lda=4096 iteration=26 first=cdls cdls_ms=1.672963023 rocsolver_ms=3.931785107 cdls_submit_ms=0.009024000 roc_submit_ms=2.183306000 cdls_wall_ms=1.681697000 roc_wall_ms=3.941871000
sample n=2048 lda=4096 iteration=27 first=rocsolver cdls_ms=1.686385036 rocsolver_ms=4.474677086 cdls_submit_ms=0.011207000 roc_submit_ms=4.127185000 cdls_wall_ms=1.694216000 roc_wall_ms=4.483180000
sample n=2048 lda=4096 iteration=28 first=cdls cdls_ms=1.664631009 rocsolver_ms=4.057267189 cdls_submit_ms=0.006861000 roc_submit_ms=2.204168000 cdls_wall_ms=1.674566000 roc_wall_ms=4.066402000
sample n=2048 lda=4096 iteration=29 first=rocsolver cdls_ms=1.714547038 rocsolver_ms=4.427804947 cdls_submit_ms=0.012610000 roc_submit_ms=4.078871000 cdls_wall_ms=1.723271000 roc_wall_ms=4.434015000
bench n=2048 lda=4096 repeats=30 cdls_median_ms=1.716210 rocsolver_median_ms=4.267805 cdls_mean_ms=1.715967 rocsolver_mean_ms=4.251172 cdls_gflops=3335.562398 workspace_bytes=4104 roc_workspace_bytes=8930496 cdls_submit_ms=0.010476 roc_submit_ms=3.186914 cdls_wall_ms=1.727422 roc_wall_ms=4.276498 rocsolver_gflops=1341.327787 speedup=2.486762
