device=AMD Instinct MI300A arch=gfx942:sramecc+:xnack- HIP=60443484 CUs=228 memory_bytes=137438953472 rocSOLVER=3.28.2.1b897f5 rocBLAS=4.4.1.f08d23e3 baseline=rocsolver_dgetrf_npvt fp64 seed=20261001 method=auto matrix=dense n=768 lda=768 offset=0 warmup=5 repeats=30
validate n=768 lda=768 kind=dense info=7/0 L_rel=3.9866e-16 U_rel=8.2995e-16 residual_scaled=4.8321e-03/1.1282e-03 PASS
sample n=768 lda=768 iteration=0 first=cdls cdls_ms=0.643344998 rocsolver_ms=1.413244009 cdls_submit_ms=0.015314000 roc_submit_ms=0.870262000 cdls_wall_ms=0.658108000 roc_wall_ms=1.420335000
sample n=768 lda=768 iteration=1 first=rocsolver cdls_ms=0.612658024 rocsolver_ms=1.737259984 cdls_submit_ms=0.010026000 roc_submit_ms=1.592538000 cdls_wall_ms=0.621441000 roc_wall_ms=1.744812000
sample n=768 lda=768 iteration=2 first=cdls cdls_ms=0.672228992 rocsolver_ms=1.407755971 cdls_submit_ms=0.065831000 roc_submit_ms=0.887359000 cdls_wall_ms=0.679901000 roc_wall_ms=1.415327000
sample n=768 lda=768 iteration=3 first=rocsolver cdls_ms=0.604485989 rocsolver_ms=1.780725956 cdls_submit_ms=0.009775000 roc_submit_ms=1.634293000 cdls_wall_ms=0.613249000 roc_wall_ms=1.788258000
sample n=768 lda=768 iteration=4 first=cdls cdls_ms=0.669264972 rocsolver_ms=1.359400988 cdls_submit_ms=0.010486000 roc_submit_ms=0.875771000 cdls_wall_ms=0.678258000 roc_wall_ms=1.368785000
sample n=768 lda=768 iteration=5 first=rocsolver cdls_ms=0.609652996 rocsolver_ms=1.706012011 cdls_submit_ms=0.009364000 roc_submit_ms=1.603635000 cdls_wall_ms=0.616974000 roc_wall_ms=1.713473000
sample n=768 lda=768 iteration=6 first=cdls cdls_ms=0.605486989 rocsolver_ms=1.403669000 cdls_submit_ms=0.009715000 roc_submit_ms=0.916483000 cdls_wall_ms=0.663526000 roc_wall_ms=1.412843000
sample n=768 lda=768 iteration=7 first=rocsolver cdls_ms=0.656645000 rocsolver_ms=1.840458035 cdls_submit_ms=0.010887000 roc_submit_ms=1.685792000 cdls_wall_ms=0.666160000 roc_wall_ms=1.850333000
sample n=768 lda=768 iteration=8 first=cdls cdls_ms=0.609212995 rocsolver_ms=1.402907968 cdls_submit_ms=0.007291000 roc_submit_ms=0.907550000 cdls_wall_ms=0.671598000 roc_wall_ms=1.413794000
sample n=768 lda=768 iteration=9 first=rocsolver cdls_ms=0.632207990 rocsolver_ms=1.739022017 cdls_submit_ms=0.007972000 roc_submit_ms=1.602534000 cdls_wall_ms=0.641251000 roc_wall_ms=1.747556000
sample n=768 lda=768 iteration=10 first=cdls cdls_ms=0.659609973 rocsolver_ms=1.402547002 cdls_submit_ms=0.067103000 roc_submit_ms=0.916073000 cdls_wall_ms=0.667552000 roc_wall_ms=1.410580000
sample n=768 lda=768 iteration=11 first=rocsolver cdls_ms=0.605807006 rocsolver_ms=1.697039008 cdls_submit_ms=0.010276000 roc_submit_ms=1.551896000 cdls_wall_ms=0.614942000 roc_wall_ms=1.705031000
sample n=768 lda=768 iteration=12 first=cdls cdls_ms=0.618746996 rocsolver_ms=1.403028011 cdls_submit_ms=0.013641000 roc_submit_ms=0.936173000 cdls_wall_ms=0.681333000 roc_wall_ms=1.412563000
sample n=768 lda=768 iteration=13 first=rocsolver cdls_ms=0.597194016 rocsolver_ms=1.724040031 cdls_submit_ms=0.009975000 roc_submit_ms=1.623085000 cdls_wall_ms=0.605667000 roc_wall_ms=1.731801000
sample n=768 lda=768 iteration=14 first=cdls cdls_ms=0.589302003 rocsolver_ms=1.396417975 cdls_submit_ms=0.009084000 roc_submit_ms=0.905316000 cdls_wall_ms=0.596724000 roc_wall_ms=1.404311000
sample n=768 lda=768 iteration=15 first=rocsolver cdls_ms=0.632969022 rocsolver_ms=1.698601007 cdls_submit_ms=0.009425000 roc_submit_ms=1.609424000 cdls_wall_ms=0.641672000 roc_wall_ms=1.705792000
sample n=768 lda=768 iteration=16 first=cdls cdls_ms=0.600039005 rocsolver_ms=1.379351974 cdls_submit_ms=0.010556000 roc_submit_ms=0.896233000 cdls_wall_ms=0.681864000 roc_wall_ms=1.390149000
sample n=768 lda=768 iteration=17 first=rocsolver cdls_ms=0.568310022 rocsolver_ms=1.652089000 cdls_submit_ms=0.009314000 roc_submit_ms=1.602324000 cdls_wall_ms=0.577574000 roc_wall_ms=1.659882000
sample n=768 lda=768 iteration=18 first=cdls cdls_ms=0.675994992 rocsolver_ms=1.395897031 cdls_submit_ms=0.009384000 roc_submit_ms=0.906728000 cdls_wall_ms=0.749558000 roc_wall_ms=1.405433000
sample n=768 lda=768 iteration=19 first=rocsolver cdls_ms=0.638096988 rocsolver_ms=1.682976007 cdls_submit_ms=0.010066000 roc_submit_ms=1.621142000 cdls_wall_ms=0.647051000 roc_wall_ms=1.691850000
sample n=768 lda=768 iteration=20 first=cdls cdls_ms=0.619588971 rocsolver_ms=1.394214988 cdls_submit_ms=0.009494000 roc_submit_ms=0.893578000 cdls_wall_ms=0.628522000 roc_wall_ms=1.403389000
sample n=768 lda=768 iteration=21 first=rocsolver cdls_ms=0.579847991 rocsolver_ms=1.691709995 cdls_submit_ms=0.009395000 roc_submit_ms=1.604396000 cdls_wall_ms=0.588592000 roc_wall_ms=1.700413000
sample n=768 lda=768 iteration=22 first=cdls cdls_ms=0.608731985 rocsolver_ms=1.392691970 cdls_submit_ms=0.008322000 roc_submit_ms=0.898005000 cdls_wall_ms=0.616985000 roc_wall_ms=1.402598000
sample n=768 lda=768 iteration=23 first=rocsolver cdls_ms=0.612376988 rocsolver_ms=1.706333041 cdls_submit_ms=0.010476000 roc_submit_ms=1.598858000 cdls_wall_ms=0.621481000 roc_wall_ms=1.715016000
sample n=768 lda=768 iteration=24 first=cdls cdls_ms=0.575881004 rocsolver_ms=1.392371058 cdls_submit_ms=0.009755000 roc_submit_ms=0.897324000 cdls_wall_ms=0.584735000 roc_wall_ms=1.402216000
sample n=768 lda=768 iteration=25 first=rocsolver cdls_ms=0.595911980 rocsolver_ms=1.706051946 cdls_submit_ms=0.008673000 roc_submit_ms=1.586850000 cdls_wall_ms=0.604185000 roc_wall_ms=1.713543000
sample n=768 lda=768 iteration=26 first=cdls cdls_ms=0.606929004 rocsolver_ms=1.405110955 cdls_submit_ms=0.010686000 roc_submit_ms=0.907009000 cdls_wall_ms=0.672921000 roc_wall_ms=1.413935000
sample n=768 lda=768 iteration=27 first=rocsolver cdls_ms=0.640100002 rocsolver_ms=1.683576941 cdls_submit_ms=0.010406000 roc_submit_ms=1.628043000 cdls_wall_ms=0.648874000 roc_wall_ms=1.691049000
sample n=768 lda=768 iteration=28 first=cdls cdls_ms=0.587700009 rocsolver_ms=1.402706981 cdls_submit_ms=0.010887000 roc_submit_ms=0.890043000 cdls_wall_ms=0.664938000 roc_wall_ms=1.411772000
sample n=768 lda=768 iteration=29 first=rocsolver cdls_ms=0.623193979 rocsolver_ms=1.719511986 cdls_submit_ms=0.009815000 roc_submit_ms=1.657418000 cdls_wall_ms=0.631257000 roc_wall_ms=1.726975000
bench n=768 lda=768 repeats=30 cdls_median_ms=0.611015 rocsolver_median_ms=1.532667 cdls_mean_ms=0.618384 rocsolver_mean_ms=1.557224 cdls_gflops=493.760140 workspace_bytes=584 roc_workspace_bytes=3677376 cdls_submit_ms=0.009895 roc_submit_ms=1.244034 cdls_wall_ms=0.641462 roc_wall_ms=1.540109 rocsolver_gflops=196.843114 speedup=2.508394
