device=AMD Instinct MI300A arch=gfx942:sramecc+:xnack- HIP=60443484 CUs=228 memory_bytes=137438953472 rocSOLVER=3.28.2.1b897f5 rocBLAS=4.4.1.f08d23e3 baseline=rocsolver_dgetrf_npvt fp64 seed=20261001 method=auto matrix=dense n=8192 lda=16384 offset=0 warmup=5 repeats=30
validate n=8192 lda=16384 kind=dense info=7/0 L_rel=1.6309e-15 U_rel=4.0342e-15 residual_scaled=2.1920e-03/3.9221e-04 PASS
sample n=8192 lda=16384 iteration=0 first=cdls cdls_ms=27.687589645 rocsolver_ms=26.320091248 cdls_submit_ms=0.012630000 roc_submit_ms=9.303007000 cdls_wall_ms=27.894898000 roc_wall_ms=26.521283000
sample n=8192 lda=16384 iteration=1 first=rocsolver cdls_ms=27.976871490 rocsolver_ms=26.459356308 cdls_submit_ms=0.013400000 roc_submit_ms=12.145123000 cdls_wall_ms=28.343166000 roc_wall_ms=26.796154000
sample n=8192 lda=16384 iteration=2 first=cdls cdls_ms=27.677011490 rocsolver_ms=26.691814423 cdls_submit_ms=0.007761000 roc_submit_ms=9.463362000 cdls_wall_ms=27.684876000 roc_wall_ms=26.700648000
sample n=8192 lda=16384 iteration=3 first=rocsolver cdls_ms=27.902599335 rocsolver_ms=26.464103699 cdls_submit_ms=0.009084000 roc_submit_ms=11.955712000 cdls_wall_ms=28.269093000 roc_wall_ms=26.793020000
sample n=8192 lda=16384 iteration=4 first=cdls cdls_ms=27.319503784 rocsolver_ms=26.379766464 cdls_submit_ms=0.008413000 roc_submit_ms=9.484975000 cdls_wall_ms=27.436115000 roc_wall_ms=26.391744000
sample n=8192 lda=16384 iteration=5 first=rocsolver cdls_ms=28.001991272 rocsolver_ms=26.527843475 cdls_submit_ms=0.008874000 roc_submit_ms=12.905347000 cdls_wall_ms=28.392141000 roc_wall_ms=26.596539000
sample n=8192 lda=16384 iteration=6 first=cdls cdls_ms=27.330120087 rocsolver_ms=26.593021393 cdls_submit_ms=0.007632000 roc_submit_ms=9.483794000 cdls_wall_ms=27.339157000 roc_wall_ms=26.600885000
sample n=8192 lda=16384 iteration=7 first=rocsolver cdls_ms=27.823717117 rocsolver_ms=26.720676422 cdls_submit_ms=0.008713000 roc_submit_ms=11.623442000 cdls_wall_ms=28.202520000 roc_wall_ms=27.090996000
sample n=8192 lda=16384 iteration=8 first=cdls cdls_ms=27.987447739 rocsolver_ms=26.313104630 cdls_submit_ms=0.082136000 roc_submit_ms=9.198276000 cdls_wall_ms=27.994871000 roc_wall_ms=26.320335000
sample n=8192 lda=16384 iteration=9 first=rocsolver cdls_ms=28.282100677 rocsolver_ms=26.700468063 cdls_submit_ms=0.008973000 roc_submit_ms=10.509195000 cdls_wall_ms=28.627391000 roc_wall_ms=27.051716000
sample n=8192 lda=16384 iteration=10 first=cdls cdls_ms=27.488483429 rocsolver_ms=26.577417374 cdls_submit_ms=0.071400000 roc_submit_ms=9.114368000 cdls_wall_ms=27.497439000 roc_wall_ms=26.585061000
sample n=8192 lda=16384 iteration=11 first=rocsolver cdls_ms=28.269639969 rocsolver_ms=26.877208710 cdls_submit_ms=0.323716000 roc_submit_ms=10.408581000 cdls_wall_ms=28.279167000 roc_wall_ms=27.209818000
sample n=8192 lda=16384 iteration=12 first=cdls cdls_ms=27.900875092 rocsolver_ms=26.135831833 cdls_submit_ms=0.012008000 roc_submit_ms=8.997298000 cdls_wall_ms=27.908089000 roc_wall_ms=26.144165000
sample n=8192 lda=16384 iteration=13 first=rocsolver cdls_ms=27.812339783 rocsolver_ms=26.488300323 cdls_submit_ms=0.008203000 roc_submit_ms=11.711518000 cdls_wall_ms=28.145011000 roc_wall_ms=26.843737000
sample n=8192 lda=16384 iteration=14 first=cdls cdls_ms=27.553823471 rocsolver_ms=26.340114594 cdls_submit_ms=0.008734000 roc_submit_ms=9.226660000 cdls_wall_ms=27.563019000 roc_wall_ms=26.420789000
sample n=8192 lda=16384 iteration=15 first=rocsolver cdls_ms=27.799400330 rocsolver_ms=26.745004654 cdls_submit_ms=0.097350000 roc_submit_ms=10.744706000 cdls_wall_ms=27.808436000 roc_wall_ms=26.755282000
sample n=8192 lda=16384 iteration=16 first=cdls cdls_ms=27.469936371 rocsolver_ms=26.492687225 cdls_submit_ms=0.008092000 roc_submit_ms=9.073385000 cdls_wall_ms=27.478491000 roc_wall_ms=26.769123000
sample n=8192 lda=16384 iteration=17 first=rocsolver cdls_ms=27.874795914 rocsolver_ms=26.935668945 cdls_submit_ms=0.008954000 roc_submit_ms=10.235886000 cdls_wall_ms=28.201999000 roc_wall_ms=26.943650000
sample n=8192 lda=16384 iteration=18 first=cdls cdls_ms=27.832771301 rocsolver_ms=26.590135574 cdls_submit_ms=0.009595000 roc_submit_ms=9.146477000 cdls_wall_ms=27.842448000 roc_wall_ms=26.598642000
sample n=8192 lda=16384 iteration=19 first=rocsolver cdls_ms=28.257783890 rocsolver_ms=26.845808029 cdls_submit_ms=0.010026000 roc_submit_ms=10.818349000 cdls_wall_ms=28.602713000 roc_wall_ms=27.192352000
sample n=8192 lda=16384 iteration=20 first=cdls cdls_ms=27.598291397 rocsolver_ms=26.452116013 cdls_submit_ms=0.009024000 roc_submit_ms=9.198436000 cdls_wall_ms=27.606106000 roc_wall_ms=26.461111000
sample n=8192 lda=16384 iteration=21 first=rocsolver cdls_ms=28.185152054 rocsolver_ms=26.894092560 cdls_submit_ms=0.009024000 roc_submit_ms=10.713759000 cdls_wall_ms=28.506676000 roc_wall_ms=27.234987000
sample n=8192 lda=16384 iteration=22 first=cdls cdls_ms=27.352115631 rocsolver_ms=26.483694077 cdls_submit_ms=0.008283000 roc_submit_ms=9.209043000 cdls_wall_ms=27.420271000 roc_wall_ms=26.494382000
sample n=8192 lda=16384 iteration=23 first=rocsolver cdls_ms=28.073740005 rocsolver_ms=26.818708420 cdls_submit_ms=0.007932000 roc_submit_ms=10.813371000 cdls_wall_ms=28.082896000 roc_wall_ms=27.161925000
sample n=8192 lda=16384 iteration=24 first=cdls cdls_ms=27.558712006 rocsolver_ms=26.568756104 cdls_submit_ms=0.007732000 roc_submit_ms=9.230776000 cdls_wall_ms=27.923272000 roc_wall_ms=26.576458000
sample n=8192 lda=16384 iteration=25 first=rocsolver cdls_ms=27.945344925 rocsolver_ms=27.079820633 cdls_submit_ms=0.007671000 roc_submit_ms=10.365185000 cdls_wall_ms=28.278075000 roc_wall_ms=27.089824000
sample n=8192 lda=16384 iteration=26 first=cdls cdls_ms=27.716152191 rocsolver_ms=26.588483810 cdls_submit_ms=0.008653000 roc_submit_ms=9.382509000 cdls_wall_ms=27.774043000 roc_wall_ms=26.599634000
sample n=8192 lda=16384 iteration=27 first=rocsolver cdls_ms=28.518663406 rocsolver_ms=26.918039322 cdls_submit_ms=0.010225000 roc_submit_ms=12.225966000 cdls_wall_ms=28.847138000 roc_wall_ms=27.283752000
sample n=8192 lda=16384 iteration=28 first=cdls cdls_ms=27.593524933 rocsolver_ms=26.794212341 cdls_submit_ms=0.008653000 roc_submit_ms=9.279741000 cdls_wall_ms=27.602591000 roc_wall_ms=26.801753000
sample n=8192 lda=16384 iteration=29 first=rocsolver cdls_ms=28.183507919 rocsolver_ms=26.980295181 cdls_submit_ms=0.007782000 roc_submit_ms=10.074008000 cdls_wall_ms=28.511504000 roc_wall_ms=27.312446000
bench n=8192 lda=16384 repeats=30 cdls_median_ms=27.828244 rocsolver_median_ms=26.589310 cdls_mean_ms=27.832467 rocsolver_mean_ms=26.625888 cdls_gflops=13169.006186 workspace_bytes=65544 roc_workspace_bytes=34145472 cdls_submit_ms=0.008914 roc_submit_ms=9.779491 cdls_wall_ms=27.959072 roc_wall_ms=26.762203 rocsolver_gflops=13782.618818 speedup=0.955479
