device=AMD Instinct MI300A arch=gfx942:sramecc+:xnack- HIP=60443484 CUs=228 memory_bytes=137438953472 rocSOLVER=3.28.2.1b897f5 rocBLAS=4.4.1.f08d23e3 baseline=rocsolver_dgetrf_npvt fp64 seed=20261001 method=auto matrix=dense n=1536 lda=1536 offset=0 warmup=5 repeats=30
validate n=1536 lda=1536 kind=dense info=7/0 L_rel=5.4904e-16 U_rel=1.1184e-15 residual_scaled=3.2634e-03/6.3716e-04 PASS
sample n=1536 lda=1536 iteration=0 first=cdls cdls_ms=1.226117015 rocsolver_ms=2.915783882 cdls_submit_ms=0.016996000 roc_submit_ms=1.738051000 cdls_wall_ms=1.240049000 roc_wall_ms=2.922975000
sample n=1536 lda=1536 iteration=1 first=rocsolver cdls_ms=1.241459966 rocsolver_ms=3.401367903 cdls_submit_ms=0.009134000 roc_submit_ms=3.053025000 cdls_wall_ms=1.249854000 roc_wall_ms=3.407688000
sample n=1536 lda=1536 iteration=2 first=cdls cdls_ms=1.199637055 rocsolver_ms=2.904647112 cdls_submit_ms=0.008593000 roc_submit_ms=1.732403000 cdls_wall_ms=1.298258000 roc_wall_ms=2.914161000
sample n=1536 lda=1536 iteration=3 first=rocsolver cdls_ms=1.237375021 rocsolver_ms=3.378211975 cdls_submit_ms=0.009374000 roc_submit_ms=3.101639000 cdls_wall_ms=1.245657000 roc_wall_ms=3.385754000
sample n=1536 lda=1536 iteration=4 first=cdls cdls_ms=1.205044031 rocsolver_ms=2.915061951 cdls_submit_ms=0.012970000 roc_submit_ms=1.739634000 cdls_wall_ms=1.215681000 roc_wall_ms=2.924047000
sample n=1536 lda=1536 iteration=5 first=rocsolver cdls_ms=1.240138054 rocsolver_ms=3.451844931 cdls_submit_ms=0.009935000 roc_submit_ms=3.125846000 cdls_wall_ms=1.247491000 roc_wall_ms=3.460649000
sample n=1536 lda=1536 iteration=6 first=cdls cdls_ms=1.190742970 rocsolver_ms=2.924076080 cdls_submit_ms=0.008624000 roc_submit_ms=1.754266000 cdls_wall_ms=1.199937000 roc_wall_ms=2.934403000
sample n=1536 lda=1536 iteration=7 first=rocsolver cdls_ms=1.248590946 rocsolver_ms=3.424521923 cdls_submit_ms=0.009244000 roc_submit_ms=3.098325000 cdls_wall_ms=1.256934000 roc_wall_ms=3.433297000
sample n=1536 lda=1536 iteration=8 first=cdls cdls_ms=1.211454988 rocsolver_ms=2.944468021 cdls_submit_ms=0.009054000 roc_submit_ms=1.746214000 cdls_wall_ms=1.220398000 roc_wall_ms=2.956386000
sample n=1536 lda=1536 iteration=9 first=rocsolver cdls_ms=1.247470021 rocsolver_ms=3.330097914 cdls_submit_ms=0.009294000 roc_submit_ms=3.143013000 cdls_wall_ms=1.255332000 roc_wall_ms=3.339303000
sample n=1536 lda=1536 iteration=10 first=cdls cdls_ms=1.205286026 rocsolver_ms=2.922594070 cdls_submit_ms=0.008443000 roc_submit_ms=1.762518000 cdls_wall_ms=1.212937000 roc_wall_ms=2.931579000
sample n=1536 lda=1536 iteration=11 first=rocsolver cdls_ms=1.217504025 rocsolver_ms=3.486897945 cdls_submit_ms=0.010456000 roc_submit_ms=3.180721000 cdls_wall_ms=1.224756000 roc_wall_ms=3.495452000
sample n=1536 lda=1536 iteration=12 first=cdls cdls_ms=1.191663980 rocsolver_ms=2.841590881 cdls_submit_ms=0.009164000 roc_submit_ms=1.716718000 cdls_wall_ms=1.198916000 roc_wall_ms=2.848922000
sample n=1536 lda=1536 iteration=13 first=rocsolver cdls_ms=1.242180943 rocsolver_ms=3.458093882 cdls_submit_ms=0.009034000 roc_submit_ms=3.157986000 cdls_wall_ms=1.250926000 roc_wall_ms=3.466068000
sample n=1536 lda=1536 iteration=14 first=cdls cdls_ms=1.241060972 rocsolver_ms=2.917947054 cdls_submit_ms=0.010537000 roc_submit_ms=1.747415000 cdls_wall_ms=1.250315000 roc_wall_ms=2.927632000
sample n=1536 lda=1536 iteration=15 first=rocsolver cdls_ms=1.231845975 rocsolver_ms=3.372884035 cdls_submit_ms=0.016315000 roc_submit_ms=3.116412000 cdls_wall_ms=1.239387000 roc_wall_ms=3.381668000
sample n=1536 lda=1536 iteration=16 first=cdls cdls_ms=1.210172057 rocsolver_ms=2.934371948 cdls_submit_ms=0.009905000 roc_submit_ms=1.764412000 cdls_wall_ms=1.327853000 roc_wall_ms=2.943016000
sample n=1536 lda=1536 iteration=17 first=rocsolver cdls_ms=1.235571980 rocsolver_ms=3.357460022 cdls_submit_ms=0.010136000 roc_submit_ms=3.112806000 cdls_wall_ms=1.244315000 roc_wall_ms=3.365353000
sample n=1536 lda=1536 iteration=18 first=cdls cdls_ms=1.323987007 rocsolver_ms=2.925559044 cdls_submit_ms=0.106003000 roc_submit_ms=1.801348000 cdls_wall_ms=1.332711000 roc_wall_ms=2.936636000
sample n=1536 lda=1536 iteration=19 first=rocsolver cdls_ms=1.241420031 rocsolver_ms=3.383059025 cdls_submit_ms=0.008423000 roc_submit_ms=3.095430000 cdls_wall_ms=1.250064000 roc_wall_ms=3.391373000
sample n=1536 lda=1536 iteration=20 first=cdls cdls_ms=1.213497996 rocsolver_ms=2.931848049 cdls_submit_ms=0.009094000 roc_submit_ms=1.762278000 cdls_wall_ms=1.330016000 roc_wall_ms=2.941784000
sample n=1536 lda=1536 iteration=21 first=rocsolver cdls_ms=1.239056945 rocsolver_ms=3.372323036 cdls_submit_ms=0.010006000 roc_submit_ms=3.124935000 cdls_wall_ms=1.247760000 roc_wall_ms=3.380296000
sample n=1536 lda=1536 iteration=22 first=cdls cdls_ms=1.177963018 rocsolver_ms=2.949755907 cdls_submit_ms=0.007952000 roc_submit_ms=1.791763000 cdls_wall_ms=1.288202000 roc_wall_ms=2.962295000
sample n=1536 lda=1536 iteration=23 first=rocsolver cdls_ms=1.245746970 rocsolver_ms=3.367316008 cdls_submit_ms=0.008123000 roc_submit_ms=3.051472000 cdls_wall_ms=1.253529000 roc_wall_ms=3.374517000
sample n=1536 lda=1536 iteration=24 first=cdls cdls_ms=1.219146013 rocsolver_ms=2.917305946 cdls_submit_ms=0.010757000 roc_submit_ms=1.766264000 cdls_wall_ms=1.337037000 roc_wall_ms=2.927503000
sample n=1536 lda=1536 iteration=25 first=rocsolver cdls_ms=1.235692024 rocsolver_ms=3.397120953 cdls_submit_ms=0.007271000 roc_submit_ms=3.056530000 cdls_wall_ms=1.243153000 roc_wall_ms=3.405805000
sample n=1536 lda=1536 iteration=26 first=cdls cdls_ms=1.213336945 rocsolver_ms=2.926881075 cdls_submit_ms=0.009605000 roc_submit_ms=1.780767000 cdls_wall_ms=1.330036000 roc_wall_ms=2.937067000
sample n=1536 lda=1536 iteration=27 first=rocsolver cdls_ms=1.210052967 rocsolver_ms=3.390430927 cdls_submit_ms=0.007501000 roc_submit_ms=3.122341000 cdls_wall_ms=1.218646000 roc_wall_ms=3.399255000
sample n=1536 lda=1536 iteration=28 first=cdls cdls_ms=1.206127048 rocsolver_ms=2.925638914 cdls_submit_ms=0.009364000 roc_submit_ms=1.766384000 cdls_wall_ms=1.322845000 roc_wall_ms=2.936417000
sample n=1536 lda=1536 iteration=29 first=rocsolver cdls_ms=1.232566953 rocsolver_ms=3.445635080 cdls_submit_ms=0.008583000 roc_submit_ms=3.128249000 cdls_wall_ms=1.240980000 roc_wall_ms=3.459567000
bench n=1536 lda=1536 repeats=30 cdls_median_ms=1.228981 rocsolver_median_ms=3.139927 cdls_mean_ms=1.226064 rocsolver_mean_ms=3.160493 cdls_gflops=1964.829585 workspace_bytes=2312 roc_workspace_bytes=6829248 cdls_submit_ms=0.009269 roc_submit_ms=2.426410 cdls_wall_ms=1.248807 roc_wall_ms=3.150799 rocsolver_gflops=769.043124 speedup=2.554902
