device=AMD Instinct MI300A arch=gfx942:sramecc+:xnack- HIP=60443484 CUs=228 memory_bytes=137438953472 rocSOLVER=3.28.2.1b897f5 rocBLAS=4.4.1.f08d23e3 baseline=rocsolver_dgetrf_npvt fp64 seed=20261001 method=auto matrix=dense n=7 lda=7 offset=0 warmup=20 repeats=30
validate n=7 lda=7 kind=dense info=7/0 L_rel=2.8092e-17 U_rel=0.0000e+00 residual_scaled=5.9726e-02/5.9720e-02 cpu_residual_scaled=6.1483e-02/6.1832e-02 PASS
sample n=7 lda=7 iteration=0 first=cdls cdls_ms=0.007292000 rocsolver_ms=0.016385000 cdls_submit_ms=0.002463000 roc_submit_ms=0.008713000 cdls_wall_ms=0.023116000 roc_wall_ms=0.023927000
sample n=7 lda=7 iteration=1 first=rocsolver cdls_ms=0.009054000 rocsolver_ms=0.012580000 cdls_submit_ms=0.003255000 roc_submit_ms=0.007301000 cdls_wall_ms=0.017587000 roc_wall_ms=0.020392000
sample n=7 lda=7 iteration=2 first=cdls cdls_ms=0.008132000 rocsolver_ms=0.018068001 cdls_submit_ms=0.002233000 roc_submit_ms=0.009554000 cdls_wall_ms=0.015814000 roc_wall_ms=0.025309000
sample n=7 lda=7 iteration=3 first=rocsolver cdls_ms=0.011377000 rocsolver_ms=0.020391000 cdls_submit_ms=0.003876000 roc_submit_ms=0.010657000 cdls_wall_ms=0.019289000 roc_wall_ms=0.028443000
sample n=7 lda=7 iteration=4 first=cdls cdls_ms=0.008333000 rocsolver_ms=0.018668000 cdls_submit_ms=0.002884000 roc_submit_ms=0.011447000 cdls_wall_ms=0.018899000 roc_wall_ms=0.027552000
sample n=7 lda=7 iteration=5 first=rocsolver cdls_ms=0.007171000 rocsolver_ms=0.020832000 cdls_submit_ms=0.002363000 roc_submit_ms=0.009976000 cdls_wall_ms=0.015714000 roc_wall_ms=0.028934000
sample n=7 lda=7 iteration=6 first=cdls cdls_ms=0.010216000 rocsolver_ms=0.013861000 cdls_submit_ms=0.005348000 roc_submit_ms=0.011568000 cdls_wall_ms=0.018369000 roc_wall_ms=0.031399000
sample n=7 lda=7 iteration=7 first=rocsolver cdls_ms=0.006610000 rocsolver_ms=0.015984001 cdls_submit_ms=0.003776000 roc_submit_ms=0.009654000 cdls_wall_ms=0.015013000 roc_wall_ms=0.024377000
sample n=7 lda=7 iteration=8 first=cdls cdls_ms=0.011618000 rocsolver_ms=0.014422000 cdls_submit_ms=0.003355000 roc_submit_ms=0.009454000 cdls_wall_ms=0.020311000 roc_wall_ms=0.023867000
sample n=7 lda=7 iteration=9 first=rocsolver cdls_ms=0.009174000 rocsolver_ms=0.020631000 cdls_submit_ms=0.003225000 roc_submit_ms=0.011077000 cdls_wall_ms=0.017667000 roc_wall_ms=0.029385000
sample n=7 lda=7 iteration=10 first=cdls cdls_ms=0.006930000 rocsolver_ms=0.017426999 cdls_submit_ms=0.001993000 roc_submit_ms=0.009745000 cdls_wall_ms=0.015464000 roc_wall_ms=0.024828000
sample n=7 lda=7 iteration=11 first=rocsolver cdls_ms=0.007772000 rocsolver_ms=0.016705001 cdls_submit_ms=0.003365000 roc_submit_ms=0.007772000 cdls_wall_ms=0.016035000 roc_wall_ms=0.025079000
sample n=7 lda=7 iteration=12 first=cdls cdls_ms=0.007731000 rocsolver_ms=0.018708000 cdls_submit_ms=0.002764000 roc_submit_ms=0.009825000 cdls_wall_ms=0.017257000 roc_wall_ms=0.027653000
sample n=7 lda=7 iteration=13 first=rocsolver cdls_ms=0.007371000 rocsolver_ms=0.019110000 cdls_submit_ms=0.003285000 roc_submit_ms=0.011758000 cdls_wall_ms=0.016005000 roc_wall_ms=0.026961000
sample n=7 lda=7 iteration=14 first=cdls cdls_ms=0.008452000 rocsolver_ms=0.015944000 cdls_submit_ms=0.003356000 roc_submit_ms=0.010727000 cdls_wall_ms=0.017217000 roc_wall_ms=0.023556000
sample n=7 lda=7 iteration=15 first=rocsolver cdls_ms=0.007331000 rocsolver_ms=0.012819000 cdls_submit_ms=0.002904000 roc_submit_ms=0.007411000 cdls_wall_ms=0.015824000 roc_wall_ms=0.020160000
sample n=7 lda=7 iteration=16 first=cdls cdls_ms=0.007171000 rocsolver_ms=0.019671001 cdls_submit_ms=0.003095000 roc_submit_ms=0.011277000 cdls_wall_ms=0.015344000 roc_wall_ms=0.026932000
sample n=7 lda=7 iteration=17 first=rocsolver cdls_ms=0.008373000 rocsolver_ms=0.022554001 cdls_submit_ms=0.002975000 roc_submit_ms=0.013130000 cdls_wall_ms=0.016866000 roc_wall_ms=0.029795000
sample n=7 lda=7 iteration=18 first=cdls cdls_ms=0.009094000 rocsolver_ms=0.014703000 cdls_submit_ms=0.003886000 roc_submit_ms=0.008874000 cdls_wall_ms=0.017266000 roc_wall_ms=0.022284000
sample n=7 lda=7 iteration=19 first=rocsolver cdls_ms=0.006770000 rocsolver_ms=0.038779002 cdls_submit_ms=0.002744000 roc_submit_ms=0.033461000 cdls_wall_ms=0.014132000 roc_wall_ms=0.045520000
sample n=7 lda=7 iteration=20 first=cdls cdls_ms=0.011097000 rocsolver_ms=0.014743000 cdls_submit_ms=0.004767000 roc_submit_ms=0.009334000 cdls_wall_ms=0.018378000 roc_wall_ms=0.021363000
sample n=7 lda=7 iteration=21 first=rocsolver cdls_ms=0.007411000 rocsolver_ms=0.014101000 cdls_submit_ms=0.002574000 roc_submit_ms=0.007822000 cdls_wall_ms=0.020492000 roc_wall_ms=0.021362000
sample n=7 lda=7 iteration=22 first=cdls cdls_ms=0.014061000 rocsolver_ms=0.016065000 cdls_submit_ms=0.009725000 roc_submit_ms=0.012119000 cdls_wall_ms=0.023997000 roc_wall_ms=0.025259000
sample n=7 lda=7 iteration=23 first=rocsolver cdls_ms=0.009054000 rocsolver_ms=0.018629000 cdls_submit_ms=0.003516000 roc_submit_ms=0.010527000 cdls_wall_ms=0.016856000 roc_wall_ms=0.027231000
sample n=7 lda=7 iteration=24 first=cdls cdls_ms=0.006890000 rocsolver_ms=0.018989000 cdls_submit_ms=0.002474000 roc_submit_ms=0.011577000 cdls_wall_ms=0.016926000 roc_wall_ms=0.027872000
sample n=7 lda=7 iteration=25 first=rocsolver cdls_ms=0.008133000 rocsolver_ms=0.018949000 cdls_submit_ms=0.003696000 roc_submit_ms=0.013100000 cdls_wall_ms=0.016385000 roc_wall_ms=0.026381000
sample n=7 lda=7 iteration=26 first=cdls cdls_ms=0.011057000 rocsolver_ms=0.017467000 cdls_submit_ms=0.005398000 roc_submit_ms=0.009244000 cdls_wall_ms=0.018869000 roc_wall_ms=0.024878000
sample n=7 lda=7 iteration=27 first=rocsolver cdls_ms=0.009615000 rocsolver_ms=0.019230001 cdls_submit_ms=0.003405000 roc_submit_ms=0.011067000 cdls_wall_ms=0.018599000 roc_wall_ms=0.029014000
sample n=7 lda=7 iteration=28 first=cdls cdls_ms=0.009054000 rocsolver_ms=0.009815000 cdls_submit_ms=0.002534000 roc_submit_ms=0.007291000 cdls_wall_ms=0.018308000 roc_wall_ms=0.021643000
sample n=7 lda=7 iteration=29 first=rocsolver cdls_ms=0.007412000 rocsolver_ms=0.016145000 cdls_submit_ms=0.003665000 roc_submit_ms=0.010105000 cdls_wall_ms=0.016075000 roc_wall_ms=0.024868000
bench n=7 lda=7 repeats=30 cdls_median_ms=0.008233 rocsolver_median_ms=0.017447 cdls_mean_ms=0.008659 rocsolver_mean_ms=0.017746 cdls_gflops=0.024657 workspace_bytes=12 roc_workspace_bytes=0 cdls_submit_ms=0.003270 roc_submit_ms=0.010041 cdls_wall_ms=0.017237 roc_wall_ms=0.025284 rocsolver_gflops=0.011635 speedup=2.119155
