device=AMD Instinct MI300A arch=gfx942:sramecc+:xnack- HIP=60443484 CUs=228 memory_bytes=137438953472 rocSOLVER=3.28.2.1b897f5 rocBLAS=4.4.1.f08d23e3 baseline=rocsolver_dgetrf_npvt fp64 seed=20261001 method=auto matrix=dense n=7 lda=7 offset=0 warmup=20 repeats=30
validate n=7 lda=7 kind=dense info=7/0 L_rel=2.8092e-17 U_rel=0.0000e+00 residual_scaled=5.9726e-02/5.9720e-02 cpu_residual_scaled=6.1483e-02/6.1832e-02 PASS
sample n=7 lda=7 iteration=0 first=cdls cdls_ms=0.007091000 rocsolver_ms=0.013460000 cdls_submit_ms=0.003926000 roc_submit_ms=0.008173000 cdls_wall_ms=0.026110000 roc_wall_ms=0.020902000
sample n=7 lda=7 iteration=1 first=rocsolver cdls_ms=0.010296000 rocsolver_ms=0.016504999 cdls_submit_ms=0.005559000 roc_submit_ms=0.013050000 cdls_wall_ms=0.018208000 roc_wall_ms=0.025309000
sample n=7 lda=7 iteration=2 first=cdls cdls_ms=0.006971000 rocsolver_ms=0.012059000 cdls_submit_ms=0.002895000 roc_submit_ms=0.006961000 cdls_wall_ms=0.016616000 roc_wall_ms=0.020521000
sample n=7 lda=7 iteration=3 first=rocsolver cdls_ms=0.007211000 rocsolver_ms=0.017026000 cdls_submit_ms=0.003375000 roc_submit_ms=0.008253000 cdls_wall_ms=0.017286000 roc_wall_ms=0.025359000
sample n=7 lda=7 iteration=4 first=cdls cdls_ms=0.007691000 rocsolver_ms=0.020951999 cdls_submit_ms=0.003004000 roc_submit_ms=0.011147000 cdls_wall_ms=0.015734000 roc_wall_ms=0.030627000
sample n=7 lda=7 iteration=5 first=rocsolver cdls_ms=0.010736000 rocsolver_ms=0.016745999 cdls_submit_ms=0.004036000 roc_submit_ms=0.009404000 cdls_wall_ms=0.018028000 roc_wall_ms=0.024507000
sample n=7 lda=7 iteration=6 first=cdls cdls_ms=0.010295000 rocsolver_ms=0.016826000 cdls_submit_ms=0.003405000 roc_submit_ms=0.008973000 cdls_wall_ms=0.019100000 roc_wall_ms=0.024127000
sample n=7 lda=7 iteration=7 first=rocsolver cdls_ms=0.008813000 rocsolver_ms=0.017948000 cdls_submit_ms=0.003966000 roc_submit_ms=0.009795000 cdls_wall_ms=0.019630000 roc_wall_ms=0.026931000
sample n=7 lda=7 iteration=8 first=cdls cdls_ms=0.006530000 rocsolver_ms=0.025920000 cdls_submit_ms=0.003265000 roc_submit_ms=0.008593000 cdls_wall_ms=0.017477000 roc_wall_ms=0.034943000
sample n=7 lda=7 iteration=9 first=rocsolver cdls_ms=0.007010000 rocsolver_ms=0.014301000 cdls_submit_ms=0.003625000 roc_submit_ms=0.010156000 cdls_wall_ms=0.015654000 roc_wall_ms=0.025740000
sample n=7 lda=7 iteration=10 first=cdls cdls_ms=0.013181000 rocsolver_ms=0.012499000 cdls_submit_ms=0.003866000 roc_submit_ms=0.008423000 cdls_wall_ms=0.023356000 roc_wall_ms=0.041934000
sample n=7 lda=7 iteration=11 first=rocsolver cdls_ms=0.008133000 rocsolver_ms=0.032168999 cdls_submit_ms=0.004618000 roc_submit_ms=0.007832000 cdls_wall_ms=0.016726000 roc_wall_ms=0.040692000
sample n=7 lda=7 iteration=12 first=cdls cdls_ms=0.008773000 rocsolver_ms=0.015904000 cdls_submit_ms=0.003165000 roc_submit_ms=0.008823000 cdls_wall_ms=0.020381000 roc_wall_ms=0.023336000
sample n=7 lda=7 iteration=13 first=rocsolver cdls_ms=0.009174000 rocsolver_ms=0.010656000 cdls_submit_ms=0.003886000 roc_submit_ms=0.007321000 cdls_wall_ms=0.018509000 roc_wall_ms=0.018539000
sample n=7 lda=7 iteration=14 first=cdls cdls_ms=0.010015000 rocsolver_ms=0.011298000 cdls_submit_ms=0.005048000 roc_submit_ms=0.008273000 cdls_wall_ms=0.017737000 roc_wall_ms=0.021102000
sample n=7 lda=7 iteration=15 first=rocsolver cdls_ms=0.006890000 rocsolver_ms=0.015664000 cdls_submit_ms=0.003536000 roc_submit_ms=0.011457000 cdls_wall_ms=0.015825000 roc_wall_ms=0.024978000
sample n=7 lda=7 iteration=16 first=cdls cdls_ms=0.008653000 rocsolver_ms=0.014782000 cdls_submit_ms=0.004216000 roc_submit_ms=0.008153000 cdls_wall_ms=0.018819000 roc_wall_ms=0.026140000
sample n=7 lda=7 iteration=17 first=rocsolver cdls_ms=0.008934000 rocsolver_ms=0.014342000 cdls_submit_ms=0.004977000 roc_submit_ms=0.007672000 cdls_wall_ms=0.021894000 roc_wall_ms=0.023045000
sample n=7 lda=7 iteration=18 first=cdls cdls_ms=0.007291000 rocsolver_ms=0.016705001 cdls_submit_ms=0.003626000 roc_submit_ms=0.011377000 cdls_wall_ms=0.016515000 roc_wall_ms=0.024938000
sample n=7 lda=7 iteration=19 first=rocsolver cdls_ms=0.013140000 rocsolver_ms=0.011137000 cdls_submit_ms=0.003506000 roc_submit_ms=0.008132000 cdls_wall_ms=0.022805000 roc_wall_ms=0.019350000
sample n=7 lda=7 iteration=20 first=cdls cdls_ms=0.014742000 rocsolver_ms=0.018389000 cdls_submit_ms=0.010025000 roc_submit_ms=0.015003000 cdls_wall_ms=0.030176000 roc_wall_ms=0.027702000
sample n=7 lda=7 iteration=21 first=rocsolver cdls_ms=0.007291000 rocsolver_ms=0.011097000 cdls_submit_ms=0.003436000 roc_submit_ms=0.007872000 cdls_wall_ms=0.015804000 roc_wall_ms=0.021823000
sample n=7 lda=7 iteration=22 first=cdls cdls_ms=0.007211000 rocsolver_ms=0.017947000 cdls_submit_ms=0.003466000 roc_submit_ms=0.009654000 cdls_wall_ms=0.017267000 roc_wall_ms=0.025900000
sample n=7 lda=7 iteration=23 first=rocsolver cdls_ms=0.013821000 rocsolver_ms=0.010335000 cdls_submit_ms=0.004337000 roc_submit_ms=0.008473000 cdls_wall_ms=0.022214000 roc_wall_ms=0.019190000
sample n=7 lda=7 iteration=24 first=cdls cdls_ms=0.007292000 rocsolver_ms=0.015584000 cdls_submit_ms=0.004507000 roc_submit_ms=0.010807000 cdls_wall_ms=0.016866000 roc_wall_ms=0.026721000
sample n=7 lda=7 iteration=25 first=rocsolver cdls_ms=0.007170000 rocsolver_ms=0.014342000 cdls_submit_ms=0.003585000 roc_submit_ms=0.007922000 cdls_wall_ms=0.016555000 roc_wall_ms=0.023186000
sample n=7 lda=7 iteration=26 first=cdls cdls_ms=0.013621000 rocsolver_ms=0.017666999 cdls_submit_ms=0.005047000 roc_submit_ms=0.013561000 cdls_wall_ms=0.022184000 roc_wall_ms=0.029145000
sample n=7 lda=7 iteration=27 first=rocsolver cdls_ms=0.013741000 rocsolver_ms=0.012900000 cdls_submit_ms=0.003495000 roc_submit_ms=0.008953000 cdls_wall_ms=0.021163000 roc_wall_ms=0.020452000
sample n=7 lda=7 iteration=28 first=cdls cdls_ms=0.010016000 rocsolver_ms=0.017827000 cdls_submit_ms=0.005158000 roc_submit_ms=0.009464000 cdls_wall_ms=0.019309000 roc_wall_ms=0.027131000
sample n=7 lda=7 iteration=29 first=rocsolver cdls_ms=0.008212000 rocsolver_ms=0.016465999 cdls_submit_ms=0.003265000 roc_submit_ms=0.008483000 cdls_wall_ms=0.015824000 roc_wall_ms=0.024628000
bench n=7 lda=7 repeats=30 cdls_median_ms=0.008713 rocsolver_median_ms=0.015784 cdls_mean_ms=0.009331 rocsolver_mean_ms=0.015982 cdls_gflops=0.023299 workspace_bytes=12 roc_workspace_bytes=0 cdls_submit_ms=0.003746 roc_submit_ms=0.008708 cdls_wall_ms=0.018118 roc_wall_ms=0.024958 rocsolver_gflops=0.012861 speedup=1.811546
