device=AMD Instinct MI300A arch=gfx942:sramecc+:xnack- HIP=60443484 CUs=228 memory_bytes=137438953472 rocSOLVER=3.28.2.1b897f5 rocBLAS=4.4.1.f08d23e3 baseline=rocsolver_dgetrf_npvt fp64 seed=20261001 method=auto matrix=dense n=8191 lda=8191 offset=0 warmup=5 repeats=30
validate n=8191 lda=8191 kind=dense info=7/0 L_rel=1.4170e-15 U_rel=3.2776e-15 residual_scaled=1.8055e-03/3.1715e-04 PASS
sample n=8191 lda=8191 iteration=0 first=cdls cdls_ms=27.640005112 rocsolver_ms=27.206192017 cdls_submit_ms=0.014161000 roc_submit_ms=9.240203000 cdls_wall_ms=27.662418000 roc_wall_ms=27.214792000
sample n=8191 lda=8191 iteration=1 first=rocsolver cdls_ms=27.667407990 rocsolver_ms=27.714899063 cdls_submit_ms=0.008874000 roc_submit_ms=12.226079000 cdls_wall_ms=28.012976000 roc_wall_ms=28.026356000
sample n=8191 lda=8191 iteration=2 first=cdls cdls_ms=27.151256561 rocsolver_ms=27.238170624 cdls_submit_ms=0.131030000 roc_submit_ms=9.350993000 cdls_wall_ms=27.161771000 roc_wall_ms=27.245138000
sample n=8191 lda=8191 iteration=3 first=rocsolver cdls_ms=27.836467743 rocsolver_ms=27.884971619 cdls_submit_ms=0.008934000 roc_submit_ms=12.170053000 cdls_wall_ms=28.176926000 roc_wall_ms=28.196847000
sample n=8191 lda=8191 iteration=4 first=cdls cdls_ms=27.204980850 rocsolver_ms=27.637781143 cdls_submit_ms=0.007121000 roc_submit_ms=9.474581000 cdls_wall_ms=27.213680000 roc_wall_ms=27.647815000
sample n=8191 lda=8191 iteration=5 first=rocsolver cdls_ms=27.904451370 rocsolver_ms=27.801904678 cdls_submit_ms=0.009094000 roc_submit_ms=12.883106000 cdls_wall_ms=28.309551000 roc_wall_ms=27.809534000
sample n=8191 lda=8191 iteration=6 first=cdls cdls_ms=26.918260574 rocsolver_ms=27.734300613 cdls_submit_ms=0.009194000 roc_submit_ms=9.657993000 cdls_wall_ms=26.928223000 roc_wall_ms=27.741719000
sample n=8191 lda=8191 iteration=7 first=rocsolver cdls_ms=27.782823563 rocsolver_ms=27.936580658 cdls_submit_ms=0.008614000 roc_submit_ms=12.373866000 cdls_wall_ms=28.122964000 roc_wall_ms=28.306515000
sample n=8191 lda=8191 iteration=8 first=cdls cdls_ms=27.082351685 rocsolver_ms=27.261724472 cdls_submit_ms=0.009385000 roc_submit_ms=9.360707000 cdls_wall_ms=27.090501000 roc_wall_ms=27.269535000
sample n=8191 lda=8191 iteration=9 first=rocsolver cdls_ms=27.843597412 rocsolver_ms=27.830808640 cdls_submit_ms=0.008182000 roc_submit_ms=11.752073000 cdls_wall_ms=28.203818000 roc_wall_ms=27.847342000
sample n=8191 lda=8191 iteration=10 first=cdls cdls_ms=27.396551132 rocsolver_ms=27.366846085 cdls_submit_ms=0.007391000 roc_submit_ms=9.377343000 cdls_wall_ms=27.406195000 roc_wall_ms=27.375749000
sample n=8191 lda=8191 iteration=11 first=rocsolver cdls_ms=27.607395172 rocsolver_ms=27.935247421 cdls_submit_ms=0.008694000 roc_submit_ms=11.311807000 cdls_wall_ms=27.950039000 roc_wall_ms=28.294376000
sample n=8191 lda=8191 iteration=12 first=cdls cdls_ms=27.325723648 rocsolver_ms=27.807252884 cdls_submit_ms=0.007591000 roc_submit_ms=9.486740000 cdls_wall_ms=27.335687000 roc_wall_ms=27.815653000
sample n=8191 lda=8191 iteration=13 first=rocsolver cdls_ms=27.944431305 rocsolver_ms=27.884349823 cdls_submit_ms=0.011057000 roc_submit_ms=10.776507000 cdls_wall_ms=28.288688000 roc_wall_ms=28.221405000
sample n=8191 lda=8191 iteration=14 first=cdls cdls_ms=27.338024139 rocsolver_ms=27.158155441 cdls_submit_ms=0.121366000 roc_submit_ms=9.208373000 cdls_wall_ms=27.347245000 roc_wall_ms=27.169012000
sample n=8191 lda=8191 iteration=15 first=rocsolver cdls_ms=28.147584915 rocsolver_ms=27.853443146 cdls_submit_ms=0.007922000 roc_submit_ms=10.968161000 cdls_wall_ms=28.486531000 roc_wall_ms=28.197127000
sample n=8191 lda=8191 iteration=16 first=cdls cdls_ms=27.333415985 rocsolver_ms=27.261495590 cdls_submit_ms=0.009304000 roc_submit_ms=9.407689000 cdls_wall_ms=27.340524000 roc_wall_ms=27.268784000
sample n=8191 lda=8191 iteration=17 first=rocsolver cdls_ms=27.765197754 rocsolver_ms=28.220603943 cdls_submit_ms=0.008624000 roc_submit_ms=11.311497000 cdls_wall_ms=28.105958000 roc_wall_ms=28.230679000
sample n=8191 lda=8191 iteration=18 first=cdls cdls_ms=27.281696320 rocsolver_ms=27.875335693 cdls_submit_ms=0.008493000 roc_submit_ms=9.415431000 cdls_wall_ms=27.290428000 roc_wall_ms=27.884599000
sample n=8191 lda=8191 iteration=19 first=rocsolver cdls_ms=27.766559601 rocsolver_ms=27.977891922 cdls_submit_ms=0.012550000 roc_submit_ms=10.862028000 cdls_wall_ms=28.101300000 roc_wall_ms=28.315098000
sample n=8191 lda=8191 iteration=20 first=cdls cdls_ms=27.284339905 rocsolver_ms=27.175121307 cdls_submit_ms=0.008463000 roc_submit_ms=9.214242000 cdls_wall_ms=27.447249000 roc_wall_ms=27.183014000
sample n=8191 lda=8191 iteration=21 first=rocsolver cdls_ms=28.157480240 rocsolver_ms=28.152349472 cdls_submit_ms=0.007942000 roc_submit_ms=11.024157000 cdls_wall_ms=28.499791000 roc_wall_ms=28.495685000
sample n=8191 lda=8191 iteration=22 first=cdls cdls_ms=27.366626740 rocsolver_ms=27.391883850 cdls_submit_ms=0.010096000 roc_submit_ms=9.173781000 cdls_wall_ms=27.374918000 roc_wall_ms=27.400206000
sample n=8191 lda=8191 iteration=23 first=rocsolver cdls_ms=28.078435898 rocsolver_ms=28.119300842 cdls_submit_ms=0.008584000 roc_submit_ms=10.790689000 cdls_wall_ms=28.420310000 roc_wall_ms=28.463046000
sample n=8191 lda=8191 iteration=24 first=cdls cdls_ms=27.708831787 rocsolver_ms=27.343620300 cdls_submit_ms=0.123539000 roc_submit_ms=9.237499000 cdls_wall_ms=27.717773000 roc_wall_ms=27.351832000
sample n=8191 lda=8191 iteration=25 first=rocsolver cdls_ms=27.522663116 rocsolver_ms=28.087892532 cdls_submit_ms=0.008413000 roc_submit_ms=10.943684000 cdls_wall_ms=27.531658000 roc_wall_ms=28.422814000
sample n=8191 lda=8191 iteration=26 first=cdls cdls_ms=27.511007309 rocsolver_ms=27.443944931 cdls_submit_ms=0.008683000 roc_submit_ms=9.227262000 cdls_wall_ms=27.701969000 roc_wall_ms=27.451415000
sample n=8191 lda=8191 iteration=27 first=rocsolver cdls_ms=27.836627960 rocsolver_ms=28.074571609 cdls_submit_ms=0.008513000 roc_submit_ms=11.144391000 cdls_wall_ms=28.175033000 roc_wall_ms=28.410204000
sample n=8191 lda=8191 iteration=28 first=cdls cdls_ms=27.471345901 rocsolver_ms=27.749933243 cdls_submit_ms=0.085541000 roc_submit_ms=9.526441000 cdls_wall_ms=27.478926000 roc_wall_ms=27.758285000
sample n=8191 lda=8191 iteration=29 first=rocsolver cdls_ms=27.608957291 rocsolver_ms=28.189638138 cdls_submit_ms=0.009685000 roc_submit_ms=11.099943000 cdls_wall_ms=27.947405000 roc_wall_ms=28.525290000
bench n=8191 lda=8191 repeats=30 cdls_median_ms=27.608176 rocsolver_median_ms=27.804579 cdls_mean_ms=27.582817 rocsolver_mean_ms=27.710540 cdls_gflops=13269.117232 workspace_bytes=65544 roc_workspace_bytes=34141376 cdls_submit_ms=0.008784 roc_submit_ms=10.217250 cdls_wall_ms=27.709871 roc_wall_ms=27.831498 rocsolver_gflops=13175.388480 speedup=1.007114
