device=AMD Instinct MI300A arch=gfx942:sramecc+:xnack- HIP=60443484 CUs=228 memory_bytes=137438953472 rocSOLVER=3.28.2.1b897f5 rocBLAS=4.4.1.f08d23e3 baseline=rocsolver_dgetrf_npvt fp64 seed=20261001 method=auto matrix=dense n=63 lda=63 offset=0 warmup=20 repeats=30
validate n=63 lda=63 kind=dense info=7/0 L_rel=3.1103e-17 U_rel=1.2159e-18 residual_scaled=2.0393e-02/2.0394e-02 cpu_residual_scaled=2.0162e-02/2.0163e-02 PASS
sample n=63 lda=63 iteration=0 first=cdls cdls_ms=0.026881000 rocsolver_ms=0.081203997 cdls_submit_ms=0.003014000 roc_submit_ms=0.009325000 cdls_wall_ms=0.040652000 roc_wall_ms=0.089628000
sample n=63 lda=63 iteration=1 first=rocsolver cdls_ms=0.027522000 rocsolver_ms=0.078240000 cdls_submit_ms=0.002334000 roc_submit_ms=0.005408000 cdls_wall_ms=0.035334000 roc_wall_ms=0.085311000
sample n=63 lda=63 iteration=2 first=cdls cdls_ms=0.026800999 rocsolver_ms=0.080803998 cdls_submit_ms=0.002073000 roc_submit_ms=0.008883000 cdls_wall_ms=0.034674000 roc_wall_ms=0.087955000
sample n=63 lda=63 iteration=3 first=rocsolver cdls_ms=0.027642000 rocsolver_ms=0.076196998 cdls_submit_ms=0.002284000 roc_submit_ms=0.005578000 cdls_wall_ms=0.035504000 roc_wall_ms=0.084189000
sample n=63 lda=63 iteration=4 first=cdls cdls_ms=0.026760999 rocsolver_ms=0.081926003 cdls_submit_ms=0.002113000 roc_submit_ms=0.009514000 cdls_wall_ms=0.033862000 roc_wall_ms=0.088856000
sample n=63 lda=63 iteration=5 first=rocsolver cdls_ms=0.027481999 rocsolver_ms=0.076877996 cdls_submit_ms=0.002414000 roc_submit_ms=0.005628000 cdls_wall_ms=0.034523000 roc_wall_ms=0.085291000
sample n=63 lda=63 iteration=6 first=cdls cdls_ms=0.026440000 rocsolver_ms=0.080443002 cdls_submit_ms=0.002153000 roc_submit_ms=0.009074000 cdls_wall_ms=0.035214000 roc_wall_ms=0.087534000
sample n=63 lda=63 iteration=7 first=rocsolver cdls_ms=0.027722999 rocsolver_ms=0.077398002 cdls_submit_ms=0.002644000 roc_submit_ms=0.006680000 cdls_wall_ms=0.035335000 roc_wall_ms=0.085611000
sample n=63 lda=63 iteration=8 first=cdls cdls_ms=0.026480000 rocsolver_ms=0.077238999 cdls_submit_ms=0.002374000 roc_submit_ms=0.007752000 cdls_wall_ms=0.035084000 roc_wall_ms=0.085911000
sample n=63 lda=63 iteration=9 first=rocsolver cdls_ms=0.026280001 rocsolver_ms=0.078841001 cdls_submit_ms=0.002274000 roc_submit_ms=0.006760000 cdls_wall_ms=0.035955000 roc_wall_ms=0.086382000
sample n=63 lda=63 iteration=10 first=cdls cdls_ms=0.026320999 rocsolver_ms=0.082487002 cdls_submit_ms=0.002113000 roc_submit_ms=0.012749000 cdls_wall_ms=0.034974000 roc_wall_ms=0.091180000
sample n=63 lda=63 iteration=11 first=rocsolver cdls_ms=0.026401000 rocsolver_ms=0.076797999 cdls_submit_ms=0.002735000 roc_submit_ms=0.006300000 cdls_wall_ms=0.035244000 roc_wall_ms=0.087163000
sample n=63 lda=63 iteration=12 first=cdls cdls_ms=0.026440000 rocsolver_ms=0.078560002 cdls_submit_ms=0.002514000 roc_submit_ms=0.008152000 cdls_wall_ms=0.036617000 roc_wall_ms=0.087664000
sample n=63 lda=63 iteration=13 first=rocsolver cdls_ms=0.026360000 rocsolver_ms=0.083368003 cdls_submit_ms=0.002374000 roc_submit_ms=0.013261000 cdls_wall_ms=0.035905000 roc_wall_ms=0.093453000
sample n=63 lda=63 iteration=14 first=cdls cdls_ms=0.026760999 rocsolver_ms=0.079842001 cdls_submit_ms=0.002353000 roc_submit_ms=0.009725000 cdls_wall_ms=0.034943000 roc_wall_ms=0.087474000
sample n=63 lda=63 iteration=15 first=rocsolver cdls_ms=0.026400000 rocsolver_ms=0.077839002 cdls_submit_ms=0.002203000 roc_submit_ms=0.006550000 cdls_wall_ms=0.035234000 roc_wall_ms=0.088115000
sample n=63 lda=63 iteration=16 first=cdls cdls_ms=0.026481001 rocsolver_ms=0.085371003 cdls_submit_ms=0.002534000 roc_submit_ms=0.014962000 cdls_wall_ms=0.035254000 roc_wall_ms=0.093563000
sample n=63 lda=63 iteration=17 first=rocsolver cdls_ms=0.026200000 rocsolver_ms=0.076476999 cdls_submit_ms=0.002514000 roc_submit_ms=0.005769000 cdls_wall_ms=0.034042000 roc_wall_ms=0.087555000
sample n=63 lda=63 iteration=18 first=cdls cdls_ms=0.027843000 rocsolver_ms=0.081524998 cdls_submit_ms=0.002364000 roc_submit_ms=0.009014000 cdls_wall_ms=0.036496000 roc_wall_ms=0.089457000
sample n=63 lda=63 iteration=19 first=rocsolver cdls_ms=0.026961001 rocsolver_ms=0.098430999 cdls_submit_ms=0.003025000 roc_submit_ms=0.027692000 cdls_wall_ms=0.035033000 roc_wall_ms=0.108927000
sample n=63 lda=63 iteration=20 first=cdls cdls_ms=0.026520001 rocsolver_ms=0.078481004 cdls_submit_ms=0.002184000 roc_submit_ms=0.008143000 cdls_wall_ms=0.034392000 roc_wall_ms=0.090469000
sample n=63 lda=63 iteration=21 first=rocsolver cdls_ms=0.026360000 rocsolver_ms=0.076637000 cdls_submit_ms=0.002684000 roc_submit_ms=0.005708000 cdls_wall_ms=0.035033000 roc_wall_ms=0.085190000
sample n=63 lda=63 iteration=22 first=cdls cdls_ms=0.026401000 rocsolver_ms=0.078961000 cdls_submit_ms=0.003446000 roc_submit_ms=0.009405000 cdls_wall_ms=0.035314000 roc_wall_ms=0.088246000
sample n=63 lda=63 iteration=23 first=rocsolver cdls_ms=0.026440000 rocsolver_ms=0.080604002 cdls_submit_ms=0.002424000 roc_submit_ms=0.009545000 cdls_wall_ms=0.036015000 roc_wall_ms=0.091180000
sample n=63 lda=63 iteration=24 first=cdls cdls_ms=0.026721001 rocsolver_ms=0.077679001 cdls_submit_ms=0.002234000 roc_submit_ms=0.007442000 cdls_wall_ms=0.035774000 roc_wall_ms=0.086283000
sample n=63 lda=63 iteration=25 first=rocsolver cdls_ms=0.027962999 rocsolver_ms=0.076598004 cdls_submit_ms=0.002634000 roc_submit_ms=0.005759000 cdls_wall_ms=0.037156000 roc_wall_ms=0.085000000
sample n=63 lda=63 iteration=26 first=cdls cdls_ms=0.026600000 rocsolver_ms=0.083088003 cdls_submit_ms=0.002144000 roc_submit_ms=0.011458000 cdls_wall_ms=0.034343000 roc_wall_ms=0.090579000
sample n=63 lda=63 iteration=27 first=rocsolver cdls_ms=0.026760999 rocsolver_ms=0.077719003 cdls_submit_ms=0.002514000 roc_submit_ms=0.006711000 cdls_wall_ms=0.034393000 roc_wall_ms=0.087965000
sample n=63 lda=63 iteration=28 first=cdls cdls_ms=0.026560999 rocsolver_ms=0.081845000 cdls_submit_ms=0.002033000 roc_submit_ms=0.009955000 cdls_wall_ms=0.035885000 roc_wall_ms=0.088846000
sample n=63 lda=63 iteration=29 first=rocsolver cdls_ms=0.026962001 rocsolver_ms=0.081485003 cdls_submit_ms=0.002675000 roc_submit_ms=0.010666000 cdls_wall_ms=0.034443000 roc_wall_ms=0.091421000
bench n=63 lda=63 repeats=30 cdls_median_ms=0.026580 rocsolver_median_ms=0.078901 cdls_mean_ms=0.026782 rocsolver_mean_ms=0.080099 cdls_gflops=6.196385 workspace_bytes=12 roc_workspace_bytes=0 cdls_submit_ms=0.002374 roc_submit_ms=0.008518 cdls_wall_ms=0.035239 roc_wall_ms=0.087960 rocsolver_gflops=2.087464 speedup=2.968379
