device=AMD Instinct MI300A arch=gfx942:sramecc+:xnack- HIP=60443484 CUs=228 memory_bytes=137438953472 rocSOLVER=3.28.2.1b897f5 rocBLAS=4.4.1.f08d23e3 baseline=rocsolver_dgetrf_npvt fp64 seed=20261001 method=auto matrix=dense n=65 lda=65 offset=0 warmup=20 repeats=30
validate n=65 lda=65 kind=dense info=7/0 L_rel=1.1613e-16 U_rel=3.1004e-16 residual_scaled=2.5662e-02/1.1092e-02 cpu_residual_scaled=2.5101e-02/1.0854e-02 PASS
sample n=65 lda=65 iteration=0 first=cdls cdls_ms=0.072030999 rocsolver_ms=0.106523000 cdls_submit_ms=0.020020000 roc_submit_ms=0.096267000 cdls_wall_ms=0.094625000 roc_wall_ms=0.115757000
sample n=65 lda=65 iteration=1 first=rocsolver cdls_ms=0.068264998 rocsolver_ms=0.104561001 cdls_submit_ms=0.016746000 roc_submit_ms=0.103238000 cdls_wall_ms=0.078200000 roc_wall_ms=0.112583000
sample n=65 lda=65 iteration=2 first=cdls cdls_ms=0.060773000 rocsolver_ms=0.107004002 cdls_submit_ms=0.010006000 roc_submit_ms=0.093423000 cdls_wall_ms=0.069546000 roc_wall_ms=0.118732000
sample n=65 lda=65 iteration=3 first=rocsolver cdls_ms=0.068223998 rocsolver_ms=0.125953004 cdls_submit_ms=0.016585000 roc_submit_ms=0.121076000 cdls_wall_ms=0.076478000 roc_wall_ms=0.134206000
sample n=65 lda=65 iteration=4 first=cdls cdls_ms=0.059891999 rocsolver_ms=0.101154998 cdls_submit_ms=0.008663000 roc_submit_ms=0.085141000 cdls_wall_ms=0.068945000 roc_wall_ms=0.110900000
sample n=65 lda=65 iteration=5 first=rocsolver cdls_ms=0.062336002 rocsolver_ms=0.114776000 cdls_submit_ms=0.011617000 roc_submit_ms=0.107385000 cdls_wall_ms=0.071089000 roc_wall_ms=0.122698000
sample n=65 lda=65 iteration=6 first=cdls cdls_ms=0.061174002 rocsolver_ms=0.112452999 cdls_submit_ms=0.008243000 roc_submit_ms=0.096307000 cdls_wall_ms=0.069787000 roc_wall_ms=0.120625000
sample n=65 lda=65 iteration=7 first=rocsolver cdls_ms=0.061053000 rocsolver_ms=0.126273006 cdls_submit_ms=0.007021000 roc_submit_ms=0.122568000 cdls_wall_ms=0.068925000 roc_wall_ms=0.133885000
sample n=65 lda=65 iteration=8 first=cdls cdls_ms=0.060612999 rocsolver_ms=0.107845001 cdls_submit_ms=0.008723000 roc_submit_ms=0.096989000 cdls_wall_ms=0.068545000 roc_wall_ms=0.117109000
sample n=65 lda=65 iteration=9 first=rocsolver cdls_ms=0.062816001 rocsolver_ms=0.137691006 cdls_submit_ms=0.009415000 roc_submit_ms=0.133595000 cdls_wall_ms=0.070748000 roc_wall_ms=0.145763000
sample n=65 lda=65 iteration=10 first=cdls cdls_ms=0.060853001 rocsolver_ms=0.096188001 cdls_submit_ms=0.009514000 roc_submit_ms=0.082577000 cdls_wall_ms=0.068244000 roc_wall_ms=0.105071000
sample n=65 lda=65 iteration=11 first=rocsolver cdls_ms=0.071790002 rocsolver_ms=0.101876996 cdls_submit_ms=0.021223000 roc_submit_ms=0.099332000 cdls_wall_ms=0.084880000 roc_wall_ms=0.110940000
sample n=65 lda=65 iteration=12 first=cdls cdls_ms=0.065300003 rocsolver_ms=0.109167002 cdls_submit_ms=0.015434000 roc_submit_ms=0.090609000 cdls_wall_ms=0.078591000 roc_wall_ms=0.127656000
sample n=65 lda=65 iteration=13 first=rocsolver cdls_ms=0.070427999 rocsolver_ms=0.123268999 cdls_submit_ms=0.018508000 roc_submit_ms=0.114846000 cdls_wall_ms=0.081776000 roc_wall_ms=0.131251000
sample n=65 lda=65 iteration=14 first=cdls cdls_ms=0.061133999 rocsolver_ms=0.099513002 cdls_submit_ms=0.010657000 roc_submit_ms=0.085401000 cdls_wall_ms=0.068695000 roc_wall_ms=0.107685000
sample n=65 lda=65 iteration=15 first=rocsolver cdls_ms=0.066862002 rocsolver_ms=0.108085997 cdls_submit_ms=0.015434000 roc_submit_ms=0.098681000 cdls_wall_ms=0.076337000 roc_wall_ms=0.115688000
sample n=65 lda=65 iteration=16 first=cdls cdls_ms=0.061172999 rocsolver_ms=0.110528998 cdls_submit_ms=0.010416000 roc_submit_ms=0.101075000 cdls_wall_ms=0.069206000 roc_wall_ms=0.119824000
sample n=65 lda=65 iteration=17 first=rocsolver cdls_ms=0.068103999 rocsolver_ms=0.127275005 cdls_submit_ms=0.013401000 roc_submit_ms=0.122959000 cdls_wall_ms=0.078711000 roc_wall_ms=0.134977000
sample n=65 lda=65 iteration=18 first=cdls cdls_ms=0.066340998 rocsolver_ms=0.099312998 cdls_submit_ms=0.010436000 roc_submit_ms=0.082486000 cdls_wall_ms=0.073603000 roc_wall_ms=0.109438000
sample n=65 lda=65 iteration=19 first=rocsolver cdls_ms=0.074795000 rocsolver_ms=0.119021997 cdls_submit_ms=0.021042000 roc_submit_ms=0.112373000 cdls_wall_ms=0.084039000 roc_wall_ms=0.127836000
sample n=65 lda=65 iteration=20 first=cdls cdls_ms=0.060252000 rocsolver_ms=0.096708000 cdls_submit_ms=0.009354000 roc_submit_ms=0.080553000 cdls_wall_ms=0.067824000 roc_wall_ms=0.118932000
sample n=65 lda=65 iteration=21 first=rocsolver cdls_ms=0.067382999 rocsolver_ms=0.117260002 cdls_submit_ms=0.016024000 roc_submit_ms=0.111681000 cdls_wall_ms=0.076458000 roc_wall_ms=0.124400000
sample n=65 lda=65 iteration=22 first=cdls cdls_ms=0.060853001 rocsolver_ms=0.101355001 cdls_submit_ms=0.008423000 roc_submit_ms=0.086432000 cdls_wall_ms=0.068565000 roc_wall_ms=0.110470000
sample n=65 lda=65 iteration=23 first=rocsolver cdls_ms=0.065380000 rocsolver_ms=0.126393005 cdls_submit_ms=0.014552000 roc_submit_ms=0.106854000 cdls_wall_ms=0.075185000 roc_wall_ms=0.135047000
sample n=65 lda=65 iteration=24 first=cdls cdls_ms=0.061935000 rocsolver_ms=0.099151999 cdls_submit_ms=0.009935000 roc_submit_ms=0.083768000 cdls_wall_ms=0.070499000 roc_wall_ms=0.107996000
sample n=65 lda=65 iteration=25 first=rocsolver cdls_ms=0.066381000 rocsolver_ms=0.117380001 cdls_submit_ms=0.015123000 roc_submit_ms=0.110349000 cdls_wall_ms=0.075035000 roc_wall_ms=0.127025000
sample n=65 lda=65 iteration=26 first=cdls cdls_ms=0.062336002 rocsolver_ms=0.101355001 cdls_submit_ms=0.010807000 roc_submit_ms=0.087494000 cdls_wall_ms=0.070728000 roc_wall_ms=0.111711000
sample n=65 lda=65 iteration=27 first=rocsolver cdls_ms=0.078440003 rocsolver_ms=0.120906003 cdls_submit_ms=0.023656000 roc_submit_ms=0.116559000 cdls_wall_ms=0.087324000 roc_wall_ms=0.129478000
sample n=65 lda=65 iteration=28 first=cdls cdls_ms=0.060773000 rocsolver_ms=0.098831996 cdls_submit_ms=0.010126000 roc_submit_ms=0.083528000 cdls_wall_ms=0.068705000 roc_wall_ms=0.110370000
sample n=65 lda=65 iteration=29 first=rocsolver cdls_ms=0.066381000 rocsolver_ms=0.112533003 cdls_submit_ms=0.015243000 roc_submit_ms=0.105952000 cdls_wall_ms=0.076707000 roc_wall_ms=0.120215000
bench n=65 lda=65 repeats=30 cdls_median_ms=0.064058 rocsolver_median_ms=0.108626 cdls_mean_ms=0.065136 rocsolver_mean_ms=0.111012 cdls_gflops=2.824940 workspace_bytes=24 roc_workspace_bytes=100608 cdls_submit_ms=0.011212 roc_submit_ms=0.099006 cdls_wall_ms=0.072346 roc_wall_ms=0.119378 rocsolver_gflops=1.665892 speedup=1.695752
