device=AMD Instinct MI300A arch=gfx942:sramecc+:xnack- HIP=60443484 CUs=228 memory_bytes=137438953472 rocSOLVER=3.28.2.1b897f5 rocBLAS=4.4.1.f08d23e3 baseline=rocsolver_dgetrf_npvt fp64 seed=20261001 method=auto matrix=dense n=15 lda=15 offset=0 warmup=20 repeats=30
validate n=15 lda=15 kind=dense info=7/0 L_rel=3.7362e-17 U_rel=2.2981e-18 residual_scaled=4.0113e-02/4.0207e-02 cpu_residual_scaled=3.2036e-02/3.2136e-02 PASS
sample n=15 lda=15 iteration=0 first=cdls cdls_ms=0.010817000 rocsolver_ms=0.013821000 cdls_submit_ms=0.003135000 roc_submit_ms=0.006630000 cdls_wall_ms=0.027993000 roc_wall_ms=0.020953000
sample n=15 lda=15 iteration=1 first=rocsolver cdls_ms=0.010496000 rocsolver_ms=0.016906001 cdls_submit_ms=0.002905000 roc_submit_ms=0.009805000 cdls_wall_ms=0.020942000 roc_wall_ms=0.025859000
sample n=15 lda=15 iteration=2 first=cdls cdls_ms=0.011017000 rocsolver_ms=0.014783000 cdls_submit_ms=0.003045000 roc_submit_ms=0.007482000 cdls_wall_ms=0.019370000 roc_wall_ms=0.023036000
sample n=15 lda=15 iteration=3 first=rocsolver cdls_ms=0.012179000 rocsolver_ms=0.011458000 cdls_submit_ms=0.002885000 roc_submit_ms=0.005057000 cdls_wall_ms=0.021293000 roc_wall_ms=0.018848000
sample n=15 lda=15 iteration=4 first=cdls cdls_ms=0.013381000 rocsolver_ms=0.013260000 cdls_submit_ms=0.005088000 roc_submit_ms=0.007932000 cdls_wall_ms=0.024117000 roc_wall_ms=0.023696000
sample n=15 lda=15 iteration=5 first=rocsolver cdls_ms=0.009294000 rocsolver_ms=0.012860000 cdls_submit_ms=0.002945000 roc_submit_ms=0.007141000 cdls_wall_ms=0.018107000 roc_wall_ms=0.022274000
sample n=15 lda=15 iteration=6 first=cdls cdls_ms=0.010136000 rocsolver_ms=0.014301000 cdls_submit_ms=0.002984000 roc_submit_ms=0.009074000 cdls_wall_ms=0.018899000 roc_wall_ms=0.023576000
sample n=15 lda=15 iteration=7 first=rocsolver cdls_ms=0.009775000 rocsolver_ms=0.012739000 cdls_submit_ms=0.002874000 roc_submit_ms=0.006069000 cdls_wall_ms=0.017727000 roc_wall_ms=0.022144000
sample n=15 lda=15 iteration=8 first=cdls cdls_ms=0.009735000 rocsolver_ms=0.013380000 cdls_submit_ms=0.002944000 roc_submit_ms=0.007642000 cdls_wall_ms=0.019210000 roc_wall_ms=0.021723000
sample n=15 lda=15 iteration=9 first=rocsolver cdls_ms=0.009895000 rocsolver_ms=0.011177000 cdls_submit_ms=0.002594000 roc_submit_ms=0.005459000 cdls_wall_ms=0.017917000 roc_wall_ms=0.020201000
sample n=15 lda=15 iteration=10 first=cdls cdls_ms=0.011097000 rocsolver_ms=0.016585000 cdls_submit_ms=0.004567000 roc_submit_ms=0.009955000 cdls_wall_ms=0.018758000 roc_wall_ms=0.024267000
sample n=15 lda=15 iteration=11 first=rocsolver cdls_ms=0.011217000 rocsolver_ms=0.015223000 cdls_submit_ms=0.004597000 roc_submit_ms=0.006059000 cdls_wall_ms=0.020211000 roc_wall_ms=0.024127000
sample n=15 lda=15 iteration=12 first=cdls cdls_ms=0.010896000 rocsolver_ms=0.015985001 cdls_submit_ms=0.004837000 roc_submit_ms=0.010526000 cdls_wall_ms=0.018178000 roc_wall_ms=0.024317000
sample n=15 lda=15 iteration=13 first=rocsolver cdls_ms=0.009775000 rocsolver_ms=0.012259000 cdls_submit_ms=0.002984000 roc_submit_ms=0.006970000 cdls_wall_ms=0.017697000 roc_wall_ms=0.021733000
sample n=15 lda=15 iteration=14 first=cdls cdls_ms=0.009695000 rocsolver_ms=0.015264000 cdls_submit_ms=0.002383000 roc_submit_ms=0.009535000 cdls_wall_ms=0.018999000 roc_wall_ms=0.024818000
sample n=15 lda=15 iteration=15 first=rocsolver cdls_ms=0.010336000 rocsolver_ms=0.016585000 cdls_submit_ms=0.002865000 roc_submit_ms=0.008112000 cdls_wall_ms=0.018989000 roc_wall_ms=0.026280000
sample n=15 lda=15 iteration=16 first=cdls cdls_ms=0.009335000 rocsolver_ms=0.013220000 cdls_submit_ms=0.002123000 roc_submit_ms=0.007692000 cdls_wall_ms=0.019640000 roc_wall_ms=0.023106000
sample n=15 lda=15 iteration=17 first=rocsolver cdls_ms=0.010136000 rocsolver_ms=0.011898000 cdls_submit_ms=0.003145000 roc_submit_ms=0.006470000 cdls_wall_ms=0.018218000 roc_wall_ms=0.020902000
sample n=15 lda=15 iteration=18 first=cdls cdls_ms=0.009334000 rocsolver_ms=0.016826000 cdls_submit_ms=0.002243000 roc_submit_ms=0.007912000 cdls_wall_ms=0.020261000 roc_wall_ms=0.026521000
sample n=15 lda=15 iteration=19 first=rocsolver cdls_ms=0.009775000 rocsolver_ms=0.014301000 cdls_submit_ms=0.002594000 roc_submit_ms=0.007942000 cdls_wall_ms=0.018759000 roc_wall_ms=0.023005000
sample n=15 lda=15 iteration=20 first=cdls cdls_ms=0.009654000 rocsolver_ms=0.013901000 cdls_submit_ms=0.002013000 roc_submit_ms=0.008853000 cdls_wall_ms=0.018939000 roc_wall_ms=0.023706000
sample n=15 lda=15 iteration=21 first=rocsolver cdls_ms=0.009896000 rocsolver_ms=0.012980000 cdls_submit_ms=0.003054000 roc_submit_ms=0.007060000 cdls_wall_ms=0.018458000 roc_wall_ms=0.022194000
sample n=15 lda=15 iteration=22 first=cdls cdls_ms=0.009935000 rocsolver_ms=0.016105000 cdls_submit_ms=0.002684000 roc_submit_ms=0.008834000 cdls_wall_ms=0.018529000 roc_wall_ms=0.023956000
sample n=15 lda=15 iteration=23 first=rocsolver cdls_ms=0.010857000 rocsolver_ms=0.012659000 cdls_submit_ms=0.003756000 roc_submit_ms=0.007070000 cdls_wall_ms=0.018519000 roc_wall_ms=0.021463000
sample n=15 lda=15 iteration=24 first=cdls cdls_ms=0.009334000 rocsolver_ms=0.017347001 cdls_submit_ms=0.002003000 roc_submit_ms=0.010636000 cdls_wall_ms=0.018228000 roc_wall_ms=0.027432000
sample n=15 lda=15 iteration=25 first=rocsolver cdls_ms=0.009334000 rocsolver_ms=0.013822000 cdls_submit_ms=0.002644000 roc_submit_ms=0.008292000 cdls_wall_ms=0.019039000 roc_wall_ms=0.022014000
sample n=15 lda=15 iteration=26 first=cdls cdls_ms=0.010095000 rocsolver_ms=0.013381000 cdls_submit_ms=0.002383000 roc_submit_ms=0.008262000 cdls_wall_ms=0.020973000 roc_wall_ms=0.022434000
sample n=15 lda=15 iteration=27 first=rocsolver cdls_ms=0.009335000 rocsolver_ms=0.015103000 cdls_submit_ms=0.002574000 roc_submit_ms=0.005989000 cdls_wall_ms=0.018719000 roc_wall_ms=0.023836000
sample n=15 lda=15 iteration=28 first=cdls cdls_ms=0.009053000 rocsolver_ms=0.021833001 cdls_submit_ms=0.002514000 roc_submit_ms=0.015975000 cdls_wall_ms=0.017367000 roc_wall_ms=0.030596000
sample n=15 lda=15 iteration=29 first=rocsolver cdls_ms=0.009495000 rocsolver_ms=0.012540000 cdls_submit_ms=0.002974000 roc_submit_ms=0.007361000 cdls_wall_ms=0.018618000 roc_wall_ms=0.021964000
bench n=15 lda=15 repeats=30 cdls_median_ms=0.009895 rocsolver_median_ms=0.013861 cdls_mean_ms=0.010177 rocsolver_mean_ms=0.014417 cdls_gflops=0.215755 workspace_bytes=12 roc_workspace_bytes=0 cdls_submit_ms=0.002895 roc_submit_ms=0.007802 cdls_wall_ms=0.018829 roc_wall_ms=0.023071 rocsolver_gflops=0.154024 speedup=1.400788
