device=AMD Instinct MI300A arch=gfx942:sramecc+:xnack- HIP=60443484 CUs=228 memory_bytes=137438953472 rocSOLVER=3.28.2.1b897f5 rocBLAS=4.4.1.f08d23e3 baseline=rocsolver_dgetrf_npvt fp64 seed=20261001 method=auto matrix=identity n=16384 lda=16384 offset=0 warmup=5 repeats=20
validate n=16384 lda=16384 kind=identity info=7/0 L_rel=0.0000e+00 U_rel=0.0000e+00 residual_scaled=0.0000e+00/0.0000e+00 PASS
sample n=16384 lda=16384 iteration=0 first=cdls cdls_ms=65.501701355 rocsolver_ms=70.406097412 cdls_submit_ms=1.439910000 roc_submit_ms=39.465453000 cdls_wall_ms=65.515901000 roc_wall_ms=70.414799000
sample n=16384 lda=16384 iteration=1 first=rocsolver cdls_ms=66.094581604 rocsolver_ms=72.639282227 cdls_submit_ms=1.386278000 roc_submit_ms=28.568401000 cdls_wall_ms=66.780392000 roc_wall_ms=73.109454000
sample n=16384 lda=16384 iteration=2 first=cdls cdls_ms=65.574584961 rocsolver_ms=71.302925110 cdls_submit_ms=0.472145000 roc_submit_ms=40.260404000 cdls_wall_ms=65.584887000 roc_wall_ms=71.311606000
sample n=16384 lda=16384 iteration=3 first=rocsolver cdls_ms=66.413650513 rocsolver_ms=72.317695618 cdls_submit_ms=1.366757000 roc_submit_ms=28.342324000 cdls_wall_ms=67.073371000 roc_wall_ms=72.795623000
sample n=16384 lda=16384 iteration=4 first=cdls cdls_ms=65.244445801 rocsolver_ms=70.508224487 cdls_submit_ms=0.499006000 roc_submit_ms=39.445162000 cdls_wall_ms=65.252918000 roc_wall_ms=70.516064000
sample n=16384 lda=16384 iteration=5 first=rocsolver cdls_ms=66.130279541 rocsolver_ms=72.783325195 cdls_submit_ms=1.337833000 roc_submit_ms=28.636616000 cdls_wall_ms=66.812491000 roc_wall_ms=73.249399000
sample n=16384 lda=16384 iteration=6 first=cdls cdls_ms=66.140579224 rocsolver_ms=71.604309082 cdls_submit_ms=0.485905000 roc_submit_ms=40.472570000 cdls_wall_ms=66.148501000 roc_wall_ms=71.612206000
sample n=16384 lda=16384 iteration=7 first=rocsolver cdls_ms=65.922096252 rocsolver_ms=72.800537109 cdls_submit_ms=1.331023000 roc_submit_ms=28.586339000 cdls_wall_ms=66.592002000 roc_wall_ms=73.273446000
sample n=16384 lda=16384 iteration=8 first=cdls cdls_ms=66.092430115 rocsolver_ms=71.044197083 cdls_submit_ms=0.477794000 roc_submit_ms=39.818135000 cdls_wall_ms=66.100938000 roc_wall_ms=71.054260000
sample n=16384 lda=16384 iteration=9 first=rocsolver cdls_ms=66.175735474 rocsolver_ms=72.965766907 cdls_submit_ms=1.354539000 roc_submit_ms=28.546858000 cdls_wall_ms=66.857630000 roc_wall_ms=73.439150000
sample n=16384 lda=16384 iteration=10 first=cdls cdls_ms=65.702316284 rocsolver_ms=71.502296448 cdls_submit_ms=0.468139000 roc_submit_ms=40.244629000 cdls_wall_ms=65.709858000 roc_wall_ms=71.511802000
sample n=16384 lda=16384 iteration=11 first=rocsolver cdls_ms=66.398582458 rocsolver_ms=72.565429688 cdls_submit_ms=1.352235000 roc_submit_ms=28.343015000 cdls_wall_ms=67.074212000 roc_wall_ms=73.037954000
sample n=16384 lda=16384 iteration=12 first=cdls cdls_ms=65.964462280 rocsolver_ms=71.733848572 cdls_submit_ms=0.484794000 roc_submit_ms=40.348169000 cdls_wall_ms=65.972771000 roc_wall_ms=71.741875000
sample n=16384 lda=16384 iteration=13 first=rocsolver cdls_ms=66.255783081 rocsolver_ms=73.187515259 cdls_submit_ms=1.358555000 roc_submit_ms=28.399222000 cdls_wall_ms=66.928889000 roc_wall_ms=73.663183000
sample n=16384 lda=16384 iteration=14 first=cdls cdls_ms=65.853614807 rocsolver_ms=71.286178589 cdls_submit_ms=0.495560000 roc_submit_ms=39.989228000 cdls_wall_ms=65.861190000 roc_wall_ms=71.293216000
sample n=16384 lda=16384 iteration=15 first=rocsolver cdls_ms=66.497291565 rocsolver_ms=73.287452698 cdls_submit_ms=1.352406000 roc_submit_ms=28.625589000 cdls_wall_ms=67.178613000 roc_wall_ms=73.783057000
sample n=16384 lda=16384 iteration=16 first=cdls cdls_ms=66.210411072 rocsolver_ms=72.888328552 cdls_submit_ms=0.476271000 roc_submit_ms=41.398159000 cdls_wall_ms=66.218619000 roc_wall_ms=72.897308000
sample n=16384 lda=16384 iteration=17 first=rocsolver cdls_ms=66.618957520 rocsolver_ms=72.910308838 cdls_submit_ms=1.358895000 roc_submit_ms=28.601972000 cdls_wall_ms=67.298156000 roc_wall_ms=72.917839000
sample n=16384 lda=16384 iteration=18 first=cdls cdls_ms=66.075492859 rocsolver_ms=72.825500488 cdls_submit_ms=0.503923000 roc_submit_ms=41.335554000 cdls_wall_ms=66.084854000 roc_wall_ms=72.835403000
sample n=16384 lda=16384 iteration=19 first=rocsolver cdls_ms=66.901641846 rocsolver_ms=73.510368347 cdls_submit_ms=1.647959000 roc_submit_ms=28.787967000 cdls_wall_ms=67.305807000 roc_wall_ms=73.982112000
bench n=16384 lda=16384 repeats=20 cdls_median_ms=66.112431 rocsolver_median_ms=72.602356 cdls_mean_ms=66.088432 rocsolver_mean_ms=72.203479 cdls_gflops=44347.133535 workspace_bytes=262152 roc_workspace_bytes=67765440 cdls_submit_ms=1.334428 roc_submit_ms=34.116565 cdls_wall_ms=66.405310 roc_wall_ms=72.866355 rocsolver_gflops=40382.942789 speedup=1.098165
