device=AMD Instinct MI300A arch=gfx942:sramecc+:xnack- HIP=60443484 CUs=228 memory_bytes=137438953472 rocSOLVER=3.28.2.1b897f5 rocBLAS=4.4.1.f08d23e3 baseline=rocsolver_dgetrf_npvt fp64 seed=20261001 method=auto matrix=identity n=512 lda=512 offset=0 warmup=5 repeats=20
validate n=512 lda=512 kind=identity info=7/0 L_rel=0.0000e+00 U_rel=0.0000e+00 residual_scaled=0.0000e+00/0.0000e+00 PASS
sample n=512 lda=512 iteration=0 first=cdls cdls_ms=0.359151006 rocsolver_ms=0.739333987 cdls_submit_ms=0.014011000 roc_submit_ms=0.441647000 cdls_wall_ms=0.378661000 roc_wall_ms=0.747026000
sample n=512 lda=512 iteration=1 first=rocsolver cdls_ms=0.367964000 rocsolver_ms=0.858076990 cdls_submit_ms=0.008022000 roc_submit_ms=0.805456000 cdls_wall_ms=0.376387000 roc_wall_ms=0.871927000
sample n=512 lda=512 iteration=2 first=cdls cdls_ms=0.369325995 rocsolver_ms=0.715177000 cdls_submit_ms=0.009485000 roc_submit_ms=0.458243000 cdls_wall_ms=0.409839000 roc_wall_ms=0.723540000
sample n=512 lda=512 iteration=3 first=rocsolver cdls_ms=0.369727999 rocsolver_ms=0.866048992 cdls_submit_ms=0.016305000 roc_submit_ms=0.820749000 cdls_wall_ms=0.381957000 roc_wall_ms=0.873360000
sample n=512 lda=512 iteration=4 first=cdls cdls_ms=0.380584002 rocsolver_ms=0.728637993 cdls_submit_ms=0.011007000 roc_submit_ms=0.445434000 cdls_wall_ms=0.387324000 roc_wall_ms=0.735538000
sample n=512 lda=512 iteration=5 first=rocsolver cdls_ms=0.382185996 rocsolver_ms=0.792856991 cdls_submit_ms=0.020912000 roc_submit_ms=0.780808000 cdls_wall_ms=0.398792000 roc_wall_ms=0.800058000
sample n=512 lda=512 iteration=6 first=cdls cdls_ms=0.370088011 rocsolver_ms=0.718101978 cdls_submit_ms=0.009245000 roc_submit_ms=0.460687000 cdls_wall_ms=0.378431000 roc_wall_ms=0.730150000
sample n=512 lda=512 iteration=7 first=rocsolver cdls_ms=0.372011006 rocsolver_ms=0.927983999 cdls_submit_ms=0.012279000 roc_submit_ms=0.900081000 cdls_wall_ms=0.385321000 roc_wall_ms=0.940773000
sample n=512 lda=512 iteration=8 first=cdls cdls_ms=0.373733014 rocsolver_ms=0.730239987 cdls_submit_ms=0.008764000 roc_submit_ms=0.462189000 cdls_wall_ms=0.387013000 roc_wall_ms=0.742880000
sample n=512 lda=512 iteration=9 first=rocsolver cdls_ms=0.370047003 rocsolver_ms=0.922294974 cdls_submit_ms=0.013781000 roc_submit_ms=0.884968000 cdls_wall_ms=0.383668000 roc_wall_ms=0.929206000
sample n=512 lda=512 iteration=10 first=cdls cdls_ms=0.367684990 rocsolver_ms=0.733044982 cdls_submit_ms=0.011107000 roc_submit_ms=0.458093000 cdls_wall_ms=0.410390000 roc_wall_ms=0.746576000
sample n=512 lda=512 iteration=11 first=rocsolver cdls_ms=0.361714989 rocsolver_ms=0.860679984 cdls_submit_ms=0.009205000 roc_submit_ms=0.821280000 cdls_wall_ms=0.374845000 roc_wall_ms=0.868272000
sample n=512 lda=512 iteration=12 first=cdls cdls_ms=0.372130990 rocsolver_ms=0.727756023 cdls_submit_ms=0.010597000 roc_submit_ms=0.449450000 cdls_wall_ms=0.379122000 roc_wall_ms=0.742900000
sample n=512 lda=512 iteration=13 first=rocsolver cdls_ms=0.361714989 rocsolver_ms=0.772585988 cdls_submit_ms=0.014822000 roc_submit_ms=0.761218000 cdls_wall_ms=0.374474000 roc_wall_ms=0.781018000
sample n=512 lda=512 iteration=14 first=cdls cdls_ms=0.363878012 rocsolver_ms=0.735368013 cdls_submit_ms=0.008163000 roc_submit_ms=0.460747000 cdls_wall_ms=0.409768000 roc_wall_ms=0.747667000
sample n=512 lda=512 iteration=15 first=rocsolver cdls_ms=0.374655008 rocsolver_ms=0.868493021 cdls_submit_ms=0.011758000 roc_submit_ms=0.842462000 cdls_wall_ms=0.382987000 roc_wall_ms=0.875694000
sample n=512 lda=512 iteration=16 first=cdls cdls_ms=0.362515986 rocsolver_ms=0.731001019 cdls_submit_ms=0.009174000 roc_submit_ms=0.459184000 cdls_wall_ms=0.370769000 roc_wall_ms=0.746245000
sample n=512 lda=512 iteration=17 first=rocsolver cdls_ms=0.365000010 rocsolver_ms=0.885599017 cdls_submit_ms=0.008903000 roc_submit_ms=0.856815000 cdls_wall_ms=0.378350000 roc_wall_ms=0.893020000
sample n=512 lda=512 iteration=18 first=cdls cdls_ms=0.366362005 rocsolver_ms=0.733645976 cdls_submit_ms=0.010406000 roc_submit_ms=0.468699000 cdls_wall_ms=0.379182000 roc_wall_ms=0.747517000
sample n=512 lda=512 iteration=19 first=rocsolver cdls_ms=0.373773009 rocsolver_ms=0.880270004 cdls_submit_ms=0.011317000 roc_submit_ms=0.851716000 cdls_wall_ms=0.382567000 roc_wall_ms=0.888373000
bench n=512 lda=512 repeats=20 cdls_median_ms=0.369527 rocsolver_median_ms=0.755960 cdls_mean_ms=0.369212 rocsolver_mean_ms=0.796360 cdls_gflops=241.788364 workspace_bytes=264 roc_workspace_bytes=2626752 cdls_submit_ms=0.010802 roc_submit_ms=0.614958 cdls_wall_ms=0.382262 roc_wall_ms=0.764342 rocsolver_gflops=118.190552 speedup=2.045750
