device=AMD Instinct MI300A arch=gfx942:sramecc+:xnack- HIP=60443484 CUs=228 memory_bytes=137438953472 rocSOLVER=3.28.2.1b897f5 rocBLAS=4.4.1.f08d23e3 baseline=rocsolver_dgetrf_npvt fp64 seed=20261001 method=auto matrix=signed n=16384 lda=16384 offset=0 warmup=5 repeats=20
validate n=16384 lda=16384 kind=signed info=7/0 L_rel=5.6674e-16 U_rel=1.6922e-15 residual_scaled=4.9351e-04/2.0353e-04 PASS
sample n=16384 lda=16384 iteration=0 first=cdls cdls_ms=102.065734863 rocsolver_ms=109.010490417 cdls_submit_ms=1.300184000 roc_submit_ms=67.285869000 cdls_wall_ms=102.081605000 roc_wall_ms=109.018576000
sample n=16384 lda=16384 iteration=1 first=rocsolver cdls_ms=102.764686584 rocsolver_ms=109.392906189 cdls_submit_ms=1.382881000 roc_submit_ms=44.200121000 cdls_wall_ms=103.439689000 roc_wall_ms=109.868098000
sample n=16384 lda=16384 iteration=2 first=cdls cdls_ms=102.194007874 rocsolver_ms=109.128684998 cdls_submit_ms=0.459484000 roc_submit_ms=67.082787000 cdls_wall_ms=102.204504000 roc_wall_ms=109.138119000
sample n=16384 lda=16384 iteration=3 first=rocsolver cdls_ms=102.682685852 rocsolver_ms=110.224113464 cdls_submit_ms=1.437264000 roc_submit_ms=45.019227000 cdls_wall_ms=103.216847000 roc_wall_ms=110.769381000
sample n=16384 lda=16384 iteration=4 first=cdls cdls_ms=102.808532715 rocsolver_ms=109.997688293 cdls_submit_ms=0.486987000 roc_submit_ms=67.956847000 cdls_wall_ms=102.817023000 roc_wall_ms=110.005138000
sample n=16384 lda=16384 iteration=5 first=rocsolver cdls_ms=102.338500977 rocsolver_ms=110.381790161 cdls_submit_ms=1.348919000 roc_submit_ms=44.815565000 cdls_wall_ms=103.024712000 roc_wall_ms=110.855622000
sample n=16384 lda=16384 iteration=6 first=cdls cdls_ms=102.756591797 rocsolver_ms=110.120910645 cdls_submit_ms=0.471063000 roc_submit_ms=67.824455000 cdls_wall_ms=102.764904000 roc_wall_ms=110.129078000
sample n=16384 lda=16384 iteration=7 first=rocsolver cdls_ms=103.182266235 rocsolver_ms=110.676177979 cdls_submit_ms=1.321707000 roc_submit_ms=45.097367000 cdls_wall_ms=103.859322000 roc_wall_ms=111.141891000
sample n=16384 lda=16384 iteration=8 first=cdls cdls_ms=102.998016357 rocsolver_ms=109.987350464 cdls_submit_ms=0.491153000 roc_submit_ms=67.746624000 cdls_wall_ms=103.005983000 roc_wall_ms=109.994692000
sample n=16384 lda=16384 iteration=9 first=rocsolver cdls_ms=103.371276855 rocsolver_ms=110.709678650 cdls_submit_ms=1.331722000 roc_submit_ms=45.065207000 cdls_wall_ms=104.047941000 roc_wall_ms=110.717210000
sample n=16384 lda=16384 iteration=10 first=cdls cdls_ms=102.850242615 rocsolver_ms=110.383506775 cdls_submit_ms=0.461518000 roc_submit_ms=67.905088000 cdls_wall_ms=102.858167000 roc_wall_ms=110.390198000
sample n=16384 lda=16384 iteration=11 first=rocsolver cdls_ms=103.472480774 rocsolver_ms=111.153656006 cdls_submit_ms=1.429323000 roc_submit_ms=45.250352000 cdls_wall_ms=104.075403000 roc_wall_ms=111.630270000
sample n=16384 lda=16384 iteration=12 first=cdls cdls_ms=102.661323547 rocsolver_ms=110.330871582 cdls_submit_ms=0.480106000 roc_submit_ms=67.762570000 cdls_wall_ms=102.669036000 roc_wall_ms=110.338599000
sample n=16384 lda=16384 iteration=13 first=rocsolver cdls_ms=103.203399658 rocsolver_ms=111.109153748 cdls_submit_ms=1.363241000 roc_submit_ms=44.974318000 cdls_wall_ms=103.888347000 roc_wall_ms=111.585651000
sample n=16384 lda=16384 iteration=14 first=cdls cdls_ms=103.157791138 rocsolver_ms=111.211563110 cdls_submit_ms=0.490803000 roc_submit_ms=68.501793000 cdls_wall_ms=103.166549000 roc_wall_ms=111.219409000
sample n=16384 lda=16384 iteration=15 first=rocsolver cdls_ms=103.655593872 rocsolver_ms=111.556144714 cdls_submit_ms=1.486279000 roc_submit_ms=45.017224000 cdls_wall_ms=104.063284000 roc_wall_ms=112.036022000
sample n=16384 lda=16384 iteration=16 first=cdls cdls_ms=103.439704895 rocsolver_ms=110.714988708 cdls_submit_ms=0.515701000 roc_submit_ms=67.960372000 cdls_wall_ms=103.447820000 roc_wall_ms=110.724711000
sample n=16384 lda=16384 iteration=17 first=rocsolver cdls_ms=104.397567749 rocsolver_ms=111.611930847 cdls_submit_ms=2.007259000 roc_submit_ms=45.769768000 cdls_wall_ms=104.405239000 roc_wall_ms=111.731826000
sample n=16384 lda=16384 iteration=18 first=cdls cdls_ms=104.302345276 rocsolver_ms=111.206893921 cdls_submit_ms=0.480357000 roc_submit_ms=68.347716000 cdls_wall_ms=104.311224000 roc_wall_ms=111.215804000
sample n=16384 lda=16384 iteration=19 first=rocsolver cdls_ms=103.645187378 rocsolver_ms=112.916572571 cdls_submit_ms=1.327466000 roc_submit_ms=46.460518000 cdls_wall_ms=104.332097000 roc_wall_ms=112.925967000
bench n=16384 lda=16384 repeats=20 cdls_median_ms=103.077904 rocsolver_median_ms=110.529842 cdls_mean_ms=103.097397 rocsolver_mean_ms=110.591254 cdls_gflops=28443.504188 workspace_bytes=262152 roc_workspace_bytes=67765440 cdls_submit_ms=1.310945 roc_submit_ms=56.771653 cdls_wall_ms=103.328268 roc_wall_ms=110.747046 rocsolver_gflops=26525.838849 speedup=1.072294
