device=AMD Instinct MI300A arch=gfx942:sramecc+:xnack- HIP=60443484 CUs=228 memory_bytes=137438953472 rocSOLVER=3.28.2.1b897f5 rocBLAS=4.4.1.f08d23e3 baseline=rocsolver_dgetrf_npvt fp64 seed=20261001 method=auto matrix=scale_high n=65 lda=65 offset=0 warmup=20 repeats=20
validate n=65 lda=65 kind=scale_high info=7/0 L_rel=1.1644e-16 U_rel=3.1004e-16 residual_scaled=2.5662e-02/1.1092e-02 cpu_residual_scaled=2.5101e-02/1.0854e-02 PASS
sample n=65 lda=65 iteration=0 first=cdls cdls_ms=0.079801999 rocsolver_ms=0.097750001 cdls_submit_ms=0.015945000 roc_submit_ms=0.087184000 cdls_wall_ms=0.100794000 roc_wall_ms=0.107856000
sample n=65 lda=65 iteration=1 first=rocsolver cdls_ms=0.073353000 rocsolver_ms=0.128517002 cdls_submit_ms=0.010056000 roc_submit_ms=0.125693000 cdls_wall_ms=0.081575000 roc_wall_ms=0.136039000
sample n=65 lda=65 iteration=2 first=cdls cdls_ms=0.076917998 rocsolver_ms=0.100433998 cdls_submit_ms=0.013270000 roc_submit_ms=0.084039000 cdls_wall_ms=0.085301000 roc_wall_ms=0.108878000
sample n=65 lda=65 iteration=3 first=rocsolver cdls_ms=0.085091002 rocsolver_ms=0.120866001 cdls_submit_ms=0.024658000 roc_submit_ms=0.114947000 cdls_wall_ms=0.094906000 roc_wall_ms=0.129850000
sample n=65 lda=65 iteration=4 first=cdls cdls_ms=0.078561001 rocsolver_ms=0.101756997 cdls_submit_ms=0.015844000 roc_submit_ms=0.086923000 cdls_wall_ms=0.087133000 roc_wall_ms=0.111822000
sample n=65 lda=65 iteration=5 first=rocsolver cdls_ms=0.075677000 rocsolver_ms=0.132042006 cdls_submit_ms=0.015293000 roc_submit_ms=0.128687000 cdls_wall_ms=0.084339000 roc_wall_ms=0.141047000
sample n=65 lda=65 iteration=6 first=cdls cdls_ms=0.072550997 rocsolver_ms=0.104841001 cdls_submit_ms=0.013010000 roc_submit_ms=0.085481000 cdls_wall_ms=0.081174000 roc_wall_ms=0.114877000
sample n=65 lda=65 iteration=7 first=rocsolver cdls_ms=0.081646003 rocsolver_ms=0.114977002 cdls_submit_ms=0.016576000 roc_submit_ms=0.104380000 cdls_wall_ms=0.094134000 roc_wall_ms=0.122187000
sample n=65 lda=65 iteration=8 first=cdls cdls_ms=0.077238001 rocsolver_ms=0.104000002 cdls_submit_ms=0.013010000 roc_submit_ms=0.090649000 cdls_wall_ms=0.089277000 roc_wall_ms=0.111982000
sample n=65 lda=65 iteration=9 first=rocsolver cdls_ms=0.076157004 rocsolver_ms=0.129318997 cdls_submit_ms=0.012670000 roc_submit_ms=0.127315000 cdls_wall_ms=0.084770000 roc_wall_ms=0.137621000
sample n=65 lda=65 iteration=10 first=cdls cdls_ms=0.072511002 rocsolver_ms=0.096348003 cdls_submit_ms=0.009896000 roc_submit_ms=0.080173000 cdls_wall_ms=0.081735000 roc_wall_ms=0.108426000
sample n=65 lda=65 iteration=11 first=rocsolver cdls_ms=0.092901997 rocsolver_ms=0.107165001 cdls_submit_ms=0.027443000 roc_submit_ms=0.103188000 cdls_wall_ms=0.101085000 roc_wall_ms=0.114225000
sample n=65 lda=65 iteration=12 first=cdls cdls_ms=0.075115003 rocsolver_ms=0.101195000 cdls_submit_ms=0.015784000 roc_submit_ms=0.086552000 cdls_wall_ms=0.083568000 roc_wall_ms=0.111290000
sample n=65 lda=65 iteration=13 first=rocsolver cdls_ms=0.076517001 rocsolver_ms=0.125312001 cdls_submit_ms=0.017767000 roc_submit_ms=0.121587000 cdls_wall_ms=0.085311000 roc_wall_ms=0.133065000
sample n=65 lda=65 iteration=14 first=cdls cdls_ms=0.072751999 rocsolver_ms=0.113374002 cdls_submit_ms=0.013611000 roc_submit_ms=0.107896000 cdls_wall_ms=0.081625000 roc_wall_ms=0.122618000
sample n=65 lda=65 iteration=15 first=rocsolver cdls_ms=0.078561001 rocsolver_ms=0.116899997 cdls_submit_ms=0.016295000 roc_submit_ms=0.097079000 cdls_wall_ms=0.086723000 roc_wall_ms=0.123560000
sample n=65 lda=65 iteration=16 first=cdls cdls_ms=0.073393002 rocsolver_ms=0.112172000 cdls_submit_ms=0.011428000 roc_submit_ms=0.093594000 cdls_wall_ms=0.080274000 roc_wall_ms=0.121025000
sample n=65 lda=65 iteration=17 first=rocsolver cdls_ms=0.076797999 rocsolver_ms=0.104599997 cdls_submit_ms=0.015945000 roc_submit_ms=0.098702000 cdls_wall_ms=0.086222000 roc_wall_ms=0.112643000
sample n=65 lda=65 iteration=18 first=cdls cdls_ms=0.071670003 rocsolver_ms=0.100873999 cdls_submit_ms=0.011067000 roc_submit_ms=0.084330000 cdls_wall_ms=0.079252000 roc_wall_ms=0.111210000
sample n=65 lda=65 iteration=19 first=rocsolver cdls_ms=0.084810004 rocsolver_ms=0.121266000 cdls_submit_ms=0.025509000 roc_submit_ms=0.119353000 cdls_wall_ms=0.093243000 roc_wall_ms=0.129789000
bench n=65 lda=65 repeats=20 cdls_median_ms=0.076658 rocsolver_median_ms=0.109669 cdls_mean_ms=0.077601 rocsolver_mean_ms=0.111685 cdls_gflops=2.360630 workspace_bytes=24 roc_workspace_bytes=100608 cdls_submit_ms=0.015539 roc_submit_ms=0.097890 cdls_wall_ms=0.085306 roc_wall_ms=0.117951 rocsolver_gflops=1.650064 speedup=1.430630
