device=AMD Instinct MI300A arch=gfx942:sramecc+:xnack- HIP=60443484 CUs=228 memory_bytes=137438953472 rocSOLVER=3.28.2.1b897f5 rocBLAS=4.4.1.f08d23e3 baseline=rocsolver_dgetrf_npvt fp64 seed=20261001 method=auto matrix=column_scaled n=64 lda=64 offset=0 warmup=20 repeats=20
validate n=64 lda=64 kind=column_scaled info=7/0 L_rel=3.4656e-17 U_rel=1.2776e-18 residual_scaled=1.8726e-02/1.8727e-02 cpu_residual_scaled=1.8065e-02/1.8067e-02 PASS
sample n=64 lda=64 iteration=0 first=cdls cdls_ms=0.027122000 rocsolver_ms=0.078920998 cdls_submit_ms=0.003656000 roc_submit_ms=0.006490000 cdls_wall_ms=0.041093000 roc_wall_ms=0.087534000
sample n=64 lda=64 iteration=1 first=rocsolver cdls_ms=0.027762000 rocsolver_ms=0.077279001 cdls_submit_ms=0.003205000 roc_submit_ms=0.004957000 cdls_wall_ms=0.036306000 roc_wall_ms=0.085341000
sample n=64 lda=64 iteration=2 first=cdls cdls_ms=0.026161000 rocsolver_ms=0.083448000 cdls_submit_ms=0.002925000 roc_submit_ms=0.009214000 cdls_wall_ms=0.034763000 roc_wall_ms=0.090659000
sample n=64 lda=64 iteration=3 first=rocsolver cdls_ms=0.027762000 rocsolver_ms=0.079001002 cdls_submit_ms=0.003185000 roc_submit_ms=0.004697000 cdls_wall_ms=0.036115000 roc_wall_ms=0.089567000
sample n=64 lda=64 iteration=4 first=cdls cdls_ms=0.026841000 rocsolver_ms=0.081965998 cdls_submit_ms=0.003135000 roc_submit_ms=0.007872000 cdls_wall_ms=0.036817000 roc_wall_ms=0.090920000
sample n=64 lda=64 iteration=5 first=rocsolver cdls_ms=0.027241999 rocsolver_ms=0.078601003 cdls_submit_ms=0.003055000 roc_submit_ms=0.006380000 cdls_wall_ms=0.036355000 roc_wall_ms=0.087825000
sample n=64 lda=64 iteration=6 first=cdls cdls_ms=0.026481001 rocsolver_ms=0.080242999 cdls_submit_ms=0.002143000 roc_submit_ms=0.008503000 cdls_wall_ms=0.036276000 roc_wall_ms=0.089678000
sample n=64 lda=64 iteration=7 first=rocsolver cdls_ms=0.028123001 rocsolver_ms=0.080443002 cdls_submit_ms=0.003005000 roc_submit_ms=0.006319000 cdls_wall_ms=0.035975000 roc_wall_ms=0.089408000
sample n=64 lda=64 iteration=8 first=cdls cdls_ms=0.026721001 rocsolver_ms=0.081485003 cdls_submit_ms=0.002304000 roc_submit_ms=0.007341000 cdls_wall_ms=0.034553000 roc_wall_ms=0.088356000
sample n=64 lda=64 iteration=9 first=rocsolver cdls_ms=0.027922001 rocsolver_ms=0.079602003 cdls_submit_ms=0.003195000 roc_submit_ms=0.006930000 cdls_wall_ms=0.035054000 roc_wall_ms=0.086953000
sample n=64 lda=64 iteration=10 first=cdls cdls_ms=0.026641000 rocsolver_ms=0.078359999 cdls_submit_ms=0.001863000 roc_submit_ms=0.006319000 cdls_wall_ms=0.033852000 roc_wall_ms=0.085901000
sample n=64 lda=64 iteration=11 first=rocsolver cdls_ms=0.027722999 rocsolver_ms=0.080163002 cdls_submit_ms=0.003415000 roc_submit_ms=0.005618000 cdls_wall_ms=0.035515000 roc_wall_ms=0.087645000
sample n=64 lda=64 iteration=12 first=cdls cdls_ms=0.028444000 rocsolver_ms=0.079361998 cdls_submit_ms=0.002424000 roc_submit_ms=0.007462000 cdls_wall_ms=0.035875000 roc_wall_ms=0.087725000
sample n=64 lda=64 iteration=13 first=rocsolver cdls_ms=0.026481001 rocsolver_ms=0.080123000 cdls_submit_ms=0.003135000 roc_submit_ms=0.006991000 cdls_wall_ms=0.035153000 roc_wall_ms=0.087815000
sample n=64 lda=64 iteration=14 first=cdls cdls_ms=0.026681000 rocsolver_ms=0.082406998 cdls_submit_ms=0.002293000 roc_submit_ms=0.008914000 cdls_wall_ms=0.034573000 roc_wall_ms=0.095516000
sample n=64 lda=64 iteration=15 first=rocsolver cdls_ms=0.026800999 rocsolver_ms=0.079562001 cdls_submit_ms=0.002754000 roc_submit_ms=0.006219000 cdls_wall_ms=0.035956000 roc_wall_ms=0.087264000
sample n=64 lda=64 iteration=16 first=cdls cdls_ms=0.026760999 rocsolver_ms=0.081165001 cdls_submit_ms=0.001923000 roc_submit_ms=0.007912000 cdls_wall_ms=0.036426000 roc_wall_ms=0.090158000
sample n=64 lda=64 iteration=17 first=rocsolver cdls_ms=0.027042000 rocsolver_ms=0.077157997 cdls_submit_ms=0.003235000 roc_submit_ms=0.007081000 cdls_wall_ms=0.036145000 roc_wall_ms=0.089257000
sample n=64 lda=64 iteration=18 first=cdls cdls_ms=0.027722999 rocsolver_ms=0.079763003 cdls_submit_ms=0.002344000 roc_submit_ms=0.007902000 cdls_wall_ms=0.037407000 roc_wall_ms=0.087985000
sample n=64 lda=64 iteration=19 first=rocsolver cdls_ms=0.028323000 rocsolver_ms=0.095467001 cdls_submit_ms=0.004056000 roc_submit_ms=0.020862000 cdls_wall_ms=0.036616000 roc_wall_ms=0.103449000
bench n=64 lda=64 repeats=20 cdls_median_ms=0.027082 rocsolver_median_ms=0.079943 cdls_mean_ms=0.027238 rocsolver_mean_ms=0.080726 cdls_gflops=6.377077 workspace_bytes=12 roc_workspace_bytes=0 cdls_submit_ms=0.003030 roc_submit_ms=0.007036 cdls_wall_ms=0.036045 roc_wall_ms=0.088170 rocsolver_gflops=2.160339 speedup=2.951887
