device=AMD Instinct MI300A arch=gfx942:sramecc+:xnack- HIP=60443484 CUs=228 memory_bytes=137438953472 rocSOLVER=3.28.2.1b897f5 rocBLAS=4.4.1.f08d23e3 baseline=rocsolver_dgetrf_npvt fp64 seed=20261001 method=auto matrix=column_scaled n=8192 lda=8192 offset=0 warmup=5 repeats=20
validate n=8192 lda=8192 kind=column_scaled info=7/0 L_rel=6.3318e-16 U_rel=1.6386e-15 residual_scaled=9.3820e-04/3.1313e-04 PASS
sample n=8192 lda=8192 iteration=0 first=cdls cdls_ms=19.346767426 rocsolver_ms=26.378194809 cdls_submit_ms=0.659952000 roc_submit_ms=9.410957000 cdls_wall_ms=19.360861000 roc_wall_ms=26.390435000
sample n=8192 lda=8192 iteration=1 first=rocsolver cdls_ms=19.026006699 rocsolver_ms=26.381019592 cdls_submit_ms=0.553779000 roc_submit_ms=13.134510000 cdls_wall_ms=19.364416000 roc_wall_ms=26.659427000
sample n=8192 lda=8192 iteration=2 first=cdls cdls_ms=18.786668777 rocsolver_ms=26.037441254 cdls_submit_ms=0.553440000 roc_submit_ms=8.810325000 cdls_wall_ms=18.794882000 roc_wall_ms=26.048379000
sample n=8192 lda=8192 iteration=3 first=rocsolver cdls_ms=19.021167755 rocsolver_ms=26.381980896 cdls_submit_ms=0.371540000 roc_submit_ms=13.234482000 cdls_wall_ms=19.289331000 roc_wall_ms=26.663934000
sample n=8192 lda=8192 iteration=4 first=cdls cdls_ms=18.889535904 rocsolver_ms=26.059076309 cdls_submit_ms=0.571357000 roc_submit_ms=8.837106000 cdls_wall_ms=18.899182000 roc_wall_ms=26.070213000
sample n=8192 lda=8192 iteration=5 first=rocsolver cdls_ms=19.046737671 rocsolver_ms=26.425636292 cdls_submit_ms=0.403699000 roc_submit_ms=12.869452000 cdls_wall_ms=19.337704000 roc_wall_ms=26.735253000
sample n=8192 lda=8192 iteration=6 first=cdls cdls_ms=19.023422241 rocsolver_ms=26.302900314 cdls_submit_ms=0.529222000 roc_submit_ms=9.016211000 cdls_wall_ms=19.033158000 roc_wall_ms=26.318103000
sample n=8192 lda=8192 iteration=7 first=rocsolver cdls_ms=19.109756470 rocsolver_ms=26.628868103 cdls_submit_ms=0.654264000 roc_submit_ms=12.349996000 cdls_wall_ms=19.122806000 roc_wall_ms=26.914608000
sample n=8192 lda=8192 iteration=8 first=cdls cdls_ms=19.178020477 rocsolver_ms=26.124916077 cdls_submit_ms=0.455248000 roc_submit_ms=8.724364000 cdls_wall_ms=19.187084000 roc_wall_ms=26.134501000
sample n=8192 lda=8192 iteration=9 first=rocsolver cdls_ms=19.057643890 rocsolver_ms=27.047399521 cdls_submit_ms=0.508470000 roc_submit_ms=11.478178000 cdls_wall_ms=19.346158000 roc_wall_ms=27.057788000
sample n=8192 lda=8192 iteration=10 first=cdls cdls_ms=19.056283951 rocsolver_ms=26.204116821 cdls_submit_ms=0.436709000 roc_submit_ms=8.659885000 cdls_wall_ms=19.064686000 roc_wall_ms=26.214494000
sample n=8192 lda=8192 iteration=11 first=rocsolver cdls_ms=19.104816437 rocsolver_ms=26.674007416 cdls_submit_ms=0.499567000 roc_submit_ms=11.828395000 cdls_wall_ms=19.385097000 roc_wall_ms=26.969152000
sample n=8192 lda=8192 iteration=12 first=cdls cdls_ms=18.768611908 rocsolver_ms=26.324111938 cdls_submit_ms=0.398952000 roc_submit_ms=8.711965000 cdls_wall_ms=18.777195000 roc_wall_ms=26.332806000
sample n=8192 lda=8192 iteration=13 first=rocsolver cdls_ms=18.978132248 rocsolver_ms=26.781663895 cdls_submit_ms=0.604778000 roc_submit_ms=11.229316000 cdls_wall_ms=19.206954000 roc_wall_ms=27.063927000
sample n=8192 lda=8192 iteration=14 first=cdls cdls_ms=19.026126862 rocsolver_ms=26.129144669 cdls_submit_ms=0.446154000 roc_submit_ms=8.755872000 cdls_wall_ms=19.034710000 roc_wall_ms=26.138738000
sample n=8192 lda=8192 iteration=15 first=rocsolver cdls_ms=19.372228622 rocsolver_ms=26.716001511 cdls_submit_ms=0.817674000 roc_submit_ms=12.018777000 cdls_wall_ms=19.381742000 roc_wall_ms=27.021923000
sample n=8192 lda=8192 iteration=16 first=cdls cdls_ms=19.044935226 rocsolver_ms=26.185840607 cdls_submit_ms=0.456811000 roc_submit_ms=8.684964000 cdls_wall_ms=19.055132000 roc_wall_ms=26.194735000
sample n=8192 lda=8192 iteration=17 first=rocsolver cdls_ms=19.513673782 rocsolver_ms=27.047210693 cdls_submit_ms=0.811465000 roc_submit_ms=11.291231000 cdls_wall_ms=19.522548000 roc_wall_ms=27.058719000
sample n=8192 lda=8192 iteration=18 first=cdls cdls_ms=18.893344879 rocsolver_ms=26.153068542 cdls_submit_ms=0.203422000 roc_submit_ms=8.837768000 cdls_wall_ms=18.931592000 roc_wall_ms=26.162474000
sample n=8192 lda=8192 iteration=19 first=rocsolver cdls_ms=18.965894699 rocsolver_ms=26.594606400 cdls_submit_ms=0.600612000 roc_submit_ms=11.574646000 cdls_wall_ms=18.975449000 roc_wall_ms=26.902119000
bench n=8192 lda=8192 repeats=20 cdls_median_ms=19.035531 rocsolver_median_ms=26.379607 cdls_mean_ms=19.060489 rocsolver_mean_ms=26.428860 cdls_gflops=19251.909457 workspace_bytes=65544 roc_workspace_bytes=34145472 cdls_submit_ms=0.518846 roc_submit_ms=10.320137 cdls_wall_ms=19.154945 roc_wall_ms=26.524931 rocsolver_gflops=13892.182599 speedup=1.385809
