device=AMD Instinct MI300A arch=gfx942:sramecc+:xnack- HIP=60443484 CUs=228 memory_bytes=137438953472 rocSOLVER=3.28.2.1b897f5 rocBLAS=4.4.1.f08d23e3 baseline=rocsolver_dgetrf_npvt fp64 seed=20261001 method=auto matrix=known_lu n=512 lda=512 offset=0 warmup=5 repeats=20
validate n=512 lda=512 kind=known_lu info=7/0 L_rel=5.5628e-15 U_rel=1.3923e-15 residual_scaled=5.9313e-03/2.6865e-03 PASS
sample n=512 lda=512 iteration=0 first=cdls cdls_ms=0.368766010 rocsolver_ms=0.730400980 cdls_submit_ms=0.016765000 roc_submit_ms=0.478715000 cdls_wall_ms=0.384240000 roc_wall_ms=0.739205000
sample n=512 lda=512 iteration=1 first=rocsolver cdls_ms=0.367444009 rocsolver_ms=0.852548003 cdls_submit_ms=0.010466000 roc_submit_ms=0.800368000 cdls_wall_ms=0.375786000 roc_wall_ms=0.859529000
sample n=512 lda=512 iteration=2 first=cdls cdls_ms=0.364719003 rocsolver_ms=0.735328019 cdls_submit_ms=0.007251000 roc_submit_ms=0.457412000 cdls_wall_ms=0.373413000 roc_wall_ms=0.742650000
sample n=512 lda=512 iteration=3 first=rocsolver cdls_ms=0.355746001 rocsolver_ms=0.814649999 cdls_submit_ms=0.007772000 roc_submit_ms=0.785024000 cdls_wall_ms=0.363377000 roc_wall_ms=0.821471000
sample n=512 lda=512 iteration=4 first=cdls cdls_ms=0.378702015 rocsolver_ms=0.727917016 cdls_submit_ms=0.008132000 roc_submit_ms=0.452694000 cdls_wall_ms=0.386093000 roc_wall_ms=0.735348000
sample n=512 lda=512 iteration=5 first=rocsolver cdls_ms=0.376298010 rocsolver_ms=0.794339001 cdls_submit_ms=0.018949000 roc_submit_ms=0.726695000 cdls_wall_ms=0.384310000 roc_wall_ms=0.802080000
sample n=512 lda=512 iteration=6 first=cdls cdls_ms=0.366001993 rocsolver_ms=0.713495016 cdls_submit_ms=0.008283000 roc_submit_ms=0.456931000 cdls_wall_ms=0.373062000 roc_wall_ms=0.720977000
sample n=512 lda=512 iteration=7 first=rocsolver cdls_ms=0.358029991 rocsolver_ms=0.848302007 cdls_submit_ms=0.008403000 roc_submit_ms=0.810574000 cdls_wall_ms=0.365531000 roc_wall_ms=0.856365000
sample n=512 lda=512 iteration=8 first=cdls cdls_ms=0.361393988 rocsolver_ms=0.733124971 cdls_submit_ms=0.008703000 roc_submit_ms=0.446065000 cdls_wall_ms=0.397380000 roc_wall_ms=0.742309000
sample n=512 lda=512 iteration=9 first=rocsolver cdls_ms=0.363236994 rocsolver_ms=0.866931021 cdls_submit_ms=0.009805000 roc_submit_ms=0.822673000 cdls_wall_ms=0.372011000 roc_wall_ms=0.874362000
sample n=512 lda=512 iteration=10 first=cdls cdls_ms=0.365640998 rocsolver_ms=0.726674974 cdls_submit_ms=0.008634000 roc_submit_ms=0.457342000 cdls_wall_ms=0.401185000 roc_wall_ms=0.737131000
sample n=512 lda=512 iteration=11 first=rocsolver cdls_ms=0.360073000 rocsolver_ms=0.809041023 cdls_submit_ms=0.008172000 roc_submit_ms=0.779336000 cdls_wall_ms=0.369036000 roc_wall_ms=0.817064000
sample n=512 lda=512 iteration=12 first=cdls cdls_ms=0.362596005 rocsolver_ms=0.723269999 cdls_submit_ms=0.008343000 roc_submit_ms=0.444953000 cdls_wall_ms=0.372061000 roc_wall_ms=0.734157000
sample n=512 lda=512 iteration=13 first=rocsolver cdls_ms=0.356748015 rocsolver_ms=0.801630974 cdls_submit_ms=0.009054000 roc_submit_ms=0.790393000 cdls_wall_ms=0.364540000 roc_wall_ms=0.808772000
sample n=512 lda=512 iteration=14 first=cdls cdls_ms=0.368885994 rocsolver_ms=0.728679001 cdls_submit_ms=0.010055000 roc_submit_ms=0.461348000 cdls_wall_ms=0.407746000 roc_wall_ms=0.736150000
sample n=512 lda=512 iteration=15 first=rocsolver cdls_ms=0.360794008 rocsolver_ms=0.801190019 cdls_submit_ms=0.009033000 roc_submit_ms=0.791996000 cdls_wall_ms=0.368656000 roc_wall_ms=0.807720000
sample n=512 lda=512 iteration=16 first=cdls cdls_ms=0.350057006 rocsolver_ms=0.738774002 cdls_submit_ms=0.009124000 roc_submit_ms=0.477853000 cdls_wall_ms=0.357519000 roc_wall_ms=0.746946000
sample n=512 lda=512 iteration=17 first=rocsolver cdls_ms=0.373091996 rocsolver_ms=0.788370013 cdls_submit_ms=0.010016000 roc_submit_ms=0.751123000 cdls_wall_ms=0.382797000 roc_wall_ms=0.796032000
sample n=512 lda=512 iteration=18 first=cdls cdls_ms=0.360392988 rocsolver_ms=0.728998005 cdls_submit_ms=0.009865000 roc_submit_ms=0.472755000 cdls_wall_ms=0.368967000 roc_wall_ms=0.739845000
sample n=512 lda=512 iteration=19 first=rocsolver cdls_ms=0.360753000 rocsolver_ms=0.772985995 cdls_submit_ms=0.010316000 roc_submit_ms=0.743171000 cdls_wall_ms=0.370209000 roc_wall_ms=0.780568000
bench n=512 lda=512 repeats=20 cdls_median_ms=0.362916 rocsolver_median_ms=0.755880 cdls_mean_ms=0.363969 rocsolver_mean_ms=0.771833 cdls_gflops=246.192521 workspace_bytes=264 roc_workspace_bytes=2626752 cdls_submit_ms=0.009043 roc_submit_ms=0.602705 cdls_wall_ms=0.372561 roc_wall_ms=0.763757 rocsolver_gflops=118.203059 speedup=2.082793
