device=AMD Instinct MI300A arch=gfx942:sramecc+:xnack- HIP=60443484 CUs=228 memory_bytes=137438953472 rocSOLVER=3.28.2.1b897f5 rocBLAS=4.4.1.f08d23e3 baseline=rocsolver_dgetrf_npvt fp64 seed=20261001 method=auto matrix=dense n=64 lda=64 offset=1 warmup=20 repeats=30
validate n=64 lda=64 kind=dense info=7/0 L_rel=2.5493e-17 U_rel=1.2316e-18 residual_scaled=2.4209e-02/2.4209e-02 cpu_residual_scaled=2.3512e-02/2.3513e-02 PASS
sample n=64 lda=64 iteration=0 first=cdls cdls_ms=0.027563000 rocsolver_ms=0.079162002 cdls_submit_ms=0.002374000 roc_submit_ms=0.007301000 cdls_wall_ms=0.042225000 roc_wall_ms=0.089337000
sample n=64 lda=64 iteration=1 first=rocsolver cdls_ms=0.026520001 rocsolver_ms=0.079001002 cdls_submit_ms=0.002444000 roc_submit_ms=0.005999000 cdls_wall_ms=0.035945000 roc_wall_ms=0.087474000
sample n=64 lda=64 iteration=2 first=cdls cdls_ms=0.026560999 rocsolver_ms=0.082887001 cdls_submit_ms=0.002354000 roc_submit_ms=0.008213000 cdls_wall_ms=0.035454000 roc_wall_ms=0.090629000
sample n=64 lda=64 iteration=3 first=rocsolver cdls_ms=0.026601000 rocsolver_ms=0.079521999 cdls_submit_ms=0.002434000 roc_submit_ms=0.005549000 cdls_wall_ms=0.036466000 roc_wall_ms=0.087565000
sample n=64 lda=64 iteration=4 first=cdls cdls_ms=0.026922001 rocsolver_ms=0.084409997 cdls_submit_ms=0.002403000 roc_submit_ms=0.008813000 cdls_wall_ms=0.034243000 roc_wall_ms=0.092552000
sample n=64 lda=64 iteration=5 first=rocsolver cdls_ms=0.027842000 rocsolver_ms=0.078800999 cdls_submit_ms=0.002694000 roc_submit_ms=0.005679000 cdls_wall_ms=0.035314000 roc_wall_ms=0.088606000
sample n=64 lda=64 iteration=6 first=cdls cdls_ms=0.027962999 rocsolver_ms=0.082967997 cdls_submit_ms=0.002294000 roc_submit_ms=0.008784000 cdls_wall_ms=0.036335000 roc_wall_ms=0.090179000
sample n=64 lda=64 iteration=7 first=rocsolver cdls_ms=0.027322000 rocsolver_ms=0.080642998 cdls_submit_ms=0.002594000 roc_submit_ms=0.006320000 cdls_wall_ms=0.036065000 roc_wall_ms=0.088015000
sample n=64 lda=64 iteration=8 first=cdls cdls_ms=0.026520999 rocsolver_ms=0.080724001 cdls_submit_ms=0.002033000 roc_submit_ms=0.007762000 cdls_wall_ms=0.034984000 roc_wall_ms=0.089247000
sample n=64 lda=64 iteration=9 first=rocsolver cdls_ms=0.026841000 rocsolver_ms=0.080642998 cdls_submit_ms=0.002304000 roc_submit_ms=0.006319000 cdls_wall_ms=0.035485000 roc_wall_ms=0.088335000
sample n=64 lda=64 iteration=10 first=cdls cdls_ms=0.026961001 rocsolver_ms=0.084089004 cdls_submit_ms=0.001903000 roc_submit_ms=0.009465000 cdls_wall_ms=0.034673000 roc_wall_ms=0.092452000
sample n=64 lda=64 iteration=11 first=rocsolver cdls_ms=0.026601000 rocsolver_ms=0.081124999 cdls_submit_ms=0.002384000 roc_submit_ms=0.005980000 cdls_wall_ms=0.035325000 roc_wall_ms=0.091210000
sample n=64 lda=64 iteration=12 first=cdls cdls_ms=0.026601000 rocsolver_ms=0.081445001 cdls_submit_ms=0.002394000 roc_submit_ms=0.007892000 cdls_wall_ms=0.036035000 roc_wall_ms=0.089747000
sample n=64 lda=64 iteration=13 first=rocsolver cdls_ms=0.026881000 rocsolver_ms=0.082006000 cdls_submit_ms=0.002254000 roc_submit_ms=0.007411000 cdls_wall_ms=0.035154000 roc_wall_ms=0.089567000
sample n=64 lda=64 iteration=14 first=cdls cdls_ms=0.026881000 rocsolver_ms=0.084209003 cdls_submit_ms=0.002033000 roc_submit_ms=0.009084000 cdls_wall_ms=0.034833000 roc_wall_ms=0.091741000
sample n=64 lda=64 iteration=15 first=rocsolver cdls_ms=0.026681000 rocsolver_ms=0.080444001 cdls_submit_ms=0.002584000 roc_submit_ms=0.005308000 cdls_wall_ms=0.036006000 roc_wall_ms=0.088616000
sample n=64 lda=64 iteration=16 first=cdls cdls_ms=0.026681000 rocsolver_ms=0.082566999 cdls_submit_ms=0.002123000 roc_submit_ms=0.009595000 cdls_wall_ms=0.035054000 roc_wall_ms=0.091350000
sample n=64 lda=64 iteration=17 first=rocsolver cdls_ms=0.027081000 rocsolver_ms=0.079602003 cdls_submit_ms=0.002473000 roc_submit_ms=0.005488000 cdls_wall_ms=0.034513000 roc_wall_ms=0.087494000
sample n=64 lda=64 iteration=18 first=cdls cdls_ms=0.026600000 rocsolver_ms=0.081124000 cdls_submit_ms=0.002124000 roc_submit_ms=0.007832000 cdls_wall_ms=0.035154000 roc_wall_ms=0.089077000
sample n=64 lda=64 iteration=19 first=rocsolver cdls_ms=0.028162999 rocsolver_ms=0.093584001 cdls_submit_ms=0.003415000 roc_submit_ms=0.018969000 cdls_wall_ms=0.035575000 roc_wall_ms=0.101426000
sample n=64 lda=64 iteration=20 first=cdls cdls_ms=0.027000999 rocsolver_ms=0.081885003 cdls_submit_ms=0.002063000 roc_submit_ms=0.007982000 cdls_wall_ms=0.034112000 roc_wall_ms=0.089177000
sample n=64 lda=64 iteration=21 first=rocsolver cdls_ms=0.026601000 rocsolver_ms=0.079320997 cdls_submit_ms=0.002253000 roc_submit_ms=0.005548000 cdls_wall_ms=0.036286000 roc_wall_ms=0.086703000
sample n=64 lda=64 iteration=22 first=cdls cdls_ms=0.026601000 rocsolver_ms=0.083208002 cdls_submit_ms=0.003135000 roc_submit_ms=0.009695000 cdls_wall_ms=0.035444000 roc_wall_ms=0.091471000
sample n=64 lda=64 iteration=23 first=rocsolver cdls_ms=0.027081000 rocsolver_ms=0.080563001 cdls_submit_ms=0.002293000 roc_submit_ms=0.006270000 cdls_wall_ms=0.034953000 roc_wall_ms=0.088626000
sample n=64 lda=64 iteration=24 first=cdls cdls_ms=0.026641000 rocsolver_ms=0.081725001 cdls_submit_ms=0.002514000 roc_submit_ms=0.008223000 cdls_wall_ms=0.035394000 roc_wall_ms=0.090399000
sample n=64 lda=64 iteration=25 first=rocsolver cdls_ms=0.026881000 rocsolver_ms=0.080724001 cdls_submit_ms=0.002324000 roc_submit_ms=0.006440000 cdls_wall_ms=0.037157000 roc_wall_ms=0.091581000
sample n=64 lda=64 iteration=26 first=cdls cdls_ms=0.026641000 rocsolver_ms=0.083127998 cdls_submit_ms=0.001933000 roc_submit_ms=0.008613000 cdls_wall_ms=0.035415000 roc_wall_ms=0.092511000
sample n=64 lda=64 iteration=27 first=rocsolver cdls_ms=0.026040001 rocsolver_ms=0.082765996 cdls_submit_ms=0.002684000 roc_submit_ms=0.009765000 cdls_wall_ms=0.035946000 roc_wall_ms=0.094064000
sample n=64 lda=64 iteration=28 first=cdls cdls_ms=0.026921000 rocsolver_ms=0.084288999 cdls_submit_ms=0.002103000 roc_submit_ms=0.011117000 cdls_wall_ms=0.034793000 roc_wall_ms=0.094495000
sample n=64 lda=64 iteration=29 first=rocsolver cdls_ms=0.027162001 rocsolver_ms=0.079641998 cdls_submit_ms=0.002934000 roc_submit_ms=0.005338000 cdls_wall_ms=0.035084000 roc_wall_ms=0.087454000
bench n=64 lda=64 repeats=30 cdls_median_ms=0.026861 rocsolver_median_ms=0.081285 cdls_mean_ms=0.026912 rocsolver_mean_ms=0.081874 cdls_gflops=6.429545 workspace_bytes=12 roc_workspace_bytes=0 cdls_submit_ms=0.002364 roc_submit_ms=0.007797 cdls_wall_ms=0.035405 roc_wall_ms=0.089657 rocsolver_gflops=2.124672 speedup=3.026135
