device=AMD Instinct MI300A arch=gfx942:sramecc+:xnack- HIP=60443484 CUs=228 memory_bytes=137438953472 rocSOLVER=3.28.2.1b897f5 rocBLAS=4.4.1.f08d23e3 baseline=rocsolver_dgetrf_npvt fp64 seed=20261001 method=auto matrix=dense n=8192 lda=8192 offset=1 warmup=5 repeats=30
validate n=8192 lda=8192 kind=dense info=7/0 L_rel=7.2829e-16 U_rel=2.1479e-15 residual_scaled=1.2306e-03/3.9221e-04 PASS
sample n=8192 lda=8192 iteration=0 first=cdls cdls_ms=19.282188416 rocsolver_ms=26.791763306 cdls_submit_ms=0.235371000 roc_submit_ms=9.930599000 cdls_wall_ms=19.467384000 roc_wall_ms=26.802111000
sample n=8192 lda=8192 iteration=1 first=rocsolver cdls_ms=19.318624496 rocsolver_ms=27.314176559 cdls_submit_ms=0.534851000 roc_submit_ms=13.340498000 cdls_wall_ms=19.636963000 roc_wall_ms=27.330161000
sample n=8192 lda=8192 iteration=2 first=cdls cdls_ms=19.207803726 rocsolver_ms=26.676147461 cdls_submit_ms=0.465704000 roc_submit_ms=9.207851000 cdls_wall_ms=19.216609000 roc_wall_ms=26.684892000
sample n=8192 lda=8192 iteration=3 first=rocsolver cdls_ms=19.376392365 rocsolver_ms=26.960111618 cdls_submit_ms=0.635324000 roc_submit_ms=12.598069000 cdls_wall_ms=19.601910000 roc_wall_ms=27.225621000
sample n=8192 lda=8192 iteration=4 first=cdls cdls_ms=19.236478806 rocsolver_ms=26.775810242 cdls_submit_ms=0.238586000 roc_submit_ms=9.341766000 cdls_wall_ms=19.245493000 roc_wall_ms=26.783333000
sample n=8192 lda=8192 iteration=5 first=rocsolver cdls_ms=19.258361816 rocsolver_ms=27.156713486 cdls_submit_ms=0.586249000 roc_submit_ms=12.440948000 cdls_wall_ms=19.265995000 roc_wall_ms=27.390904000
sample n=8192 lda=8192 iteration=6 first=cdls cdls_ms=19.170028687 rocsolver_ms=26.722677231 cdls_submit_ms=0.427826000 roc_submit_ms=9.406795000 cdls_wall_ms=19.179582000 roc_wall_ms=26.730402000
sample n=8192 lda=8192 iteration=7 first=rocsolver cdls_ms=19.172330856 rocsolver_ms=27.338121414 cdls_submit_ms=0.741747000 roc_submit_ms=12.216565000 cdls_wall_ms=19.182407000 roc_wall_ms=27.631995000
sample n=8192 lda=8192 iteration=8 first=cdls cdls_ms=19.203468323 rocsolver_ms=26.823051453 cdls_submit_ms=0.284637000 roc_submit_ms=9.167990000 cdls_wall_ms=19.289130000 roc_wall_ms=26.832598000
sample n=8192 lda=8192 iteration=9 first=rocsolver cdls_ms=19.506002426 rocsolver_ms=27.288246155 cdls_submit_ms=0.817253000 roc_submit_ms=11.407013000 cdls_wall_ms=19.516248000 roc_wall_ms=27.555618000
sample n=8192 lda=8192 iteration=10 first=cdls cdls_ms=19.103796005 rocsolver_ms=26.899919510 cdls_submit_ms=0.287541000 roc_submit_ms=9.134358000 cdls_wall_ms=19.192422000 roc_wall_ms=26.910758000
sample n=8192 lda=8192 iteration=11 first=rocsolver cdls_ms=19.353618622 rocsolver_ms=27.390914917 cdls_submit_ms=0.584666000 roc_submit_ms=11.366601000 cdls_wall_ms=19.669774000 roc_wall_ms=27.687599000
sample n=8192 lda=8192 iteration=12 first=cdls cdls_ms=19.247516632 rocsolver_ms=26.838495255 cdls_submit_ms=0.345249000 roc_submit_ms=9.102629000 cdls_wall_ms=19.257242000 roc_wall_ms=26.845588000
sample n=8192 lda=8192 iteration=13 first=rocsolver cdls_ms=19.741884232 rocsolver_ms=27.370962143 cdls_submit_ms=0.875603000 roc_submit_ms=11.361122000 cdls_wall_ms=19.749997000 roc_wall_ms=27.663582000
sample n=8192 lda=8192 iteration=14 first=cdls cdls_ms=19.278284073 rocsolver_ms=26.997419357 cdls_submit_ms=0.301793000 roc_submit_ms=9.561433000 cdls_wall_ms=19.288550000 roc_wall_ms=27.007286000
sample n=8192 lda=8192 iteration=15 first=rocsolver cdls_ms=19.295749664 rocsolver_ms=27.477586746 cdls_submit_ms=0.590766000 roc_submit_ms=11.199775000 cdls_wall_ms=19.605375000 roc_wall_ms=27.772680000
sample n=8192 lda=8192 iteration=16 first=cdls cdls_ms=19.408391953 rocsolver_ms=26.821420670 cdls_submit_ms=0.355956000 roc_submit_ms=8.948032000 cdls_wall_ms=19.416034000 roc_wall_ms=26.828512000
sample n=8192 lda=8192 iteration=17 first=rocsolver cdls_ms=19.504730225 rocsolver_ms=27.355707169 cdls_submit_ms=0.573500000 roc_submit_ms=11.483640000 cdls_wall_ms=19.814186000 roc_wall_ms=27.362982000
sample n=8192 lda=8192 iteration=18 first=cdls cdls_ms=19.330663681 rocsolver_ms=26.854579926 cdls_submit_ms=0.360513000 roc_submit_ms=9.034495000 cdls_wall_ms=19.338716000 roc_wall_ms=26.863917000
sample n=8192 lda=8192 iteration=19 first=rocsolver cdls_ms=19.357776642 rocsolver_ms=27.295667648 cdls_submit_ms=0.747376000 roc_submit_ms=11.180696000 cdls_wall_ms=19.366879000 roc_wall_ms=27.596089000
sample n=8192 lda=8192 iteration=20 first=cdls cdls_ms=19.233154297 rocsolver_ms=26.765764236 cdls_submit_ms=0.372731000 roc_submit_ms=8.869572000 cdls_wall_ms=19.241908000 roc_wall_ms=26.773207000
sample n=8192 lda=8192 iteration=21 first=rocsolver cdls_ms=19.439128876 rocsolver_ms=27.566631317 cdls_submit_ms=0.537624000 roc_submit_ms=11.113292000 cdls_wall_ms=19.736255000 roc_wall_ms=27.862948000
sample n=8192 lda=8192 iteration=22 first=cdls cdls_ms=19.264080048 rocsolver_ms=26.979784012 cdls_submit_ms=0.326761000 roc_submit_ms=9.046824000 cdls_wall_ms=19.271583000 roc_wall_ms=26.988157000
sample n=8192 lda=8192 iteration=23 first=rocsolver cdls_ms=19.418968201 rocsolver_ms=27.472919464 cdls_submit_ms=0.612720000 roc_submit_ms=11.325177000 cdls_wall_ms=19.735545000 roc_wall_ms=27.770647000
sample n=8192 lda=8192 iteration=24 first=cdls cdls_ms=19.453662872 rocsolver_ms=26.827108383 cdls_submit_ms=0.374033000 roc_submit_ms=9.064581000 cdls_wall_ms=19.461175000 roc_wall_ms=26.835122000
sample n=8192 lda=8192 iteration=25 first=rocsolver cdls_ms=19.415544510 rocsolver_ms=27.228736877 cdls_submit_ms=0.562993000 roc_submit_ms=11.649635000 cdls_wall_ms=19.734843000 roc_wall_ms=27.522496000
sample n=8192 lda=8192 iteration=26 first=cdls cdls_ms=19.363594055 rocsolver_ms=26.849283218 cdls_submit_ms=0.350758000 roc_submit_ms=9.046273000 cdls_wall_ms=19.371356000 roc_wall_ms=26.858928000
sample n=8192 lda=8192 iteration=27 first=rocsolver cdls_ms=19.627788544 rocsolver_ms=27.436212540 cdls_submit_ms=0.886449000 roc_submit_ms=11.280098000 cdls_wall_ms=19.638125000 roc_wall_ms=27.726539000
sample n=8192 lda=8192 iteration=28 first=cdls cdls_ms=19.352756500 rocsolver_ms=26.832847595 cdls_submit_ms=0.293450000 roc_submit_ms=9.054946000 cdls_wall_ms=19.441393000 roc_wall_ms=26.840100000
sample n=8192 lda=8192 iteration=29 first=rocsolver cdls_ms=19.393480301 rocsolver_ms=27.423244476 cdls_submit_ms=0.590466000 roc_submit_ms=11.165602000 cdls_wall_ms=19.693260000 roc_wall_ms=27.717765000
bench n=8192 lda=8192 repeats=30 cdls_median_ms=19.341710 rocsolver_median_ms=26.988602 cdls_mean_ms=19.343875 rocsolver_mean_ms=27.084401 cdls_gflops=18947.151954 workspace_bytes=65544 roc_workspace_bytes=34145472 cdls_submit_ms=0.500277 roc_submit_ms=10.521946 cdls_wall_ms=19.428714 roc_wall_ms=27.116453 rocsolver_gflops=13578.707204 speedup=1.395358
