device=AMD Instinct MI300A arch=gfx942:sramecc+:xnack- HIP=60443484 CUs=228 memory_bytes=137438953472 rocSOLVER=3.28.2.1b897f5 rocBLAS=4.4.1.f08d23e3 baseline=rocsolver_dgetrf fp64 seed=20261001 method=auto matrix=dense n=16384 lda=16384 offset=0 warmup=5 repeats=20
validate n=16384 lda=16384 kind=dense info=7/0 L_rel=5.5115e-16 U_rel=1.6844e-15 residual_scaled=4.9962e-04/2.0775e-04 PASS
sample n=16384 lda=16384 iteration=0 first=cdls cdls_ms=101.658866882 rocsolver_ms=307.177490234 cdls_submit_ms=0.866691000 roc_submit_ms=305.750574000 cdls_wall_ms=101.676836000 roc_wall_ms=307.185187000
sample n=16384 lda=16384 iteration=1 first=rocsolver cdls_ms=101.968002319 rocsolver_ms=306.779571533 cdls_submit_ms=0.771535000 roc_submit_ms=305.370650000 cdls_wall_ms=101.981104000 roc_wall_ms=306.791622000
sample n=16384 lda=16384 iteration=2 first=cdls cdls_ms=101.779441833 rocsolver_ms=306.050598145 cdls_submit_ms=0.783674000 roc_submit_ms=304.531801000 cdls_wall_ms=101.788086000 roc_wall_ms=306.059888000
sample n=16384 lda=16384 iteration=3 first=rocsolver cdls_ms=102.492462158 rocsolver_ms=307.018371582 cdls_submit_ms=0.853491000 roc_submit_ms=305.364599000 cdls_wall_ms=102.501482000 roc_wall_ms=307.028384000
sample n=16384 lda=16384 iteration=4 first=cdls cdls_ms=102.278366089 rocsolver_ms=308.064300537 cdls_submit_ms=0.855114000 roc_submit_ms=306.596481000 cdls_wall_ms=102.287753000 roc_wall_ms=308.071776000
sample n=16384 lda=16384 iteration=5 first=rocsolver cdls_ms=102.006095886 rocsolver_ms=303.088409424 cdls_submit_ms=0.930779000 roc_submit_ms=301.589238000 cdls_wall_ms=102.014694000 roc_wall_ms=303.096062000
sample n=16384 lda=16384 iteration=6 first=cdls cdls_ms=101.974281311 rocsolver_ms=308.043945312 cdls_submit_ms=0.780709000 roc_submit_ms=306.353766000 cdls_wall_ms=101.983665000 roc_wall_ms=308.053025000
sample n=16384 lda=16384 iteration=7 first=rocsolver cdls_ms=102.740936279 rocsolver_ms=302.555572510 cdls_submit_ms=0.880542000 roc_submit_ms=301.136482000 cdls_wall_ms=102.750813000 roc_wall_ms=302.567910000
sample n=16384 lda=16384 iteration=8 first=cdls cdls_ms=102.149520874 rocsolver_ms=308.297454834 cdls_submit_ms=0.736582000 roc_submit_ms=306.670099000 cdls_wall_ms=102.157953000 roc_wall_ms=308.306322000
sample n=16384 lda=16384 iteration=9 first=rocsolver cdls_ms=102.074096680 rocsolver_ms=309.258331299 cdls_submit_ms=0.827761000 roc_submit_ms=307.850452000 cdls_wall_ms=102.081525000 roc_wall_ms=309.268119000
sample n=16384 lda=16384 iteration=10 first=cdls cdls_ms=101.863403320 rocsolver_ms=308.070190430 cdls_submit_ms=0.811176000 roc_submit_ms=306.660662000 cdls_wall_ms=101.872965000 roc_wall_ms=308.079172000
sample n=16384 lda=16384 iteration=11 first=rocsolver cdls_ms=102.178283691 rocsolver_ms=309.028778076 cdls_submit_ms=0.824266000 roc_submit_ms=307.672526000 cdls_wall_ms=102.188429000 roc_wall_ms=309.038464000
sample n=16384 lda=16384 iteration=12 first=cdls cdls_ms=102.045219421 rocsolver_ms=305.010101318 cdls_submit_ms=0.801722000 roc_submit_ms=303.447896000 cdls_wall_ms=102.053261000 roc_wall_ms=305.018338000
sample n=16384 lda=16384 iteration=13 first=rocsolver cdls_ms=102.586280823 rocsolver_ms=303.560699463 cdls_submit_ms=0.839099000 roc_submit_ms=302.171806000 cdls_wall_ms=102.599369000 roc_wall_ms=303.570774000
sample n=16384 lda=16384 iteration=14 first=cdls cdls_ms=102.965118408 rocsolver_ms=302.326751709 cdls_submit_ms=0.796594000 roc_submit_ms=300.846460000 cdls_wall_ms=102.973845000 roc_wall_ms=302.333994000
sample n=16384 lda=16384 iteration=15 first=rocsolver cdls_ms=102.756248474 rocsolver_ms=305.942596436 cdls_submit_ms=0.926453000 roc_submit_ms=304.380306000 cdls_wall_ms=102.765173000 roc_wall_ms=305.955184000
sample n=16384 lda=16384 iteration=16 first=cdls cdls_ms=102.620605469 rocsolver_ms=303.947662354 cdls_submit_ms=0.873892000 roc_submit_ms=302.690811000 cdls_wall_ms=102.630596000 roc_wall_ms=303.955233000
sample n=16384 lda=16384 iteration=17 first=rocsolver cdls_ms=103.397468567 rocsolver_ms=306.792388916 cdls_submit_ms=0.848283000 roc_submit_ms=305.224601000 cdls_wall_ms=103.406557000 roc_wall_ms=306.801052000
sample n=16384 lda=16384 iteration=18 first=cdls cdls_ms=102.158042908 rocsolver_ms=303.308868408 cdls_submit_ms=0.717733000 roc_submit_ms=301.906524000 cdls_wall_ms=102.169197000 roc_wall_ms=303.316610000
sample n=16384 lda=16384 iteration=19 first=rocsolver cdls_ms=102.959197998 rocsolver_ms=306.276947021 cdls_submit_ms=0.892430000 roc_submit_ms=304.790073000 cdls_wall_ms=102.967720000 roc_wall_ms=306.287523000
bench n=16384 lda=16384 repeats=20 cdls_median_ms=102.168163 rocsolver_median_ms=306.528259 cdls_mean_ms=102.332597 rocsolver_mean_ms=306.029951 cdls_gflops=28696.774927 workspace_bytes=262152 roc_workspace_bytes=67831040 cdls_submit_ms=0.833430 roc_submit_ms=305.007337 cdls_wall_ms=102.178813 roc_wall_ms=306.539573 rocsolver_gflops=9564.849890 speedup=3.000233
