device=AMD Instinct MI300A arch=gfx942:sramecc+:xnack- HIP=60443484 CUs=228 memory_bytes=137438953472 rocSOLVER=3.28.2.1b897f5 rocBLAS=4.4.1.f08d23e3 baseline=rocsolver_dgetrf fp64 seed=20261001 method=auto matrix=dense n=64 lda=64 offset=0 warmup=20 repeats=20
validate n=64 lda=64 kind=dense info=7/0 L_rel=2.5493e-17 U_rel=1.2316e-18 residual_scaled=2.4209e-02/2.4209e-02 cpu_residual_scaled=2.3512e-02/2.3513e-02 PASS
sample n=64 lda=64 iteration=0 first=cdls cdls_ms=0.027082000 rocsolver_ms=0.148868993 cdls_submit_ms=0.003135000 roc_submit_ms=0.006580000 cdls_wall_ms=0.047493000 roc_wall_ms=0.158433000
sample n=64 lda=64 iteration=1 first=rocsolver cdls_ms=0.027843000 rocsolver_ms=0.148668006 cdls_submit_ms=0.002804000 roc_submit_ms=0.005619000 cdls_wall_ms=0.035645000 roc_wall_ms=0.156701000
sample n=64 lda=64 iteration=2 first=cdls cdls_ms=0.026760999 rocsolver_ms=0.152393997 cdls_submit_ms=0.002704000 roc_submit_ms=0.008182000 cdls_wall_ms=0.034673000 roc_wall_ms=0.159675000
sample n=64 lda=64 iteration=3 first=rocsolver cdls_ms=0.027642000 rocsolver_ms=0.150591001 cdls_submit_ms=0.003115000 roc_submit_ms=0.006901000 cdls_wall_ms=0.035544000 roc_wall_ms=0.158032000
sample n=64 lda=64 iteration=4 first=cdls cdls_ms=0.026881000 rocsolver_ms=0.150069997 cdls_submit_ms=0.002785000 roc_submit_ms=0.007421000 cdls_wall_ms=0.034133000 roc_wall_ms=0.158013000
sample n=64 lda=64 iteration=5 first=rocsolver cdls_ms=0.027523000 rocsolver_ms=0.148987994 cdls_submit_ms=0.002624000 roc_submit_ms=0.005889000 cdls_wall_ms=0.035375000 roc_wall_ms=0.157491000
sample n=64 lda=64 iteration=6 first=cdls cdls_ms=0.026841000 rocsolver_ms=0.151431993 cdls_submit_ms=0.002534000 roc_submit_ms=0.008182000 cdls_wall_ms=0.034333000 roc_wall_ms=0.159665000
sample n=64 lda=64 iteration=7 first=rocsolver cdls_ms=0.027803000 rocsolver_ms=0.149549007 cdls_submit_ms=0.002925000 roc_submit_ms=0.005158000 cdls_wall_ms=0.036356000 roc_wall_ms=0.158303000
sample n=64 lda=64 iteration=8 first=cdls cdls_ms=0.026800999 rocsolver_ms=0.150870994 cdls_submit_ms=0.002644000 roc_submit_ms=0.008323000 cdls_wall_ms=0.035374000 roc_wall_ms=0.159395000
sample n=64 lda=64 iteration=9 first=rocsolver cdls_ms=0.026400000 rocsolver_ms=0.149229005 cdls_submit_ms=0.002764000 roc_submit_ms=0.006320000 cdls_wall_ms=0.034994000 roc_wall_ms=0.158063000
sample n=64 lda=64 iteration=10 first=cdls cdls_ms=0.026681000 rocsolver_ms=0.154117003 cdls_submit_ms=0.002513000 roc_submit_ms=0.008242000 cdls_wall_ms=0.034092000 roc_wall_ms=0.161408000
sample n=64 lda=64 iteration=11 first=rocsolver cdls_ms=0.026600000 rocsolver_ms=0.147346005 cdls_submit_ms=0.002865000 roc_submit_ms=0.005639000 cdls_wall_ms=0.035314000 roc_wall_ms=0.156200000
sample n=64 lda=64 iteration=12 first=cdls cdls_ms=0.027082000 rocsolver_ms=0.151032001 cdls_submit_ms=0.002785000 roc_submit_ms=0.008493000 cdls_wall_ms=0.035525000 roc_wall_ms=0.159044000
sample n=64 lda=64 iteration=13 first=rocsolver cdls_ms=0.026120000 rocsolver_ms=0.150070995 cdls_submit_ms=0.002835000 roc_submit_ms=0.006200000 cdls_wall_ms=0.034964000 roc_wall_ms=0.159064000
sample n=64 lda=64 iteration=14 first=cdls cdls_ms=0.026800999 rocsolver_ms=0.151752993 cdls_submit_ms=0.002894000 roc_submit_ms=0.009895000 cdls_wall_ms=0.034994000 roc_wall_ms=0.161357000
sample n=64 lda=64 iteration=15 first=rocsolver cdls_ms=0.026400000 rocsolver_ms=0.147907004 cdls_submit_ms=0.002875000 roc_submit_ms=0.005659000 cdls_wall_ms=0.034914000 roc_wall_ms=0.156440000
sample n=64 lda=64 iteration=16 first=cdls cdls_ms=0.026441000 rocsolver_ms=0.152354002 cdls_submit_ms=0.002514000 roc_submit_ms=0.008543000 cdls_wall_ms=0.035755000 roc_wall_ms=0.160557000
sample n=64 lda=64 iteration=17 first=rocsolver cdls_ms=0.026280999 rocsolver_ms=0.147746995 cdls_submit_ms=0.002494000 roc_submit_ms=0.006069000 cdls_wall_ms=0.035104000 roc_wall_ms=0.156731000
sample n=64 lda=64 iteration=18 first=cdls cdls_ms=0.026360000 rocsolver_ms=0.153394997 cdls_submit_ms=0.001983000 roc_submit_ms=0.010106000 cdls_wall_ms=0.035675000 roc_wall_ms=0.163010000
sample n=64 lda=64 iteration=19 first=rocsolver cdls_ms=0.026480000 rocsolver_ms=0.164212003 cdls_submit_ms=0.002725000 roc_submit_ms=0.022164000 cdls_wall_ms=0.035424000 roc_wall_ms=0.174778000
bench n=64 lda=64 repeats=20 cdls_median_ms=0.026781 rocsolver_median_ms=0.150331 cdls_mean_ms=0.026841 rocsolver_mean_ms=0.151030 cdls_gflops=6.448751 workspace_bytes=12 roc_workspace_bytes=0 cdls_submit_ms=0.002775 roc_submit_ms=0.007161 cdls_wall_ms=0.035344 roc_wall_ms=0.158739 rocsolver_gflops=1.148825 speedup=5.613345
