device=AMD Instinct MI300A arch=gfx942:sramecc+:xnack- HIP=60443484 CUs=228 memory_bytes=137438953472 rocSOLVER=3.28.2.1b897f5 rocBLAS=4.4.1.f08d23e3 baseline=rocsolver_dgetrf_npvt fp64 seed=20261001 method=auto matrix=dense n=64 lda=65 offset=0 warmup=20 repeats=30
validate n=64 lda=65 kind=dense info=7/0 L_rel=2.5493e-17 U_rel=1.2316e-18 residual_scaled=2.4209e-02/2.4209e-02 cpu_residual_scaled=2.3512e-02/2.3513e-02 PASS
sample n=64 lda=65 iteration=0 first=cdls cdls_ms=0.026921000 rocsolver_ms=0.077679999 cdls_submit_ms=0.003796000 roc_submit_ms=0.006490000 cdls_wall_ms=0.041734000 roc_wall_ms=0.086443000
sample n=64 lda=65 iteration=1 first=rocsolver cdls_ms=0.027442001 rocsolver_ms=0.078079998 cdls_submit_ms=0.003345000 roc_submit_ms=0.005999000 cdls_wall_ms=0.036726000 roc_wall_ms=0.087594000
sample n=64 lda=65 iteration=2 first=cdls cdls_ms=0.026881000 rocsolver_ms=0.078520000 cdls_submit_ms=0.003706000 roc_submit_ms=0.007101000 cdls_wall_ms=0.036776000 roc_wall_ms=0.087584000
sample n=64 lda=65 iteration=3 first=rocsolver cdls_ms=0.027402001 rocsolver_ms=0.077839002 cdls_submit_ms=0.003045000 roc_submit_ms=0.006550000 cdls_wall_ms=0.037768000 roc_wall_ms=0.086362000
sample n=64 lda=65 iteration=4 first=cdls cdls_ms=0.027322000 rocsolver_ms=0.081725001 cdls_submit_ms=0.003004000 roc_submit_ms=0.010657000 cdls_wall_ms=0.035094000 roc_wall_ms=0.090258000
sample n=64 lda=65 iteration=5 first=rocsolver cdls_ms=0.027000999 rocsolver_ms=0.081605002 cdls_submit_ms=0.002754000 roc_submit_ms=0.008924000 cdls_wall_ms=0.036216000 roc_wall_ms=0.091751000
sample n=64 lda=65 iteration=6 first=cdls cdls_ms=0.027082000 rocsolver_ms=0.082085997 cdls_submit_ms=0.002494000 roc_submit_ms=0.009955000 cdls_wall_ms=0.036296000 roc_wall_ms=0.089337000
sample n=64 lda=65 iteration=7 first=rocsolver cdls_ms=0.027962999 rocsolver_ms=0.082525998 cdls_submit_ms=0.002955000 roc_submit_ms=0.008753000 cdls_wall_ms=0.036076000 roc_wall_ms=0.092712000
sample n=64 lda=65 iteration=8 first=cdls cdls_ms=0.026921000 rocsolver_ms=0.080362998 cdls_submit_ms=0.002223000 roc_submit_ms=0.008093000 cdls_wall_ms=0.035985000 roc_wall_ms=0.088326000
sample n=64 lda=65 iteration=9 first=rocsolver cdls_ms=0.026881000 rocsolver_ms=0.078120001 cdls_submit_ms=0.002955000 roc_submit_ms=0.005529000 cdls_wall_ms=0.035394000 roc_wall_ms=0.086182000
sample n=64 lda=65 iteration=10 first=cdls cdls_ms=0.026721001 rocsolver_ms=0.083407998 cdls_submit_ms=0.002494000 roc_submit_ms=0.010396000 cdls_wall_ms=0.034302000 roc_wall_ms=0.090769000
sample n=64 lda=65 iteration=11 first=rocsolver cdls_ms=0.028202999 rocsolver_ms=0.077358998 cdls_submit_ms=0.003506000 roc_submit_ms=0.006149000 cdls_wall_ms=0.035774000 roc_wall_ms=0.087164000
sample n=64 lda=65 iteration=12 first=cdls cdls_ms=0.027000999 rocsolver_ms=0.080323003 cdls_submit_ms=0.002413000 roc_submit_ms=0.008192000 cdls_wall_ms=0.036386000 roc_wall_ms=0.088406000
sample n=64 lda=65 iteration=13 first=rocsolver cdls_ms=0.026760999 rocsolver_ms=0.081164002 cdls_submit_ms=0.003455000 roc_submit_ms=0.008954000 cdls_wall_ms=0.036106000 roc_wall_ms=0.090909000
sample n=64 lda=65 iteration=14 first=cdls cdls_ms=0.028684000 rocsolver_ms=0.081924997 cdls_submit_ms=0.002043000 roc_submit_ms=0.010376000 cdls_wall_ms=0.036916000 roc_wall_ms=0.089727000
sample n=64 lda=65 iteration=15 first=rocsolver cdls_ms=0.027040999 rocsolver_ms=0.078800999 cdls_submit_ms=0.003476000 roc_submit_ms=0.006219000 cdls_wall_ms=0.035725000 roc_wall_ms=0.089658000
sample n=64 lda=65 iteration=16 first=cdls cdls_ms=0.026600000 rocsolver_ms=0.086732000 cdls_submit_ms=0.002184000 roc_submit_ms=0.014632000 cdls_wall_ms=0.035153000 roc_wall_ms=0.094655000
sample n=64 lda=65 iteration=17 first=rocsolver cdls_ms=0.027081000 rocsolver_ms=0.079161003 cdls_submit_ms=0.003285000 roc_submit_ms=0.007692000 cdls_wall_ms=0.035544000 roc_wall_ms=0.088185000
sample n=64 lda=65 iteration=18 first=cdls cdls_ms=0.026601000 rocsolver_ms=0.080082998 cdls_submit_ms=0.002363000 roc_submit_ms=0.008473000 cdls_wall_ms=0.036896000 roc_wall_ms=0.088576000
sample n=64 lda=65 iteration=19 first=rocsolver cdls_ms=0.026721001 rocsolver_ms=0.095186003 cdls_submit_ms=0.003415000 roc_submit_ms=0.021823000 cdls_wall_ms=0.035134000 roc_wall_ms=0.105271000
sample n=64 lda=65 iteration=20 first=cdls cdls_ms=0.026601000 rocsolver_ms=0.078881003 cdls_submit_ms=0.001943000 roc_submit_ms=0.008162000 cdls_wall_ms=0.034724000 roc_wall_ms=0.090178000
sample n=64 lda=65 iteration=21 first=rocsolver cdls_ms=0.027883001 rocsolver_ms=0.077799000 cdls_submit_ms=0.003556000 roc_submit_ms=0.006630000 cdls_wall_ms=0.034954000 roc_wall_ms=0.085761000
sample n=64 lda=65 iteration=22 first=cdls cdls_ms=0.027882000 rocsolver_ms=0.080123000 cdls_submit_ms=0.003815000 roc_submit_ms=0.008292000 cdls_wall_ms=0.035975000 roc_wall_ms=0.088286000
sample n=64 lda=65 iteration=23 first=rocsolver cdls_ms=0.026961001 rocsolver_ms=0.078640997 cdls_submit_ms=0.003145000 roc_submit_ms=0.006510000 cdls_wall_ms=0.035204000 roc_wall_ms=0.087344000
sample n=64 lda=65 iteration=24 first=cdls cdls_ms=0.026200000 rocsolver_ms=0.081164002 cdls_submit_ms=0.002534000 roc_submit_ms=0.009043000 cdls_wall_ms=0.035224000 roc_wall_ms=0.090098000
sample n=64 lda=65 iteration=25 first=rocsolver cdls_ms=0.027122000 rocsolver_ms=0.079882003 cdls_submit_ms=0.003045000 roc_submit_ms=0.007682000 cdls_wall_ms=0.037487000 roc_wall_ms=0.091200000
sample n=64 lda=65 iteration=26 first=cdls cdls_ms=0.026921000 rocsolver_ms=0.083007000 cdls_submit_ms=0.002043000 roc_submit_ms=0.010326000 cdls_wall_ms=0.036075000 roc_wall_ms=0.091550000
sample n=64 lda=65 iteration=27 first=rocsolver cdls_ms=0.027000999 rocsolver_ms=0.078360997 cdls_submit_ms=0.002704000 roc_submit_ms=0.006890000 cdls_wall_ms=0.034703000 roc_wall_ms=0.088776000
sample n=64 lda=65 iteration=28 first=cdls cdls_ms=0.026681000 rocsolver_ms=0.082566999 cdls_submit_ms=0.002463000 roc_submit_ms=0.010707000 cdls_wall_ms=0.036556000 roc_wall_ms=0.090990000
sample n=64 lda=65 iteration=29 first=rocsolver cdls_ms=0.026841000 rocsolver_ms=0.083048001 cdls_submit_ms=0.003365000 roc_submit_ms=0.010195000 cdls_wall_ms=0.035604000 roc_wall_ms=0.093213000
bench n=64 lda=65 repeats=30 cdls_median_ms=0.026981 rocsolver_median_ms=0.080223 cdls_mean_ms=0.027111 rocsolver_mean_ms=0.080872 cdls_gflops=6.400949 workspace_bytes=12 roc_workspace_bytes=0 cdls_submit_ms=0.002980 roc_submit_ms=0.008242 cdls_wall_ms=0.035980 roc_wall_ms=0.089498 rocsolver_gflops=2.152799 speedup=2.973315
