device=AMD Instinct MI300A arch=gfx942:sramecc+:xnack- HIP=60443484 CUs=228 memory_bytes=137438953472 rocSOLVER=3.28.2.1b897f5 rocBLAS=4.4.1.f08d23e3 baseline=rocsolver_dgetrf_npvt fp64 seed=20261001 method=auto matrix=dense n=8192 lda=8320 offset=0 warmup=5 repeats=30
validate n=8192 lda=8320 kind=dense info=7/0 L_rel=7.2829e-16 U_rel=2.1479e-15 residual_scaled=1.2306e-03/3.9221e-04 PASS
sample n=8192 lda=8320 iteration=0 first=cdls cdls_ms=19.361267090 rocsolver_ms=26.178747177 cdls_submit_ms=0.598938000 roc_submit_ms=8.910058000 cdls_wall_ms=19.375981000 roc_wall_ms=26.188154000
sample n=8192 lda=8320 iteration=1 first=rocsolver cdls_ms=18.731683731 rocsolver_ms=26.332723618 cdls_submit_ms=0.529863000 roc_submit_ms=12.156975000 cdls_wall_ms=19.027959000 roc_wall_ms=26.574846000
sample n=8192 lda=8320 iteration=2 first=cdls cdls_ms=18.878137589 rocsolver_ms=26.103172302 cdls_submit_ms=0.483120000 roc_submit_ms=8.633174000 cdls_wall_ms=18.884979000 roc_wall_ms=26.111877000
sample n=8192 lda=8320 iteration=3 first=rocsolver cdls_ms=18.803031921 rocsolver_ms=26.466199875 cdls_submit_ms=0.495630000 roc_submit_ms=12.253774000 cdls_wall_ms=19.100409000 roc_wall_ms=26.715653000
sample n=8192 lda=8320 iteration=4 first=cdls cdls_ms=18.714916229 rocsolver_ms=26.187692642 cdls_submit_ms=0.447526000 roc_submit_ms=8.667947000 cdls_wall_ms=18.722810000 roc_wall_ms=26.195275000
sample n=8192 lda=8320 iteration=5 first=rocsolver cdls_ms=18.667856216 rocsolver_ms=26.487331390 cdls_submit_ms=0.548341000 roc_submit_ms=11.748730000 cdls_wall_ms=18.965863000 roc_wall_ms=26.767392000
sample n=8192 lda=8320 iteration=6 first=cdls cdls_ms=18.728015900 rocsolver_ms=26.020856857 cdls_submit_ms=0.473275000 roc_submit_ms=8.567924000 cdls_wall_ms=18.738454000 roc_wall_ms=26.028439000
sample n=8192 lda=8320 iteration=7 first=rocsolver cdls_ms=19.315055847 rocsolver_ms=26.560935974 cdls_submit_ms=0.869743000 roc_submit_ms=11.701026000 cdls_wall_ms=19.324854000 roc_wall_ms=26.836708000
sample n=8192 lda=8320 iteration=8 first=cdls cdls_ms=18.720546722 rocsolver_ms=26.153730392 cdls_submit_ms=0.376247000 roc_submit_ms=8.550057000 cdls_wall_ms=18.728179000 roc_wall_ms=26.160492000
sample n=8192 lda=8320 iteration=9 first=rocsolver cdls_ms=18.763200760 rocsolver_ms=26.767372131 cdls_submit_ms=0.555872000 roc_submit_ms=11.192307000 cdls_wall_ms=19.057403000 roc_wall_ms=27.042784000
sample n=8192 lda=8320 iteration=10 first=cdls cdls_ms=18.766256332 rocsolver_ms=26.220672607 cdls_submit_ms=0.438452000 roc_submit_ms=8.743193000 cdls_wall_ms=18.775150000 roc_wall_ms=26.229878000
sample n=8192 lda=8320 iteration=11 first=rocsolver cdls_ms=18.970319748 rocsolver_ms=26.819700241 cdls_submit_ms=0.590756000 roc_submit_ms=11.060104000 cdls_wall_ms=19.271942000 roc_wall_ms=27.098620000
sample n=8192 lda=8320 iteration=12 first=cdls cdls_ms=18.942855835 rocsolver_ms=26.203315735 cdls_submit_ms=0.318829000 roc_submit_ms=8.634266000 cdls_wall_ms=19.041278000 roc_wall_ms=26.212291000
sample n=8192 lda=8320 iteration=13 first=rocsolver cdls_ms=19.211387634 rocsolver_ms=26.857879639 cdls_submit_ms=0.860198000 roc_submit_ms=11.222112000 cdls_wall_ms=19.220323000 roc_wall_ms=27.138210000
sample n=8192 lda=8320 iteration=14 first=cdls cdls_ms=18.809221268 rocsolver_ms=26.155464172 cdls_submit_ms=0.313981000 roc_submit_ms=8.675629000 cdls_wall_ms=18.910277000 roc_wall_ms=26.164198000
sample n=8192 lda=8320 iteration=15 first=rocsolver cdls_ms=18.827400208 rocsolver_ms=26.838300705 cdls_submit_ms=0.570144000 roc_submit_ms=11.178235000 cdls_wall_ms=19.087058000 roc_wall_ms=27.110779000
sample n=8192 lda=8320 iteration=16 first=cdls cdls_ms=18.791696548 rocsolver_ms=26.045774460 cdls_submit_ms=0.414115000 roc_submit_ms=8.603098000 cdls_wall_ms=18.802072000 roc_wall_ms=26.053998000
sample n=8192 lda=8320 iteration=17 first=rocsolver cdls_ms=18.816652298 rocsolver_ms=27.068082809 cdls_submit_ms=0.573378000 roc_submit_ms=11.233089000 cdls_wall_ms=19.072977000 roc_wall_ms=27.078098000
sample n=8192 lda=8320 iteration=18 first=cdls cdls_ms=18.707675934 rocsolver_ms=26.240192413 cdls_submit_ms=0.418070000 roc_submit_ms=8.636418000 cdls_wall_ms=18.717102000 roc_wall_ms=26.247726000
sample n=8192 lda=8320 iteration=19 first=rocsolver cdls_ms=18.846307755 rocsolver_ms=26.825529099 cdls_submit_ms=0.647823000 roc_submit_ms=11.036117000 cdls_wall_ms=19.069371000 roc_wall_ms=27.111079000
sample n=8192 lda=8320 iteration=20 first=cdls cdls_ms=19.066888809 rocsolver_ms=26.002927780 cdls_submit_ms=0.220418000 roc_submit_ms=8.669159000 cdls_wall_ms=19.074819000 roc_wall_ms=26.010642000
sample n=8192 lda=8320 iteration=21 first=rocsolver cdls_ms=18.814699173 rocsolver_ms=26.465700150 cdls_submit_ms=0.628293000 roc_submit_ms=11.397061000 cdls_wall_ms=18.825187000 roc_wall_ms=26.752089000
sample n=8192 lda=8320 iteration=22 first=cdls cdls_ms=18.791864395 rocsolver_ms=26.117254257 cdls_submit_ms=0.414676000 roc_submit_ms=8.613884000 cdls_wall_ms=18.801070000 roc_wall_ms=26.124937000
sample n=8192 lda=8320 iteration=23 first=rocsolver cdls_ms=19.192750931 rocsolver_ms=26.746768951 cdls_submit_ms=0.828621000 roc_submit_ms=11.184625000 cdls_wall_ms=19.202075000 roc_wall_ms=27.029915000
sample n=8192 lda=8320 iteration=24 first=cdls cdls_ms=18.882543564 rocsolver_ms=26.321596146 cdls_submit_ms=0.375776000 roc_submit_ms=8.698704000 cdls_wall_ms=18.892560000 roc_wall_ms=26.328659000
sample n=8192 lda=8320 iteration=25 first=rocsolver cdls_ms=18.723249435 rocsolver_ms=26.939523697 cdls_submit_ms=0.574291000 roc_submit_ms=11.256305000 cdls_wall_ms=19.016039000 roc_wall_ms=27.214758000
sample n=8192 lda=8320 iteration=26 first=cdls cdls_ms=18.656818390 rocsolver_ms=26.295637131 cdls_submit_ms=0.201509000 roc_submit_ms=8.769944000 cdls_wall_ms=18.664631000 roc_wall_ms=26.303330000
sample n=8192 lda=8320 iteration=27 first=rocsolver cdls_ms=19.214002609 rocsolver_ms=26.805820465 cdls_submit_ms=0.865266000 roc_submit_ms=11.274142000 cdls_wall_ms=19.222126000 roc_wall_ms=27.077868000
sample n=8192 lda=8320 iteration=28 first=cdls cdls_ms=18.884328842 rocsolver_ms=26.153720856 cdls_submit_ms=0.180397000 roc_submit_ms=8.761901000 cdls_wall_ms=18.893302000 roc_wall_ms=26.163476000
sample n=8192 lda=8320 iteration=29 first=rocsolver cdls_ms=18.800939560 rocsolver_ms=26.913724899 cdls_submit_ms=0.560759000 roc_submit_ms=11.111213000 cdls_wall_ms=19.088671000 roc_wall_ms=27.188698000
bench n=8192 lda=8320 repeats=30 cdls_median_ms=18.811960 rocsolver_median_ms=26.327160 cdls_mean_ms=18.880052 rocsolver_mean_ms=26.443212 cdls_gflops=19480.708859 workspace_bytes=65544 roc_workspace_bytes=34145472 cdls_submit_ms=0.512746 roc_submit_ms=9.973088 cdls_wall_ms=19.021999 roc_wall_ms=26.451752 rocsolver_gflops=13919.857735 speedup=1.399491
