device=AMD Instinct MI300A arch=gfx942:sramecc+:xnack- HIP=60443484 CUs=228 memory_bytes=137438953472 rocSOLVER=3.28.2.1b897f5 rocBLAS=4.4.1.f08d23e3 baseline=rocsolver_dgetrf_npvt fp64 seed=20261001 method=auto matrix=dense n=16384 lda=16512 offset=0 warmup=5 repeats=30
validate n=16384 lda=16512 kind=dense info=7/0 L_rel=2.3203e-15 U_rel=5.8178e-15 residual_scaled=1.5881e-03/2.0443e-04 PASS
sample n=16384 lda=16512 iteration=0 first=cdls cdls_ms=220.798950195 rocsolver_ms=110.856056213 cdls_submit_ms=0.565687000 roc_submit_ms=68.740008000 cdls_wall_ms=220.816136000 roc_wall_ms=110.863776000
sample n=16384 lda=16512 iteration=1 first=rocsolver cdls_ms=220.784805298 rocsolver_ms=110.727424622 cdls_submit_ms=0.778764000 roc_submit_ms=44.883349000 cdls_wall_ms=220.795714000 roc_wall_ms=111.287165000
sample n=16384 lda=16512 iteration=2 first=cdls cdls_ms=218.421096802 rocsolver_ms=109.491577148 cdls_submit_ms=0.289594000 roc_submit_ms=51.917785000 cdls_wall_ms=218.432229000 roc_wall_ms=109.503250000
sample n=16384 lda=16512 iteration=3 first=rocsolver cdls_ms=220.880905151 rocsolver_ms=110.903312683 cdls_submit_ms=0.008614000 roc_submit_ms=55.806007000 cdls_wall_ms=221.451588000 roc_wall_ms=111.514484000
sample n=16384 lda=16512 iteration=4 first=cdls cdls_ms=220.864044189 rocsolver_ms=110.872169495 cdls_submit_ms=0.008864000 roc_submit_ms=60.176728000 cdls_wall_ms=220.873452000 roc_wall_ms=110.882215000
sample n=16384 lda=16512 iteration=5 first=rocsolver cdls_ms=221.232131958 rocsolver_ms=111.394973755 cdls_submit_ms=0.007802000 roc_submit_ms=64.643156000 cdls_wall_ms=221.798250000 roc_wall_ms=111.959536000
sample n=16384 lda=16512 iteration=6 first=cdls cdls_ms=220.139129639 rocsolver_ms=112.139640808 cdls_submit_ms=0.020231000 roc_submit_ms=69.284803000 cdls_wall_ms=220.146367000 roc_wall_ms=112.148946000
sample n=16384 lda=16512 iteration=7 first=rocsolver cdls_ms=220.893081665 rocsolver_ms=111.302627563 cdls_submit_ms=0.008804000 roc_submit_ms=44.553172000 cdls_wall_ms=221.625695000 roc_wall_ms=111.856768000
sample n=16384 lda=16512 iteration=8 first=cdls cdls_ms=221.601531982 rocsolver_ms=111.864997864 cdls_submit_ms=0.009134000 roc_submit_ms=53.067808000 cdls_wall_ms=221.610541000 roc_wall_ms=111.873493000
sample n=16384 lda=16512 iteration=9 first=rocsolver cdls_ms=221.761306763 rocsolver_ms=111.591697693 cdls_submit_ms=0.010906000 roc_submit_ms=55.828310000 cdls_wall_ms=222.339520000 roc_wall_ms=112.282140000
sample n=16384 lda=16512 iteration=10 first=cdls cdls_ms=220.599517822 rocsolver_ms=111.395561218 cdls_submit_ms=0.021764000 roc_submit_ms=60.017244000 cdls_wall_ms=220.608165000 roc_wall_ms=111.403844000
sample n=16384 lda=16512 iteration=11 first=rocsolver cdls_ms=223.280670166 rocsolver_ms=112.317306519 cdls_submit_ms=0.015845000 roc_submit_ms=64.866558000 cdls_wall_ms=223.837345000 roc_wall_ms=112.887598000
sample n=16384 lda=16512 iteration=12 first=cdls cdls_ms=222.901855469 rocsolver_ms=112.239776611 cdls_submit_ms=0.010967000 roc_submit_ms=68.661097000 cdls_wall_ms=222.910755000 roc_wall_ms=112.249079000
sample n=16384 lda=16512 iteration=13 first=rocsolver cdls_ms=223.436508179 rocsolver_ms=112.019760132 cdls_submit_ms=0.009615000 roc_submit_ms=44.980828000 cdls_wall_ms=224.186091000 roc_wall_ms=112.028862000
sample n=16384 lda=16512 iteration=14 first=cdls cdls_ms=222.498504639 rocsolver_ms=112.355728149 cdls_submit_ms=0.009335000 roc_submit_ms=52.475700000 cdls_wall_ms=222.506014000 roc_wall_ms=112.363034000
sample n=16384 lda=16512 iteration=15 first=rocsolver cdls_ms=223.670303345 rocsolver_ms=112.952972412 cdls_submit_ms=0.008833000 roc_submit_ms=56.284460000 cdls_wall_ms=224.251921000 roc_wall_ms=112.960780000
sample n=16384 lda=16512 iteration=16 first=cdls cdls_ms=221.474349976 rocsolver_ms=112.611679077 cdls_submit_ms=0.006711000 roc_submit_ms=60.894599000 cdls_wall_ms=221.483516000 roc_wall_ms=112.618907000
sample n=16384 lda=16512 iteration=17 first=rocsolver cdls_ms=224.658706665 rocsolver_ms=112.563598633 cdls_submit_ms=0.546608000 roc_submit_ms=64.830543000 cdls_wall_ms=224.667357000 roc_wall_ms=113.133394000
sample n=16384 lda=16512 iteration=18 first=cdls cdls_ms=223.587554932 rocsolver_ms=112.726074219 cdls_submit_ms=0.019119000 roc_submit_ms=69.151158000 cdls_wall_ms=223.596164000 roc_wall_ms=112.734022000
sample n=16384 lda=16512 iteration=19 first=rocsolver cdls_ms=225.713562012 rocsolver_ms=113.601066589 cdls_submit_ms=0.009154000 roc_submit_ms=41.271591000 cdls_wall_ms=226.468049000 roc_wall_ms=113.610526000
sample n=16384 lda=16512 iteration=20 first=cdls cdls_ms=224.136062622 rocsolver_ms=112.821922302 cdls_submit_ms=0.006560000 roc_submit_ms=46.736971000 cdls_wall_ms=224.145537000 roc_wall_ms=112.840295000
sample n=16384 lda=16512 iteration=21 first=rocsolver cdls_ms=224.335327148 rocsolver_ms=114.044067383 cdls_submit_ms=0.009124000 roc_submit_ms=57.158760000 cdls_wall_ms=224.345053000 roc_wall_ms=114.794351000
sample n=16384 lda=16512 iteration=22 first=cdls cdls_ms=224.399795532 rocsolver_ms=113.559028625 cdls_submit_ms=0.009755000 roc_submit_ms=61.204643000 cdls_wall_ms=224.408980000 roc_wall_ms=113.567360000
sample n=16384 lda=16512 iteration=23 first=rocsolver cdls_ms=226.384002686 rocsolver_ms=114.190399170 cdls_submit_ms=0.008463000 roc_submit_ms=65.867123000 cdls_wall_ms=226.935634000 roc_wall_ms=114.757144000
sample n=16384 lda=16512 iteration=24 first=cdls cdls_ms=224.532638550 rocsolver_ms=113.447441101 cdls_submit_ms=0.008994000 roc_submit_ms=69.213053000 cdls_wall_ms=224.541794000 roc_wall_ms=113.456600000
sample n=16384 lda=16512 iteration=25 first=rocsolver cdls_ms=226.158233643 rocsolver_ms=113.944702148 cdls_submit_ms=0.177142000 roc_submit_ms=41.443804000 cdls_wall_ms=226.742969000 roc_wall_ms=114.498447000
sample n=16384 lda=16512 iteration=26 first=cdls cdls_ms=224.751129150 rocsolver_ms=113.637313843 cdls_submit_ms=0.207418000 roc_submit_ms=46.207689000 cdls_wall_ms=224.761541000 roc_wall_ms=113.644669000
sample n=16384 lda=16512 iteration=27 first=rocsolver cdls_ms=225.052795410 rocsolver_ms=114.159004211 cdls_submit_ms=0.007862000 roc_submit_ms=57.363003000 cdls_wall_ms=225.060509000 roc_wall_ms=114.590648000
sample n=16384 lda=16512 iteration=28 first=cdls cdls_ms=224.951293945 rocsolver_ms=113.931785583 cdls_submit_ms=0.009064000 roc_submit_ms=57.909120000 cdls_wall_ms=225.543519000 roc_wall_ms=113.939179000
sample n=16384 lda=16512 iteration=29 first=rocsolver cdls_ms=226.191299438 rocsolver_ms=113.124191284 cdls_submit_ms=0.009084000 roc_submit_ms=64.948393000 cdls_wall_ms=226.749198000 roc_wall_ms=113.683878000
bench n=16384 lda=16512 repeats=30 cdls_median_ms=223.358589 rocsolver_median_ms=112.459663 cdls_mean_ms=223.003036 rocsolver_mean_ms=112.426262 cdls_gflops=13126.411650 workspace_bytes=262152 roc_workspace_bytes=67765440 cdls_submit_ms=0.009244 roc_submit_ms=57.636061 cdls_wall_ms=223.716754 roc_wall_ms=112.676464 rocsolver_gflops=26070.652344 speedup=0.503494
