device=AMD Instinct MI300A arch=gfx942:sramecc+:xnack- HIP=60443484 CUs=228 memory_bytes=137438953472 rocSOLVER=3.28.2.1b897f5 rocBLAS=4.4.1.f08d23e3 baseline=rocsolver_dgetrf_npvt fp64 seed=20261001 method=auto matrix=dense n=2048 lda=2065 offset=0 warmup=5 repeats=30
validate n=2048 lda=2065 kind=dense info=7/0 L_rel=8.1213e-16 U_rel=2.0337e-15 residual_scaled=4.3742e-03/1.2203e-03 PASS
sample n=2048 lda=2065 iteration=0 first=cdls cdls_ms=1.787099004 rocsolver_ms=4.098911762 cdls_submit_ms=0.013510000 roc_submit_ms=2.277050000 cdls_wall_ms=1.807651000 roc_wall_ms=4.108248000
sample n=2048 lda=2065 iteration=1 first=rocsolver cdls_ms=1.766626954 rocsolver_ms=4.369738102 cdls_submit_ms=0.013641000 roc_submit_ms=3.899667000 cdls_wall_ms=1.774289000 roc_wall_ms=4.376238000
sample n=2048 lda=2065 iteration=2 first=cdls cdls_ms=1.778205991 rocsolver_ms=3.991797924 cdls_submit_ms=0.009174000 roc_submit_ms=2.260925000 cdls_wall_ms=1.787049000 roc_wall_ms=4.000402000
sample n=2048 lda=2065 iteration=3 first=rocsolver cdls_ms=1.799919009 rocsolver_ms=4.469911098 cdls_submit_ms=0.015825000 roc_submit_ms=4.024289000 cdls_wall_ms=1.807420000 roc_wall_ms=4.478585000
sample n=2048 lda=2065 iteration=4 first=cdls cdls_ms=1.736901999 rocsolver_ms=4.108636856 cdls_submit_ms=0.012740000 roc_submit_ms=2.258752000 cdls_wall_ms=1.744264000 roc_wall_ms=4.117782000
sample n=2048 lda=2065 iteration=5 first=rocsolver cdls_ms=1.778566003 rocsolver_ms=4.521399975 cdls_submit_ms=0.019319000 roc_submit_ms=4.138823000 cdls_wall_ms=1.786188000 roc_wall_ms=4.528641000
sample n=2048 lda=2065 iteration=6 first=cdls cdls_ms=1.755489945 rocsolver_ms=4.081214905 cdls_submit_ms=0.013761000 roc_submit_ms=2.265673000 cdls_wall_ms=1.765166000 roc_wall_ms=4.089328000
sample n=2048 lda=2065 iteration=7 first=rocsolver cdls_ms=1.796592951 rocsolver_ms=4.459235191 cdls_submit_ms=0.019780000 roc_submit_ms=4.153687000 cdls_wall_ms=1.803694000 roc_wall_ms=4.467758000
sample n=2048 lda=2065 iteration=8 first=cdls cdls_ms=1.744833946 rocsolver_ms=4.122569084 cdls_submit_ms=0.016225000 roc_submit_ms=2.298373000 cdls_wall_ms=1.754400000 roc_wall_ms=4.131983000
sample n=2048 lda=2065 iteration=9 first=rocsolver cdls_ms=1.754608989 rocsolver_ms=4.505245209 cdls_submit_ms=0.012939000 roc_submit_ms=4.127046000 cdls_wall_ms=1.763453000 roc_wall_ms=4.513909000
sample n=2048 lda=2065 iteration=10 first=cdls cdls_ms=1.755210042 rocsolver_ms=4.006751060 cdls_submit_ms=0.009465000 roc_submit_ms=2.230299000 cdls_wall_ms=1.762722000 roc_wall_ms=4.014804000
sample n=2048 lda=2065 iteration=11 first=rocsolver cdls_ms=1.824154973 rocsolver_ms=4.543023109 cdls_submit_ms=0.017236000 roc_submit_ms=4.061225000 cdls_wall_ms=1.832269000 roc_wall_ms=4.550645000
sample n=2048 lda=2065 iteration=12 first=cdls cdls_ms=1.744634032 rocsolver_ms=4.116899967 cdls_submit_ms=0.009915000 roc_submit_ms=2.266765000 cdls_wall_ms=1.879040000 roc_wall_ms=4.124753000
sample n=2048 lda=2065 iteration=13 first=rocsolver cdls_ms=1.824916959 rocsolver_ms=4.498846054 cdls_submit_ms=0.015614000 roc_submit_ms=4.073674000 cdls_wall_ms=1.833901000 roc_wall_ms=4.507249000
sample n=2048 lda=2065 iteration=14 first=cdls cdls_ms=1.752967000 rocsolver_ms=4.124481201 cdls_submit_ms=0.010616000 roc_submit_ms=2.286655000 cdls_wall_ms=1.761480000 roc_wall_ms=4.133555000
sample n=2048 lda=2065 iteration=15 first=rocsolver cdls_ms=1.823796034 rocsolver_ms=4.514819145 cdls_submit_ms=0.015223000 roc_submit_ms=4.054095000 cdls_wall_ms=1.831738000 roc_wall_ms=4.523083000
sample n=2048 lda=2065 iteration=16 first=cdls cdls_ms=1.733657002 rocsolver_ms=3.967530966 cdls_submit_ms=0.011248000 roc_submit_ms=2.271962000 cdls_wall_ms=1.741720000 roc_wall_ms=3.986070000
sample n=2048 lda=2065 iteration=17 first=rocsolver cdls_ms=1.807930946 rocsolver_ms=4.531013966 cdls_submit_ms=0.016625000 roc_submit_ms=4.082238000 cdls_wall_ms=1.818738000 roc_wall_ms=4.538677000
sample n=2048 lda=2065 iteration=18 first=cdls cdls_ms=1.751364946 rocsolver_ms=4.095777988 cdls_submit_ms=0.009204000 roc_submit_ms=2.297892000 cdls_wall_ms=1.759597000 roc_wall_ms=4.103731000
sample n=2048 lda=2065 iteration=19 first=rocsolver cdls_ms=1.765385032 rocsolver_ms=4.547159195 cdls_submit_ms=0.027081000 roc_submit_ms=4.139665000 cdls_wall_ms=1.774089000 roc_wall_ms=4.556063000
sample n=2048 lda=2065 iteration=20 first=cdls cdls_ms=1.773517966 rocsolver_ms=4.005889893 cdls_submit_ms=0.013671000 roc_submit_ms=2.370394000 cdls_wall_ms=1.781621000 roc_wall_ms=4.013762000
sample n=2048 lda=2065 iteration=21 first=rocsolver cdls_ms=1.779728055 rocsolver_ms=4.526166916 cdls_submit_ms=0.014593000 roc_submit_ms=4.116049000 cdls_wall_ms=1.788892000 roc_wall_ms=4.533459000
sample n=2048 lda=2065 iteration=22 first=cdls cdls_ms=1.769070983 rocsolver_ms=4.082938194 cdls_submit_ms=0.012369000 roc_submit_ms=2.317502000 cdls_wall_ms=1.909838000 roc_wall_ms=4.093064000
sample n=2048 lda=2065 iteration=23 first=rocsolver cdls_ms=1.802283049 rocsolver_ms=4.515340805 cdls_submit_ms=0.015533000 roc_submit_ms=4.085882000 cdls_wall_ms=1.811346000 roc_wall_ms=4.522392000
sample n=2048 lda=2065 iteration=24 first=cdls cdls_ms=1.736181021 rocsolver_ms=4.112712860 cdls_submit_ms=0.007932000 roc_submit_ms=2.280245000 cdls_wall_ms=1.745535000 roc_wall_ms=4.122619000
sample n=2048 lda=2065 iteration=25 first=rocsolver cdls_ms=1.789062023 rocsolver_ms=4.506135941 cdls_submit_ms=0.016135000 roc_submit_ms=4.153636000 cdls_wall_ms=1.795251000 roc_wall_ms=4.515382000
sample n=2048 lda=2065 iteration=26 first=cdls cdls_ms=1.754809976 rocsolver_ms=4.110890865 cdls_submit_ms=0.015254000 roc_submit_ms=2.266664000 cdls_wall_ms=1.762822000 roc_wall_ms=4.121106000
sample n=2048 lda=2065 iteration=27 first=rocsolver cdls_ms=1.795191050 rocsolver_ms=4.500848770 cdls_submit_ms=0.016726000 roc_submit_ms=4.127737000 cdls_wall_ms=1.803705000 roc_wall_ms=4.509482000
sample n=2048 lda=2065 iteration=28 first=cdls cdls_ms=1.752565980 rocsolver_ms=4.105552197 cdls_submit_ms=0.009855000 roc_submit_ms=2.316901000 cdls_wall_ms=1.761259000 roc_wall_ms=4.114847000
sample n=2048 lda=2065 iteration=29 first=rocsolver cdls_ms=1.771074057 rocsolver_ms=4.492986202 cdls_submit_ms=0.014542000 roc_submit_ms=4.176231000 cdls_wall_ms=1.778556000 roc_wall_ms=4.502411000
bench n=2048 lda=2065 repeats=30 cdls_median_ms=1.770073 rocsolver_median_ms=4.247110 cdls_mean_ms=1.773545 rocsolver_mean_ms=4.287814 cdls_gflops=3234.062731 workspace_bytes=4104 roc_workspace_bytes=8930496 cdls_submit_ms=0.014152 roc_submit_ms=3.135031 cdls_wall_ms=1.783905 roc_wall_ms=4.254897 rocsolver_gflops=1347.863850 speedup=2.399399
