device=AMD Instinct MI300A arch=gfx942:sramecc+:xnack- HIP=60443484 CUs=228 memory_bytes=137438953472 rocSOLVER=3.28.2.1b897f5 rocBLAS=4.4.1.f08d23e3 baseline=rocsolver_dgetrf_npvt fp64 seed=20261001 method=auto matrix=dense n=8192 lda=8193 offset=0 warmup=5 repeats=30
validate n=8192 lda=8193 kind=dense info=7/0 L_rel=7.2829e-16 U_rel=2.1479e-15 residual_scaled=1.2306e-03/3.9221e-04 PASS
sample n=8192 lda=8193 iteration=0 first=cdls cdls_ms=19.737632751 rocsolver_ms=26.828311920 cdls_submit_ms=0.693583000 roc_submit_ms=9.332345000 cdls_wall_ms=19.753750000 roc_wall_ms=26.836657000
sample n=8192 lda=8193 iteration=1 first=rocsolver cdls_ms=19.501342773 rocsolver_ms=27.011873245 cdls_submit_ms=0.825345000 roc_submit_ms=13.068562000 cdls_wall_ms=19.509345000 roc_wall_ms=27.285274000
sample n=8192 lda=8193 iteration=2 first=cdls cdls_ms=19.318971634 rocsolver_ms=26.606832504 cdls_submit_ms=0.122308000 roc_submit_ms=9.091657000 cdls_wall_ms=19.327286000 roc_wall_ms=26.616939000
sample n=8192 lda=8193 iteration=3 first=rocsolver cdls_ms=19.597057343 rocsolver_ms=26.775220871 cdls_submit_ms=0.812486000 roc_submit_ms=13.102804000 cdls_wall_ms=19.606503000 roc_wall_ms=27.040048000
sample n=8192 lda=8193 iteration=4 first=cdls cdls_ms=19.214971542 rocsolver_ms=26.581855774 cdls_submit_ms=0.355034000 roc_submit_ms=8.973806000 cdls_wall_ms=19.223567000 roc_wall_ms=26.590089000
sample n=8192 lda=8193 iteration=5 first=rocsolver cdls_ms=19.362899780 rocsolver_ms=27.103843689 cdls_submit_ms=0.576133000 roc_submit_ms=12.766129000 cdls_wall_ms=19.696271000 roc_wall_ms=27.400311000
sample n=8192 lda=8193 iteration=6 first=cdls cdls_ms=19.386436462 rocsolver_ms=26.803895950 cdls_submit_ms=0.458583000 roc_submit_ms=9.055881000 cdls_wall_ms=19.396241000 roc_wall_ms=26.814864000
sample n=8192 lda=8193 iteration=7 first=rocsolver cdls_ms=19.247331619 rocsolver_ms=27.166551590 cdls_submit_ms=0.589613000 roc_submit_ms=12.881015000 cdls_wall_ms=19.474241000 roc_wall_ms=27.458540000
sample n=8192 lda=8193 iteration=8 first=cdls cdls_ms=19.274412155 rocsolver_ms=26.753368378 cdls_submit_ms=0.381615000 roc_submit_ms=8.891389000 cdls_wall_ms=19.282187000 roc_wall_ms=26.760720000
sample n=8192 lda=8193 iteration=9 first=rocsolver cdls_ms=19.282146454 rocsolver_ms=27.312704086 cdls_submit_ms=0.590335000 roc_submit_ms=11.249694000 cdls_wall_ms=19.291390000 roc_wall_ms=27.513394000
sample n=8192 lda=8193 iteration=10 first=cdls cdls_ms=19.429620743 rocsolver_ms=26.749872208 cdls_submit_ms=0.366772000 roc_submit_ms=9.017201000 cdls_wall_ms=19.438637000 roc_wall_ms=26.756984000
sample n=8192 lda=8193 iteration=11 first=rocsolver cdls_ms=19.799016953 rocsolver_ms=27.364313126 cdls_submit_ms=0.844054000 roc_submit_ms=11.341555000 cdls_wall_ms=19.807131000 roc_wall_ms=27.525923000
sample n=8192 lda=8193 iteration=12 first=cdls cdls_ms=19.073556900 rocsolver_ms=26.586091995 cdls_submit_ms=0.360473000 roc_submit_ms=8.860251000 cdls_wall_ms=19.083602000 roc_wall_ms=26.594175000
sample n=8192 lda=8193 iteration=13 first=rocsolver cdls_ms=19.317871094 rocsolver_ms=27.298311234 cdls_submit_ms=0.627031000 roc_submit_ms=11.393284000 cdls_wall_ms=19.325452000 roc_wall_ms=27.481185000
sample n=8192 lda=8193 iteration=14 first=cdls cdls_ms=19.358062744 rocsolver_ms=26.661556244 cdls_submit_ms=0.377939000 roc_submit_ms=8.909346000 cdls_wall_ms=19.366886000 roc_wall_ms=26.670492000
sample n=8192 lda=8193 iteration=15 first=rocsolver cdls_ms=19.482152939 rocsolver_ms=27.253444672 cdls_submit_ms=0.467957000 roc_submit_ms=11.809392000 cdls_wall_ms=19.754801000 roc_wall_ms=27.528096000
sample n=8192 lda=8193 iteration=16 first=cdls cdls_ms=19.461570740 rocsolver_ms=26.842594147 cdls_submit_ms=0.315774000 roc_submit_ms=8.887714000 cdls_wall_ms=19.571179000 roc_wall_ms=26.850248000
sample n=8192 lda=8193 iteration=17 first=rocsolver cdls_ms=19.732875824 rocsolver_ms=27.394329071 cdls_submit_ms=0.789000000 roc_submit_ms=11.267872000 cdls_wall_ms=19.740700000 roc_wall_ms=27.404657000
sample n=8192 lda=8193 iteration=18 first=cdls cdls_ms=19.248163223 rocsolver_ms=26.594474792 cdls_submit_ms=0.421256000 roc_submit_ms=8.834512000 cdls_wall_ms=19.255456000 roc_wall_ms=26.602167000
sample n=8192 lda=8193 iteration=19 first=rocsolver cdls_ms=19.649400711 rocsolver_ms=27.268255234 cdls_submit_ms=0.538806000 roc_submit_ms=11.558998000 cdls_wall_ms=19.925973000 roc_wall_ms=27.529037000
sample n=8192 lda=8193 iteration=20 first=cdls cdls_ms=19.393175125 rocsolver_ms=26.751815796 cdls_submit_ms=0.162939000 roc_submit_ms=8.950900000 cdls_wall_ms=19.428250000 roc_wall_ms=26.758937000
sample n=8192 lda=8193 iteration=21 first=rocsolver cdls_ms=19.451866150 rocsolver_ms=27.275068283 cdls_submit_ms=0.557404000 roc_submit_ms=11.754317000 cdls_wall_ms=19.718835000 roc_wall_ms=27.553476000
sample n=8192 lda=8193 iteration=22 first=cdls cdls_ms=19.200130463 rocsolver_ms=26.712116241 cdls_submit_ms=0.372341000 roc_submit_ms=8.905441000 cdls_wall_ms=19.209025000 roc_wall_ms=26.719416000
sample n=8192 lda=8193 iteration=23 first=rocsolver cdls_ms=19.358663559 rocsolver_ms=27.122711182 cdls_submit_ms=0.491683000 roc_submit_ms=11.254431000 cdls_wall_ms=19.627315000 roc_wall_ms=27.398668000
sample n=8192 lda=8193 iteration=24 first=cdls cdls_ms=19.310729980 rocsolver_ms=26.746656418 cdls_submit_ms=0.285607000 roc_submit_ms=8.914265000 cdls_wall_ms=19.403722000 roc_wall_ms=26.755081000
sample n=8192 lda=8193 iteration=25 first=rocsolver cdls_ms=19.465055466 rocsolver_ms=27.226852417 cdls_submit_ms=0.659902000 roc_submit_ms=11.414887000 cdls_wall_ms=19.473730000 roc_wall_ms=27.430948000
sample n=8192 lda=8193 iteration=26 first=cdls cdls_ms=19.281284332 rocsolver_ms=26.818288803 cdls_submit_ms=0.355315000 roc_submit_ms=8.784195000 cdls_wall_ms=19.290599000 roc_wall_ms=26.825980000
sample n=8192 lda=8193 iteration=27 first=rocsolver cdls_ms=19.405313492 rocsolver_ms=27.343612671 cdls_submit_ms=0.633932000 roc_submit_ms=11.132314000 cdls_wall_ms=19.412817000 roc_wall_ms=27.546545000
sample n=8192 lda=8193 iteration=28 first=cdls cdls_ms=19.365583420 rocsolver_ms=26.831476212 cdls_submit_ms=0.402497000 roc_submit_ms=8.840611000 cdls_wall_ms=19.374248000 roc_wall_ms=26.840152000
sample n=8192 lda=8193 iteration=29 first=rocsolver cdls_ms=19.602968216 rocsolver_ms=27.319536209 cdls_submit_ms=0.540138000 roc_submit_ms=11.744433000 cdls_wall_ms=19.867904000 roc_wall_ms=27.604203000
bench n=8192 lda=8193 repeats=30 cdls_median_ms=19.376010 rocsolver_median_ms=26.837035 cdls_mean_ms=19.410342 rocsolver_mean_ms=26.970194 cdls_gflops=18913.611277 workspace_bytes=65544 roc_workspace_bytes=34145472 cdls_submit_ms=0.479820 roc_submit_ms=10.232329 cdls_wall_ms=19.433443 roc_wall_ms=26.945148 rocsolver_gflops=13655.395154 speedup=1.385065
