device=AMD Instinct MI300A arch=gfx942:sramecc+:xnack- HIP=60443484 CUs=228 memory_bytes=137438953472 rocSOLVER=3.28.2.1b897f5 rocBLAS=4.4.1.f08d23e3 baseline=rocsolver_dgetrf_npvt fp64 seed=20261001 method=auto matrix=dense n=8192 lda=8209 offset=0 warmup=5 repeats=30
validate n=8192 lda=8209 kind=dense info=7/0 L_rel=1.6309e-15 U_rel=4.0342e-15 residual_scaled=2.1920e-03/3.9221e-04 PASS
sample n=8192 lda=8209 iteration=0 first=cdls cdls_ms=27.952487946 rocsolver_ms=26.845489502 cdls_submit_ms=0.010747000 roc_submit_ms=9.480752000 cdls_wall_ms=28.472986000 roc_wall_ms=26.853102000
sample n=8192 lda=8209 iteration=1 first=rocsolver cdls_ms=28.017143250 rocsolver_ms=26.991344452 cdls_submit_ms=0.008934000 roc_submit_ms=13.532805000 cdls_wall_ms=28.366793000 roc_wall_ms=27.286417000
sample n=8192 lda=8209 iteration=2 first=cdls cdls_ms=27.450878143 rocsolver_ms=26.152435303 cdls_submit_ms=0.007411000 roc_submit_ms=9.460141000 cdls_wall_ms=27.632938000 roc_wall_ms=26.162033000
sample n=8192 lda=8209 iteration=3 first=rocsolver cdls_ms=27.803495407 rocsolver_ms=27.098106384 cdls_submit_ms=0.009385000 roc_submit_ms=13.393320000 cdls_wall_ms=28.153967000 roc_wall_ms=27.407813000
sample n=8192 lda=8209 iteration=4 first=cdls cdls_ms=27.079107285 rocsolver_ms=27.018495560 cdls_submit_ms=0.008052000 roc_submit_ms=9.579145000 cdls_wall_ms=27.089875000 roc_wall_ms=27.029894000
sample n=8192 lda=8209 iteration=5 first=rocsolver cdls_ms=27.824892044 rocsolver_ms=26.923450470 cdls_submit_ms=0.008322000 roc_submit_ms=13.726371000 cdls_wall_ms=28.155500000 roc_wall_ms=26.930912000
sample n=8192 lda=8209 iteration=6 first=cdls cdls_ms=27.243200302 rocsolver_ms=26.786268234 cdls_submit_ms=0.144291000 roc_submit_ms=9.416043000 cdls_wall_ms=27.251303000 roc_wall_ms=26.797388000
sample n=8192 lda=8209 iteration=7 first=rocsolver cdls_ms=27.700899124 rocsolver_ms=26.849336624 cdls_submit_ms=0.008253000 roc_submit_ms=12.562136000 cdls_wall_ms=28.041224000 roc_wall_ms=27.143939000
sample n=8192 lda=8209 iteration=8 first=cdls cdls_ms=27.436056137 rocsolver_ms=27.112728119 cdls_submit_ms=0.120164000 roc_submit_ms=9.408883000 cdls_wall_ms=27.444208000 roc_wall_ms=27.119931000
sample n=8192 lda=8209 iteration=9 first=rocsolver cdls_ms=28.294971466 rocsolver_ms=27.212783813 cdls_submit_ms=0.007822000 roc_submit_ms=11.519579000 cdls_wall_ms=28.599490000 roc_wall_ms=27.479313000
sample n=8192 lda=8209 iteration=10 first=cdls cdls_ms=27.249248505 rocsolver_ms=26.486188889 cdls_submit_ms=0.007542000 roc_submit_ms=9.139299000 cdls_wall_ms=27.258645000 roc_wall_ms=26.496336000
sample n=8192 lda=8209 iteration=11 first=rocsolver cdls_ms=28.075555801 rocsolver_ms=27.227243423 cdls_submit_ms=0.010676000 roc_submit_ms=11.640223000 cdls_wall_ms=28.376868000 roc_wall_ms=27.527567000
sample n=8192 lda=8209 iteration=12 first=cdls cdls_ms=27.182386398 rocsolver_ms=26.964912415 cdls_submit_ms=0.012750000 roc_submit_ms=9.337554000 cdls_wall_ms=27.311846000 roc_wall_ms=26.973918000
sample n=8192 lda=8209 iteration=13 first=rocsolver cdls_ms=27.636524200 rocsolver_ms=27.182535172 cdls_submit_ms=0.007912000 roc_submit_ms=11.778205000 cdls_wall_ms=27.949013000 roc_wall_ms=27.486534000
sample n=8192 lda=8209 iteration=14 first=cdls cdls_ms=27.168684006 rocsolver_ms=27.010251999 cdls_submit_ms=0.125252000 roc_submit_ms=9.319696000 cdls_wall_ms=27.176388000 roc_wall_ms=27.019098000
sample n=8192 lda=8209 iteration=15 first=rocsolver cdls_ms=27.801855087 rocsolver_ms=27.309030533 cdls_submit_ms=0.009916000 roc_submit_ms=12.382741000 cdls_wall_ms=28.121337000 roc_wall_ms=27.638276000
sample n=8192 lda=8209 iteration=16 first=cdls cdls_ms=27.245042801 rocsolver_ms=27.140592575 cdls_submit_ms=0.008894000 roc_submit_ms=9.462024000 cdls_wall_ms=27.254669000 roc_wall_ms=27.149126000
sample n=8192 lda=8209 iteration=17 first=rocsolver cdls_ms=27.738880157 rocsolver_ms=27.239614487 cdls_submit_ms=0.007452000 roc_submit_ms=11.714027000 cdls_wall_ms=28.048075000 roc_wall_ms=27.539095000
sample n=8192 lda=8209 iteration=18 first=cdls cdls_ms=27.494304657 rocsolver_ms=27.002479553 cdls_submit_ms=0.008183000 roc_submit_ms=9.361169000 cdls_wall_ms=27.502748000 roc_wall_ms=27.010784000
sample n=8192 lda=8209 iteration=19 first=rocsolver cdls_ms=27.976724625 rocsolver_ms=27.148635864 cdls_submit_ms=0.008272000 roc_submit_ms=11.601213000 cdls_wall_ms=28.279920000 roc_wall_ms=27.444319000
sample n=8192 lda=8209 iteration=20 first=cdls cdls_ms=27.476516724 rocsolver_ms=27.180423737 cdls_submit_ms=0.007762000 roc_submit_ms=9.733661000 cdls_wall_ms=27.607379000 roc_wall_ms=27.187776000
sample n=8192 lda=8209 iteration=21 first=rocsolver cdls_ms=27.939987183 rocsolver_ms=27.186851501 cdls_submit_ms=0.009054000 roc_submit_ms=13.237482000 cdls_wall_ms=28.263425000 roc_wall_ms=27.515007000
sample n=8192 lda=8209 iteration=22 first=cdls cdls_ms=27.428283691 rocsolver_ms=27.187294006 cdls_submit_ms=0.114816000 roc_submit_ms=9.333477000 cdls_wall_ms=27.438571000 roc_wall_ms=27.195868000
sample n=8192 lda=8209 iteration=23 first=rocsolver cdls_ms=28.164451599 rocsolver_ms=27.268238068 cdls_submit_ms=0.293550000 roc_submit_ms=11.672492000 cdls_wall_ms=28.173687000 roc_wall_ms=27.561679000
sample n=8192 lda=8209 iteration=24 first=cdls cdls_ms=27.511892319 rocsolver_ms=27.084306717 cdls_submit_ms=0.008934000 roc_submit_ms=9.424456000 cdls_wall_ms=27.637235000 roc_wall_ms=27.093542000
sample n=8192 lda=8209 iteration=25 first=rocsolver cdls_ms=27.837030411 rocsolver_ms=27.269350052 cdls_submit_ms=0.299600000 roc_submit_ms=12.467551000 cdls_wall_ms=27.845193000 roc_wall_ms=27.583753000
sample n=8192 lda=8209 iteration=26 first=cdls cdls_ms=27.613567352 rocsolver_ms=27.078596115 cdls_submit_ms=0.116829000 roc_submit_ms=9.314348000 cdls_wall_ms=27.620499000 roc_wall_ms=27.085318000
sample n=8192 lda=8209 iteration=27 first=rocsolver cdls_ms=27.919036865 rocsolver_ms=27.228168488 cdls_submit_ms=0.007992000 roc_submit_ms=11.632551000 cdls_wall_ms=28.232417000 roc_wall_ms=27.527106000
sample n=8192 lda=8209 iteration=28 first=cdls cdls_ms=27.467824936 rocsolver_ms=27.207263947 cdls_submit_ms=0.008343000 roc_submit_ms=9.744487000 cdls_wall_ms=27.475236000 roc_wall_ms=27.215678000
sample n=8192 lda=8209 iteration=29 first=rocsolver cdls_ms=27.823850632 rocsolver_ms=27.313316345 cdls_submit_ms=0.008924000 roc_submit_ms=13.281149000 cdls_wall_ms=28.163151000 roc_wall_ms=27.659830000
bench n=8192 lda=8209 repeats=30 cdls_median_ms=27.668712 rocsolver_median_ms=27.126660 cdls_mean_ms=27.651826 rocsolver_mean_ms=27.056858 cdls_gflops=13244.936179 workspace_bytes=65544 roc_workspace_bytes=34145472 cdls_submit_ms=0.008929 roc_submit_ms=10.632033 cdls_wall_ms=27.897103 roc_wall_ms=27.191822 rocsolver_gflops=13509.599613 speedup=0.980409
