device=AMD Instinct MI300A arch=gfx942:sramecc+:xnack- HIP=60443484 CUs=228 memory_bytes=137438953472 rocSOLVER=3.28.2.1b897f5 rocBLAS=4.4.1.f08d23e3 baseline=rocsolver_dgetrf_npvt fp64 seed=20261001 method=auto matrix=dense n=8192 lda=8320 offset=0 warmup=5 repeats=30
validate n=8192 lda=8320 kind=dense info=7/0 L_rel=1.6309e-15 U_rel=4.0342e-15 residual_scaled=2.1920e-03/3.9221e-04 PASS
sample n=8192 lda=8320 iteration=0 first=cdls cdls_ms=28.243133545 rocsolver_ms=26.579494476 cdls_submit_ms=0.011237000 roc_submit_ms=9.160873000 cdls_wall_ms=28.273661000 roc_wall_ms=26.587386000
sample n=8192 lda=8320 iteration=1 first=rocsolver cdls_ms=28.832836151 rocsolver_ms=26.517377853 cdls_submit_ms=0.322024000 roc_submit_ms=13.025518000 cdls_wall_ms=28.844406000 roc_wall_ms=26.527935000
sample n=8192 lda=8320 iteration=2 first=cdls cdls_ms=27.862188339 rocsolver_ms=26.647005081 cdls_submit_ms=0.149539000 roc_submit_ms=9.141814000 cdls_wall_ms=27.871245000 roc_wall_ms=26.655170000
sample n=8192 lda=8320 iteration=3 first=rocsolver cdls_ms=28.779836655 rocsolver_ms=26.519540787 cdls_submit_ms=0.293721000 roc_submit_ms=12.694620000 cdls_wall_ms=28.793288000 roc_wall_ms=26.797999000
sample n=8192 lda=8320 iteration=4 first=cdls cdls_ms=28.109767914 rocsolver_ms=26.389432907 cdls_submit_ms=0.151783000 roc_submit_ms=9.186712000 cdls_wall_ms=28.119255000 roc_wall_ms=26.399799000
sample n=8192 lda=8320 iteration=5 first=rocsolver cdls_ms=28.466316223 rocsolver_ms=26.340326309 cdls_submit_ms=0.320041000 roc_submit_ms=12.276469000 cdls_wall_ms=28.475310000 roc_wall_ms=26.646257000
sample n=8192 lda=8320 iteration=6 first=cdls cdls_ms=27.346437454 rocsolver_ms=26.339576721 cdls_submit_ms=0.008182000 roc_submit_ms=9.231081000 cdls_wall_ms=27.355083000 roc_wall_ms=26.347418000
sample n=8192 lda=8320 iteration=7 first=rocsolver cdls_ms=27.841957092 rocsolver_ms=26.458496094 cdls_submit_ms=0.009024000 roc_submit_ms=12.224570000 cdls_wall_ms=28.175911000 roc_wall_ms=26.763927000
sample n=8192 lda=8320 iteration=8 first=cdls cdls_ms=27.419792175 rocsolver_ms=26.161281586 cdls_submit_ms=0.123530000 roc_submit_ms=8.993085000 cdls_wall_ms=27.429016000 roc_wall_ms=26.169576000
sample n=8192 lda=8320 iteration=9 first=rocsolver cdls_ms=28.261762619 rocsolver_ms=26.911361694 cdls_submit_ms=0.008173000 roc_submit_ms=11.427658000 cdls_wall_ms=28.587202000 roc_wall_ms=26.921078000
sample n=8192 lda=8320 iteration=10 first=cdls cdls_ms=27.911424637 rocsolver_ms=26.602357864 cdls_submit_ms=0.008333000 roc_submit_ms=9.238362000 cdls_wall_ms=27.919749000 roc_wall_ms=26.610281000
sample n=8192 lda=8320 iteration=11 first=rocsolver cdls_ms=27.979808807 rocsolver_ms=26.576980591 cdls_submit_ms=0.009064000 roc_submit_ms=11.669078000 cdls_wall_ms=28.299320000 roc_wall_ms=26.896009000
sample n=8192 lda=8320 iteration=12 first=cdls cdls_ms=27.892196655 rocsolver_ms=26.629850388 cdls_submit_ms=0.007912000 roc_submit_ms=9.141703000 cdls_wall_ms=27.900490000 roc_wall_ms=26.638755000
sample n=8192 lda=8320 iteration=13 first=rocsolver cdls_ms=28.193656921 rocsolver_ms=26.805900574 cdls_submit_ms=0.008423000 roc_submit_ms=11.224597000 cdls_wall_ms=28.498135000 roc_wall_ms=27.113272000
sample n=8192 lda=8320 iteration=14 first=cdls cdls_ms=27.955451965 rocsolver_ms=26.377084732 cdls_submit_ms=0.008393000 roc_submit_ms=9.118197000 cdls_wall_ms=28.078803000 roc_wall_ms=26.384155000
sample n=8192 lda=8320 iteration=15 first=rocsolver cdls_ms=28.215852737 rocsolver_ms=26.604400635 cdls_submit_ms=0.008954000 roc_submit_ms=11.321084000 cdls_wall_ms=28.518367000 roc_wall_ms=26.897822000
sample n=8192 lda=8320 iteration=16 first=cdls cdls_ms=27.825092316 rocsolver_ms=26.633735657 cdls_submit_ms=0.008152000 roc_submit_ms=9.158399000 cdls_wall_ms=27.952049000 roc_wall_ms=26.641449000
sample n=8192 lda=8320 iteration=17 first=rocsolver cdls_ms=28.012140274 rocsolver_ms=26.841373444 cdls_submit_ms=0.008633000 roc_submit_ms=11.028316000 cdls_wall_ms=28.326172000 roc_wall_ms=26.916801000
sample n=8192 lda=8320 iteration=18 first=cdls cdls_ms=28.037258148 rocsolver_ms=26.626596451 cdls_submit_ms=0.007842000 roc_submit_ms=9.090735000 cdls_wall_ms=28.165265000 roc_wall_ms=26.634018000
sample n=8192 lda=8320 iteration=19 first=rocsolver cdls_ms=28.640783310 rocsolver_ms=26.837188721 cdls_submit_ms=0.008693000 roc_submit_ms=11.414267000 cdls_wall_ms=28.947454000 roc_wall_ms=27.134044000
sample n=8192 lda=8320 iteration=20 first=cdls cdls_ms=27.623344421 rocsolver_ms=25.789823532 cdls_submit_ms=0.012339000 roc_submit_ms=8.895697000 cdls_wall_ms=27.631828000 roc_wall_ms=25.798898000
sample n=8192 lda=8320 iteration=21 first=rocsolver cdls_ms=28.347291946 rocsolver_ms=26.540092468 cdls_submit_ms=0.007973000 roc_submit_ms=11.037860000 cdls_wall_ms=28.655286000 roc_wall_ms=26.856459000
sample n=8192 lda=8320 iteration=22 first=cdls cdls_ms=27.358175278 rocsolver_ms=26.690763474 cdls_submit_ms=0.008072000 roc_submit_ms=8.965423000 cdls_wall_ms=27.366451000 roc_wall_ms=26.815736000
sample n=8192 lda=8320 iteration=23 first=rocsolver cdls_ms=28.336156845 rocsolver_ms=26.911312103 cdls_submit_ms=0.008102000 roc_submit_ms=11.713165000 cdls_wall_ms=28.641896000 roc_wall_ms=26.919525000
sample n=8192 lda=8320 iteration=24 first=cdls cdls_ms=28.027002335 rocsolver_ms=26.354278564 cdls_submit_ms=0.009765000 roc_submit_ms=9.095453000 cdls_wall_ms=28.036007000 roc_wall_ms=26.472040000
sample n=8192 lda=8320 iteration=25 first=rocsolver cdls_ms=28.192136765 rocsolver_ms=26.773319244 cdls_submit_ms=0.008774000 roc_submit_ms=11.330538000 cdls_wall_ms=28.499588000 roc_wall_ms=26.780493000
sample n=8192 lda=8320 iteration=26 first=cdls cdls_ms=28.172784805 rocsolver_ms=26.383171082 cdls_submit_ms=0.010195000 roc_submit_ms=9.016962000 cdls_wall_ms=28.179678000 roc_wall_ms=26.507694000
sample n=8192 lda=8320 iteration=27 first=rocsolver cdls_ms=28.678319931 rocsolver_ms=26.808713913 cdls_submit_ms=0.008303000 roc_submit_ms=11.262775000 cdls_wall_ms=28.983820000 roc_wall_ms=27.108665000
sample n=8192 lda=8320 iteration=28 first=cdls cdls_ms=27.976844788 rocsolver_ms=26.552192688 cdls_submit_ms=0.008483000 roc_submit_ms=9.143746000 cdls_wall_ms=27.985550000 roc_wall_ms=26.560896000
sample n=8192 lda=8320 iteration=29 first=rocsolver cdls_ms=28.424972534 rocsolver_ms=26.696491241 cdls_submit_ms=0.305839000 roc_submit_ms=11.109110000 cdls_wall_ms=28.434778000 roc_wall_ms=27.004876000
bench n=8192 lda=8320 repeats=30 cdls_median_ms=28.073513 rocsolver_median_ms=26.590926 cdls_mean_ms=28.098824 rocsolver_mean_ms=26.563317 cdls_gflops=13053.953017 workspace_bytes=65544 roc_workspace_bytes=34145472 cdls_submit_ms=0.008733 roc_submit_ms=10.133339 cdls_wall_ms=28.226669 roc_wall_ms=26.650713 rocsolver_gflops=13781.780965 speedup=0.947189
