device=AMD Instinct MI300A arch=gfx942:sramecc+:xnack- HIP=60443484 CUs=228 memory_bytes=137438953472 rocSOLVER=3.28.2.1b897f5 rocBLAS=4.4.1.f08d23e3 baseline=rocsolver_dgetrf_npvt fp64 seed=20261001 method=auto matrix=dense n=16384 lda=16401 offset=0 warmup=5 repeats=30
validate n=16384 lda=16401 kind=dense info=7/0 L_rel=5.6795e-16 U_rel=1.7038e-15 residual_scaled=4.9962e-04/2.0443e-04 PASS
sample n=16384 lda=16401 iteration=0 first=cdls cdls_ms=106.886138916 rocsolver_ms=113.451919556 cdls_submit_ms=0.261210000 roc_submit_ms=69.763111000 cdls_wall_ms=106.900415000 roc_wall_ms=113.460292000
sample n=16384 lda=16401 iteration=1 first=rocsolver cdls_ms=107.283782959 rocsolver_ms=113.563873291 cdls_submit_ms=0.390619000 roc_submit_ms=45.369955000 cdls_wall_ms=107.347932000 roc_wall_ms=113.635762000
sample n=16384 lda=16401 iteration=2 first=cdls cdls_ms=106.995750427 rocsolver_ms=114.779747009 cdls_submit_ms=0.287641000 roc_submit_ms=70.582588000 cdls_wall_ms=107.005717000 roc_wall_ms=114.788117000
sample n=16384 lda=16401 iteration=3 first=rocsolver cdls_ms=107.780448914 rocsolver_ms=115.069030762 cdls_submit_ms=1.393597000 roc_submit_ms=47.902047000 cdls_wall_ms=108.421277000 roc_wall_ms=115.129402000
sample n=16384 lda=16401 iteration=4 first=cdls cdls_ms=107.443260193 rocsolver_ms=114.992904663 cdls_submit_ms=0.492575000 roc_submit_ms=71.332798000 cdls_wall_ms=107.451891000 roc_wall_ms=115.000283000
sample n=16384 lda=16401 iteration=5 first=rocsolver cdls_ms=108.115959167 rocsolver_ms=115.440078735 cdls_submit_ms=1.338462000 roc_submit_ms=47.537949000 cdls_wall_ms=108.757752000 roc_wall_ms=115.895145000
sample n=16384 lda=16401 iteration=6 first=cdls cdls_ms=107.741699219 rocsolver_ms=114.296310425 cdls_submit_ms=0.468398000 roc_submit_ms=70.499480000 cdls_wall_ms=107.749877000 roc_wall_ms=114.306049000
sample n=16384 lda=16401 iteration=7 first=rocsolver cdls_ms=107.839340210 rocsolver_ms=115.615409851 cdls_submit_ms=1.305331000 roc_submit_ms=47.249697000 cdls_wall_ms=108.491665000 roc_wall_ms=116.143235000
sample n=16384 lda=16401 iteration=8 first=cdls cdls_ms=107.648071289 rocsolver_ms=115.659156799 cdls_submit_ms=0.519276000 roc_submit_ms=71.283693000 cdls_wall_ms=107.657356000 roc_wall_ms=115.668007000
sample n=16384 lda=16401 iteration=9 first=rocsolver cdls_ms=109.024009705 rocsolver_ms=115.950958252 cdls_submit_ms=1.340806000 roc_submit_ms=47.359265000 cdls_wall_ms=109.663321000 roc_wall_ms=116.452289000
sample n=16384 lda=16401 iteration=10 first=cdls cdls_ms=108.173019409 rocsolver_ms=115.412017822 cdls_submit_ms=0.476060000 roc_submit_ms=71.180514000 cdls_wall_ms=108.181840000 roc_wall_ms=115.422340000
sample n=16384 lda=16401 iteration=11 first=rocsolver cdls_ms=108.430122375 rocsolver_ms=116.491035461 cdls_submit_ms=1.348818000 roc_submit_ms=47.708610000 cdls_wall_ms=109.085425000 roc_wall_ms=117.019829000
sample n=16384 lda=16401 iteration=12 first=cdls cdls_ms=108.029373169 rocsolver_ms=115.892005920 cdls_submit_ms=0.462179000 roc_submit_ms=71.392249000 cdls_wall_ms=108.037078000 roc_wall_ms=115.899572000
sample n=16384 lda=16401 iteration=13 first=rocsolver cdls_ms=108.721237183 rocsolver_ms=116.169937134 cdls_submit_ms=1.367096000 roc_submit_ms=47.123614000 cdls_wall_ms=109.378584000 roc_wall_ms=116.630612000
sample n=16384 lda=16401 iteration=14 first=cdls cdls_ms=108.816322327 rocsolver_ms=116.134475708 cdls_submit_ms=0.462710000 roc_submit_ms=71.489659000 cdls_wall_ms=108.824565000 roc_wall_ms=116.143896000
sample n=16384 lda=16401 iteration=15 first=rocsolver cdls_ms=108.762351990 rocsolver_ms=116.160171509 cdls_submit_ms=1.331982000 roc_submit_ms=47.247163000 cdls_wall_ms=109.418645000 roc_wall_ms=116.616881000
sample n=16384 lda=16401 iteration=16 first=cdls cdls_ms=108.338996887 rocsolver_ms=115.450233459 cdls_submit_ms=0.476010000 roc_submit_ms=70.985435000 cdls_wall_ms=108.347374000 roc_wall_ms=115.459938000
sample n=16384 lda=16401 iteration=17 first=rocsolver cdls_ms=109.365791321 rocsolver_ms=117.333137512 cdls_submit_ms=1.348537000 roc_submit_ms=48.067570000 cdls_wall_ms=110.037885000 roc_wall_ms=117.342363000
sample n=16384 lda=16401 iteration=18 first=cdls cdls_ms=108.342658997 rocsolver_ms=116.094467163 cdls_submit_ms=0.499486000 roc_submit_ms=71.291113000 cdls_wall_ms=108.351399000 roc_wall_ms=116.101912000
sample n=16384 lda=16401 iteration=19 first=rocsolver cdls_ms=109.830413818 rocsolver_ms=116.005134583 cdls_submit_ms=1.363381000 roc_submit_ms=46.851146000 cdls_wall_ms=110.492372000 roc_wall_ms=116.459469000
sample n=16384 lda=16401 iteration=20 first=cdls cdls_ms=108.795997620 rocsolver_ms=116.086349487 cdls_submit_ms=0.473616000 roc_submit_ms=70.838270000 cdls_wall_ms=108.803724000 roc_wall_ms=116.093739000
sample n=16384 lda=16401 iteration=21 first=rocsolver cdls_ms=110.109901428 rocsolver_ms=116.221977234 cdls_submit_ms=1.346684000 roc_submit_ms=46.642606000 cdls_wall_ms=110.756897000 roc_wall_ms=116.229948000
sample n=16384 lda=16401 iteration=22 first=cdls cdls_ms=108.884674072 rocsolver_ms=116.895072937 cdls_submit_ms=0.489891000 roc_submit_ms=71.834347000 cdls_wall_ms=108.893451000 roc_wall_ms=116.902459000
sample n=16384 lda=16401 iteration=23 first=rocsolver cdls_ms=109.531791687 rocsolver_ms=116.619148254 cdls_submit_ms=1.352514000 roc_submit_ms=47.029659000 cdls_wall_ms=110.188335000 roc_wall_ms=117.071838000
sample n=16384 lda=16401 iteration=24 first=cdls cdls_ms=108.985191345 rocsolver_ms=116.171440125 cdls_submit_ms=0.470251000 roc_submit_ms=71.437088000 cdls_wall_ms=108.993644000 roc_wall_ms=116.179000000
sample n=16384 lda=16401 iteration=25 first=rocsolver cdls_ms=109.696128845 rocsolver_ms=116.792518616 cdls_submit_ms=1.472737000 roc_submit_ms=47.277159000 cdls_wall_ms=110.175526000 roc_wall_ms=117.251413000
sample n=16384 lda=16401 iteration=26 first=cdls cdls_ms=109.057899475 rocsolver_ms=115.439888000 cdls_submit_ms=0.492555000 roc_submit_ms=70.558400000 cdls_wall_ms=109.065835000 roc_wall_ms=115.447037000
sample n=16384 lda=16401 iteration=27 first=rocsolver cdls_ms=109.556060791 rocsolver_ms=116.582832336 cdls_submit_ms=1.345293000 roc_submit_ms=46.567712000 cdls_wall_ms=110.204079000 roc_wall_ms=117.045999000
sample n=16384 lda=16401 iteration=28 first=cdls cdls_ms=108.854873657 rocsolver_ms=115.914909363 cdls_submit_ms=0.476771000 roc_submit_ms=70.542024000 cdls_wall_ms=108.863194000 roc_wall_ms=115.923397000
sample n=16384 lda=16401 iteration=29 first=rocsolver cdls_ms=110.146476746 rocsolver_ms=116.481674194 cdls_submit_ms=1.424574000 roc_submit_ms=46.689618000 cdls_wall_ms=110.621520000 roc_wall_ms=116.942229000
bench n=16384 lda=16401 repeats=30 cdls_median_ms=108.741795 rocsolver_median_ms=115.978046 cdls_mean_ms=108.572925 rocsolver_mean_ms=115.772261 cdls_gflops=26962.004794 workspace_bytes=262152 roc_workspace_bytes=67765440 cdls_submit_ms=0.509381 roc_submit_ms=58.915340 cdls_wall_ms=108.843879 roc_wall_ms=116.122574 rocsolver_gflops=25279.756622 speedup=1.066545
