device=AMD Instinct MI300A arch=gfx942:sramecc+:xnack- HIP=60443484 CUs=228 memory_bytes=137438953472 rocSOLVER=3.28.2.1b897f5 rocBLAS=4.4.1.f08d23e3 baseline=rocsolver_dgetrf fp64 seed=20261001 method=auto matrix=dense n=8192 lda=8192 offset=0 warmup=5 repeats=20
validate n=8192 lda=8192 kind=dense info=7/0 L_rel=1.6245e-15 U_rel=4.0247e-15 residual_scaled=2.1920e-03/3.9620e-04 PASS
sample n=8192 lda=8192 iteration=0 first=cdls cdls_ms=27.758588791 rocsolver_ms=121.621986389 cdls_submit_ms=0.010326000 roc_submit_ms=119.215470000 cdls_wall_ms=28.007000000 roc_wall_ms=121.632331000
sample n=8192 lda=8192 iteration=1 first=rocsolver cdls_ms=27.688959122 rocsolver_ms=122.372169495 cdls_submit_ms=0.008333000 roc_submit_ms=120.020887000 cdls_wall_ms=27.696403000 roc_wall_ms=122.380231000
sample n=8192 lda=8192 iteration=2 first=cdls cdls_ms=27.162351608 rocsolver_ms=125.062194824 cdls_submit_ms=0.007872000 roc_submit_ms=122.735615000 cdls_wall_ms=27.172740000 roc_wall_ms=125.070721000
sample n=8192 lda=8192 iteration=3 first=rocsolver cdls_ms=27.657754898 rocsolver_ms=122.869804382 cdls_submit_ms=0.008794000 roc_submit_ms=120.540154000 cdls_wall_ms=27.666448000 roc_wall_ms=122.878274000
sample n=8192 lda=8192 iteration=4 first=cdls cdls_ms=27.160388947 rocsolver_ms=125.008193970 cdls_submit_ms=0.164552000 roc_submit_ms=122.795778000 cdls_wall_ms=27.168613000 roc_wall_ms=125.016959000
sample n=8192 lda=8192 iteration=5 first=rocsolver cdls_ms=27.611242294 rocsolver_ms=121.833328247 cdls_submit_ms=0.008153000 roc_submit_ms=119.374684000 cdls_wall_ms=27.618855000 roc_wall_ms=121.842664000
sample n=8192 lda=8192 iteration=6 first=cdls cdls_ms=26.911928177 rocsolver_ms=130.464309692 cdls_submit_ms=0.006851000 roc_submit_ms=129.286365000 cdls_wall_ms=26.922575000 roc_wall_ms=130.471846000
sample n=8192 lda=8192 iteration=7 first=rocsolver cdls_ms=27.788436890 rocsolver_ms=121.758415222 cdls_submit_ms=0.013811000 roc_submit_ms=119.431171000 cdls_wall_ms=27.795746000 roc_wall_ms=121.765856000
sample n=8192 lda=8192 iteration=8 first=cdls cdls_ms=27.433689117 rocsolver_ms=129.691619873 cdls_submit_ms=0.168118000 roc_submit_ms=127.671525000 cdls_wall_ms=27.444196000 roc_wall_ms=129.700421000
sample n=8192 lda=8192 iteration=9 first=rocsolver cdls_ms=27.699136734 rocsolver_ms=120.983932495 cdls_submit_ms=0.008242000 roc_submit_ms=118.610349000 cdls_wall_ms=27.708812000 roc_wall_ms=120.991646000
sample n=8192 lda=8192 iteration=10 first=cdls cdls_ms=26.875272751 rocsolver_ms=120.748115540 cdls_submit_ms=0.007111000 roc_submit_ms=118.385834000 cdls_wall_ms=26.886399000 roc_wall_ms=120.977555000
sample n=8192 lda=8192 iteration=11 first=rocsolver cdls_ms=27.595657349 rocsolver_ms=121.021369934 cdls_submit_ms=0.008664000 roc_submit_ms=118.649870000 cdls_wall_ms=27.605033000 roc_wall_ms=121.029895000
sample n=8192 lda=8192 iteration=12 first=cdls cdls_ms=27.180379868 rocsolver_ms=129.436294556 cdls_submit_ms=0.164122000 roc_submit_ms=128.392121000 cdls_wall_ms=27.191778000 roc_wall_ms=129.500423000
sample n=8192 lda=8192 iteration=13 first=rocsolver cdls_ms=27.908899307 rocsolver_ms=122.480201721 cdls_submit_ms=0.007752000 roc_submit_ms=119.950217000 cdls_wall_ms=27.917923000 roc_wall_ms=122.487944000
sample n=8192 lda=8192 iteration=14 first=cdls cdls_ms=27.208623886 rocsolver_ms=130.228775024 cdls_submit_ms=0.008433000 roc_submit_ms=129.182225000 cdls_wall_ms=27.216447000 roc_wall_ms=130.460578000
sample n=8192 lda=8192 iteration=15 first=rocsolver cdls_ms=28.057487488 rocsolver_ms=122.411140442 cdls_submit_ms=0.008303000 roc_submit_ms=120.061948000 cdls_wall_ms=28.066311000 roc_wall_ms=122.423785000
sample n=8192 lda=8192 iteration=16 first=cdls cdls_ms=27.157945633 rocsolver_ms=131.675430298 cdls_submit_ms=0.168869000 roc_submit_ms=130.581863000 cdls_wall_ms=27.166890000 roc_wall_ms=131.684817000
sample n=8192 lda=8192 iteration=17 first=rocsolver cdls_ms=27.532760620 rocsolver_ms=122.300827026 cdls_submit_ms=0.008543000 roc_submit_ms=119.885056000 cdls_wall_ms=27.541896000 roc_wall_ms=122.308287000
sample n=8192 lda=8192 iteration=18 first=cdls cdls_ms=27.085636139 rocsolver_ms=134.464218140 cdls_submit_ms=0.008293000 roc_submit_ms=133.440503000 cdls_wall_ms=27.097083000 roc_wall_ms=134.473198000
sample n=8192 lda=8192 iteration=19 first=rocsolver cdls_ms=27.852491379 rocsolver_ms=122.073341370 cdls_submit_ms=0.009103000 roc_submit_ms=119.624416000 cdls_wall_ms=27.860645000 roc_wall_ms=122.081880000
bench n=8192 lda=8192 repeats=20 cdls_median_ms=27.564209 rocsolver_median_ms=122.445671 cdls_mean_ms=27.466382 rocsolver_mean_ms=124.925283 cdls_gflops=13295.150981 workspace_bytes=65544 roc_workspace_bytes=34178304 cdls_submit_ms=0.008488 roc_submit_ms=120.041417 cdls_wall_ms=27.573465 roc_wall_ms=122.455864 rocsolver_gflops=2992.921815 speedup=4.442198
