device=AMD Instinct MI300A arch=gfx942:sramecc+:xnack- HIP=60443484 CUs=228 memory_bytes=137438953472 rocSOLVER=3.28.2.1b897f5 rocBLAS=4.4.1.f08d23e3 baseline=rocsolver_dgetrf_npvt fp64 seed=20261001 method=auto matrix=dense n=8192 lda=8209 offset=0 warmup=5 repeats=30
validate n=8192 lda=8209 kind=dense info=7/0 L_rel=7.2829e-16 U_rel=2.1479e-15 residual_scaled=1.2306e-03/3.9221e-04 PASS
sample n=8192 lda=8209 iteration=0 first=cdls cdls_ms=19.470113754 rocsolver_ms=26.790103912 cdls_submit_ms=0.542611000 roc_submit_ms=9.290201000 cdls_wall_ms=19.485969000 roc_wall_ms=26.799971000
sample n=8192 lda=8209 iteration=1 first=rocsolver cdls_ms=19.501411438 rocsolver_ms=27.038856506 cdls_submit_ms=0.506597000 roc_submit_ms=12.643802000 cdls_wall_ms=19.788503000 roc_wall_ms=27.285065000
sample n=8192 lda=8209 iteration=2 first=cdls cdls_ms=19.394117355 rocsolver_ms=26.889005661 cdls_submit_ms=0.480357000 roc_submit_ms=9.039497000 cdls_wall_ms=19.403053000 roc_wall_ms=26.900956000
sample n=8192 lda=8209 iteration=3 first=rocsolver cdls_ms=19.620683670 rocsolver_ms=26.895856857 cdls_submit_ms=0.883395000 roc_submit_ms=13.504351000 cdls_wall_ms=19.629740000 roc_wall_ms=27.178431000
sample n=8192 lda=8209 iteration=4 first=cdls cdls_ms=19.230735779 rocsolver_ms=26.524335861 cdls_submit_ms=0.214249000 roc_submit_ms=9.262949000 cdls_wall_ms=19.240303000 roc_wall_ms=26.532510000
sample n=8192 lda=8209 iteration=5 first=rocsolver cdls_ms=19.405746460 rocsolver_ms=27.219221115 cdls_submit_ms=0.552517000 roc_submit_ms=13.612015000 cdls_wall_ms=19.733619000 roc_wall_ms=27.238092000
sample n=8192 lda=8209 iteration=6 first=cdls cdls_ms=19.428180695 rocsolver_ms=26.677232742 cdls_submit_ms=0.514618000 roc_submit_ms=9.007497000 cdls_wall_ms=19.438536000 roc_wall_ms=26.684975000
sample n=8192 lda=8209 iteration=7 first=rocsolver cdls_ms=19.228012085 rocsolver_ms=27.118997574 cdls_submit_ms=0.572387000 roc_submit_ms=12.878100000 cdls_wall_ms=19.515966000 roc_wall_ms=27.402395000
sample n=8192 lda=8209 iteration=8 first=cdls cdls_ms=19.362520218 rocsolver_ms=26.868204117 cdls_submit_ms=0.423820000 roc_submit_ms=8.941306000 cdls_wall_ms=19.370803000 roc_wall_ms=26.875757000
sample n=8192 lda=8209 iteration=9 first=rocsolver cdls_ms=19.302085876 rocsolver_ms=27.387809753 cdls_submit_ms=0.616775000 roc_submit_ms=11.497334000 cdls_wall_ms=19.601537000 roc_wall_ms=27.580247000
sample n=8192 lda=8209 iteration=10 first=cdls cdls_ms=19.350059509 rocsolver_ms=26.764816284 cdls_submit_ms=0.427706000 roc_submit_ms=8.931831000 cdls_wall_ms=19.358794000 roc_wall_ms=26.774141000
sample n=8192 lda=8209 iteration=11 first=rocsolver cdls_ms=19.264947891 rocsolver_ms=27.486761093 cdls_submit_ms=0.544705000 roc_submit_ms=11.553470000 cdls_wall_ms=19.575076000 roc_wall_ms=27.760673000
sample n=8192 lda=8209 iteration=12 first=cdls cdls_ms=19.404424667 rocsolver_ms=26.771945953 cdls_submit_ms=0.329776000 roc_submit_ms=9.028760000 cdls_wall_ms=19.512610000 roc_wall_ms=26.780792000
sample n=8192 lda=8209 iteration=13 first=rocsolver cdls_ms=19.436571121 rocsolver_ms=27.431388855 cdls_submit_ms=0.557214000 roc_submit_ms=11.645000000 cdls_wall_ms=19.731215000 roc_wall_ms=27.708113000
sample n=8192 lda=8209 iteration=14 first=cdls cdls_ms=19.407058716 rocsolver_ms=26.903028488 cdls_submit_ms=0.349426000 roc_submit_ms=9.084977000 cdls_wall_ms=19.510257000 roc_wall_ms=26.912152000
sample n=8192 lda=8209 iteration=15 first=rocsolver cdls_ms=19.657892227 rocsolver_ms=27.661169052 cdls_submit_ms=0.513137000 roc_submit_ms=11.718774000 cdls_wall_ms=19.935679000 roc_wall_ms=27.679599000
sample n=8192 lda=8209 iteration=16 first=cdls cdls_ms=19.463924408 rocsolver_ms=26.839460373 cdls_submit_ms=0.425953000 roc_submit_ms=8.988348000 cdls_wall_ms=19.470696000 roc_wall_ms=26.846332000
sample n=8192 lda=8209 iteration=17 first=rocsolver cdls_ms=19.604600906 rocsolver_ms=27.443555832 cdls_submit_ms=0.548772000 roc_submit_ms=11.638730000 cdls_wall_ms=19.901476000 roc_wall_ms=27.452922000
sample n=8192 lda=8209 iteration=18 first=cdls cdls_ms=19.558519363 rocsolver_ms=26.820009232 cdls_submit_ms=0.419443000 roc_submit_ms=9.089864000 cdls_wall_ms=19.566693000 roc_wall_ms=26.829346000
sample n=8192 lda=8209 iteration=19 first=rocsolver cdls_ms=19.534683228 rocsolver_ms=27.490747452 cdls_submit_ms=0.516783000 roc_submit_ms=11.579830000 cdls_wall_ms=19.779259000 roc_wall_ms=27.771190000
sample n=8192 lda=8209 iteration=20 first=cdls cdls_ms=19.527132034 rocsolver_ms=27.050823212 cdls_submit_ms=0.409688000 roc_submit_ms=9.130886000 cdls_wall_ms=19.538179000 roc_wall_ms=27.059769000
sample n=8192 lda=8209 iteration=21 first=rocsolver cdls_ms=19.426086426 rocsolver_ms=27.344684601 cdls_submit_ms=0.592719000 roc_submit_ms=11.721568000 cdls_wall_ms=19.683993000 roc_wall_ms=27.628711000
sample n=8192 lda=8209 iteration=22 first=cdls cdls_ms=19.394487381 rocsolver_ms=26.839107513 cdls_submit_ms=0.401746000 roc_submit_ms=9.048720000 cdls_wall_ms=19.404294000 roc_wall_ms=26.848054000
sample n=8192 lda=8209 iteration=23 first=rocsolver cdls_ms=19.595083237 rocsolver_ms=27.441783905 cdls_submit_ms=0.851936000 roc_submit_ms=11.891388000 cdls_wall_ms=19.605553000 roc_wall_ms=27.718990000
sample n=8192 lda=8209 iteration=24 first=cdls cdls_ms=19.441150665 rocsolver_ms=26.924280167 cdls_submit_ms=0.319880000 roc_submit_ms=9.146040000 cdls_wall_ms=19.451086000 roc_wall_ms=26.931653000
sample n=8192 lda=8209 iteration=25 first=rocsolver cdls_ms=19.675840378 rocsolver_ms=27.427511215 cdls_submit_ms=0.854590000 roc_submit_ms=11.610607000 cdls_wall_ms=19.685285000 roc_wall_ms=27.702084000
sample n=8192 lda=8209 iteration=26 first=cdls cdls_ms=19.214681625 rocsolver_ms=26.807409286 cdls_submit_ms=0.329375000 roc_submit_ms=8.978573000 cdls_wall_ms=19.223557000 roc_wall_ms=26.814914000
sample n=8192 lda=8209 iteration=27 first=rocsolver cdls_ms=19.777845383 rocsolver_ms=27.195585251 cdls_submit_ms=0.847989000 roc_submit_ms=11.460147000 cdls_wall_ms=19.787171000 roc_wall_ms=27.476758000
sample n=8192 lda=8209 iteration=28 first=cdls cdls_ms=19.444946289 rocsolver_ms=26.789371490 cdls_submit_ms=0.318488000 roc_submit_ms=9.019766000 cdls_wall_ms=19.545911000 roc_wall_ms=26.797047000
sample n=8192 lda=8209 iteration=29 first=rocsolver cdls_ms=19.418344498 rocsolver_ms=27.579553604 cdls_submit_ms=0.580680000 roc_submit_ms=11.572920000 cdls_wall_ms=19.703833000 roc_wall_ms=27.865845000
bench n=8192 lda=8209 repeats=30 cdls_median_ms=19.432376 rocsolver_median_ms=26.981568 cdls_mean_ms=19.451396 rocsolver_mean_ms=27.080754 cdls_gflops=18858.750050 workspace_bytes=65544 roc_workspace_bytes=34145472 cdls_submit_ms=0.513877 roc_submit_ms=10.375174 cdls_wall_ms=19.556302 roc_wall_ms=27.119100 rocsolver_gflops=13582.246797 speedup=1.388485
