device=AMD Instinct MI300A arch=gfx942:sramecc+:xnack- HIP=60443484 CUs=228 memory_bytes=137438953472 rocSOLVER=3.28.2.1b897f5 rocBLAS=4.4.1.f08d23e3 baseline=rocsolver_dgetrf_npvt fp64 seed=20261001 method=auto matrix=dense n=16384 lda=16385 offset=0 warmup=5 repeats=30
validate n=16384 lda=16385 kind=dense info=7/0 L_rel=2.3203e-15 U_rel=5.8178e-15 residual_scaled=1.5881e-03/2.0443e-04 PASS
sample n=16384 lda=16385 iteration=0 first=cdls cdls_ms=220.664352417 rocsolver_ms=113.724365234 cdls_submit_ms=0.587080000 roc_submit_ms=70.229252000 cdls_wall_ms=220.680626000 roc_wall_ms=113.732483000
sample n=16384 lda=16385 iteration=1 first=rocsolver cdls_ms=220.968917847 rocsolver_ms=115.512985229 cdls_submit_ms=0.009694000 roc_submit_ms=47.573170000 cdls_wall_ms=221.697343000 roc_wall_ms=115.522096000
sample n=16384 lda=16385 iteration=2 first=cdls cdls_ms=220.454406738 rocsolver_ms=114.868125916 cdls_submit_ms=0.217413000 roc_submit_ms=55.115373000 cdls_wall_ms=220.465876000 roc_wall_ms=114.876888000
sample n=16384 lda=16385 iteration=3 first=rocsolver cdls_ms=222.070724487 rocsolver_ms=114.831214905 cdls_submit_ms=0.011538000 roc_submit_ms=58.237939000 cdls_wall_ms=222.652928000 roc_wall_ms=115.495906000
sample n=16384 lda=16385 iteration=4 first=cdls cdls_ms=222.124359131 rocsolver_ms=114.596244812 cdls_submit_ms=0.013741000 roc_submit_ms=62.128824000 cdls_wall_ms=222.144870000 roc_wall_ms=114.605031000
sample n=16384 lda=16385 iteration=5 first=rocsolver cdls_ms=222.866409302 rocsolver_ms=116.175956726 cdls_submit_ms=0.012579000 roc_submit_ms=67.802632000 cdls_wall_ms=223.448929000 roc_wall_ms=116.183630000
sample n=16384 lda=16385 iteration=6 first=cdls cdls_ms=222.466873169 rocsolver_ms=115.321090698 cdls_submit_ms=0.016104000 roc_submit_ms=71.269026000 cdls_wall_ms=222.489468000 roc_wall_ms=115.332696000
sample n=16384 lda=16385 iteration=7 first=rocsolver cdls_ms=223.730545044 rocsolver_ms=115.042251587 cdls_submit_ms=0.738181000 roc_submit_ms=46.515409000 cdls_wall_ms=223.740235000 roc_wall_ms=115.576139000
sample n=16384 lda=16385 iteration=8 first=cdls cdls_ms=222.564880371 rocsolver_ms=114.339256287 cdls_submit_ms=0.006851000 roc_submit_ms=53.797632000 cdls_wall_ms=222.862850000 roc_wall_ms=114.350220000
sample n=16384 lda=16385 iteration=9 first=rocsolver cdls_ms=224.431335449 rocsolver_ms=116.422569275 cdls_submit_ms=0.009494000 roc_submit_ms=59.108574000 cdls_wall_ms=224.439007000 roc_wall_ms=117.101648000
sample n=16384 lda=16385 iteration=10 first=cdls cdls_ms=223.557525635 rocsolver_ms=116.032974243 cdls_submit_ms=0.007431000 roc_submit_ms=62.999309000 cdls_wall_ms=224.127178000 roc_wall_ms=116.040361000
sample n=16384 lda=16385 iteration=11 first=rocsolver cdls_ms=224.840682983 rocsolver_ms=116.429023743 cdls_submit_ms=0.015804000 roc_submit_ms=67.672562000 cdls_wall_ms=225.401762000 roc_wall_ms=116.993021000
sample n=16384 lda=16385 iteration=12 first=cdls cdls_ms=224.687561035 rocsolver_ms=116.321517944 cdls_submit_ms=0.023376000 roc_submit_ms=71.598882000 cdls_wall_ms=224.695238000 roc_wall_ms=116.330214000
sample n=16384 lda=16385 iteration=13 first=rocsolver cdls_ms=225.864364624 rocsolver_ms=116.192634583 cdls_submit_ms=0.733204000 roc_submit_ms=46.761606000 cdls_wall_ms=225.874326000 roc_wall_ms=116.200456000
sample n=16384 lda=16385 iteration=14 first=cdls cdls_ms=223.272613525 rocsolver_ms=116.503807068 cdls_submit_ms=0.018158000 roc_submit_ms=54.561283000 cdls_wall_ms=223.281081000 roc_wall_ms=116.513014000
sample n=16384 lda=16385 iteration=15 first=rocsolver cdls_ms=224.997726440 rocsolver_ms=117.398994446 cdls_submit_ms=0.570454000 roc_submit_ms=59.350904000 cdls_wall_ms=225.006505000 roc_wall_ms=118.085946000
sample n=16384 lda=16385 iteration=16 first=cdls cdls_ms=224.873092651 rocsolver_ms=116.470153809 cdls_submit_ms=0.018308000 roc_submit_ms=63.088815000 cdls_wall_ms=224.881995000 roc_wall_ms=116.477681000
sample n=16384 lda=16385 iteration=17 first=rocsolver cdls_ms=224.790130615 rocsolver_ms=116.487327576 cdls_submit_ms=0.010797000 roc_submit_ms=67.760707000 cdls_wall_ms=225.342801000 roc_wall_ms=117.062046000
sample n=16384 lda=16385 iteration=18 first=cdls cdls_ms=223.603546143 rocsolver_ms=116.938087463 cdls_submit_ms=0.020982000 roc_submit_ms=71.880403000 cdls_wall_ms=223.612148000 roc_wall_ms=116.946459000
sample n=16384 lda=16385 iteration=19 first=rocsolver cdls_ms=225.059051514 rocsolver_ms=117.203613281 cdls_submit_ms=0.009194000 roc_submit_ms=42.352416000 cdls_wall_ms=225.688951000 roc_wall_ms=117.211425000
sample n=16384 lda=16385 iteration=20 first=cdls cdls_ms=224.307983398 rocsolver_ms=116.466476440 cdls_submit_ms=0.009535000 roc_submit_ms=47.777112000 cdls_wall_ms=224.317619000 roc_wall_ms=116.474926000
sample n=16384 lda=16385 iteration=21 first=rocsolver cdls_ms=226.036880493 rocsolver_ms=117.086700439 cdls_submit_ms=0.557925000 roc_submit_ms=58.666265000 cdls_wall_ms=226.046569000 roc_wall_ms=117.754147000
sample n=16384 lda=16385 iteration=22 first=cdls cdls_ms=224.910781860 rocsolver_ms=116.781204224 cdls_submit_ms=0.021232000 roc_submit_ms=62.884462000 cdls_wall_ms=224.918850000 roc_wall_ms=116.789659000
sample n=16384 lda=16385 iteration=23 first=rocsolver cdls_ms=225.128479004 rocsolver_ms=117.635734558 cdls_submit_ms=0.009294000 roc_submit_ms=67.988286000 cdls_wall_ms=225.699116000 roc_wall_ms=118.206220000
sample n=16384 lda=16385 iteration=24 first=cdls cdls_ms=223.861373901 rocsolver_ms=117.344604492 cdls_submit_ms=0.009004000 roc_submit_ms=71.553021000 cdls_wall_ms=223.883863000 roc_wall_ms=117.360774000
sample n=16384 lda=16385 iteration=25 first=rocsolver cdls_ms=226.178176880 rocsolver_ms=117.058021545 cdls_submit_ms=0.023006000 roc_submit_ms=42.004443000 cdls_wall_ms=226.790850000 roc_wall_ms=117.612580000
sample n=16384 lda=16385 iteration=26 first=cdls cdls_ms=225.314529419 rocsolver_ms=117.751739502 cdls_submit_ms=0.161528000 roc_submit_ms=48.195613000 cdls_wall_ms=225.327296000 roc_wall_ms=117.759394000
sample n=16384 lda=16385 iteration=27 first=rocsolver cdls_ms=225.646118164 rocsolver_ms=117.797378540 cdls_submit_ms=0.577595000 roc_submit_ms=59.681241000 cdls_wall_ms=225.655599000 roc_wall_ms=118.217598000
sample n=16384 lda=16385 iteration=28 first=cdls cdls_ms=224.965957642 rocsolver_ms=116.989997864 cdls_submit_ms=0.022003000 roc_submit_ms=59.179832000 cdls_wall_ms=224.974405000 roc_wall_ms=116.996895000
sample n=16384 lda=16385 iteration=29 first=rocsolver cdls_ms=226.205001831 rocsolver_ms=118.663940430 cdls_submit_ms=0.009474000 roc_submit_ms=68.171797000 cdls_wall_ms=226.763927000 roc_wall_ms=119.242468000
bench n=16384 lda=16385 repeats=30 cdls_median_ms=224.559448 rocsolver_median_ms=116.468315 cdls_mean_ms=224.014813 rocsolver_mean_ms=116.346266 cdls_gflops=13056.216560 workspace_bytes=262152 roc_workspace_bytes=67765440 cdls_submit_ms=0.017131 roc_submit_ms=59.516072 cdls_wall_ms=224.567122 roc_wall_ms=116.651336 rocsolver_gflops=25173.342499 speedup=0.518652
