device=AMD Instinct MI300A arch=gfx942:sramecc+:xnack- HIP=60443484 CUs=228 memory_bytes=137438953472 rocSOLVER=3.28.2.1b897f5 rocBLAS=4.4.1.f08d23e3 baseline=rocsolver_dgetrf fp64 seed=20261001 method=auto matrix=dense n=16384 lda=16384 offset=0 warmup=5 repeats=20
validate n=16384 lda=16384 kind=dense info=7/0 L_rel=2.3172e-15 U_rel=5.8122e-15 residual_scaled=1.5881e-03/2.0775e-04 PASS
sample n=16384 lda=16384 iteration=0 first=cdls cdls_ms=222.015213013 rocsolver_ms=307.584411621 cdls_submit_ms=0.011758000 roc_submit_ms=306.155256000 cdls_wall_ms=222.031959000 roc_wall_ms=307.592444000
sample n=16384 lda=16384 iteration=1 first=rocsolver cdls_ms=222.756164551 rocsolver_ms=308.188781738 cdls_submit_ms=0.022455000 roc_submit_ms=306.555740000 cdls_wall_ms=222.764123000 roc_wall_ms=308.196411000
sample n=16384 lda=16384 iteration=2 first=cdls cdls_ms=221.272506714 rocsolver_ms=304.502471924 cdls_submit_ms=0.012429000 roc_submit_ms=303.164999000 cdls_wall_ms=221.281015000 roc_wall_ms=304.513111000
sample n=16384 lda=16384 iteration=3 first=rocsolver cdls_ms=223.028335571 rocsolver_ms=308.224700928 cdls_submit_ms=0.008413000 roc_submit_ms=306.910882000 cdls_wall_ms=223.037110000 roc_wall_ms=308.234366000
sample n=16384 lda=16384 iteration=4 first=cdls cdls_ms=222.254547119 rocsolver_ms=304.631652832 cdls_submit_ms=0.067573000 roc_submit_ms=303.348369000 cdls_wall_ms=222.263051000 roc_wall_ms=304.640153000
sample n=16384 lda=16384 iteration=5 first=rocsolver cdls_ms=222.644470215 rocsolver_ms=307.298156738 cdls_submit_ms=0.012249000 roc_submit_ms=305.967721000 cdls_wall_ms=222.651897000 roc_wall_ms=307.307359000
sample n=16384 lda=16384 iteration=6 first=cdls cdls_ms=222.416381836 rocsolver_ms=310.079895020 cdls_submit_ms=0.009034000 roc_submit_ms=308.580965000 cdls_wall_ms=222.423546000 roc_wall_ms=310.086698000
sample n=16384 lda=16384 iteration=7 first=rocsolver cdls_ms=223.404754639 rocsolver_ms=311.356445312 cdls_submit_ms=0.007792000 roc_submit_ms=309.900209000 cdls_wall_ms=223.412334000 roc_wall_ms=311.364458000
sample n=16384 lda=16384 iteration=8 first=cdls cdls_ms=223.816177368 rocsolver_ms=308.069610596 cdls_submit_ms=0.012579000 roc_submit_ms=306.455016000 cdls_wall_ms=223.824566000 roc_wall_ms=308.078110000
sample n=16384 lda=16384 iteration=9 first=rocsolver cdls_ms=222.722946167 rocsolver_ms=306.590087891 cdls_submit_ms=0.013110000 roc_submit_ms=305.263945000 cdls_wall_ms=222.730905000 roc_wall_ms=306.605095000
sample n=16384 lda=16384 iteration=10 first=cdls cdls_ms=222.497024536 rocsolver_ms=305.444519043 cdls_submit_ms=0.011187000 roc_submit_ms=304.001875000 cdls_wall_ms=222.505970000 roc_wall_ms=305.452693000
sample n=16384 lda=16384 iteration=11 first=rocsolver cdls_ms=224.648422241 rocsolver_ms=307.984466553 cdls_submit_ms=0.014252000 roc_submit_ms=306.667057000 cdls_wall_ms=224.659797000 roc_wall_ms=307.991772000
sample n=16384 lda=16384 iteration=12 first=cdls cdls_ms=223.281234741 rocsolver_ms=305.046905518 cdls_submit_ms=0.042896000 roc_submit_ms=303.438206000 cdls_wall_ms=223.288440000 roc_wall_ms=305.054068000
sample n=16384 lda=16384 iteration=13 first=rocsolver cdls_ms=223.694625854 rocsolver_ms=307.070190430 cdls_submit_ms=0.011137000 roc_submit_ms=305.518882000 cdls_wall_ms=223.706931000 roc_wall_ms=307.078638000
sample n=16384 lda=16384 iteration=14 first=cdls cdls_ms=223.413391113 rocsolver_ms=309.738433838 cdls_submit_ms=0.011287000 roc_submit_ms=308.327033000 cdls_wall_ms=223.611224000 roc_wall_ms=309.749379000
sample n=16384 lda=16384 iteration=15 first=rocsolver cdls_ms=223.835525513 rocsolver_ms=311.609375000 cdls_submit_ms=0.014292000 roc_submit_ms=310.018792000 cdls_wall_ms=223.842807000 roc_wall_ms=311.616577000
sample n=16384 lda=16384 iteration=16 first=cdls cdls_ms=223.628692627 rocsolver_ms=309.250183105 cdls_submit_ms=0.083348000 roc_submit_ms=307.740830000 cdls_wall_ms=223.635930000 roc_wall_ms=309.259823000
sample n=16384 lda=16384 iteration=17 first=rocsolver cdls_ms=224.116714478 rocsolver_ms=311.588012695 cdls_submit_ms=0.009986000 roc_submit_ms=310.281332000 cdls_wall_ms=224.132862000 roc_wall_ms=311.598556000
sample n=16384 lda=16384 iteration=18 first=cdls cdls_ms=223.839645386 rocsolver_ms=313.164459229 cdls_submit_ms=0.009204000 roc_submit_ms=311.604784000 cdls_wall_ms=223.846912000 roc_wall_ms=313.171701000
sample n=16384 lda=16384 iteration=19 first=rocsolver cdls_ms=225.130828857 rocsolver_ms=306.883972168 cdls_submit_ms=0.014833000 roc_submit_ms=305.307369000 cdls_wall_ms=225.138064000 roc_wall_ms=306.895519000
bench n=16384 lda=16384 repeats=20 cdls_median_ms=223.342995 rocsolver_median_ms=308.027039 cdls_mean_ms=223.220880 rocsolver_mean_ms=308.215337 cdls_gflops=13127.328175 workspace_bytes=262152 roc_workspace_bytes=67831040 cdls_submit_ms=0.012339 roc_submit_ms=306.505378 cdls_wall_ms=223.350387 roc_wall_ms=308.034941 rocsolver_gflops=9518.309823 speedup=1.379166
