device=AMD Instinct MI300A arch=gfx942:sramecc+:xnack- HIP=60443484 CUs=228 memory_bytes=137438953472 rocSOLVER=3.28.2.1b897f5 rocBLAS=4.4.1.f08d23e3 baseline=rocsolver_dgetrf_npvt fp64 seed=20261001 method=auto matrix=dense n=64 lda=192 offset=0 warmup=20 repeats=30
validate n=64 lda=192 kind=dense info=7/0 L_rel=2.5493e-17 U_rel=1.2316e-18 residual_scaled=2.4209e-02/2.4209e-02 cpu_residual_scaled=2.3512e-02/2.3513e-02 PASS
sample n=64 lda=192 iteration=0 first=cdls cdls_ms=0.027682999 rocsolver_ms=0.078601003 cdls_submit_ms=0.002163000 roc_submit_ms=0.007501000 cdls_wall_ms=0.042715000 roc_wall_ms=0.087985000
sample n=64 lda=192 iteration=1 first=rocsolver cdls_ms=0.026921000 rocsolver_ms=0.077157997 cdls_submit_ms=0.002764000 roc_submit_ms=0.004176000 cdls_wall_ms=0.035434000 roc_wall_ms=0.084730000
sample n=64 lda=192 iteration=2 first=cdls cdls_ms=0.026881000 rocsolver_ms=0.083728001 cdls_submit_ms=0.002144000 roc_submit_ms=0.008443000 cdls_wall_ms=0.034322000 roc_wall_ms=0.091260000
sample n=64 lda=192 iteration=3 first=rocsolver cdls_ms=0.026921000 rocsolver_ms=0.080403998 cdls_submit_ms=0.002644000 roc_submit_ms=0.005679000 cdls_wall_ms=0.034724000 roc_wall_ms=0.088115000
sample n=64 lda=192 iteration=4 first=cdls cdls_ms=0.027042000 rocsolver_ms=0.080683999 cdls_submit_ms=0.001993000 roc_submit_ms=0.008082000 cdls_wall_ms=0.035234000 roc_wall_ms=0.089648000
sample n=64 lda=192 iteration=5 first=rocsolver cdls_ms=0.027922999 rocsolver_ms=0.080202997 cdls_submit_ms=0.002635000 roc_submit_ms=0.006820000 cdls_wall_ms=0.036606000 roc_wall_ms=0.090339000
sample n=64 lda=192 iteration=6 first=cdls cdls_ms=0.026921000 rocsolver_ms=0.079883002 cdls_submit_ms=0.001933000 roc_submit_ms=0.007542000 cdls_wall_ms=0.035365000 roc_wall_ms=0.088115000
sample n=64 lda=192 iteration=7 first=rocsolver cdls_ms=0.027962999 rocsolver_ms=0.078961998 cdls_submit_ms=0.002344000 roc_submit_ms=0.005498000 cdls_wall_ms=0.035394000 roc_wall_ms=0.086262000
sample n=64 lda=192 iteration=8 first=cdls cdls_ms=0.027001999 rocsolver_ms=0.081044003 cdls_submit_ms=0.002163000 roc_submit_ms=0.008172000 cdls_wall_ms=0.034452000 roc_wall_ms=0.088416000
sample n=64 lda=192 iteration=9 first=rocsolver cdls_ms=0.026841000 rocsolver_ms=0.078561001 cdls_submit_ms=0.002524000 roc_submit_ms=0.005709000 cdls_wall_ms=0.034473000 roc_wall_ms=0.085711000
sample n=64 lda=192 iteration=10 first=cdls cdls_ms=0.026882000 rocsolver_ms=0.080123000 cdls_submit_ms=0.001793000 roc_submit_ms=0.007933000 cdls_wall_ms=0.034032000 roc_wall_ms=0.088136000
sample n=64 lda=192 iteration=11 first=rocsolver cdls_ms=0.026520999 rocsolver_ms=0.079282001 cdls_submit_ms=0.002283000 roc_submit_ms=0.006139000 cdls_wall_ms=0.035214000 roc_wall_ms=0.087995000
sample n=64 lda=192 iteration=12 first=cdls cdls_ms=0.027000999 rocsolver_ms=0.081565000 cdls_submit_ms=0.002163000 roc_submit_ms=0.008102000 cdls_wall_ms=0.034813000 roc_wall_ms=0.088937000
sample n=64 lda=192 iteration=13 first=rocsolver cdls_ms=0.026961001 rocsolver_ms=0.080523998 cdls_submit_ms=0.002003000 roc_submit_ms=0.007361000 cdls_wall_ms=0.034783000 roc_wall_ms=0.089377000
sample n=64 lda=192 iteration=14 first=cdls cdls_ms=0.028043000 rocsolver_ms=0.081083998 cdls_submit_ms=0.002093000 roc_submit_ms=0.007541000 cdls_wall_ms=0.035364000 roc_wall_ms=0.090278000
sample n=64 lda=192 iteration=15 first=rocsolver cdls_ms=0.027040999 rocsolver_ms=0.079081997 cdls_submit_ms=0.002154000 roc_submit_ms=0.005548000 cdls_wall_ms=0.034583000 roc_wall_ms=0.086242000
sample n=64 lda=192 iteration=16 first=cdls cdls_ms=0.026720000 rocsolver_ms=0.079682000 cdls_submit_ms=0.002204000 roc_submit_ms=0.008763000 cdls_wall_ms=0.035294000 roc_wall_ms=0.088806000
sample n=64 lda=192 iteration=17 first=rocsolver cdls_ms=0.027001999 rocsolver_ms=0.078280002 cdls_submit_ms=0.001993000 roc_submit_ms=0.005809000 cdls_wall_ms=0.034964000 roc_wall_ms=0.085982000
sample n=64 lda=192 iteration=18 first=cdls cdls_ms=0.026881000 rocsolver_ms=0.082405999 cdls_submit_ms=0.001783000 roc_submit_ms=0.008312000 cdls_wall_ms=0.035114000 roc_wall_ms=0.090679000
sample n=64 lda=192 iteration=19 first=rocsolver cdls_ms=0.028204000 rocsolver_ms=0.097709998 cdls_submit_ms=0.003716000 roc_submit_ms=0.022685000 cdls_wall_ms=0.035554000 roc_wall_ms=0.106534000
sample n=64 lda=192 iteration=20 first=cdls cdls_ms=0.027241999 rocsolver_ms=0.082085997 cdls_submit_ms=0.002473000 roc_submit_ms=0.008192000 cdls_wall_ms=0.034072000 roc_wall_ms=0.089587000
sample n=64 lda=192 iteration=21 first=rocsolver cdls_ms=0.026881000 rocsolver_ms=0.078199998 cdls_submit_ms=0.002113000 roc_submit_ms=0.005629000 cdls_wall_ms=0.034913000 roc_wall_ms=0.085491000
sample n=64 lda=192 iteration=22 first=cdls cdls_ms=0.027000999 rocsolver_ms=0.083769001 cdls_submit_ms=0.002835000 roc_submit_ms=0.008833000 cdls_wall_ms=0.034733000 roc_wall_ms=0.091080000
sample n=64 lda=192 iteration=23 first=rocsolver cdls_ms=0.027042000 rocsolver_ms=0.080604002 cdls_submit_ms=0.002634000 roc_submit_ms=0.005789000 cdls_wall_ms=0.034823000 roc_wall_ms=0.088415000
sample n=64 lda=192 iteration=24 first=cdls cdls_ms=0.026681000 rocsolver_ms=0.079562001 cdls_submit_ms=0.002144000 roc_submit_ms=0.006389000 cdls_wall_ms=0.034392000 roc_wall_ms=0.087313000
sample n=64 lda=192 iteration=25 first=rocsolver cdls_ms=0.026921000 rocsolver_ms=0.078800000 cdls_submit_ms=0.002434000 roc_submit_ms=0.005218000 cdls_wall_ms=0.034153000 roc_wall_ms=0.088286000
sample n=64 lda=192 iteration=26 first=cdls cdls_ms=0.026921000 rocsolver_ms=0.080724001 cdls_submit_ms=0.002384000 roc_submit_ms=0.007261000 cdls_wall_ms=0.034393000 roc_wall_ms=0.088656000
sample n=64 lda=192 iteration=27 first=rocsolver cdls_ms=0.026641000 rocsolver_ms=0.078800000 cdls_submit_ms=0.002253000 roc_submit_ms=0.006550000 cdls_wall_ms=0.035254000 roc_wall_ms=0.087595000
sample n=64 lda=192 iteration=28 first=cdls cdls_ms=0.026681000 rocsolver_ms=0.079801999 cdls_submit_ms=0.001812000 roc_submit_ms=0.008282000 cdls_wall_ms=0.035204000 roc_wall_ms=0.088315000
sample n=64 lda=192 iteration=29 first=rocsolver cdls_ms=0.026601000 rocsolver_ms=0.077679001 cdls_submit_ms=0.002594000 roc_submit_ms=0.005899000 cdls_wall_ms=0.036206000 roc_wall_ms=0.086182000
bench n=64 lda=192 repeats=30 cdls_median_ms=0.026921 rocsolver_median_ms=0.080003 cdls_mean_ms=0.027066 rocsolver_mean_ms=0.080633 cdls_gflops=6.415215 workspace_bytes=12 roc_workspace_bytes=0 cdls_submit_ms=0.002183 roc_submit_ms=0.007311 cdls_wall_ms=0.034938 roc_wall_ms=0.088301 rocsolver_gflops=2.158719 speedup=2.971769
