device=AMD Instinct MI300A arch=gfx942:sramecc+:xnack- HIP=60443484 CUs=228 memory_bytes=137438953472 rocSOLVER=3.28.2.1b897f5 rocBLAS=4.4.1.f08d23e3 baseline=rocsolver_dgetrf_npvt fp64 seed=20261001 method=auto matrix=dense n=64 lda=192 offset=0 warmup=20 repeats=30
validate n=64 lda=192 kind=dense info=7/0 L_rel=2.5493e-17 U_rel=1.2316e-18 residual_scaled=2.4209e-02/2.4209e-02 cpu_residual_scaled=2.3512e-02/2.3513e-02 PASS
sample n=64 lda=192 iteration=0 first=cdls cdls_ms=0.027922001 rocsolver_ms=0.081926003 cdls_submit_ms=0.002775000 roc_submit_ms=0.009745000 cdls_wall_ms=0.042405000 roc_wall_ms=0.089487000
sample n=64 lda=192 iteration=1 first=rocsolver cdls_ms=0.026921000 rocsolver_ms=0.103598997 cdls_submit_ms=0.002504000 roc_submit_ms=0.031638000 cdls_wall_ms=0.035725000 roc_wall_ms=0.113073000
sample n=64 lda=192 iteration=2 first=cdls cdls_ms=0.026921000 rocsolver_ms=0.083167002 cdls_submit_ms=0.003145000 roc_submit_ms=0.010446000 cdls_wall_ms=0.035265000 roc_wall_ms=0.093133000
sample n=64 lda=192 iteration=3 first=rocsolver cdls_ms=0.028043000 rocsolver_ms=0.084248997 cdls_submit_ms=0.002814000 roc_submit_ms=0.010927000 cdls_wall_ms=0.038459000 roc_wall_ms=0.094425000
sample n=64 lda=192 iteration=4 first=cdls cdls_ms=0.026721001 rocsolver_ms=0.085771002 cdls_submit_ms=0.002353000 roc_submit_ms=0.011818000 cdls_wall_ms=0.034793000 roc_wall_ms=0.093423000
sample n=64 lda=192 iteration=5 first=rocsolver cdls_ms=0.028003000 rocsolver_ms=0.084689997 cdls_submit_ms=0.003355000 roc_submit_ms=0.011087000 cdls_wall_ms=0.038529000 roc_wall_ms=0.092582000
sample n=64 lda=192 iteration=6 first=cdls cdls_ms=0.026721001 rocsolver_ms=0.082286000 cdls_submit_ms=0.002424000 roc_submit_ms=0.008694000 cdls_wall_ms=0.034743000 roc_wall_ms=0.091941000
sample n=64 lda=192 iteration=7 first=rocsolver cdls_ms=0.026600000 rocsolver_ms=0.081524998 cdls_submit_ms=0.002303000 roc_submit_ms=0.009304000 cdls_wall_ms=0.035515000 roc_wall_ms=0.090779000
sample n=64 lda=192 iteration=8 first=cdls cdls_ms=0.026520999 rocsolver_ms=0.085211001 cdls_submit_ms=0.003255000 roc_submit_ms=0.008884000 cdls_wall_ms=0.035244000 roc_wall_ms=0.092982000
sample n=64 lda=192 iteration=9 first=rocsolver cdls_ms=0.026841000 rocsolver_ms=0.083206996 cdls_submit_ms=0.003936000 roc_submit_ms=0.010746000 cdls_wall_ms=0.037076000 roc_wall_ms=0.092091000
sample n=64 lda=192 iteration=10 first=cdls cdls_ms=0.027763000 rocsolver_ms=0.083287999 cdls_submit_ms=0.001863000 roc_submit_ms=0.010897000 cdls_wall_ms=0.038149000 roc_wall_ms=0.092842000
sample n=64 lda=192 iteration=11 first=rocsolver cdls_ms=0.027081000 rocsolver_ms=0.085652001 cdls_submit_ms=0.003806000 roc_submit_ms=0.013331000 cdls_wall_ms=0.036907000 roc_wall_ms=0.094094000
sample n=64 lda=192 iteration=12 first=cdls cdls_ms=0.026601000 rocsolver_ms=0.083287001 cdls_submit_ms=0.002614000 roc_submit_ms=0.010115000 cdls_wall_ms=0.037016000 roc_wall_ms=0.090779000
sample n=64 lda=192 iteration=13 first=rocsolver cdls_ms=0.028123001 rocsolver_ms=0.086492002 cdls_submit_ms=0.003496000 roc_submit_ms=0.012759000 cdls_wall_ms=0.036285000 roc_wall_ms=0.093814000
sample n=64 lda=192 iteration=14 first=cdls cdls_ms=0.029324999 rocsolver_ms=0.086372003 cdls_submit_ms=0.003405000 roc_submit_ms=0.012559000 cdls_wall_ms=0.036916000 roc_wall_ms=0.096558000
sample n=64 lda=192 iteration=15 first=rocsolver cdls_ms=0.026841000 rocsolver_ms=0.088376001 cdls_submit_ms=0.002914000 roc_submit_ms=0.014973000 cdls_wall_ms=0.036937000 roc_wall_ms=0.096779000
sample n=64 lda=192 iteration=16 first=cdls cdls_ms=0.028523000 rocsolver_ms=0.085410997 cdls_submit_ms=0.002914000 roc_submit_ms=0.014122000 cdls_wall_ms=0.038099000 roc_wall_ms=0.095016000
sample n=64 lda=192 iteration=17 first=rocsolver cdls_ms=0.026921000 rocsolver_ms=0.081565000 cdls_submit_ms=0.002604000 roc_submit_ms=0.009966000 cdls_wall_ms=0.036036000 roc_wall_ms=0.091721000
sample n=64 lda=192 iteration=18 first=cdls cdls_ms=0.027040999 rocsolver_ms=0.084569998 cdls_submit_ms=0.002994000 roc_submit_ms=0.011758000 cdls_wall_ms=0.036456000 roc_wall_ms=0.093443000
sample n=64 lda=192 iteration=19 first=rocsolver cdls_ms=0.027040999 rocsolver_ms=0.097268999 cdls_submit_ms=0.002945000 roc_submit_ms=0.023686000 cdls_wall_ms=0.035805000 roc_wall_ms=0.106894000
sample n=64 lda=192 iteration=20 first=cdls cdls_ms=0.027362000 rocsolver_ms=0.084729999 cdls_submit_ms=0.003605000 roc_submit_ms=0.012069000 cdls_wall_ms=0.037137000 roc_wall_ms=0.093563000
sample n=64 lda=192 iteration=21 first=rocsolver cdls_ms=0.026922001 rocsolver_ms=0.080003001 cdls_submit_ms=0.003335000 roc_submit_ms=0.009404000 cdls_wall_ms=0.037487000 roc_wall_ms=0.088966000
sample n=64 lda=192 iteration=22 first=cdls cdls_ms=0.027082000 rocsolver_ms=0.085211001 cdls_submit_ms=0.003866000 roc_submit_ms=0.012159000 cdls_wall_ms=0.036205000 roc_wall_ms=0.093754000
sample n=64 lda=192 iteration=23 first=rocsolver cdls_ms=0.026560999 rocsolver_ms=0.087654002 cdls_submit_ms=0.002614000 roc_submit_ms=0.013140000 cdls_wall_ms=0.035424000 roc_wall_ms=0.095426000
sample n=64 lda=192 iteration=24 first=cdls cdls_ms=0.027082000 rocsolver_ms=0.081124000 cdls_submit_ms=0.002964000 roc_submit_ms=0.008954000 cdls_wall_ms=0.035315000 roc_wall_ms=0.090629000
sample n=64 lda=192 iteration=25 first=rocsolver cdls_ms=0.026921000 rocsolver_ms=0.087252997 cdls_submit_ms=0.002985000 roc_submit_ms=0.013621000 cdls_wall_ms=0.035804000 roc_wall_ms=0.094505000
sample n=64 lda=192 iteration=26 first=cdls cdls_ms=0.027082000 rocsolver_ms=0.081565000 cdls_submit_ms=0.003275000 roc_submit_ms=0.008112000 cdls_wall_ms=0.036656000 roc_wall_ms=0.092272000
sample n=64 lda=192 iteration=27 first=rocsolver cdls_ms=0.027122000 rocsolver_ms=0.084128998 cdls_submit_ms=0.003375000 roc_submit_ms=0.010205000 cdls_wall_ms=0.035154000 roc_wall_ms=0.091681000
sample n=64 lda=192 iteration=28 first=cdls cdls_ms=0.026962001 rocsolver_ms=0.081644997 cdls_submit_ms=0.002715000 roc_submit_ms=0.008233000 cdls_wall_ms=0.035315000 roc_wall_ms=0.090789000
sample n=64 lda=192 iteration=29 first=rocsolver cdls_ms=0.029044000 rocsolver_ms=0.084610000 cdls_submit_ms=0.004527000 roc_submit_ms=0.011408000 cdls_wall_ms=0.036196000 roc_wall_ms=0.092241000
bench n=64 lda=192 repeats=30 cdls_median_ms=0.027041 rocsolver_median_ms=0.084590 cdls_mean_ms=0.027287 rocsolver_mean_ms=0.085195 cdls_gflops=6.386746 workspace_bytes=12 roc_workspace_bytes=0 cdls_submit_ms=0.002974 roc_submit_ms=0.011007 cdls_wall_ms=0.036245 roc_wall_ms=0.093057 rocsolver_gflops=2.041660 speedup=3.128213
