device=AMD Instinct MI300A arch=gfx942:sramecc+:xnack- HIP=60443484 CUs=228 memory_bytes=137438953472 rocSOLVER=3.28.2.1b897f5 rocBLAS=4.4.1.f08d23e3 baseline=rocsolver_dgetrf fp64 seed=20261001 method=auto matrix=dense n=8192 lda=8192 offset=0 warmup=5 repeats=20
validate n=8192 lda=8192 kind=dense info=7/0 L_rel=7.1539e-16 U_rel=2.1336e-15 residual_scaled=1.2306e-03/3.9620e-04 PASS
sample n=8192 lda=8192 iteration=0 first=cdls cdls_ms=18.335895538 rocsolver_ms=118.539009094 cdls_submit_ms=0.486727000 roc_submit_ms=116.196982000 cdls_wall_ms=18.352793000 roc_wall_ms=118.546470000
sample n=8192 lda=8192 iteration=1 first=rocsolver cdls_ms=18.611940384 rocsolver_ms=120.191062927 cdls_submit_ms=0.711142000 roc_submit_ms=117.735956000 cdls_wall_ms=18.622146000 roc_wall_ms=120.198687000
sample n=8192 lda=8192 iteration=2 first=cdls cdls_ms=18.547439575 rocsolver_ms=120.982612610 cdls_submit_ms=0.199076000 roc_submit_ms=118.518988000 cdls_wall_ms=18.555194000 roc_wall_ms=120.989903000
sample n=8192 lda=8192 iteration=3 first=rocsolver cdls_ms=18.658651352 rocsolver_ms=119.527549744 cdls_submit_ms=0.710791000 roc_submit_ms=117.107931000 cdls_wall_ms=18.666915000 roc_wall_ms=119.535539000
sample n=8192 lda=8192 iteration=4 first=cdls cdls_ms=18.432184219 rocsolver_ms=125.460990906 cdls_submit_ms=0.176551000 roc_submit_ms=122.994230000 cdls_wall_ms=18.440267000 roc_wall_ms=125.469561000
sample n=8192 lda=8192 iteration=5 first=rocsolver cdls_ms=18.865167618 rocsolver_ms=119.006706238 cdls_submit_ms=0.706986000 roc_submit_ms=116.440096000 cdls_wall_ms=18.874133000 roc_wall_ms=119.015249000
sample n=8192 lda=8192 iteration=6 first=cdls cdls_ms=18.392854691 rocsolver_ms=121.315170288 cdls_submit_ms=0.180437000 roc_submit_ms=118.692915000 cdls_wall_ms=18.403700000 roc_wall_ms=121.323344000
sample n=8192 lda=8192 iteration=7 first=rocsolver cdls_ms=18.850175858 rocsolver_ms=120.598518372 cdls_submit_ms=0.771805000 roc_submit_ms=118.237115000 cdls_wall_ms=18.858820000 roc_wall_ms=120.607715000
sample n=8192 lda=8192 iteration=8 first=cdls cdls_ms=18.549463272 rocsolver_ms=119.200119019 cdls_submit_ms=0.201019000 roc_submit_ms=116.655195000 cdls_wall_ms=18.557136000 roc_wall_ms=119.209457000
sample n=8192 lda=8192 iteration=9 first=rocsolver cdls_ms=18.740396500 rocsolver_ms=118.658325195 cdls_submit_ms=0.694697000 roc_submit_ms=116.098591000 cdls_wall_ms=18.750924000 roc_wall_ms=118.667495000
sample n=8192 lda=8192 iteration=10 first=cdls cdls_ms=18.456512451 rocsolver_ms=126.400039673 cdls_submit_ms=0.199096000 roc_submit_ms=123.867229000 cdls_wall_ms=18.464134000 roc_wall_ms=126.408081000
sample n=8192 lda=8192 iteration=11 first=rocsolver cdls_ms=18.688859940 rocsolver_ms=118.467819214 cdls_submit_ms=0.707076000 roc_submit_ms=115.850950000 cdls_wall_ms=18.699004000 roc_wall_ms=118.475370000
sample n=8192 lda=8192 iteration=12 first=cdls cdls_ms=18.464614868 rocsolver_ms=121.246261597 cdls_submit_ms=0.199627000 roc_submit_ms=118.666614000 cdls_wall_ms=18.473748000 roc_wall_ms=121.253636000
sample n=8192 lda=8192 iteration=13 first=rocsolver cdls_ms=18.424381256 rocsolver_ms=120.222442627 cdls_submit_ms=0.369317000 roc_submit_ms=117.635731000 cdls_wall_ms=18.433076000 roc_wall_ms=120.231096000
sample n=8192 lda=8192 iteration=14 first=cdls cdls_ms=18.495180130 rocsolver_ms=121.129356384 cdls_submit_ms=0.196412000 roc_submit_ms=118.433765000 cdls_wall_ms=18.502423000 roc_wall_ms=121.136486000
sample n=8192 lda=8192 iteration=15 first=rocsolver cdls_ms=18.652692795 rocsolver_ms=118.863174438 cdls_submit_ms=0.752425000 roc_submit_ms=116.166573000 cdls_wall_ms=18.661666000 roc_wall_ms=118.870976000
sample n=8192 lda=8192 iteration=16 first=cdls cdls_ms=18.502891541 rocsolver_ms=126.864997864 cdls_submit_ms=0.190612000 roc_submit_ms=124.250878000 cdls_wall_ms=18.512448000 roc_wall_ms=126.872634000
sample n=8192 lda=8192 iteration=17 first=rocsolver cdls_ms=18.566299438 rocsolver_ms=118.891876221 cdls_submit_ms=0.549925000 roc_submit_ms=116.422507000 cdls_wall_ms=18.576065000 roc_wall_ms=118.900892000
sample n=8192 lda=8192 iteration=18 first=cdls cdls_ms=18.669960022 rocsolver_ms=126.762893677 cdls_submit_ms=0.185465000 roc_submit_ms=124.121089000 cdls_wall_ms=18.678543000 roc_wall_ms=126.770877000
sample n=8192 lda=8192 iteration=19 first=rocsolver cdls_ms=18.703109741 rocsolver_ms=119.175598145 cdls_submit_ms=0.720746000 roc_submit_ms=116.678620000 cdls_wall_ms=18.712995000 roc_wall_ms=119.182956000
bench n=8192 lda=8192 repeats=20 cdls_median_ms=18.557881 rocsolver_median_ms=120.206753 cdls_mean_ms=18.580434 rocsolver_mean_ms=121.075226 cdls_gflops=19747.422301 workspace_bytes=65544 roc_workspace_bytes=34178304 cdls_submit_ms=0.428022 roc_submit_ms=117.685844 cdls_wall_ms=18.566600 roc_wall_ms=120.214891 rocsolver_gflops=3048.666665 speedup=6.477396
