device=AMD Instinct MI300A arch=gfx942:sramecc+:xnack- HIP=60443484 CUs=228 memory_bytes=137438953472 rocSOLVER=3.28.2.1b897f5 rocBLAS=4.4.1.f08d23e3 baseline=rocsolver_dgetrf_npvt fp64 seed=20261001 method=auto matrix=dense n=16384 lda=16384 offset=0 warmup=5 repeats=30
validate n=16384 lda=16384 kind=dense info=7/0 L_rel=5.6795e-16 U_rel=1.7038e-15 residual_scaled=4.9962e-04/2.0443e-04 PASS
sample n=16384 lda=16384 iteration=0 first=cdls cdls_ms=102.718521118 rocsolver_ms=109.148765564 cdls_submit_ms=1.353514000 roc_submit_ms=67.415223000 cdls_wall_ms=102.734084000 roc_wall_ms=109.158809000
sample n=16384 lda=16384 iteration=1 first=rocsolver cdls_ms=103.103248596 rocsolver_ms=111.021629333 cdls_submit_ms=1.650739000 roc_submit_ms=45.291082000 cdls_wall_ms=103.112344000 roc_wall_ms=111.529371000
sample n=16384 lda=16384 iteration=2 first=cdls cdls_ms=102.942466736 rocsolver_ms=110.238464355 cdls_submit_ms=0.566328000 roc_submit_ms=68.211083000 cdls_wall_ms=102.952439000 roc_wall_ms=110.246105000
sample n=16384 lda=16384 iteration=3 first=rocsolver cdls_ms=103.633377075 rocsolver_ms=111.194221497 cdls_submit_ms=1.345842000 roc_submit_ms=45.530388000 cdls_wall_ms=104.313354000 roc_wall_ms=111.676097000
sample n=16384 lda=16384 iteration=4 first=cdls cdls_ms=102.826881409 rocsolver_ms=110.710708618 cdls_submit_ms=0.491323000 roc_submit_ms=68.284666000 cdls_wall_ms=102.835220000 roc_wall_ms=110.717878000
sample n=16384 lda=16384 iteration=5 first=rocsolver cdls_ms=103.414970398 rocsolver_ms=111.332252502 cdls_submit_ms=1.327073000 roc_submit_ms=45.636681000 cdls_wall_ms=104.092105000 roc_wall_ms=111.823032000
sample n=16384 lda=16384 iteration=6 first=cdls cdls_ms=102.876945496 rocsolver_ms=110.013061523 cdls_submit_ms=0.510572000 roc_submit_ms=67.611965000 cdls_wall_ms=102.885055000 roc_wall_ms=110.020639000
sample n=16384 lda=16384 iteration=7 first=rocsolver cdls_ms=104.419059753 rocsolver_ms=111.572471619 cdls_submit_ms=1.333574000 roc_submit_ms=45.623831000 cdls_wall_ms=105.080740000 roc_wall_ms=112.055217000
sample n=16384 lda=16384 iteration=8 first=cdls cdls_ms=103.369621277 rocsolver_ms=111.354110718 cdls_submit_ms=0.513637000 roc_submit_ms=68.827887000 cdls_wall_ms=103.378021000 roc_wall_ms=111.362305000
sample n=16384 lda=16384 iteration=9 first=rocsolver cdls_ms=104.997108459 rocsolver_ms=112.409690857 cdls_submit_ms=1.947335000 roc_submit_ms=45.913916000 cdls_wall_ms=105.005755000 roc_wall_ms=112.880732000
sample n=16384 lda=16384 iteration=10 first=cdls cdls_ms=103.998138428 rocsolver_ms=111.298645020 cdls_submit_ms=0.467006000 roc_submit_ms=68.331618000 cdls_wall_ms=104.007335000 roc_wall_ms=111.306240000
sample n=16384 lda=16384 iteration=11 first=rocsolver cdls_ms=103.835678101 rocsolver_ms=112.825698853 cdls_submit_ms=1.548412000 roc_submit_ms=45.956100000 cdls_wall_ms=104.140188000 roc_wall_ms=113.295608000
sample n=16384 lda=16384 iteration=12 first=cdls cdls_ms=103.714057922 rocsolver_ms=111.070007324 cdls_submit_ms=0.502621000 roc_submit_ms=67.859715000 cdls_wall_ms=103.722699000 roc_wall_ms=111.077639000
sample n=16384 lda=16384 iteration=13 first=rocsolver cdls_ms=104.551086426 rocsolver_ms=112.049522400 cdls_submit_ms=1.998463000 roc_submit_ms=45.925434000 cdls_wall_ms=104.559501000 roc_wall_ms=112.563245000
sample n=16384 lda=16384 iteration=14 first=cdls cdls_ms=103.700553894 rocsolver_ms=111.462104797 cdls_submit_ms=0.501368000 roc_submit_ms=68.476299000 cdls_wall_ms=103.708397000 roc_wall_ms=111.470581000
sample n=16384 lda=16384 iteration=15 first=rocsolver cdls_ms=104.775375366 rocsolver_ms=112.066917419 cdls_submit_ms=1.457323000 roc_submit_ms=45.046978000 cdls_wall_ms=105.287837000 roc_wall_ms=112.538417000
sample n=16384 lda=16384 iteration=16 first=cdls cdls_ms=103.646354675 rocsolver_ms=111.893066406 cdls_submit_ms=0.476861000 roc_submit_ms=68.840457000 cdls_wall_ms=103.655005000 roc_wall_ms=111.902934000
sample n=16384 lda=16384 iteration=17 first=rocsolver cdls_ms=104.227005005 rocsolver_ms=112.571220398 cdls_submit_ms=1.322527000 roc_submit_ms=46.029873000 cdls_wall_ms=104.928457000 roc_wall_ms=112.683230000
sample n=16384 lda=16384 iteration=18 first=cdls cdls_ms=104.498832703 rocsolver_ms=111.832000732 cdls_submit_ms=0.476560000 roc_submit_ms=68.433554000 cdls_wall_ms=104.508262000 roc_wall_ms=111.840077000
sample n=16384 lda=16384 iteration=19 first=rocsolver cdls_ms=105.118286133 rocsolver_ms=113.345825195 cdls_submit_ms=1.349267000 roc_submit_ms=46.679008000 cdls_wall_ms=105.790978000 roc_wall_ms=113.354578000
sample n=16384 lda=16384 iteration=20 first=cdls cdls_ms=103.657653809 rocsolver_ms=111.522277832 cdls_submit_ms=0.494347000 roc_submit_ms=68.432071000 cdls_wall_ms=103.666743000 roc_wall_ms=111.530442000
sample n=16384 lda=16384 iteration=21 first=rocsolver cdls_ms=104.694053650 rocsolver_ms=112.876358032 cdls_submit_ms=1.732014000 roc_submit_ms=45.946736000 cdls_wall_ms=105.003171000 roc_wall_ms=112.886261000
sample n=16384 lda=16384 iteration=22 first=cdls cdls_ms=104.936454773 rocsolver_ms=112.248680115 cdls_submit_ms=0.506416000 roc_submit_ms=69.008084000 cdls_wall_ms=104.944080000 roc_wall_ms=112.256716000
sample n=16384 lda=16384 iteration=23 first=rocsolver cdls_ms=105.033172607 rocsolver_ms=113.344650269 cdls_submit_ms=1.336648000 roc_submit_ms=46.021311000 cdls_wall_ms=105.712258000 roc_wall_ms=113.353636000
sample n=16384 lda=16384 iteration=24 first=cdls cdls_ms=104.593490601 rocsolver_ms=112.427047729 cdls_submit_ms=0.484633000 roc_submit_ms=68.792103000 cdls_wall_ms=104.602578000 roc_wall_ms=112.436661000
sample n=16384 lda=16384 iteration=25 first=rocsolver cdls_ms=105.419586182 rocsolver_ms=113.350730896 cdls_submit_ms=1.337339000 roc_submit_ms=45.899574000 cdls_wall_ms=106.101243000 roc_wall_ms=113.824188000
sample n=16384 lda=16384 iteration=26 first=cdls cdls_ms=105.023757935 rocsolver_ms=112.743682861 cdls_submit_ms=0.479384000 roc_submit_ms=69.196152000 cdls_wall_ms=105.033047000 roc_wall_ms=112.753807000
sample n=16384 lda=16384 iteration=27 first=rocsolver cdls_ms=105.030647278 rocsolver_ms=113.440513611 cdls_submit_ms=1.341906000 roc_submit_ms=46.014490000 cdls_wall_ms=105.710915000 roc_wall_ms=113.910970000
sample n=16384 lda=16384 iteration=28 first=cdls cdls_ms=104.852142334 rocsolver_ms=112.708595276 cdls_submit_ms=0.469289000 roc_submit_ms=69.269034000 cdls_wall_ms=104.859731000 roc_wall_ms=112.719305000
sample n=16384 lda=16384 iteration=29 first=rocsolver cdls_ms=105.834350586 rocsolver_ms=112.927940369 cdls_submit_ms=2.018483000 roc_submit_ms=45.445828000 cdls_wall_ms=105.844400000 roc_wall_ms=113.400879000
bench n=16384 lda=16384 repeats=30 cdls_median_ms=104.323032 rocsolver_median_ms=111.971294 cdls_mean_ms=104.181429 rocsolver_mean_ms=111.900029 cdls_gflops=28104.021903 workspace_bytes=262152 roc_workspace_bytes=67765440 cdls_submit_ms=1.324800 roc_submit_ms=57.047116 cdls_wall_ms=104.533882 roc_wall_ms=112.155967 rocsolver_gflops=26184.360934 speedup=1.073313
