device=AMD Instinct MI300A arch=gfx942:sramecc+:xnack- HIP=60443484 CUs=228 memory_bytes=137438953472 rocSOLVER=3.28.2.1b897f5 rocBLAS=4.4.1.f08d23e3 baseline=rocsolver_dgetrf_npvt fp64 seed=20261001 method=auto matrix=dense n=8192 lda=16384 offset=0 warmup=5 repeats=30
validate n=8192 lda=16384 kind=dense info=7/0 L_rel=7.2829e-16 U_rel=2.1479e-15 residual_scaled=1.2306e-03/3.9221e-04 PASS
sample n=8192 lda=16384 iteration=0 first=cdls cdls_ms=18.535480499 rocsolver_ms=26.079038620 cdls_submit_ms=0.280330000 roc_submit_ms=9.710580000 cdls_wall_ms=18.796814000 roc_wall_ms=26.089496000
sample n=8192 lda=16384 iteration=1 first=rocsolver cdls_ms=18.798496246 rocsolver_ms=26.299818039 cdls_submit_ms=0.630236000 roc_submit_ms=12.216333000 cdls_wall_ms=19.167852000 roc_wall_ms=26.643526000
sample n=8192 lda=16384 iteration=2 first=cdls cdls_ms=18.426956177 rocsolver_ms=26.051616669 cdls_submit_ms=0.135217000 roc_submit_ms=9.495290000 cdls_wall_ms=18.436340000 roc_wall_ms=26.060631000
sample n=8192 lda=16384 iteration=3 first=rocsolver cdls_ms=18.660152435 rocsolver_ms=26.566064835 cdls_submit_ms=0.631519000 roc_submit_ms=12.462209000 cdls_wall_ms=19.045354000 roc_wall_ms=26.928352000
sample n=8192 lda=16384 iteration=4 first=cdls cdls_ms=18.325820923 rocsolver_ms=25.876848221 cdls_submit_ms=0.248611000 roc_submit_ms=9.317258000 cdls_wall_ms=18.337188000 roc_wall_ms=25.884622000
sample n=8192 lda=16384 iteration=5 first=rocsolver cdls_ms=18.624717712 rocsolver_ms=26.692220688 cdls_submit_ms=0.665500000 roc_submit_ms=12.246099000 cdls_wall_ms=19.023370000 roc_wall_ms=27.072613000
sample n=8192 lda=16384 iteration=6 first=cdls cdls_ms=18.419843674 rocsolver_ms=26.040660858 cdls_submit_ms=0.456540000 roc_submit_ms=9.335996000 cdls_wall_ms=18.427517000 roc_wall_ms=26.048382000
sample n=8192 lda=16384 iteration=7 first=rocsolver cdls_ms=18.690200806 rocsolver_ms=26.439149857 cdls_submit_ms=0.636206000 roc_submit_ms=11.960040000 cdls_wall_ms=19.048529000 roc_wall_ms=26.815008000
sample n=8192 lda=16384 iteration=8 first=cdls cdls_ms=18.591968536 rocsolver_ms=26.063194275 cdls_submit_ms=0.310726000 roc_submit_ms=9.227810000 cdls_wall_ms=18.601033000 roc_wall_ms=26.072289000
sample n=8192 lda=16384 iteration=9 first=rocsolver cdls_ms=18.832015991 rocsolver_ms=26.613687515 cdls_submit_ms=0.669517000 roc_submit_ms=10.932984000 cdls_wall_ms=19.177437000 roc_wall_ms=26.965880000
sample n=8192 lda=16384 iteration=10 first=cdls cdls_ms=18.303855896 rocsolver_ms=25.996812820 cdls_submit_ms=0.190271000 roc_submit_ms=9.140066000 cdls_wall_ms=18.314042000 roc_wall_ms=26.004816000
sample n=8192 lda=16384 iteration=11 first=rocsolver cdls_ms=18.933662415 rocsolver_ms=26.774986267 cdls_submit_ms=0.623977000 roc_submit_ms=10.382270000 cdls_wall_ms=19.283680000 roc_wall_ms=27.114708000
sample n=8192 lda=16384 iteration=12 first=cdls cdls_ms=18.538455963 rocsolver_ms=26.148096085 cdls_submit_ms=0.200387000 roc_submit_ms=9.060874000 cdls_wall_ms=18.547060000 roc_wall_ms=26.156859000
sample n=8192 lda=16384 iteration=13 first=rocsolver cdls_ms=19.100959778 rocsolver_ms=26.696956635 cdls_submit_ms=0.991190000 roc_submit_ms=10.696842000 cdls_wall_ms=19.111375000 roc_wall_ms=27.033953000
sample n=8192 lda=16384 iteration=14 first=cdls cdls_ms=18.561731339 rocsolver_ms=26.076995850 cdls_submit_ms=0.222291000 roc_submit_ms=9.153176000 cdls_wall_ms=18.571608000 roc_wall_ms=26.084057000
sample n=8192 lda=16384 iteration=15 first=rocsolver cdls_ms=18.722637177 rocsolver_ms=26.732740402 cdls_submit_ms=0.648975000 roc_submit_ms=10.641667000 cdls_wall_ms=19.066666000 roc_wall_ms=27.073915000
sample n=8192 lda=16384 iteration=16 first=cdls cdls_ms=18.509441376 rocsolver_ms=26.118007660 cdls_submit_ms=0.278106000 roc_submit_ms=9.090519000 cdls_wall_ms=18.517965000 roc_wall_ms=26.124970000
sample n=8192 lda=16384 iteration=17 first=rocsolver cdls_ms=18.821439743 rocsolver_ms=26.796548843 cdls_submit_ms=0.644048000 roc_submit_ms=10.644673000 cdls_wall_ms=19.174712000 roc_wall_ms=26.806205000
sample n=8192 lda=16384 iteration=18 first=cdls cdls_ms=18.498643875 rocsolver_ms=26.086460114 cdls_submit_ms=0.287431000 roc_submit_ms=9.130391000 cdls_wall_ms=18.506989000 roc_wall_ms=26.095635000
sample n=8192 lda=16384 iteration=19 first=rocsolver cdls_ms=18.685651779 rocsolver_ms=26.850921631 cdls_submit_ms=0.798684000 roc_submit_ms=10.583719000 cdls_wall_ms=18.692823000 roc_wall_ms=27.182422000
sample n=8192 lda=16384 iteration=20 first=cdls cdls_ms=18.491134644 rocsolver_ms=26.234085083 cdls_submit_ms=0.187166000 roc_submit_ms=9.253970000 cdls_wall_ms=18.521682000 roc_wall_ms=26.244073000
sample n=8192 lda=16384 iteration=21 first=rocsolver cdls_ms=18.984779358 rocsolver_ms=26.854068756 cdls_submit_ms=0.965881000 roc_submit_ms=11.071587000 cdls_wall_ms=18.992894000 roc_wall_ms=27.203984000
sample n=8192 lda=16384 iteration=22 first=cdls cdls_ms=18.617507935 rocsolver_ms=26.104829788 cdls_submit_ms=0.185324000 roc_submit_ms=9.259108000 cdls_wall_ms=18.646733000 roc_wall_ms=26.113202000
sample n=8192 lda=16384 iteration=23 first=rocsolver cdls_ms=19.310869217 rocsolver_ms=26.880168915 cdls_submit_ms=0.975856000 roc_submit_ms=10.662690000 cdls_wall_ms=19.321037000 roc_wall_ms=27.222303000
sample n=8192 lda=16384 iteration=24 first=cdls cdls_ms=18.601604462 rocsolver_ms=26.230209351 cdls_submit_ms=0.198073000 roc_submit_ms=9.192847000 cdls_wall_ms=18.629106000 roc_wall_ms=26.239255000
sample n=8192 lda=16384 iteration=25 first=rocsolver cdls_ms=18.788528442 rocsolver_ms=26.690996170 cdls_submit_ms=0.808780000 roc_submit_ms=10.638202000 cdls_wall_ms=18.797945000 roc_wall_ms=27.026422000
sample n=8192 lda=16384 iteration=26 first=cdls cdls_ms=18.824504852 rocsolver_ms=26.275989532 cdls_submit_ms=0.248190000 roc_submit_ms=9.268523000 cdls_wall_ms=18.833048000 roc_wall_ms=26.284024000
sample n=8192 lda=16384 iteration=27 first=rocsolver cdls_ms=18.905279160 rocsolver_ms=26.978187561 cdls_submit_ms=0.632279000 roc_submit_ms=10.588817000 cdls_wall_ms=19.256628000 roc_wall_ms=27.321995000
sample n=8192 lda=16384 iteration=28 first=cdls cdls_ms=18.664447784 rocsolver_ms=26.238704681 cdls_submit_ms=0.202020000 roc_submit_ms=9.171574000 cdls_wall_ms=18.672843000 roc_wall_ms=26.247659000
sample n=8192 lda=16384 iteration=29 first=rocsolver cdls_ms=18.945360184 rocsolver_ms=26.682903290 cdls_submit_ms=0.620030000 roc_submit_ms=10.586042000 cdls_wall_ms=19.292994000 roc_wall_ms=27.026903000
bench n=8192 lda=16384 repeats=30 cdls_median_ms=18.662300 rocsolver_median_ms=26.287904 cdls_mean_ms=18.690538 rocsolver_mean_ms=26.405699 cdls_gflops=19636.932102 workspace_bytes=65544 roc_workspace_bytes=34145472 cdls_submit_ms=0.538285 roc_submit_ms=10.046425 cdls_wall_ms=18.797379 roc_wall_ms=26.463775 rocsolver_gflops=13940.644454 speedup=1.408610
