device=AMD Instinct MI300A arch=gfx942:sramecc+:xnack- HIP=60443484 CUs=228 memory_bytes=137438953472 rocSOLVER=3.28.2.1b897f5 rocBLAS=4.4.1.f08d23e3 baseline=rocsolver_dgetrf_npvt fp64 seed=20261001 method=auto matrix=dense n=2048 lda=4096 offset=0 warmup=5 repeats=30
validate n=2048 lda=4096 kind=dense info=7/0 L_rel=8.1213e-16 U_rel=2.0337e-15 residual_scaled=4.3742e-03/1.2203e-03 PASS
sample n=2048 lda=4096 iteration=0 first=cdls cdls_ms=1.735980988 rocsolver_ms=4.054165840 cdls_submit_ms=0.007401000 roc_submit_ms=2.171410000 cdls_wall_ms=1.751435000 roc_wall_ms=4.061899000
sample n=2048 lda=4096 iteration=1 first=rocsolver cdls_ms=1.734779954 rocsolver_ms=4.470064163 cdls_submit_ms=0.009505000 roc_submit_ms=3.963717000 cdls_wall_ms=1.743793000 roc_wall_ms=4.478698000
sample n=2048 lda=4096 iteration=2 first=cdls cdls_ms=1.704614043 rocsolver_ms=4.053044796 cdls_submit_ms=0.008113000 roc_submit_ms=2.258213000 cdls_wall_ms=1.713838000 roc_wall_ms=4.060456000
sample n=2048 lda=4096 iteration=3 first=rocsolver cdls_ms=1.738105059 rocsolver_ms=4.487380028 cdls_submit_ms=0.009114000 roc_submit_ms=3.968235000 cdls_wall_ms=1.746157000 roc_wall_ms=4.496235000
sample n=2048 lda=4096 iteration=4 first=cdls cdls_ms=1.711344004 rocsolver_ms=4.069509983 cdls_submit_ms=0.008563000 roc_submit_ms=2.272044000 cdls_wall_ms=1.719516000 roc_wall_ms=4.076451000
sample n=2048 lda=4096 iteration=5 first=rocsolver cdls_ms=1.742831945 rocsolver_ms=4.452597141 cdls_submit_ms=0.008633000 roc_submit_ms=4.005922000 cdls_wall_ms=1.750865000 roc_wall_ms=4.461181000
sample n=2048 lda=4096 iteration=6 first=cdls cdls_ms=1.712026000 rocsolver_ms=4.088108063 cdls_submit_ms=0.008663000 roc_submit_ms=2.281138000 cdls_wall_ms=1.721049000 roc_wall_ms=4.096361000
sample n=2048 lda=4096 iteration=7 first=rocsolver cdls_ms=1.734298944 rocsolver_ms=4.539269924 cdls_submit_ms=0.015724000 roc_submit_ms=4.076711000 cdls_wall_ms=1.743343000 roc_wall_ms=4.546843000
sample n=2048 lda=4096 iteration=8 first=cdls cdls_ms=1.688709021 rocsolver_ms=4.089789867 cdls_submit_ms=0.008043000 roc_submit_ms=2.280677000 cdls_wall_ms=1.696502000 roc_wall_ms=4.099886000
sample n=2048 lda=4096 iteration=9 first=rocsolver cdls_ms=1.777444959 rocsolver_ms=4.483914852 cdls_submit_ms=0.014653000 roc_submit_ms=4.082119000 cdls_wall_ms=1.784627000 roc_wall_ms=4.491968000
sample n=2048 lda=4096 iteration=10 first=cdls cdls_ms=1.732535958 rocsolver_ms=4.076560020 cdls_submit_ms=0.009024000 roc_submit_ms=2.227776000 cdls_wall_ms=1.740699000 roc_wall_ms=4.088689000
sample n=2048 lda=4096 iteration=11 first=rocsolver cdls_ms=1.795874000 rocsolver_ms=4.565680981 cdls_submit_ms=0.017046000 roc_submit_ms=4.171015000 cdls_wall_ms=1.804247000 roc_wall_ms=4.572792000
sample n=2048 lda=4096 iteration=12 first=cdls cdls_ms=1.695119023 rocsolver_ms=3.966722012 cdls_submit_ms=0.009635000 roc_submit_ms=2.277663000 cdls_wall_ms=1.703532000 roc_wall_ms=3.977870000
sample n=2048 lda=4096 iteration=13 first=rocsolver cdls_ms=1.737344027 rocsolver_ms=4.592852116 cdls_submit_ms=0.012500000 roc_submit_ms=4.070101000 cdls_wall_ms=1.745176000 roc_wall_ms=4.600815000
sample n=2048 lda=4096 iteration=14 first=cdls cdls_ms=1.737985015 rocsolver_ms=4.017128944 cdls_submit_ms=0.007652000 roc_submit_ms=2.313337000 cdls_wall_ms=1.869006000 roc_wall_ms=4.025283000
sample n=2048 lda=4096 iteration=15 first=rocsolver cdls_ms=1.763983965 rocsolver_ms=4.593452930 cdls_submit_ms=0.015734000 roc_submit_ms=4.198378000 cdls_wall_ms=1.773059000 roc_wall_ms=4.600845000
sample n=2048 lda=4096 iteration=16 first=cdls cdls_ms=1.688267946 rocsolver_ms=4.108139038 cdls_submit_ms=0.009224000 roc_submit_ms=2.286325000 cdls_wall_ms=1.697213000 roc_wall_ms=4.116512000
sample n=2048 lda=4096 iteration=17 first=rocsolver cdls_ms=1.732216001 rocsolver_ms=4.517206192 cdls_submit_ms=0.017317000 roc_submit_ms=4.117814000 cdls_wall_ms=1.740248000 roc_wall_ms=4.524488000
sample n=2048 lda=4096 iteration=18 first=cdls cdls_ms=1.711704969 rocsolver_ms=4.074596882 cdls_submit_ms=0.008934000 roc_submit_ms=2.251252000 cdls_wall_ms=1.857568000 roc_wall_ms=4.084913000
sample n=2048 lda=4096 iteration=19 first=rocsolver cdls_ms=1.768350959 rocsolver_ms=4.584448814 cdls_submit_ms=0.014432000 roc_submit_ms=4.193841000 cdls_wall_ms=1.776935000 roc_wall_ms=4.592712000
sample n=2048 lda=4096 iteration=20 first=cdls cdls_ms=1.722280025 rocsolver_ms=4.083271027 cdls_submit_ms=0.008253000 roc_submit_ms=2.260566000 cdls_wall_ms=1.729902000 roc_wall_ms=4.093146000
sample n=2048 lda=4096 iteration=21 first=rocsolver cdls_ms=1.737823963 rocsolver_ms=4.480821133 cdls_submit_ms=0.016755000 roc_submit_ms=4.065734000 cdls_wall_ms=1.744635000 roc_wall_ms=4.488462000
sample n=2048 lda=4096 iteration=22 first=cdls cdls_ms=1.716271996 rocsolver_ms=4.094597816 cdls_submit_ms=0.007792000 roc_submit_ms=2.257262000 cdls_wall_ms=1.723993000 roc_wall_ms=4.102881000
sample n=2048 lda=4096 iteration=23 first=rocsolver cdls_ms=1.789584041 rocsolver_ms=4.527270794 cdls_submit_ms=0.028433000 roc_submit_ms=4.106737000 cdls_wall_ms=1.797937000 roc_wall_ms=4.536125000
sample n=2048 lda=4096 iteration=24 first=cdls cdls_ms=1.721037984 rocsolver_ms=4.077081203 cdls_submit_ms=0.015153000 roc_submit_ms=2.233666000 cdls_wall_ms=1.730313000 roc_wall_ms=4.087328000
sample n=2048 lda=4096 iteration=25 first=rocsolver cdls_ms=1.816184998 rocsolver_ms=4.552741051 cdls_submit_ms=0.019099000 roc_submit_ms=4.117404000 cdls_wall_ms=1.822674000 roc_wall_ms=4.560773000
sample n=2048 lda=4096 iteration=26 first=cdls cdls_ms=1.737823963 rocsolver_ms=4.072484016 cdls_submit_ms=0.008153000 roc_submit_ms=2.238372000 cdls_wall_ms=1.745877000 roc_wall_ms=4.082300000
sample n=2048 lda=4096 iteration=27 first=rocsolver cdls_ms=1.780128956 rocsolver_ms=4.543085098 cdls_submit_ms=0.013821000 roc_submit_ms=4.142282000 cdls_wall_ms=1.789474000 roc_wall_ms=4.552120000
sample n=2048 lda=4096 iteration=28 first=cdls cdls_ms=1.685304046 rocsolver_ms=4.059655190 cdls_submit_ms=0.009374000 roc_submit_ms=2.231241000 cdls_wall_ms=1.693988000 roc_wall_ms=4.070271000
sample n=2048 lda=4096 iteration=29 first=rocsolver cdls_ms=1.779247999 rocsolver_ms=4.549756050 cdls_submit_ms=0.032750000 roc_submit_ms=4.069791000 cdls_wall_ms=1.788472000 roc_wall_ms=4.558711000
bench n=2048 lda=4096 repeats=30 cdls_median_ms=1.735380 rocsolver_median_ms=4.280368 cdls_mean_ms=1.737640 rocsolver_mean_ms=4.297513 cdls_gflops=3298.714988 workspace_bytes=4104 roc_workspace_bytes=8930496 cdls_submit_ms=0.009439 roc_submit_ms=3.138527 cdls_wall_ms=1.744905 roc_wall_ms=4.288847 rocsolver_gflops=1337.390955 speedup=2.466530
