device=AMD Instinct MI300A arch=gfx942:sramecc+:xnack- HIP=60443484 CUs=228 memory_bytes=137438953472 rocSOLVER=3.28.2.1b897f5 rocBLAS=4.4.1.f08d23e3 baseline=rocsolver_dgetrf_npvt fp64 seed=20261001 method=auto matrix=dense n=2048 lda=4096 offset=0 warmup=5 repeats=30
validate n=2048 lda=4096 kind=dense info=7/0 L_rel=8.1213e-16 U_rel=2.0337e-15 residual_scaled=4.3742e-03/1.2203e-03 PASS
sample n=2048 lda=4096 iteration=0 first=cdls cdls_ms=1.729732990 rocsolver_ms=4.080115795 cdls_submit_ms=0.015785000 roc_submit_ms=2.285304000 cdls_wall_ms=1.761601000 roc_wall_ms=4.088329000
sample n=2048 lda=4096 iteration=1 first=rocsolver cdls_ms=1.726567030 rocsolver_ms=4.693096161 cdls_submit_ms=0.011598000 roc_submit_ms=4.323058000 cdls_wall_ms=1.733729000 roc_wall_ms=4.699956000
sample n=2048 lda=4096 iteration=2 first=cdls cdls_ms=1.715510964 rocsolver_ms=4.059925079 cdls_submit_ms=0.007772000 roc_submit_ms=2.331625000 cdls_wall_ms=1.856376000 roc_wall_ms=4.068909000
sample n=2048 lda=4096 iteration=3 first=rocsolver cdls_ms=1.756293058 rocsolver_ms=4.640806198 cdls_submit_ms=0.012269000 roc_submit_ms=4.263798000 cdls_wall_ms=1.764315000 roc_wall_ms=4.648899000
sample n=2048 lda=4096 iteration=4 first=cdls cdls_ms=1.728129029 rocsolver_ms=4.065763950 cdls_submit_ms=0.016736000 roc_submit_ms=2.375953000 cdls_wall_ms=1.742692000 roc_wall_ms=4.073867000
sample n=2048 lda=4096 iteration=5 first=rocsolver cdls_ms=1.715590000 rocsolver_ms=4.655667782 cdls_submit_ms=0.010236000 roc_submit_ms=4.282777000 cdls_wall_ms=1.729482000 roc_wall_ms=4.670011000
sample n=2048 lda=4096 iteration=6 first=cdls cdls_ms=1.693917990 rocsolver_ms=4.071403027 cdls_submit_ms=0.008784000 roc_submit_ms=2.354410000 cdls_wall_ms=1.702150000 roc_wall_ms=4.078203000
sample n=2048 lda=4096 iteration=7 first=rocsolver cdls_ms=1.751605034 rocsolver_ms=4.609558105 cdls_submit_ms=0.016735000 roc_submit_ms=4.395821000 cdls_wall_ms=1.767680000 roc_wall_ms=4.630671000
sample n=2048 lda=4096 iteration=8 first=cdls cdls_ms=1.754009008 rocsolver_ms=4.065443039 cdls_submit_ms=0.020682000 roc_submit_ms=2.332646000 cdls_wall_ms=1.762492000 roc_wall_ms=4.078193000
sample n=2048 lda=4096 iteration=9 first=rocsolver cdls_ms=1.730573058 rocsolver_ms=4.805228233 cdls_submit_ms=0.019299000 roc_submit_ms=4.415180000 cdls_wall_ms=1.739036000 roc_wall_ms=4.811958000
sample n=2048 lda=4096 iteration=10 first=cdls cdls_ms=1.701529026 rocsolver_ms=4.075970173 cdls_submit_ms=0.013671000 roc_submit_ms=2.327499000 cdls_wall_ms=1.856917000 roc_wall_ms=4.091133000
sample n=2048 lda=4096 iteration=11 first=rocsolver cdls_ms=1.804085970 rocsolver_ms=4.740398884 cdls_submit_ms=0.017306000 roc_submit_ms=4.381278000 cdls_wall_ms=1.810887000 roc_wall_ms=4.747930000
sample n=2048 lda=4096 iteration=12 first=cdls cdls_ms=1.689671040 rocsolver_ms=4.088168144 cdls_submit_ms=0.007622000 roc_submit_ms=2.335812000 cdls_wall_ms=1.698003000 roc_wall_ms=4.100507000
sample n=2048 lda=4096 iteration=13 first=rocsolver cdls_ms=1.759096980 rocsolver_ms=4.781270981 cdls_submit_ms=0.019300000 roc_submit_ms=4.383701000 cdls_wall_ms=1.767139000 roc_wall_ms=4.789504000
sample n=2048 lda=4096 iteration=14 first=cdls cdls_ms=1.720358014 rocsolver_ms=4.016138077 cdls_submit_ms=0.010296000 roc_submit_ms=2.321449000 cdls_wall_ms=1.876839000 roc_wall_ms=4.024681000
sample n=2048 lda=4096 iteration=15 first=rocsolver cdls_ms=1.769193053 rocsolver_ms=4.710231781 cdls_submit_ms=0.015254000 roc_submit_ms=4.408309000 cdls_wall_ms=1.781242000 roc_wall_ms=4.722081000
sample n=2048 lda=4096 iteration=16 first=cdls cdls_ms=1.729171038 rocsolver_ms=4.070109844 cdls_submit_ms=0.009244000 roc_submit_ms=2.349572000 cdls_wall_ms=1.738075000 roc_wall_ms=4.078674000
sample n=2048 lda=4096 iteration=17 first=rocsolver cdls_ms=1.769953966 rocsolver_ms=4.644661903 cdls_submit_ms=0.016725000 roc_submit_ms=4.380086000 cdls_wall_ms=1.778016000 roc_wall_ms=4.658343000
sample n=2048 lda=4096 iteration=18 first=cdls cdls_ms=1.702890992 rocsolver_ms=4.086765766 cdls_submit_ms=0.008854000 roc_submit_ms=2.346478000 cdls_wall_ms=1.711024000 roc_wall_ms=4.099916000
sample n=2048 lda=4096 iteration=19 first=rocsolver cdls_ms=1.730813980 rocsolver_ms=4.694006920 cdls_submit_ms=0.017297000 roc_submit_ms=4.431406000 cdls_wall_ms=1.737784000 roc_wall_ms=4.707539000
sample n=2048 lda=4096 iteration=20 first=cdls cdls_ms=1.712105036 rocsolver_ms=4.089239120 cdls_submit_ms=0.007541000 roc_submit_ms=2.361701000 cdls_wall_ms=1.871570000 roc_wall_ms=4.101919000
sample n=2048 lda=4096 iteration=21 first=rocsolver cdls_ms=1.724763989 rocsolver_ms=4.670792103 cdls_submit_ms=0.016085000 roc_submit_ms=4.327896000 cdls_wall_ms=1.738836000 roc_wall_ms=4.684213000
sample n=2048 lda=4096 iteration=22 first=cdls cdls_ms=1.715950966 rocsolver_ms=4.081949234 cdls_submit_ms=0.016506000 roc_submit_ms=2.328330000 cdls_wall_ms=1.724485000 roc_wall_ms=4.096922000
sample n=2048 lda=4096 iteration=23 first=rocsolver cdls_ms=1.775122046 rocsolver_ms=4.750724792 cdls_submit_ms=0.014432000 roc_submit_ms=4.409883000 cdls_wall_ms=1.782163000 roc_wall_ms=4.758036000
sample n=2048 lda=4096 iteration=24 first=cdls cdls_ms=1.739225984 rocsolver_ms=4.089379787 cdls_submit_ms=0.012849000 roc_submit_ms=2.331145000 cdls_wall_ms=1.747319000 roc_wall_ms=4.096692000
sample n=2048 lda=4096 iteration=25 first=rocsolver cdls_ms=1.787660956 rocsolver_ms=4.651963234 cdls_submit_ms=0.019289000 roc_submit_ms=4.335969000 cdls_wall_ms=1.795983000 roc_wall_ms=4.660025000
sample n=2048 lda=4096 iteration=26 first=cdls cdls_ms=1.711384058 rocsolver_ms=4.093255997 cdls_submit_ms=0.008634000 roc_submit_ms=2.366189000 cdls_wall_ms=1.874354000 roc_wall_ms=4.110303000
sample n=2048 lda=4096 iteration=27 first=rocsolver cdls_ms=1.701128960 rocsolver_ms=4.590589046 cdls_submit_ms=0.015394000 roc_submit_ms=4.260763000 cdls_wall_ms=1.709651000 roc_wall_ms=4.599002000
sample n=2048 lda=4096 iteration=28 first=cdls cdls_ms=1.957962036 rocsolver_ms=3.936765909 cdls_submit_ms=0.242031000 roc_submit_ms=2.364035000 cdls_wall_ms=1.967557000 roc_wall_ms=3.948775000
sample n=2048 lda=4096 iteration=29 first=rocsolver cdls_ms=1.742671967 rocsolver_ms=4.633112907 cdls_submit_ms=0.017196000 roc_submit_ms=4.282708000 cdls_wall_ms=1.756282000 roc_wall_ms=4.640085000
bench n=2048 lda=4096 repeats=30 cdls_median_ms=1.729452 rocsolver_median_ms=4.341923 cdls_mean_ms=1.741556 rocsolver_mean_ms=4.374750 cdls_gflops=3310.022783 workspace_bytes=4104 roc_workspace_bytes=8930496 cdls_submit_ms=0.015324 roc_submit_ms=3.318358 cdls_wall_ms=1.762046 roc_wall_ms=4.354653 rocsolver_gflops=1318.431073 speedup=2.510577
