device=AMD Instinct MI300A arch=gfx942:sramecc+:xnack- HIP=60443484 CUs=228 memory_bytes=137438953472 rocSOLVER=3.28.2.1b897f5 rocBLAS=4.4.1.f08d23e3 baseline=rocsolver_dgetrf_npvt fp64 seed=20261001 method=static matrix=dense n=2048 lda=2048 offset=0 warmup=5 repeats=20
validate n=2048 lda=2048 kind=dense info=0/0 L_rel=8.1245e-16 U_rel=2.0337e-15 residual_scaled=4.3742e-03/1.2203e-03 PASS
sample n=2048 lda=2048 iteration=0 first=cdls cdls_ms=2.973524094 rocsolver_ms=4.050217152 cdls_submit_ms=0.007852000 roc_submit_ms=2.213799000 cdls_wall_ms=2.989359000 roc_wall_ms=4.058019000
sample n=2048 lda=2048 iteration=1 first=rocsolver cdls_ms=3.071274042 rocsolver_ms=4.640162945 cdls_submit_ms=0.015404000 roc_submit_ms=3.901880000 cdls_wall_ms=3.082151000 roc_wall_ms=4.648537000
sample n=2048 lda=2048 iteration=2 first=cdls cdls_ms=3.036782026 rocsolver_ms=4.078189850 cdls_submit_ms=0.014262000 roc_submit_ms=2.236333000 cdls_wall_ms=3.046727000 roc_wall_ms=4.087345000
sample n=2048 lda=2048 iteration=3 first=rocsolver cdls_ms=3.006414890 rocsolver_ms=4.439915180 cdls_submit_ms=0.016866000 roc_submit_ms=4.125744000 cdls_wall_ms=3.015870000 roc_wall_ms=4.448589000
sample n=2048 lda=2048 iteration=4 first=cdls cdls_ms=3.022239923 rocsolver_ms=4.082596779 cdls_submit_ms=0.013220000 roc_submit_ms=2.243083000 cdls_wall_ms=3.031655000 roc_wall_ms=4.091952000
sample n=2048 lda=2048 iteration=5 first=rocsolver cdls_ms=3.056612015 rocsolver_ms=4.451101780 cdls_submit_ms=0.019440000 roc_submit_ms=4.036256000 cdls_wall_ms=3.062642000 roc_wall_ms=4.459626000
sample n=2048 lda=2048 iteration=6 first=cdls cdls_ms=2.995959044 rocsolver_ms=4.090379238 cdls_submit_ms=0.010125000 roc_submit_ms=2.280551000 cdls_wall_ms=3.004362000 roc_wall_ms=4.101036000
sample n=2048 lda=2048 iteration=7 first=rocsolver cdls_ms=3.068749905 rocsolver_ms=4.511546135 cdls_submit_ms=0.017157000 roc_submit_ms=4.036006000 cdls_wall_ms=3.078957000 roc_wall_ms=4.520330000
sample n=2048 lda=2048 iteration=8 first=cdls cdls_ms=2.989187956 rocsolver_ms=4.087364197 cdls_submit_ms=0.011597000 roc_submit_ms=2.281613000 cdls_wall_ms=2.997131000 roc_wall_ms=4.097330000
sample n=2048 lda=2048 iteration=9 first=rocsolver cdls_ms=3.077122927 rocsolver_ms=4.536582947 cdls_submit_ms=0.018558000 roc_submit_ms=4.126155000 cdls_wall_ms=3.086358000 roc_wall_ms=4.545749000
sample n=2048 lda=2048 iteration=10 first=cdls cdls_ms=2.977649927 rocsolver_ms=4.011568069 cdls_submit_ms=0.009364000 roc_submit_ms=2.247000000 cdls_wall_ms=2.986615000 roc_wall_ms=4.023246000
sample n=2048 lda=2048 iteration=11 first=rocsolver cdls_ms=3.053606987 rocsolver_ms=4.465886116 cdls_submit_ms=0.013771000 roc_submit_ms=4.089829000 cdls_wall_ms=3.061630000 roc_wall_ms=4.475580000
sample n=2048 lda=2048 iteration=12 first=cdls cdls_ms=2.946522951 rocsolver_ms=4.100665092 cdls_submit_ms=0.013621000 roc_submit_ms=2.295985000 cdls_wall_ms=2.954656000 roc_wall_ms=4.109809000
sample n=2048 lda=2048 iteration=13 first=rocsolver cdls_ms=2.980454922 rocsolver_ms=4.495180130 cdls_submit_ms=0.012429000 roc_submit_ms=3.996025000 cdls_wall_ms=2.989439000 roc_wall_ms=4.505386000
sample n=2048 lda=2048 iteration=14 first=cdls cdls_ms=3.013586044 rocsolver_ms=4.089356899 cdls_submit_ms=0.009104000 roc_submit_ms=2.290186000 cdls_wall_ms=3.023061000 roc_wall_ms=4.102268000
sample n=2048 lda=2048 iteration=15 first=rocsolver cdls_ms=3.000205994 rocsolver_ms=4.501059055 cdls_submit_ms=0.014612000 roc_submit_ms=4.113124000 cdls_wall_ms=3.008409000 roc_wall_ms=4.509023000
sample n=2048 lda=2048 iteration=16 first=cdls cdls_ms=2.970038891 rocsolver_ms=4.091020107 cdls_submit_ms=0.008673000 roc_submit_ms=2.305399000 cdls_wall_ms=2.977982000 roc_wall_ms=4.099924000
sample n=2048 lda=2048 iteration=17 first=rocsolver cdls_ms=3.012584925 rocsolver_ms=4.492977142 cdls_submit_ms=0.015003000 roc_submit_ms=4.104271000 cdls_wall_ms=3.022199000 roc_wall_ms=4.500319000
sample n=2048 lda=2048 iteration=18 first=cdls cdls_ms=3.002768993 rocsolver_ms=4.087715149 cdls_submit_ms=0.014162000 roc_submit_ms=2.269955000 cdls_wall_ms=3.010412000 roc_wall_ms=4.097200000
sample n=2048 lda=2048 iteration=19 first=rocsolver cdls_ms=2.982297897 rocsolver_ms=4.493106842 cdls_submit_ms=0.015684000 roc_submit_ms=4.065992000 cdls_wall_ms=2.992744000 roc_wall_ms=4.502402000
bench n=2048 lda=2048 repeats=20 cdls_median_ms=3.004592 rocsolver_median_ms=4.270290 cdls_mean_ms=3.011879 rocsolver_mean_ms=4.289830 cdls_gflops=1905.258910 workspace_bytes=4104 roc_workspace_bytes=8930496 cdls_submit_ms=0.013966 roc_submit_ms=3.103639 cdls_wall_ms=3.013141 roc_wall_ms=4.279199 rocsolver_gflops=1340.547219 speedup=1.421255
