device=AMD Instinct MI300A arch=gfx942:sramecc+:xnack- HIP=60443484 CUs=228 memory_bytes=137438953472 rocSOLVER=3.28.2.1b897f5 rocBLAS=4.4.1.f08d23e3 baseline=rocsolver_dgetrf_npvt fp64 seed=20261001 method=auto matrix=dense n=2048 lda=2048 offset=0 warmup=5 repeats=30
validate n=2048 lda=2048 kind=dense info=7/0 L_rel=8.1213e-16 U_rel=2.0337e-15 residual_scaled=4.3742e-03/1.2203e-03 PASS
sample n=2048 lda=2048 iteration=0 first=cdls cdls_ms=1.758499026 rocsolver_ms=4.032939911 cdls_submit_ms=0.013962000 roc_submit_ms=2.221610000 cdls_wall_ms=1.773783000 roc_wall_ms=4.040192000
sample n=2048 lda=2048 iteration=1 first=rocsolver cdls_ms=1.750846982 rocsolver_ms=4.504993916 cdls_submit_ms=0.016916000 roc_submit_ms=4.085341000 cdls_wall_ms=1.758490000 roc_wall_ms=4.513328000
sample n=2048 lda=2048 iteration=2 first=cdls cdls_ms=1.723284960 rocsolver_ms=4.057858944 cdls_submit_ms=0.007812000 roc_submit_ms=2.294002000 cdls_wall_ms=1.848878000 roc_wall_ms=4.068015000
sample n=2048 lda=2048 iteration=3 first=rocsolver cdls_ms=1.755453944 rocsolver_ms=4.500627995 cdls_submit_ms=0.027012000 roc_submit_ms=4.075957000 cdls_wall_ms=1.764789000 roc_wall_ms=4.508701000
sample n=2048 lda=2048 iteration=4 first=cdls cdls_ms=1.705737948 rocsolver_ms=3.916501999 cdls_submit_ms=0.008483000 roc_submit_ms=2.263234000 cdls_wall_ms=1.715103000 roc_wall_ms=3.924975000
sample n=2048 lda=2048 iteration=5 first=rocsolver cdls_ms=1.743435979 rocsolver_ms=4.388465881 cdls_submit_ms=0.012480000 roc_submit_ms=4.173296000 cdls_wall_ms=1.752360000 roc_wall_ms=4.397140000
sample n=2048 lda=2048 iteration=6 first=cdls cdls_ms=1.729413986 rocsolver_ms=4.046071053 cdls_submit_ms=0.010526000 roc_submit_ms=2.230013000 cdls_wall_ms=1.738629000 roc_wall_ms=4.054174000
sample n=2048 lda=2048 iteration=7 first=rocsolver cdls_ms=1.727331042 rocsolver_ms=4.510593891 cdls_submit_ms=0.013461000 roc_submit_ms=4.234540000 cdls_wall_ms=1.736907000 roc_wall_ms=4.519948000
sample n=2048 lda=2048 iteration=8 first=cdls cdls_ms=1.705618024 rocsolver_ms=4.068455219 cdls_submit_ms=0.008553000 roc_submit_ms=2.264356000 cdls_wall_ms=1.714092000 roc_wall_ms=4.077629000
sample n=2048 lda=2048 iteration=9 first=rocsolver cdls_ms=1.732017994 rocsolver_ms=4.464022160 cdls_submit_ms=0.013691000 roc_submit_ms=4.141688000 cdls_wall_ms=1.739820000 roc_wall_ms=4.472015000
sample n=2048 lda=2048 iteration=10 first=cdls cdls_ms=1.715674043 rocsolver_ms=4.044949055 cdls_submit_ms=0.017117000 roc_submit_ms=2.237986000 cdls_wall_ms=1.723666000 roc_wall_ms=4.056106000
sample n=2048 lda=2048 iteration=11 first=rocsolver cdls_ms=1.728373051 rocsolver_ms=4.495019913 cdls_submit_ms=0.020401000 roc_submit_ms=4.018980000 cdls_wall_ms=1.737277000 roc_wall_ms=4.503453000
sample n=2048 lda=2048 iteration=12 first=cdls cdls_ms=1.713791013 rocsolver_ms=4.059090137 cdls_submit_ms=0.009184000 roc_submit_ms=2.268743000 cdls_wall_ms=1.721532000 roc_wall_ms=4.070107000
sample n=2048 lda=2048 iteration=13 first=rocsolver cdls_ms=1.767071962 rocsolver_ms=4.576213837 cdls_submit_ms=0.016025000 roc_submit_ms=4.191173000 cdls_wall_ms=1.775796000 roc_wall_ms=4.583606000
sample n=2048 lda=2048 iteration=14 first=cdls cdls_ms=1.735584021 rocsolver_ms=4.060081959 cdls_submit_ms=0.013561000 roc_submit_ms=2.266930000 cdls_wall_ms=1.743346000 roc_wall_ms=4.070348000
sample n=2048 lda=2048 iteration=15 first=rocsolver cdls_ms=1.756214976 rocsolver_ms=4.538665771 cdls_submit_ms=0.013891000 roc_submit_ms=4.140816000 cdls_wall_ms=1.763607000 roc_wall_ms=4.547531000
sample n=2048 lda=2048 iteration=16 first=cdls cdls_ms=1.697885990 rocsolver_ms=4.039029121 cdls_submit_ms=0.011238000 roc_submit_ms=2.244776000 cdls_wall_ms=1.705828000 roc_wall_ms=4.046051000
sample n=2048 lda=2048 iteration=17 first=rocsolver cdls_ms=1.758137941 rocsolver_ms=4.331138134 cdls_submit_ms=0.013221000 roc_submit_ms=4.082978000 cdls_wall_ms=1.766772000 roc_wall_ms=4.337759000
sample n=2048 lda=2048 iteration=18 first=cdls cdls_ms=1.690716028 rocsolver_ms=4.045478821 cdls_submit_ms=0.012539000 roc_submit_ms=2.193137000 cdls_wall_ms=1.699208000 roc_wall_ms=4.174398000
sample n=2048 lda=2048 iteration=19 first=rocsolver cdls_ms=1.738387942 rocsolver_ms=4.466034889 cdls_submit_ms=0.014142000 roc_submit_ms=4.073263000 cdls_wall_ms=1.745941000 roc_wall_ms=4.474188000
sample n=2048 lda=2048 iteration=20 first=cdls cdls_ms=1.719879985 rocsolver_ms=4.128437042 cdls_submit_ms=0.021002000 roc_submit_ms=2.315154000 cdls_wall_ms=1.728263000 roc_wall_ms=4.138373000
sample n=2048 lda=2048 iteration=21 first=rocsolver cdls_ms=1.730095029 rocsolver_ms=4.400764942 cdls_submit_ms=0.018598000 roc_submit_ms=3.974651000 cdls_wall_ms=1.737647000 roc_wall_ms=4.407325000
sample n=2048 lda=2048 iteration=22 first=cdls cdls_ms=1.697445989 rocsolver_ms=4.067763805 cdls_submit_ms=0.007531000 roc_submit_ms=2.205025000 cdls_wall_ms=1.705778000 roc_wall_ms=4.078120000
sample n=2048 lda=2048 iteration=23 first=rocsolver cdls_ms=1.730136037 rocsolver_ms=4.502339840 cdls_submit_ms=0.013421000 roc_submit_ms=4.018199000 cdls_wall_ms=1.738769000 roc_wall_ms=4.509252000
sample n=2048 lda=2048 iteration=24 first=cdls cdls_ms=1.702093005 rocsolver_ms=4.064568996 cdls_submit_ms=0.012970000 roc_submit_ms=2.203712000 cdls_wall_ms=1.710496000 roc_wall_ms=4.075446000
sample n=2048 lda=2048 iteration=25 first=rocsolver cdls_ms=1.698006034 rocsolver_ms=4.448428154 cdls_submit_ms=0.015533000 roc_submit_ms=3.971997000 cdls_wall_ms=1.705038000 roc_wall_ms=4.455520000
sample n=2048 lda=2048 iteration=26 first=cdls cdls_ms=1.698125958 rocsolver_ms=4.050196171 cdls_submit_ms=0.013361000 roc_submit_ms=2.194078000 cdls_wall_ms=1.706059000 roc_wall_ms=4.057198000
sample n=2048 lda=2048 iteration=27 first=rocsolver cdls_ms=1.737025976 rocsolver_ms=4.377109051 cdls_submit_ms=0.014602000 roc_submit_ms=3.953820000 cdls_wall_ms=1.745238000 roc_wall_ms=4.385742000
sample n=2048 lda=2048 iteration=28 first=cdls cdls_ms=1.684625030 rocsolver_ms=4.062025070 cdls_submit_ms=0.007742000 roc_submit_ms=2.208521000 cdls_wall_ms=1.692147000 roc_wall_ms=4.072081000
sample n=2048 lda=2048 iteration=29 first=rocsolver cdls_ms=1.739349961 rocsolver_ms=4.407535076 cdls_submit_ms=0.017977000 roc_submit_ms=4.007352000 cdls_wall_ms=1.748704000 roc_wall_ms=4.415809000
bench n=2048 lda=2048 repeats=30 cdls_median_ms=1.728894 rocsolver_median_ms=4.229788 cdls_mean_ms=1.725675 rocsolver_mean_ms=4.255180 cdls_gflops=3311.092041 workspace_bytes=4104 roc_workspace_bytes=8930496 cdls_submit_ms=0.013511 roc_submit_ms=3.134487 cdls_wall_ms=1.738138 roc_wall_ms=4.256079 rocsolver_gflops=1353.383698 speedup=2.446529
