device=AMD Instinct MI300A arch=gfx942:sramecc+:xnack- HIP=60443484 CUs=228 memory_bytes=137438953472 rocSOLVER=3.28.2.1b897f5 rocBLAS=4.4.1.f08d23e3 baseline=rocsolver_dgetrf_npvt fp64 seed=20261001 method=auto matrix=dense n=1 lda=1 offset=0 warmup=20 repeats=30
validate n=1 lda=1 kind=dense info=7/0 L_rel=0.0000e+00 U_rel=0.0000e+00 residual_scaled=0.0000e+00/0.0000e+00 cpu_residual_scaled=0.0000e+00/0.0000e+00 PASS
sample n=1 lda=1 iteration=0 first=cdls cdls_ms=0.007331000 rocsolver_ms=0.012259000 cdls_submit_ms=0.002775000 roc_submit_ms=0.007592000 cdls_wall_ms=0.023346000 roc_wall_ms=0.019510000
sample n=1 lda=1 iteration=1 first=rocsolver cdls_ms=0.006771000 rocsolver_ms=0.016585000 cdls_submit_ms=0.003235000 roc_submit_ms=0.014362000 cdls_wall_ms=0.016365000 roc_wall_ms=0.027772000
sample n=1 lda=1 iteration=2 first=cdls cdls_ms=0.009815000 rocsolver_ms=0.015103000 cdls_submit_ms=0.003255000 roc_submit_ms=0.010226000 cdls_wall_ms=0.019540000 roc_wall_ms=0.024147000
sample n=1 lda=1 iteration=3 first=rocsolver cdls_ms=0.009094000 rocsolver_ms=0.007251000 cdls_submit_ms=0.002764000 roc_submit_ms=0.004808000 cdls_wall_ms=0.017828000 roc_wall_ms=0.015353000
sample n=1 lda=1 iteration=4 first=cdls cdls_ms=0.006009000 rocsolver_ms=0.021794001 cdls_submit_ms=0.002503000 roc_submit_ms=0.017477000 cdls_wall_ms=0.013440000 roc_wall_ms=0.030807000
sample n=1 lda=1 iteration=5 first=rocsolver cdls_ms=0.006730000 rocsolver_ms=0.019390000 cdls_submit_ms=0.002403000 roc_submit_ms=0.015224000 cdls_wall_ms=0.015133000 roc_wall_ms=0.030487000
sample n=1 lda=1 iteration=6 first=cdls cdls_ms=0.007011000 rocsolver_ms=0.015745001 cdls_submit_ms=0.003515000 roc_submit_ms=0.012700000 cdls_wall_ms=0.016756000 roc_wall_ms=0.028584000
sample n=1 lda=1 iteration=7 first=rocsolver cdls_ms=0.007051000 rocsolver_ms=0.010296000 cdls_submit_ms=0.002724000 roc_submit_ms=0.005949000 cdls_wall_ms=0.014783000 roc_wall_ms=0.017016000
sample n=1 lda=1 iteration=8 first=cdls cdls_ms=0.007852000 rocsolver_ms=0.020951999 cdls_submit_ms=0.004016000 roc_submit_ms=0.014422000 cdls_wall_ms=0.018058000 roc_wall_ms=0.029625000
sample n=1 lda=1 iteration=9 first=rocsolver cdls_ms=0.007091000 rocsolver_ms=0.012379000 cdls_submit_ms=0.002724000 roc_submit_ms=0.009355000 cdls_wall_ms=0.015043000 roc_wall_ms=0.019370000
sample n=1 lda=1 iteration=10 first=cdls cdls_ms=0.010817000 rocsolver_ms=0.015183000 cdls_submit_ms=0.002264000 roc_submit_ms=0.010756000 cdls_wall_ms=0.018318000 roc_wall_ms=0.026962000
sample n=1 lda=1 iteration=11 first=rocsolver cdls_ms=0.007211000 rocsolver_ms=0.010657000 cdls_submit_ms=0.002864000 roc_submit_ms=0.007702000 cdls_wall_ms=0.014823000 roc_wall_ms=0.019600000
sample n=1 lda=1 iteration=12 first=cdls cdls_ms=0.005849000 rocsolver_ms=0.010496000 cdls_submit_ms=0.001713000 roc_submit_ms=0.008403000 cdls_wall_ms=0.016455000 roc_wall_ms=0.019250000
sample n=1 lda=1 iteration=13 first=rocsolver cdls_ms=0.006329000 rocsolver_ms=0.013701000 cdls_submit_ms=0.003325000 roc_submit_ms=0.010446000 cdls_wall_ms=0.015264000 roc_wall_ms=0.022906000
sample n=1 lda=1 iteration=14 first=cdls cdls_ms=0.006370000 rocsolver_ms=0.012780000 cdls_submit_ms=0.003215000 roc_submit_ms=0.009104000 cdls_wall_ms=0.015814000 roc_wall_ms=0.023316000
sample n=1 lda=1 iteration=15 first=rocsolver cdls_ms=0.012939000 rocsolver_ms=0.009935000 cdls_submit_ms=0.003916000 roc_submit_ms=0.005249000 cdls_wall_ms=0.020312000 roc_wall_ms=0.018548000
sample n=1 lda=1 iteration=16 first=cdls cdls_ms=0.010817000 rocsolver_ms=0.015704000 cdls_submit_ms=0.007001000 roc_submit_ms=0.010266000 cdls_wall_ms=0.018298000 roc_wall_ms=0.022865000
sample n=1 lda=1 iteration=17 first=rocsolver cdls_ms=0.008453000 rocsolver_ms=0.009054000 cdls_submit_ms=0.003996000 roc_submit_ms=0.006410000 cdls_wall_ms=0.016315000 roc_wall_ms=0.017688000
sample n=1 lda=1 iteration=18 first=cdls cdls_ms=0.007972000 rocsolver_ms=0.013340000 cdls_submit_ms=0.002745000 roc_submit_ms=0.010636000 cdls_wall_ms=0.018018000 roc_wall_ms=0.022594000
sample n=1 lda=1 iteration=19 first=rocsolver cdls_ms=0.007691000 rocsolver_ms=0.009896000 cdls_submit_ms=0.003616000 roc_submit_ms=0.006811000 cdls_wall_ms=0.016636000 roc_wall_ms=0.020452000
sample n=1 lda=1 iteration=20 first=cdls cdls_ms=0.006130000 rocsolver_ms=0.018869000 cdls_submit_ms=0.002283000 roc_submit_ms=0.015633000 cdls_wall_ms=0.015824000 roc_wall_ms=0.028083000
sample n=1 lda=1 iteration=21 first=rocsolver cdls_ms=0.006651000 rocsolver_ms=0.014742000 cdls_submit_ms=0.002594000 roc_submit_ms=0.010847000 cdls_wall_ms=0.014412000 roc_wall_ms=0.027212000
sample n=1 lda=1 iteration=22 first=cdls cdls_ms=0.010375000 rocsolver_ms=0.020391000 cdls_submit_ms=0.006300000 roc_submit_ms=0.011458000 cdls_wall_ms=0.019490000 roc_wall_ms=0.028163000
sample n=1 lda=1 iteration=23 first=rocsolver cdls_ms=0.013060000 rocsolver_ms=0.010777000 cdls_submit_ms=0.003785000 roc_submit_ms=0.007862000 cdls_wall_ms=0.021143000 roc_wall_ms=0.018108000
sample n=1 lda=1 iteration=24 first=cdls cdls_ms=0.012259000 rocsolver_ms=0.015343000 cdls_submit_ms=0.008032000 roc_submit_ms=0.010816000 cdls_wall_ms=0.019330000 roc_wall_ms=0.026471000
sample n=1 lda=1 iteration=25 first=rocsolver cdls_ms=0.008973000 rocsolver_ms=0.008533000 cdls_submit_ms=0.004797000 roc_submit_ms=0.005428000 cdls_wall_ms=0.015524000 roc_wall_ms=0.015354000
sample n=1 lda=1 iteration=26 first=cdls cdls_ms=0.013341000 rocsolver_ms=0.011698000 cdls_submit_ms=0.009184000 roc_submit_ms=0.007431000 cdls_wall_ms=0.020261000 roc_wall_ms=0.027923000
sample n=1 lda=1 iteration=27 first=rocsolver cdls_ms=0.005809000 rocsolver_ms=0.014582000 cdls_submit_ms=0.002694000 roc_submit_ms=0.011287000 cdls_wall_ms=0.013791000 roc_wall_ms=0.020551000
sample n=1 lda=1 iteration=28 first=cdls cdls_ms=0.009334000 rocsolver_ms=0.015384000 cdls_submit_ms=0.002594000 roc_submit_ms=0.011357000 cdls_wall_ms=0.017888000 roc_wall_ms=0.022775000
sample n=1 lda=1 iteration=29 first=rocsolver cdls_ms=0.012139000 rocsolver_ms=0.009535000 cdls_submit_ms=0.003976000 roc_submit_ms=0.007973000 cdls_wall_ms=0.019269000 roc_wall_ms=0.018378000
bench n=1 lda=1 repeats=30 cdls_median_ms=0.007772 rocsolver_median_ms=0.013521 cdls_mean_ms=0.008576 rocsolver_mean_ms=0.013745 cdls_gflops=0.000000 workspace_bytes=12 roc_workspace_bytes=0 cdls_submit_ms=0.003225 roc_submit_ms=0.010246 cdls_wall_ms=0.016696 roc_wall_ms=0.022820 rocsolver_gflops=0.000000 speedup=1.739754
