device=AMD Instinct MI300A arch=gfx942:sramecc+:xnack- HIP=60443484 CUs=228 memory_bytes=137438953472 rocSOLVER=3.28.2.1b897f5 rocBLAS=4.4.1.f08d23e3 baseline=rocsolver_dgetrf_npvt fp64 seed=20261001 method=auto matrix=dense n=10240 lda=10240 offset=0 warmup=5 repeats=30
validate n=10240 lda=10240 kind=dense info=7/0 L_rel=1.5875e-15 U_rel=3.6784e-15 residual_scaled=1.5973e-03/2.5504e-04 PASS
sample n=10240 lda=10240 iteration=0 first=cdls cdls_ms=55.862155914 rocsolver_ms=39.300048828 cdls_submit_ms=0.023316000 roc_submit_ms=11.040187000 cdls_wall_ms=55.876712000 roc_wall_ms=39.309555000
sample n=10240 lda=10240 iteration=1 first=rocsolver cdls_ms=55.237838745 rocsolver_ms=40.067024231 cdls_submit_ms=0.008793000 roc_submit_ms=13.173586000 cdls_wall_ms=55.647501000 roc_wall_ms=40.462062000
sample n=10240 lda=10240 iteration=2 first=cdls cdls_ms=54.568454742 rocsolver_ms=39.793296814 cdls_submit_ms=0.011487000 roc_submit_ms=11.259934000 cdls_wall_ms=54.665516000 roc_wall_ms=39.800938000
sample n=10240 lda=10240 iteration=3 first=rocsolver cdls_ms=56.197830200 rocsolver_ms=40.036800385 cdls_submit_ms=0.008382000 roc_submit_ms=13.226738000 cdls_wall_ms=56.606320000 roc_wall_ms=40.445516000
sample n=10240 lda=10240 iteration=4 first=cdls cdls_ms=55.790527344 rocsolver_ms=39.987731934 cdls_submit_ms=0.105732000 roc_submit_ms=11.290771000 cdls_wall_ms=55.799203000 roc_wall_ms=39.998531000
sample n=10240 lda=10240 iteration=5 first=rocsolver cdls_ms=56.230678558 rocsolver_ms=40.431922913 cdls_submit_ms=0.041514000 roc_submit_ms=13.198244000 cdls_wall_ms=56.239497000 roc_wall_ms=40.843837000
sample n=10240 lda=10240 iteration=6 first=cdls cdls_ms=54.732185364 rocsolver_ms=39.973312378 cdls_submit_ms=0.008893000 roc_submit_ms=11.266063000 cdls_wall_ms=54.741322000 roc_wall_ms=39.980914000
sample n=10240 lda=10240 iteration=7 first=rocsolver cdls_ms=56.341613770 rocsolver_ms=40.613178253 cdls_submit_ms=0.007622000 roc_submit_ms=13.298197000 cdls_wall_ms=56.744071000 roc_wall_ms=40.620704000
sample n=10240 lda=10240 iteration=8 first=cdls cdls_ms=54.922679901 rocsolver_ms=40.064479828 cdls_submit_ms=0.010356000 roc_submit_ms=11.308268000 cdls_wall_ms=54.930512000 roc_wall_ms=40.174601000
sample n=10240 lda=10240 iteration=9 first=rocsolver cdls_ms=55.896926880 rocsolver_ms=40.495193481 cdls_submit_ms=0.010386000 roc_submit_ms=13.403188000 cdls_wall_ms=56.315263000 roc_wall_ms=40.502463000
sample n=10240 lda=10240 iteration=10 first=cdls cdls_ms=55.470355988 rocsolver_ms=40.144462585 cdls_submit_ms=0.109358000 roc_submit_ms=11.391104000 cdls_wall_ms=55.479243000 roc_wall_ms=40.151626000
sample n=10240 lda=10240 iteration=11 first=rocsolver cdls_ms=56.830440521 rocsolver_ms=40.353942871 cdls_submit_ms=0.007972000 roc_submit_ms=13.058700000 cdls_wall_ms=57.244898000 roc_wall_ms=40.760778000
sample n=10240 lda=10240 iteration=12 first=cdls cdls_ms=54.962097168 rocsolver_ms=40.290248871 cdls_submit_ms=0.011017000 roc_submit_ms=11.397765000 cdls_wall_ms=55.073951000 roc_wall_ms=40.298200000
sample n=10240 lda=10240 iteration=13 first=rocsolver cdls_ms=56.411281586 rocsolver_ms=40.547111511 cdls_submit_ms=0.010055000 roc_submit_ms=13.111591000 cdls_wall_ms=56.827709000 roc_wall_ms=40.949909000
sample n=10240 lda=10240 iteration=14 first=cdls cdls_ms=55.134883881 rocsolver_ms=40.240390778 cdls_submit_ms=0.099673000 roc_submit_ms=11.389843000 cdls_wall_ms=55.142767000 roc_wall_ms=40.248965000
sample n=10240 lda=10240 iteration=15 first=rocsolver cdls_ms=56.126399994 rocsolver_ms=40.241451263 cdls_submit_ms=0.045730000 roc_submit_ms=13.254580000 cdls_wall_ms=56.135678000 roc_wall_ms=40.652393000
sample n=10240 lda=10240 iteration=16 first=cdls cdls_ms=54.547103882 rocsolver_ms=40.425895691 cdls_submit_ms=0.008162000 roc_submit_ms=11.287096000 cdls_wall_ms=54.978435000 roc_wall_ms=40.434659000
sample n=10240 lda=10240 iteration=17 first=rocsolver cdls_ms=56.622684479 rocsolver_ms=40.777751923 cdls_submit_ms=0.008653000 roc_submit_ms=13.668375000 cdls_wall_ms=57.032092000 roc_wall_ms=40.786778000
sample n=10240 lda=10240 iteration=18 first=cdls cdls_ms=55.624393463 rocsolver_ms=40.286331177 cdls_submit_ms=0.008523000 roc_submit_ms=11.272633000 cdls_wall_ms=55.633138000 roc_wall_ms=40.384672000
sample n=10240 lda=10240 iteration=19 first=rocsolver cdls_ms=56.134456635 rocsolver_ms=40.831054688 cdls_submit_ms=0.008082000 roc_submit_ms=13.421356000 cdls_wall_ms=56.557795000 roc_wall_ms=40.838568000
sample n=10240 lda=10240 iteration=20 first=cdls cdls_ms=55.407058716 rocsolver_ms=40.230834961 cdls_submit_ms=0.107234000 roc_submit_ms=11.292223000 cdls_wall_ms=55.415996000 roc_wall_ms=40.239600000
sample n=10240 lda=10240 iteration=21 first=rocsolver cdls_ms=56.625286102 rocsolver_ms=40.595024109 cdls_submit_ms=0.009995000 roc_submit_ms=13.329215000 cdls_wall_ms=57.044230000 roc_wall_ms=41.007797000
sample n=10240 lda=10240 iteration=22 first=cdls cdls_ms=54.959896088 rocsolver_ms=40.306190491 cdls_submit_ms=0.008453000 roc_submit_ms=11.339466000 cdls_wall_ms=54.969322000 roc_wall_ms=40.417873000
sample n=10240 lda=10240 iteration=23 first=rocsolver cdls_ms=56.816619873 rocsolver_ms=40.675735474 cdls_submit_ms=0.008683000 roc_submit_ms=13.190392000 cdls_wall_ms=57.231398000 roc_wall_ms=41.080819000
sample n=10240 lda=10240 iteration=24 first=cdls cdls_ms=55.701591492 rocsolver_ms=40.333816528 cdls_submit_ms=0.009744000 roc_submit_ms=11.348219000 cdls_wall_ms=55.709115000 roc_wall_ms=40.341406000
sample n=10240 lda=10240 iteration=25 first=rocsolver cdls_ms=56.285205841 rocsolver_ms=40.748008728 cdls_submit_ms=0.008213000 roc_submit_ms=13.647803000 cdls_wall_ms=56.700864000 roc_wall_ms=41.180001000
sample n=10240 lda=10240 iteration=26 first=cdls cdls_ms=55.754833221 rocsolver_ms=40.579200745 cdls_submit_ms=0.009204000 roc_submit_ms=11.444186000 cdls_wall_ms=55.761955000 roc_wall_ms=40.587283000
sample n=10240 lda=10240 iteration=27 first=rocsolver cdls_ms=54.468582153 rocsolver_ms=40.567432404 cdls_submit_ms=0.008833000 roc_submit_ms=13.442929000 cdls_wall_ms=54.880926000 roc_wall_ms=41.002660000
sample n=10240 lda=10240 iteration=28 first=cdls cdls_ms=55.201702118 rocsolver_ms=40.368446350 cdls_submit_ms=0.110780000 roc_submit_ms=11.409593000 cdls_wall_ms=55.210301000 roc_wall_ms=40.377782000
sample n=10240 lda=10240 iteration=29 first=rocsolver cdls_ms=56.442886353 rocsolver_ms=40.741935730 cdls_submit_ms=0.013992000 roc_submit_ms=13.604647000 cdls_wall_ms=56.856031000 roc_wall_ms=41.169756000
bench n=10240 lda=10240 repeats=30 cdls_median_ms=55.772680 rocsolver_median_ms=40.343880 cdls_mean_ms=55.710288 rocsolver_mean_ms=40.334942 cdls_gflops=12833.800501 workspace_bytes=102408 roc_workspace_bytes=42550464 cdls_submit_ms=0.009869 roc_submit_ms=12.251443 cdls_wall_ms=55.780579 roc_wall_ms=40.453789 rocsolver_gflops=17741.859670 speedup=0.723363
