device=AMD Instinct MI300A arch=gfx942:sramecc+:xnack- HIP=60443484 CUs=228 memory_bytes=137438953472 rocSOLVER=3.28.2.1b897f5 rocBLAS=4.4.1.f08d23e3 baseline=rocsolver_dgetrf_npvt fp64 seed=20261001 method=auto matrix=dense n=2560 lda=2560 offset=0 warmup=5 repeats=30
validate n=2560 lda=2560 kind=dense info=7/0 L_rel=7.9078e-16 U_rel=1.8226e-15 residual_scaled=3.1316e-03/7.6200e-04 PASS
sample n=2560 lda=2560 iteration=0 first=cdls cdls_ms=2.370518923 rocsolver_ms=5.208545208 cdls_submit_ms=0.008834000 roc_submit_ms=2.745224000 cdls_wall_ms=2.386263000 roc_wall_ms=5.217630000
sample n=2560 lda=2560 iteration=1 first=rocsolver cdls_ms=2.361063957 rocsolver_ms=5.798530102 cdls_submit_ms=0.016175000 roc_submit_ms=5.147581000 cdls_wall_ms=2.368155000 roc_wall_ms=5.807244000
sample n=2560 lda=2560 iteration=2 first=cdls cdls_ms=2.310307026 rocsolver_ms=5.082591057 cdls_submit_ms=0.008824000 roc_submit_ms=2.823334000 cdls_wall_ms=2.318519000 roc_wall_ms=5.090645000
sample n=2560 lda=2560 iteration=3 first=rocsolver cdls_ms=2.368995905 rocsolver_ms=5.826132774 cdls_submit_ms=0.015394000 roc_submit_ms=5.111687000 cdls_wall_ms=2.376478000 roc_wall_ms=5.834737000
sample n=2560 lda=2560 iteration=4 first=cdls cdls_ms=2.337428093 rocsolver_ms=5.220994949 cdls_submit_ms=0.008152000 roc_submit_ms=2.827550000 cdls_wall_ms=2.346522000 roc_wall_ms=5.229618000
sample n=2560 lda=2560 iteration=5 first=rocsolver cdls_ms=2.397840023 rocsolver_ms=5.797900200 cdls_submit_ms=0.013351000 roc_submit_ms=5.190808000 cdls_wall_ms=2.405162000 roc_wall_ms=5.806564000
sample n=2560 lda=2560 iteration=6 first=cdls cdls_ms=2.360263109 rocsolver_ms=5.216156960 cdls_submit_ms=0.015824000 roc_submit_ms=2.852609000 cdls_wall_ms=2.368977000 roc_wall_ms=5.225141000
sample n=2560 lda=2560 iteration=7 first=rocsolver cdls_ms=2.346522093 rocsolver_ms=5.796367168 cdls_submit_ms=0.014012000 roc_submit_ms=5.166071000 cdls_wall_ms=2.355626000 roc_wall_ms=5.805031000
sample n=2560 lda=2560 iteration=8 first=cdls cdls_ms=2.299169064 rocsolver_ms=5.158426762 cdls_submit_ms=0.009665000 roc_submit_ms=2.856725000 cdls_wall_ms=2.307172000 roc_wall_ms=5.167804000
sample n=2560 lda=2560 iteration=9 first=rocsolver cdls_ms=2.381416082 rocsolver_ms=5.749324799 cdls_submit_ms=0.016536000 roc_submit_ms=5.157697000 cdls_wall_ms=2.391471000 roc_wall_ms=5.755826000
sample n=2560 lda=2560 iteration=10 first=cdls cdls_ms=2.269202948 rocsolver_ms=5.223418236 cdls_submit_ms=0.013611000 roc_submit_ms=2.809232000 cdls_wall_ms=2.276965000 roc_wall_ms=5.232082000
sample n=2560 lda=2560 iteration=11 first=rocsolver cdls_ms=2.355576038 rocsolver_ms=5.933066845 cdls_submit_ms=0.016856000 roc_submit_ms=5.212181000 cdls_wall_ms=2.363308000 roc_wall_ms=5.941761000
sample n=2560 lda=2560 iteration=12 first=cdls cdls_ms=2.308664083 rocsolver_ms=5.229076862 cdls_submit_ms=0.013440000 roc_submit_ms=2.815542000 cdls_wall_ms=2.317037000 roc_wall_ms=5.239022000
sample n=2560 lda=2560 iteration=13 first=rocsolver cdls_ms=2.359421015 rocsolver_ms=5.927699089 cdls_submit_ms=0.013941000 roc_submit_ms=5.253845000 cdls_wall_ms=2.367264000 roc_wall_ms=5.936723000
sample n=2560 lda=2560 iteration=14 first=cdls cdls_ms=2.280380011 rocsolver_ms=5.228475094 cdls_submit_ms=0.010065000 roc_submit_ms=2.830905000 cdls_wall_ms=2.288624000 roc_wall_ms=5.237540000
sample n=2560 lda=2560 iteration=15 first=rocsolver cdls_ms=2.361624956 rocsolver_ms=5.778600216 cdls_submit_ms=0.029265000 roc_submit_ms=5.327288000 cdls_wall_ms=2.369918000 roc_wall_ms=5.787284000
sample n=2560 lda=2560 iteration=16 first=cdls cdls_ms=2.316555977 rocsolver_ms=5.050332069 cdls_submit_ms=0.012709000 roc_submit_ms=2.828051000 cdls_wall_ms=2.326241000 roc_wall_ms=5.059868000
sample n=2560 lda=2560 iteration=17 first=rocsolver cdls_ms=2.353573084 rocsolver_ms=5.925384998 cdls_submit_ms=0.016114000 roc_submit_ms=5.288488000 cdls_wall_ms=2.363258000 roc_wall_ms=5.932507000
sample n=2560 lda=2560 iteration=18 first=cdls cdls_ms=2.339792013 rocsolver_ms=5.214795113 cdls_submit_ms=0.007201000 roc_submit_ms=2.847722000 cdls_wall_ms=2.348776000 roc_wall_ms=5.224840000
sample n=2560 lda=2560 iteration=19 first=rocsolver cdls_ms=2.365070105 rocsolver_ms=5.876339912 cdls_submit_ms=0.013540000 roc_submit_ms=5.164628000 cdls_wall_ms=2.373233000 roc_wall_ms=5.883792000
sample n=2560 lda=2560 iteration=20 first=cdls cdls_ms=2.289515018 rocsolver_ms=5.226653099 cdls_submit_ms=0.010186000 roc_submit_ms=2.770392000 cdls_wall_ms=2.458874000 roc_wall_ms=5.236178000
sample n=2560 lda=2560 iteration=21 first=rocsolver cdls_ms=2.375725985 rocsolver_ms=5.750936985 cdls_submit_ms=0.018448000 roc_submit_ms=5.109584000 cdls_wall_ms=2.384711000 roc_wall_ms=5.759381000
sample n=2560 lda=2560 iteration=22 first=cdls cdls_ms=2.303776979 rocsolver_ms=5.061940193 cdls_submit_ms=0.007501000 roc_submit_ms=2.654254000 cdls_wall_ms=2.312069000 roc_wall_ms=5.070774000
sample n=2560 lda=2560 iteration=23 first=rocsolver cdls_ms=2.351850033 rocsolver_ms=5.838000774 cdls_submit_ms=0.026211000 roc_submit_ms=5.117726000 cdls_wall_ms=2.359161000 roc_wall_ms=5.844822000
sample n=2560 lda=2560 iteration=24 first=cdls cdls_ms=2.350047112 rocsolver_ms=5.219332218 cdls_submit_ms=0.011989000 roc_submit_ms=2.719234000 cdls_wall_ms=2.357839000 roc_wall_ms=5.230430000
sample n=2560 lda=2560 iteration=25 first=rocsolver cdls_ms=2.371520042 rocsolver_ms=5.756977081 cdls_submit_ms=0.012499000 roc_submit_ms=5.188655000 cdls_wall_ms=2.381255000 roc_wall_ms=5.764559000
sample n=2560 lda=2560 iteration=26 first=cdls cdls_ms=2.340472937 rocsolver_ms=5.197978973 cdls_submit_ms=0.029335000 roc_submit_ms=2.719635000 cdls_wall_ms=2.349016000 roc_wall_ms=5.359718000
sample n=2560 lda=2560 iteration=27 first=rocsolver cdls_ms=2.357939959 rocsolver_ms=5.653297901 cdls_submit_ms=0.014963000 roc_submit_ms=5.201185000 cdls_wall_ms=2.365752000 roc_wall_ms=5.662413000
sample n=2560 lda=2560 iteration=28 first=cdls cdls_ms=2.335824966 rocsolver_ms=5.220283031 cdls_submit_ms=0.012079000 roc_submit_ms=2.742710000 cdls_wall_ms=2.343447000 roc_wall_ms=5.230800000
sample n=2560 lda=2560 iteration=29 first=rocsolver cdls_ms=2.341914892 rocsolver_ms=5.640117168 cdls_submit_ms=0.012980000 roc_submit_ms=5.117806000 cdls_wall_ms=2.349817000 roc_wall_ms=5.648361000
bench n=2560 lda=2560 repeats=30 cdls_median_ms=2.350949 rocsolver_median_ms=5.434597 cdls_mean_ms=2.342066 rocsolver_mean_ms=5.493589 cdls_gflops=4756.179515 workspace_bytes=6408 roc_workspace_bytes=11031744 cdls_submit_ms=0.013490 roc_submit_ms=3.983154 cdls_wall_ms=2.361210 roc_wall_ms=5.504040 rocsolver_gflops=2057.472414 speedup=2.311661
