device=AMD Instinct MI300A arch=gfx942:sramecc+:xnack- HIP=60443484 CUs=228 memory_bytes=137438953472 rocSOLVER=3.28.2.1b897f5 rocBLAS=4.4.1.f08d23e3 baseline=rocsolver_dgetrf_npvt fp64 seed=20261001 method=auto matrix=dense n=8192 lda=8192 offset=0 warmup=5 repeats=30
validate n=8192 lda=8192 kind=dense info=7/0 L_rel=7.2829e-16 U_rel=2.1479e-15 residual_scaled=1.2306e-03/3.9221e-04 PASS
sample n=8192 lda=8192 iteration=0 first=cdls cdls_ms=18.448947906 rocsolver_ms=26.211343765 cdls_submit_ms=0.247109000 roc_submit_ms=9.352331000 cdls_wall_ms=18.948015000 roc_wall_ms=26.220389000
sample n=8192 lda=8192 iteration=1 first=rocsolver cdls_ms=18.589044571 rocsolver_ms=26.233808517 cdls_submit_ms=0.543693000 roc_submit_ms=13.282864000 cdls_wall_ms=18.935866000 roc_wall_ms=26.514499000
sample n=8192 lda=8192 iteration=2 first=cdls cdls_ms=18.686923981 rocsolver_ms=26.005187988 cdls_submit_ms=0.559377000 roc_submit_ms=8.891816000 cdls_wall_ms=18.697069000 roc_wall_ms=26.012890000
sample n=8192 lda=8192 iteration=3 first=rocsolver cdls_ms=18.591215134 rocsolver_ms=26.415836334 cdls_submit_ms=0.374504000 roc_submit_ms=13.483772000 cdls_wall_ms=18.851446000 roc_wall_ms=26.697700000
sample n=8192 lda=8192 iteration=4 first=cdls cdls_ms=18.725843430 rocsolver_ms=25.858732224 cdls_submit_ms=0.399442000 roc_submit_ms=8.975183000 cdls_wall_ms=18.736220000 roc_wall_ms=25.866646000
sample n=8192 lda=8192 iteration=5 first=rocsolver cdls_ms=18.558708191 rocsolver_ms=26.365240097 cdls_submit_ms=0.409177000 roc_submit_ms=13.114455000 cdls_wall_ms=18.850335000 roc_wall_ms=26.691801000
sample n=8192 lda=8192 iteration=6 first=cdls cdls_ms=18.632490158 rocsolver_ms=25.748104095 cdls_submit_ms=0.560759000 roc_submit_ms=8.953049000 cdls_wall_ms=18.643297000 roc_wall_ms=25.758771000
sample n=8192 lda=8192 iteration=7 first=rocsolver cdls_ms=18.679601669 rocsolver_ms=26.388904572 cdls_submit_ms=0.552156000 roc_submit_ms=13.122838000 cdls_wall_ms=18.981646000 roc_wall_ms=26.715226000
sample n=8192 lda=8192 iteration=8 first=cdls cdls_ms=18.622463226 rocsolver_ms=25.908508301 cdls_submit_ms=0.429779000 roc_submit_ms=8.715905000 cdls_wall_ms=18.630118000 roc_wall_ms=25.915390000
sample n=8192 lda=8192 iteration=9 first=rocsolver cdls_ms=18.847860336 rocsolver_ms=26.425348282 cdls_submit_ms=0.570654000 roc_submit_ms=11.449133000 cdls_wall_ms=19.155542000 roc_wall_ms=26.432924000
sample n=8192 lda=8192 iteration=10 first=cdls cdls_ms=18.654806137 rocsolver_ms=26.047611237 cdls_submit_ms=0.385931000 roc_submit_ms=8.660480000 cdls_wall_ms=18.665672000 roc_wall_ms=26.056036000
sample n=8192 lda=8192 iteration=11 first=rocsolver cdls_ms=18.502759933 rocsolver_ms=26.536899567 cdls_submit_ms=0.569533000 roc_submit_ms=11.355451000 cdls_wall_ms=18.807068000 roc_wall_ms=26.815090000
sample n=8192 lda=8192 iteration=12 first=cdls cdls_ms=18.542119980 rocsolver_ms=25.893323898 cdls_submit_ms=0.427846000 roc_submit_ms=8.674211000 cdls_wall_ms=18.551146000 roc_wall_ms=25.900528000
sample n=8192 lda=8192 iteration=13 first=rocsolver cdls_ms=18.946580887 rocsolver_ms=26.485504150 cdls_submit_ms=0.869893000 roc_submit_ms=11.306315000 cdls_wall_ms=18.956247000 roc_wall_ms=26.768137000
sample n=8192 lda=8192 iteration=14 first=cdls cdls_ms=18.397359848 rocsolver_ms=26.153154373 cdls_submit_ms=0.327612000 roc_submit_ms=8.794045000 cdls_wall_ms=18.503022000 roc_wall_ms=26.160086000
sample n=8192 lda=8192 iteration=15 first=rocsolver cdls_ms=18.816642761 rocsolver_ms=26.746343613 cdls_submit_ms=0.637967000 roc_submit_ms=11.528675000 cdls_wall_ms=18.823544000 roc_wall_ms=27.010349000
sample n=8192 lda=8192 iteration=16 first=cdls cdls_ms=18.552848816 rocsolver_ms=26.014480591 cdls_submit_ms=0.412001000 roc_submit_ms=8.779673000 cdls_wall_ms=18.560621000 roc_wall_ms=26.023426000
sample n=8192 lda=8192 iteration=17 first=rocsolver cdls_ms=18.769979477 rocsolver_ms=26.469808578 cdls_submit_ms=0.562091000 roc_submit_ms=11.293926000 cdls_wall_ms=19.079416000 roc_wall_ms=26.760877000
sample n=8192 lda=8192 iteration=18 first=cdls cdls_ms=18.624256134 rocsolver_ms=26.042394638 cdls_submit_ms=0.313891000 roc_submit_ms=8.709486000 cdls_wall_ms=18.748078000 roc_wall_ms=26.050909000
sample n=8192 lda=8192 iteration=19 first=rocsolver cdls_ms=18.909675598 rocsolver_ms=26.541048050 cdls_submit_ms=0.839115000 roc_submit_ms=11.463836000 cdls_wall_ms=18.917598000 roc_wall_ms=26.826257000
sample n=8192 lda=8192 iteration=20 first=cdls cdls_ms=18.638448715 rocsolver_ms=25.991355896 cdls_submit_ms=0.442308000 roc_submit_ms=8.752822000 cdls_wall_ms=18.645901000 roc_wall_ms=26.000141000
sample n=8192 lda=8192 iteration=21 first=rocsolver cdls_ms=18.622903824 rocsolver_ms=26.736768723 cdls_submit_ms=0.503411000 roc_submit_ms=11.519591000 cdls_wall_ms=18.909856000 roc_wall_ms=27.020384000
sample n=8192 lda=8192 iteration=22 first=cdls cdls_ms=18.626579285 rocsolver_ms=25.972347260 cdls_submit_ms=0.390709000 roc_submit_ms=8.785893000 cdls_wall_ms=18.634805000 roc_wall_ms=25.978977000
sample n=8192 lda=8192 iteration=23 first=rocsolver cdls_ms=18.463819504 rocsolver_ms=26.425659180 cdls_submit_ms=0.560068000 roc_submit_ms=12.041161000 cdls_wall_ms=18.760147000 roc_wall_ms=26.714354000
sample n=8192 lda=8192 iteration=24 first=cdls cdls_ms=18.515871048 rocsolver_ms=25.975572586 cdls_submit_ms=0.381724000 roc_submit_ms=8.765992000 cdls_wall_ms=18.524856000 roc_wall_ms=25.984016000
sample n=8192 lda=8192 iteration=25 first=rocsolver cdls_ms=18.956867218 rocsolver_ms=26.495187759 cdls_submit_ms=0.840748000 roc_submit_ms=11.496206000 cdls_wall_ms=18.965231000 roc_wall_ms=26.775048000
sample n=8192 lda=8192 iteration=26 first=cdls cdls_ms=18.493648529 rocsolver_ms=26.092800140 cdls_submit_ms=0.389757000 roc_submit_ms=8.826845000 cdls_wall_ms=18.502883000 roc_wall_ms=26.100034000
sample n=8192 lda=8192 iteration=27 first=rocsolver cdls_ms=18.569084167 rocsolver_ms=26.741176605 cdls_submit_ms=0.472284000 roc_submit_ms=11.962320000 cdls_wall_ms=18.849494000 roc_wall_ms=27.027975000
sample n=8192 lda=8192 iteration=28 first=cdls cdls_ms=18.714015961 rocsolver_ms=25.997196198 cdls_submit_ms=0.433865000 roc_submit_ms=8.777891000 cdls_wall_ms=18.723310000 roc_wall_ms=26.004727000
sample n=8192 lda=8192 iteration=29 first=rocsolver cdls_ms=18.862903595 rocsolver_ms=26.621822357 cdls_submit_ms=0.689316000 roc_submit_ms=12.044366000 cdls_wall_ms=18.870717000 roc_wall_ms=26.915023000
bench n=8192 lda=8192 repeats=30 cdls_median_ms=18.625418 rocsolver_median_ms=26.222576 cdls_mean_ms=18.652142 rocsolver_mean_ms=26.251382 cdls_gflops=19675.817522 workspace_bytes=65544 roc_workspace_bytes=34145472 cdls_submit_ms=0.457296 roc_submit_ms=10.323128 cdls_wall_ms=18.783608 roc_wall_ms=26.326656 rocsolver_gflops=13975.374431 speedup=1.407892
