device=AMD Instinct MI300A arch=gfx942:sramecc+:xnack- HIP=60443484 CUs=228 memory_bytes=137438953472 rocSOLVER=3.28.2.1b897f5 rocBLAS=4.4.1.f08d23e3 baseline=rocsolver_dgetrf_npvt fp64 seed=20261001 method=auto matrix=dense n=12288 lda=12288 offset=0 warmup=5 repeats=30
validate n=12288 lda=12288 kind=dense info=7/0 L_rel=1.5710e-15 U_rel=3.3276e-15 residual_scaled=1.2078e-03/1.7856e-04 PASS
sample n=12288 lda=12288 iteration=0 first=cdls cdls_ms=95.469566345 rocsolver_ms=57.322486877 cdls_submit_ms=0.014793000 roc_submit_ms=14.622627000 cdls_wall_ms=95.486568000 roc_wall_ms=57.331662000
sample n=12288 lda=12288 iteration=1 first=rocsolver cdls_ms=95.054534912 rocsolver_ms=58.003387451 cdls_submit_ms=0.009926000 roc_submit_ms=16.490649000 cdls_wall_ms=95.671781000 roc_wall_ms=58.613736000
sample n=12288 lda=12288 iteration=2 first=cdls cdls_ms=94.767135620 rocsolver_ms=58.289375305 cdls_submit_ms=0.007883000 roc_submit_ms=15.488854000 cdls_wall_ms=94.775208000 roc_wall_ms=58.296700000
sample n=12288 lda=12288 iteration=3 first=rocsolver cdls_ms=95.919532776 rocsolver_ms=58.841865540 cdls_submit_ms=0.009104000 roc_submit_ms=16.525032000 cdls_wall_ms=96.500241000 roc_wall_ms=59.442526000
sample n=12288 lda=12288 iteration=4 first=cdls cdls_ms=94.876304626 rocsolver_ms=58.441951752 cdls_submit_ms=0.006290000 roc_submit_ms=14.358763000 cdls_wall_ms=94.884355000 roc_wall_ms=58.450576000
sample n=12288 lda=12288 iteration=5 first=rocsolver cdls_ms=95.338966370 rocsolver_ms=58.501743317 cdls_submit_ms=0.008764000 roc_submit_ms=14.798667000 cdls_wall_ms=95.907883000 roc_wall_ms=59.063985000
sample n=12288 lda=12288 iteration=6 first=cdls cdls_ms=95.491882324 rocsolver_ms=57.811695099 cdls_submit_ms=0.167076000 roc_submit_ms=14.304149000 cdls_wall_ms=95.500199000 roc_wall_ms=57.818928000
sample n=12288 lda=12288 iteration=7 first=rocsolver cdls_ms=96.124855042 rocsolver_ms=58.810695648 cdls_submit_ms=0.008253000 roc_submit_ms=14.862895000 cdls_wall_ms=96.687988000 roc_wall_ms=59.371538000
sample n=12288 lda=12288 iteration=8 first=cdls cdls_ms=95.322265625 rocsolver_ms=58.354194641 cdls_submit_ms=0.010446000 roc_submit_ms=14.105704000 cdls_wall_ms=95.330508000 roc_wall_ms=58.364084000
sample n=12288 lda=12288 iteration=9 first=rocsolver cdls_ms=95.818466187 rocsolver_ms=58.683170319 cdls_submit_ms=0.008783000 roc_submit_ms=14.735760000 cdls_wall_ms=96.377083000 roc_wall_ms=59.239975000
sample n=12288 lda=12288 iteration=10 first=cdls cdls_ms=95.607864380 rocsolver_ms=57.742900848 cdls_submit_ms=0.232346000 roc_submit_ms=14.625010000 cdls_wall_ms=95.617729000 roc_wall_ms=57.751885000
sample n=12288 lda=12288 iteration=11 first=rocsolver cdls_ms=97.042259216 rocsolver_ms=58.651020050 cdls_submit_ms=0.009805000 roc_submit_ms=14.935086000 cdls_wall_ms=97.605024000 roc_wall_ms=59.209098000
sample n=12288 lda=12288 iteration=12 first=cdls cdls_ms=96.044128418 rocsolver_ms=58.585559845 cdls_submit_ms=0.008753000 roc_submit_ms=14.392374000 cdls_wall_ms=96.050792000 roc_wall_ms=58.593515000
sample n=12288 lda=12288 iteration=13 first=rocsolver cdls_ms=96.164672852 rocsolver_ms=58.856849670 cdls_submit_ms=0.008633000 roc_submit_ms=18.821941000 cdls_wall_ms=96.725977000 roc_wall_ms=59.425170000
sample n=12288 lda=12288 iteration=14 first=cdls cdls_ms=95.847343445 rocsolver_ms=57.757770538 cdls_submit_ms=0.222060000 roc_submit_ms=14.061127000 cdls_wall_ms=95.855644000 roc_wall_ms=57.765155000
sample n=12288 lda=12288 iteration=15 first=rocsolver cdls_ms=97.162117004 rocsolver_ms=58.741950989 cdls_submit_ms=0.007952000 roc_submit_ms=14.704923000 cdls_wall_ms=97.171220000 roc_wall_ms=59.296452000
sample n=12288 lda=12288 iteration=16 first=cdls cdls_ms=95.417884827 rocsolver_ms=58.133838654 cdls_submit_ms=0.008783000 roc_submit_ms=14.086625000 cdls_wall_ms=95.676078000 roc_wall_ms=58.142113000
sample n=12288 lda=12288 iteration=17 first=rocsolver cdls_ms=96.597053528 rocsolver_ms=59.337371826 cdls_submit_ms=0.009124000 roc_submit_ms=14.714978000 cdls_wall_ms=97.163007000 roc_wall_ms=59.346419000
sample n=12288 lda=12288 iteration=18 first=cdls cdls_ms=95.221870422 rocsolver_ms=58.287303925 cdls_submit_ms=0.009074000 roc_submit_ms=14.373565000 cdls_wall_ms=95.453257000 roc_wall_ms=58.295058000
sample n=12288 lda=12288 iteration=19 first=rocsolver cdls_ms=96.377677917 rocsolver_ms=59.000667572 cdls_submit_ms=0.009174000 roc_submit_ms=14.828102000 cdls_wall_ms=96.952264000 roc_wall_ms=59.569571000
sample n=12288 lda=12288 iteration=20 first=cdls cdls_ms=95.635780334 rocsolver_ms=58.856449127 cdls_submit_ms=0.007882000 roc_submit_ms=14.672944000 cdls_wall_ms=95.658792000 roc_wall_ms=58.868025000
sample n=12288 lda=12288 iteration=21 first=rocsolver cdls_ms=96.993461609 rocsolver_ms=58.969367981 cdls_submit_ms=0.009084000 roc_submit_ms=15.855275000 cdls_wall_ms=97.575018000 roc_wall_ms=59.544482000
sample n=12288 lda=12288 iteration=22 first=cdls cdls_ms=95.901351929 rocsolver_ms=58.240791321 cdls_submit_ms=0.008042000 roc_submit_ms=14.307494000 cdls_wall_ms=95.910106000 roc_wall_ms=58.472880000
sample n=12288 lda=12288 iteration=23 first=rocsolver cdls_ms=97.013977051 rocsolver_ms=59.008026123 cdls_submit_ms=0.008974000 roc_submit_ms=14.961125000 cdls_wall_ms=97.580266000 roc_wall_ms=59.582931000
sample n=12288 lda=12288 iteration=24 first=cdls cdls_ms=96.301437378 rocsolver_ms=59.085529327 cdls_submit_ms=0.027221000 roc_submit_ms=14.342527000 cdls_wall_ms=96.308978000 roc_wall_ms=59.093180000
sample n=12288 lda=12288 iteration=25 first=rocsolver cdls_ms=96.550704956 rocsolver_ms=59.095031738 cdls_submit_ms=0.009244000 roc_submit_ms=14.780689000 cdls_wall_ms=97.124868000 roc_wall_ms=59.655693000
sample n=12288 lda=12288 iteration=26 first=cdls cdls_ms=96.301170349 rocsolver_ms=58.185886383 cdls_submit_ms=0.010747000 roc_submit_ms=14.035888000 cdls_wall_ms=96.308808000 roc_wall_ms=58.193943000
sample n=12288 lda=12288 iteration=27 first=rocsolver cdls_ms=97.088485718 rocsolver_ms=59.261257172 cdls_submit_ms=0.008994000 roc_submit_ms=14.788141000 cdls_wall_ms=97.663594000 roc_wall_ms=59.818833000
sample n=12288 lda=12288 iteration=28 first=cdls cdls_ms=96.535919189 rocsolver_ms=58.446296692 cdls_submit_ms=0.219877000 roc_submit_ms=14.119896000 cdls_wall_ms=96.544629000 roc_wall_ms=58.455855000
sample n=12288 lda=12288 iteration=29 first=rocsolver cdls_ms=97.425445557 rocsolver_ms=58.920425415 cdls_submit_ms=0.008483000 roc_submit_ms=15.257980000 cdls_wall_ms=97.433281000 roc_wall_ms=59.488126000
bench n=12288 lda=12288 repeats=30 cdls_median_ms=95.981831 rocsolver_median_ms=58.618290 cdls_mean_ms=96.047137 rocsolver_mean_ms=58.540829 cdls_gflops=12886.554403 workspace_bytes=147464 roc_workspace_bytes=50955456 cdls_submit_ms=0.009079 roc_submit_ms=14.709951 cdls_wall_ms=96.308893 roc_wall_ms=58.966005 rocsolver_gflops=21100.497521 speedup=0.610723
