device=AMD Instinct MI300A arch=gfx942:sramecc+:xnack- HIP=60443484 CUs=228 memory_bytes=137438953472 rocSOLVER=3.28.2.1b897f5 rocBLAS=4.4.1.f08d23e3 baseline=rocsolver_dgetrf_npvt fp64 seed=20261001 method=auto matrix=dense n=4 lda=4 offset=0 warmup=20 repeats=30
validate n=4 lda=4 kind=dense info=7/0 L_rel=2.4037e-17 U_rel=0.0000e+00 residual_scaled=0.0000e+00/1.7307e-02 cpu_residual_scaled=4.6763e-02/4.7592e-02 PASS
sample n=4 lda=4 iteration=0 first=cdls cdls_ms=0.008693000 rocsolver_ms=0.010016000 cdls_submit_ms=0.003065000 roc_submit_ms=0.007451000 cdls_wall_ms=0.027993000 roc_wall_ms=0.019419000
sample n=4 lda=4 iteration=1 first=rocsolver cdls_ms=0.009415000 rocsolver_ms=0.021513000 cdls_submit_ms=0.003876000 roc_submit_ms=0.010787000 cdls_wall_ms=0.019821000 roc_wall_ms=0.031488000
sample n=4 lda=4 iteration=2 first=cdls cdls_ms=0.005849000 rocsolver_ms=0.018990001 cdls_submit_ms=0.003235000 roc_submit_ms=0.016125000 cdls_wall_ms=0.014662000 roc_wall_ms=0.027993000
sample n=4 lda=4 iteration=3 first=rocsolver cdls_ms=0.006731000 rocsolver_ms=0.019350000 cdls_submit_ms=0.003005000 roc_submit_ms=0.010757000 cdls_wall_ms=0.017116000 roc_wall_ms=0.028003000
sample n=4 lda=4 iteration=4 first=cdls cdls_ms=0.007211000 rocsolver_ms=0.018429000 cdls_submit_ms=0.002503000 roc_submit_ms=0.008243000 cdls_wall_ms=0.015044000 roc_wall_ms=0.026460000
sample n=4 lda=4 iteration=5 first=rocsolver cdls_ms=0.008693000 rocsolver_ms=0.019150000 cdls_submit_ms=0.003575000 roc_submit_ms=0.008653000 cdls_wall_ms=0.018368000 roc_wall_ms=0.027452000
sample n=4 lda=4 iteration=6 first=cdls cdls_ms=0.007212000 rocsolver_ms=0.023155000 cdls_submit_ms=0.002353000 roc_submit_ms=0.011488000 cdls_wall_ms=0.014522000 roc_wall_ms=0.031098000
sample n=4 lda=4 iteration=7 first=rocsolver cdls_ms=0.007131000 rocsolver_ms=0.011217000 cdls_submit_ms=0.003295000 roc_submit_ms=0.007051000 cdls_wall_ms=0.015474000 roc_wall_ms=0.024658000
sample n=4 lda=4 iteration=8 first=cdls cdls_ms=0.012459000 rocsolver_ms=0.014542000 cdls_submit_ms=0.009084000 roc_submit_ms=0.010296000 cdls_wall_ms=0.022745000 roc_wall_ms=0.026571000
sample n=4 lda=4 iteration=9 first=rocsolver cdls_ms=0.007651000 rocsolver_ms=0.008813000 cdls_submit_ms=0.002934000 roc_submit_ms=0.006389000 cdls_wall_ms=0.018118000 roc_wall_ms=0.017347000
sample n=4 lda=4 iteration=10 first=cdls cdls_ms=0.010215000 rocsolver_ms=0.010216000 cdls_submit_ms=0.004597000 roc_submit_ms=0.007802000 cdls_wall_ms=0.028544000 roc_wall_ms=0.019931000
sample n=4 lda=4 iteration=11 first=rocsolver cdls_ms=0.009374000 rocsolver_ms=0.015223000 cdls_submit_ms=0.004808000 roc_submit_ms=0.012690000 cdls_wall_ms=0.021483000 roc_wall_ms=0.024257000
sample n=4 lda=4 iteration=12 first=cdls cdls_ms=0.007011000 rocsolver_ms=0.016826000 cdls_submit_ms=0.001953000 roc_submit_ms=0.011447000 cdls_wall_ms=0.016886000 roc_wall_ms=0.026571000
sample n=4 lda=4 iteration=13 first=rocsolver cdls_ms=0.012740000 rocsolver_ms=0.009695000 cdls_submit_ms=0.003866000 roc_submit_ms=0.006470000 cdls_wall_ms=0.023356000 roc_wall_ms=0.018308000
sample n=4 lda=4 iteration=14 first=cdls cdls_ms=0.007171000 rocsolver_ms=0.016264999 cdls_submit_ms=0.003576000 roc_submit_ms=0.013271000 cdls_wall_ms=0.017186000 roc_wall_ms=0.026621000
sample n=4 lda=4 iteration=15 first=rocsolver cdls_ms=0.008293000 rocsolver_ms=0.008092000 cdls_submit_ms=0.003145000 roc_submit_ms=0.006009000 cdls_wall_ms=0.018058000 roc_wall_ms=0.016375000
sample n=4 lda=4 iteration=16 first=cdls cdls_ms=0.006130000 rocsolver_ms=0.027402001 cdls_submit_ms=0.003165000 roc_submit_ms=0.022745000 cdls_wall_ms=0.013851000 roc_wall_ms=0.036876000
sample n=4 lda=4 iteration=17 first=rocsolver cdls_ms=0.009134000 rocsolver_ms=0.010336000 cdls_submit_ms=0.002774000 roc_submit_ms=0.007812000 cdls_wall_ms=0.016956000 roc_wall_ms=0.018939000
sample n=4 lda=4 iteration=18 first=cdls cdls_ms=0.007932000 rocsolver_ms=0.019029001 cdls_submit_ms=0.002975000 roc_submit_ms=0.015574000 cdls_wall_ms=0.016045000 roc_wall_ms=0.026991000
sample n=4 lda=4 iteration=19 first=rocsolver cdls_ms=0.011778000 rocsolver_ms=0.011177000 cdls_submit_ms=0.004457000 roc_submit_ms=0.007892000 cdls_wall_ms=0.020512000 roc_wall_ms=0.021493000
sample n=4 lda=4 iteration=20 first=cdls cdls_ms=0.015704000 rocsolver_ms=0.016305000 cdls_submit_ms=0.004507000 roc_submit_ms=0.011628000 cdls_wall_ms=0.034944000 roc_wall_ms=0.024258000
sample n=4 lda=4 iteration=21 first=rocsolver cdls_ms=0.008773000 rocsolver_ms=0.010577000 cdls_submit_ms=0.003285000 roc_submit_ms=0.006269000 cdls_wall_ms=0.018558000 roc_wall_ms=0.018909000
sample n=4 lda=4 iteration=22 first=cdls cdls_ms=0.009134000 rocsolver_ms=0.022715000 cdls_submit_ms=0.004036000 roc_submit_ms=0.015755000 cdls_wall_ms=0.017257000 roc_wall_ms=0.029906000
sample n=4 lda=4 iteration=23 first=rocsolver cdls_ms=0.008574000 rocsolver_ms=0.011057000 cdls_submit_ms=0.003465000 roc_submit_ms=0.006890000 cdls_wall_ms=0.016585000 roc_wall_ms=0.019190000
sample n=4 lda=4 iteration=24 first=cdls cdls_ms=0.006650000 rocsolver_ms=0.020471999 cdls_submit_ms=0.003245000 roc_submit_ms=0.013460000 cdls_wall_ms=0.015404000 roc_wall_ms=0.027903000
sample n=4 lda=4 iteration=25 first=rocsolver cdls_ms=0.006971000 rocsolver_ms=0.010696000 cdls_submit_ms=0.003245000 roc_submit_ms=0.007752000 cdls_wall_ms=0.016575000 roc_wall_ms=0.018338000
sample n=4 lda=4 iteration=26 first=cdls cdls_ms=0.006170000 rocsolver_ms=0.021553000 cdls_submit_ms=0.002513000 roc_submit_ms=0.014672000 cdls_wall_ms=0.015193000 roc_wall_ms=0.028494000
sample n=4 lda=4 iteration=27 first=rocsolver cdls_ms=0.010176000 rocsolver_ms=0.012138000 cdls_submit_ms=0.003766000 roc_submit_ms=0.008463000 cdls_wall_ms=0.017747000 roc_wall_ms=0.019800000
sample n=4 lda=4 iteration=28 first=cdls cdls_ms=0.006891000 rocsolver_ms=0.018387999 cdls_submit_ms=0.002403000 roc_submit_ms=0.011097000 cdls_wall_ms=0.016435000 roc_wall_ms=0.027863000
sample n=4 lda=4 iteration=29 first=rocsolver cdls_ms=0.013261000 rocsolver_ms=0.009936000 cdls_submit_ms=0.003265000 roc_submit_ms=0.007241000 cdls_wall_ms=0.021092000 roc_wall_ms=0.019920000
bench n=4 lda=4 repeats=30 cdls_median_ms=0.008433 rocsolver_median_ms=0.015744 cdls_mean_ms=0.008771 rocsolver_mean_ms=0.015442 cdls_gflops=0.004032 workspace_bytes=12 roc_workspace_bytes=0 cdls_submit_ms=0.003255 roc_submit_ms=0.009475 cdls_wall_ms=0.017222 roc_wall_ms=0.025559 rocsolver_gflops=0.002160 speedup=1.866841
