device=AMD Instinct MI300A arch=gfx942:sramecc+:xnack- HIP=60443484 CUs=228 memory_bytes=137438953472 rocSOLVER=3.28.2.1b897f5 rocBLAS=4.4.1.f08d23e3 baseline=rocsolver_dgetrf_npvt fp64 seed=20261001 method=auto matrix=dense n=8192 lda=8192 offset=0 warmup=5 repeats=30
validate n=8192 lda=8192 kind=dense info=7/0 L_rel=1.6309e-15 U_rel=4.0342e-15 residual_scaled=2.1920e-03/3.9221e-04 PASS
sample n=8192 lda=8192 iteration=0 first=cdls cdls_ms=27.961767197 rocsolver_ms=25.815647125 cdls_submit_ms=0.009665000 roc_submit_ms=9.116950000 cdls_wall_ms=28.429303000 roc_wall_ms=25.822999000
sample n=8192 lda=8192 iteration=1 first=rocsolver cdls_ms=27.432395935 rocsolver_ms=26.334444046 cdls_submit_ms=0.008183000 roc_submit_ms=13.164493000 cdls_wall_ms=27.781150000 roc_wall_ms=26.630707000
sample n=8192 lda=8192 iteration=2 first=cdls cdls_ms=27.032943726 rocsolver_ms=26.300182343 cdls_submit_ms=0.007672000 roc_submit_ms=9.370599000 cdls_wall_ms=27.040404000 roc_wall_ms=26.307441000
sample n=8192 lda=8192 iteration=3 first=rocsolver cdls_ms=28.016693115 rocsolver_ms=26.485948563 cdls_submit_ms=0.007943000 roc_submit_ms=12.474395000 cdls_wall_ms=28.303420000 roc_wall_ms=26.756029000
sample n=8192 lda=8192 iteration=4 first=cdls cdls_ms=27.716873169 rocsolver_ms=26.446836472 cdls_submit_ms=0.158242000 roc_submit_ms=9.274452000 cdls_wall_ms=27.728308000 roc_wall_ms=26.457080000
sample n=8192 lda=8192 iteration=5 first=rocsolver cdls_ms=27.544647217 rocsolver_ms=26.328744888 cdls_submit_ms=0.008973000 roc_submit_ms=12.095764000 cdls_wall_ms=27.854282000 roc_wall_ms=26.617387000
sample n=8192 lda=8192 iteration=6 first=cdls cdls_ms=27.358404160 rocsolver_ms=25.692140579 cdls_submit_ms=0.009104000 roc_submit_ms=8.963355000 cdls_wall_ms=27.523635000 roc_wall_ms=25.699670000
sample n=8192 lda=8192 iteration=7 first=rocsolver cdls_ms=27.700368881 rocsolver_ms=26.357170105 cdls_submit_ms=0.008042000 roc_submit_ms=12.159603000 cdls_wall_ms=28.009369000 roc_wall_ms=26.642565000
sample n=8192 lda=8192 iteration=8 first=cdls cdls_ms=27.337251663 rocsolver_ms=26.426136017 cdls_submit_ms=0.009164000 roc_submit_ms=9.094566000 cdls_wall_ms=27.486608000 roc_wall_ms=26.433685000
sample n=8192 lda=8192 iteration=9 first=rocsolver cdls_ms=27.824918747 rocsolver_ms=26.576616287 cdls_submit_ms=0.007992000 roc_submit_ms=11.473802000 cdls_wall_ms=28.138958000 roc_wall_ms=26.793426000
sample n=8192 lda=8192 iteration=10 first=cdls cdls_ms=27.111303329 rocsolver_ms=26.302526474 cdls_submit_ms=0.008062000 roc_submit_ms=9.250074000 cdls_wall_ms=27.120437000 roc_wall_ms=26.309935000
sample n=8192 lda=8192 iteration=11 first=rocsolver cdls_ms=27.920143127 rocsolver_ms=26.343519211 cdls_submit_ms=0.008163000 roc_submit_ms=11.201444000 cdls_wall_ms=28.225992000 roc_wall_ms=26.636426000
sample n=8192 lda=8192 iteration=12 first=cdls cdls_ms=27.204048157 rocsolver_ms=26.462110519 cdls_submit_ms=0.007502000 roc_submit_ms=9.155580000 cdls_wall_ms=27.212168000 roc_wall_ms=26.469690000
sample n=8192 lda=8192 iteration=13 first=rocsolver cdls_ms=27.887174606 rocsolver_ms=26.481779099 cdls_submit_ms=0.008754000 roc_submit_ms=11.945694000 cdls_wall_ms=28.199781000 roc_wall_ms=26.790081000
sample n=8192 lda=8192 iteration=14 first=cdls cdls_ms=27.488964081 rocsolver_ms=26.428428650 cdls_submit_ms=0.125603000 roc_submit_ms=9.142389000 cdls_wall_ms=27.499228000 roc_wall_ms=26.437571000
sample n=8192 lda=8192 iteration=15 first=rocsolver cdls_ms=28.149335861 rocsolver_ms=26.536212921 cdls_submit_ms=0.307130000 roc_submit_ms=11.065646000 cdls_wall_ms=28.158618000 roc_wall_ms=26.835961000
sample n=8192 lda=8192 iteration=16 first=cdls cdls_ms=27.196395874 rocsolver_ms=26.541219711 cdls_submit_ms=0.116289000 roc_submit_ms=9.159956000 cdls_wall_ms=27.206008000 roc_wall_ms=26.548751000
sample n=8192 lda=8192 iteration=17 first=rocsolver cdls_ms=28.075744629 rocsolver_ms=26.663377762 cdls_submit_ms=0.008864000 roc_submit_ms=11.209887000 cdls_wall_ms=28.391315000 roc_wall_ms=26.738432000
sample n=8192 lda=8192 iteration=18 first=cdls cdls_ms=27.317220688 rocsolver_ms=26.472183228 cdls_submit_ms=0.123079000 roc_submit_ms=9.188219000 cdls_wall_ms=27.327674000 roc_wall_ms=26.480837000
sample n=8192 lda=8192 iteration=19 first=rocsolver cdls_ms=28.028749466 rocsolver_ms=26.565208435 cdls_submit_ms=0.008753000 roc_submit_ms=11.404035000 cdls_wall_ms=28.335148000 roc_wall_ms=26.862393000
sample n=8192 lda=8192 iteration=20 first=cdls cdls_ms=27.280284882 rocsolver_ms=26.319822311 cdls_submit_ms=0.011348000 roc_submit_ms=9.143371000 cdls_wall_ms=27.288375000 roc_wall_ms=26.328774000
sample n=8192 lda=8192 iteration=21 first=rocsolver cdls_ms=27.952194214 rocsolver_ms=26.533388138 cdls_submit_ms=0.008433000 roc_submit_ms=11.412017000 cdls_wall_ms=28.250830000 roc_wall_ms=26.828119000
sample n=8192 lda=8192 iteration=22 first=cdls cdls_ms=27.201524734 rocsolver_ms=26.612009048 cdls_submit_ms=0.010066000 roc_submit_ms=9.203192000 cdls_wall_ms=27.208322000 roc_wall_ms=26.619319000
sample n=8192 lda=8192 iteration=23 first=rocsolver cdls_ms=27.832088470 rocsolver_ms=26.571548462 cdls_submit_ms=0.008363000 roc_submit_ms=11.313646000 cdls_wall_ms=28.142624000 roc_wall_ms=26.874852000
sample n=8192 lda=8192 iteration=24 first=cdls cdls_ms=27.446058273 rocsolver_ms=26.588903427 cdls_submit_ms=0.013691000 roc_submit_ms=9.042817000 cdls_wall_ms=27.454439000 roc_wall_ms=26.597476000
sample n=8192 lda=8192 iteration=25 first=rocsolver cdls_ms=28.015972137 rocsolver_ms=26.512767792 cdls_submit_ms=0.008273000 roc_submit_ms=11.251040000 cdls_wall_ms=28.024893000 roc_wall_ms=26.808189000
sample n=8192 lda=8192 iteration=26 first=cdls cdls_ms=27.404474258 rocsolver_ms=26.524143219 cdls_submit_ms=0.007291000 roc_submit_ms=9.104621000 cdls_wall_ms=27.413036000 roc_wall_ms=26.532255000
sample n=8192 lda=8192 iteration=27 first=rocsolver cdls_ms=27.567884445 rocsolver_ms=26.572669983 cdls_submit_ms=0.007742000 roc_submit_ms=11.222877000 cdls_wall_ms=27.877067000 roc_wall_ms=26.871155000
sample n=8192 lda=8192 iteration=28 first=cdls cdls_ms=27.948108673 rocsolver_ms=26.291999817 cdls_submit_ms=0.128036000 roc_submit_ms=9.093775000 cdls_wall_ms=27.957680000 roc_wall_ms=26.300461000
sample n=8192 lda=8192 iteration=29 first=rocsolver cdls_ms=28.111478806 rocsolver_ms=26.462991714 cdls_submit_ms=0.008463000 roc_submit_ms=11.758478000 cdls_wall_ms=28.419509000 roc_wall_ms=26.774547000
bench n=8192 lda=8192 repeats=30 cdls_median_ms=27.634127 rocsolver_median_ms=26.467587 cdls_mean_ms=27.635514 rocsolver_mean_ms=26.418356 cdls_gflops=13261.512643 workspace_bytes=65544 roc_workspace_bytes=34145472 cdls_submit_ms=0.008754 roc_submit_ms=10.218122 cdls_wall_ms=27.865675 roc_wall_ms=26.618353 rocsolver_gflops=13846.003930 speedup=0.957786
