device=AMD Instinct MI300A arch=gfx942:sramecc+:xnack- HIP=60443484 CUs=228 memory_bytes=137438953472 rocSOLVER=3.28.2.1b897f5 rocBLAS=4.4.1.f08d23e3 baseline=rocsolver_dgetrf_npvt fp64 seed=20261001 method=auto matrix=dense n=8193 lda=8193 offset=0 warmup=5 repeats=30
validate n=8193 lda=8193 kind=dense info=7/0 L_rel=1.6397e-15 U_rel=4.1182e-15 residual_scaled=2.2428e-03/3.9529e-04 PASS
sample n=8193 lda=8193 iteration=0 first=cdls cdls_ms=28.191455841 rocsolver_ms=27.907609940 cdls_submit_ms=0.014522000 roc_submit_ms=9.319005000 cdls_wall_ms=28.207722000 roc_wall_ms=27.915343000
sample n=8193 lda=8193 iteration=1 first=rocsolver cdls_ms=28.564708710 rocsolver_ms=27.794166565 cdls_submit_ms=0.008372000 roc_submit_ms=12.088551000 cdls_wall_ms=28.911019000 roc_wall_ms=28.111944000
sample n=8193 lda=8193 iteration=2 first=cdls cdls_ms=27.800855637 rocsolver_ms=27.707603455 cdls_submit_ms=0.118161000 roc_submit_ms=9.288379000 cdls_wall_ms=27.808609000 roc_wall_ms=27.715527000
sample n=8193 lda=8193 iteration=3 first=rocsolver cdls_ms=28.469520569 rocsolver_ms=27.905828476 cdls_submit_ms=0.009304000 roc_submit_ms=12.389943000 cdls_wall_ms=28.821292000 roc_wall_ms=28.218948000
sample n=8193 lda=8193 iteration=4 first=cdls cdls_ms=27.588449478 rocsolver_ms=27.900098801 cdls_submit_ms=0.007191000 roc_submit_ms=9.355432000 cdls_wall_ms=27.598267000 roc_wall_ms=27.910716000
sample n=8193 lda=8193 iteration=5 first=rocsolver cdls_ms=28.367683411 rocsolver_ms=27.789667130 cdls_submit_ms=0.013210000 roc_submit_ms=12.855537000 cdls_wall_ms=28.374777000 roc_wall_ms=27.798404000
sample n=8193 lda=8193 iteration=6 first=cdls cdls_ms=28.163932800 rocsolver_ms=27.736898422 cdls_submit_ms=0.007391000 roc_submit_ms=9.385898000 cdls_wall_ms=28.334676000 roc_wall_ms=27.745803000
sample n=8193 lda=8193 iteration=7 first=rocsolver cdls_ms=28.430660248 rocsolver_ms=28.008516312 cdls_submit_ms=0.008113000 roc_submit_ms=11.838057000 cdls_wall_ms=28.743713000 roc_wall_ms=28.351140000
sample n=8193 lda=8193 iteration=8 first=cdls cdls_ms=27.610044479 rocsolver_ms=27.799444199 cdls_submit_ms=0.075136000 roc_submit_ms=9.086980000 cdls_wall_ms=27.619069000 roc_wall_ms=27.808169000
sample n=8193 lda=8193 iteration=9 first=rocsolver cdls_ms=28.393203735 rocsolver_ms=28.347003937 cdls_submit_ms=0.020432000 roc_submit_ms=10.186155000 cdls_wall_ms=28.400397000 roc_wall_ms=28.358342000
sample n=8193 lda=8193 iteration=10 first=cdls cdls_ms=27.787715912 rocsolver_ms=27.678787231 cdls_submit_ms=0.008734000 roc_submit_ms=9.158620000 cdls_wall_ms=27.889093000 roc_wall_ms=27.686091000
sample n=8193 lda=8193 iteration=11 first=rocsolver cdls_ms=28.266370773 rocsolver_ms=27.881740570 cdls_submit_ms=0.008333000 roc_submit_ms=10.641343000 cdls_wall_ms=28.592591000 roc_wall_ms=28.212097000
sample n=8193 lda=8193 iteration=12 first=cdls cdls_ms=27.760875702 rocsolver_ms=27.894460678 cdls_submit_ms=0.008262000 roc_submit_ms=9.113040000 cdls_wall_ms=27.768848000 roc_wall_ms=27.902654000
sample n=8193 lda=8193 iteration=13 first=rocsolver cdls_ms=28.352861404 rocsolver_ms=27.984056473 cdls_submit_ms=0.010486000 roc_submit_ms=10.790992000 cdls_wall_ms=28.676069000 roc_wall_ms=28.312282000
sample n=8193 lda=8193 iteration=14 first=cdls cdls_ms=27.993831635 rocsolver_ms=27.752412796 cdls_submit_ms=0.065641000 roc_submit_ms=9.065507000 cdls_wall_ms=28.002596000 roc_wall_ms=27.760055000
sample n=8193 lda=8193 iteration=15 first=rocsolver cdls_ms=28.786567688 rocsolver_ms=27.911785126 cdls_submit_ms=0.012059000 roc_submit_ms=10.743540000 cdls_wall_ms=29.114762000 roc_wall_ms=28.238689000
sample n=8193 lda=8193 iteration=16 first=cdls cdls_ms=27.970235825 rocsolver_ms=27.793014526 cdls_submit_ms=0.007942000 roc_submit_ms=9.028461000 cdls_wall_ms=28.028336000 roc_wall_ms=27.800958000
sample n=8193 lda=8193 iteration=17 first=rocsolver cdls_ms=28.340484619 rocsolver_ms=28.129829407 cdls_submit_ms=0.008604000 roc_submit_ms=10.059120000 cdls_wall_ms=28.662208000 roc_wall_ms=28.442241000
sample n=8193 lda=8193 iteration=18 first=cdls cdls_ms=28.014863968 rocsolver_ms=27.797199249 cdls_submit_ms=0.007261000 roc_submit_ms=9.124808000 cdls_wall_ms=28.073114000 roc_wall_ms=27.806786000
sample n=8193 lda=8193 iteration=19 first=rocsolver cdls_ms=28.517475128 rocsolver_ms=28.143060684 cdls_submit_ms=0.009714000 roc_submit_ms=10.415667000 cdls_wall_ms=28.842464000 roc_wall_ms=28.462301000
sample n=8193 lda=8193 iteration=20 first=cdls cdls_ms=28.026199341 rocsolver_ms=27.690847397 cdls_submit_ms=0.007090000 roc_submit_ms=9.085658000 cdls_wall_ms=28.083080000 roc_wall_ms=27.698200000
sample n=8193 lda=8193 iteration=21 first=rocsolver cdls_ms=28.345291138 rocsolver_ms=28.111259460 cdls_submit_ms=0.008383000 roc_submit_ms=10.260128000 cdls_wall_ms=28.549895000 roc_wall_ms=28.420877000
sample n=8193 lda=8193 iteration=22 first=cdls cdls_ms=28.295534134 rocsolver_ms=27.942272186 cdls_submit_ms=0.170992000 roc_submit_ms=9.053729000 cdls_wall_ms=28.304029000 roc_wall_ms=27.949886000
sample n=8193 lda=8193 iteration=23 first=rocsolver cdls_ms=28.644268036 rocsolver_ms=27.993442535 cdls_submit_ms=0.008403000 roc_submit_ms=10.272276000 cdls_wall_ms=28.968808000 roc_wall_ms=28.302386000
sample n=8193 lda=8193 iteration=24 first=cdls cdls_ms=27.776098251 rocsolver_ms=27.676765442 cdls_submit_ms=0.007932000 roc_submit_ms=9.138108000 cdls_wall_ms=27.785033000 roc_wall_ms=27.684519000
sample n=8193 lda=8193 iteration=25 first=rocsolver cdls_ms=28.671831131 rocsolver_ms=27.925798416 cdls_submit_ms=0.015023000 roc_submit_ms=11.279160000 cdls_wall_ms=28.996651000 roc_wall_ms=27.934433000
sample n=8193 lda=8193 iteration=26 first=cdls cdls_ms=28.042667389 rocsolver_ms=27.830179214 cdls_submit_ms=0.067053000 roc_submit_ms=9.271202000 cdls_wall_ms=28.051622000 roc_wall_ms=27.838164000
sample n=8193 lda=8193 iteration=27 first=rocsolver cdls_ms=28.932229996 rocsolver_ms=28.135660172 cdls_submit_ms=0.314432000 roc_submit_ms=10.172895000 cdls_wall_ms=28.940344000 roc_wall_ms=28.443543000
sample n=8193 lda=8193 iteration=28 first=cdls cdls_ms=28.503412247 rocsolver_ms=27.835739136 cdls_submit_ms=0.055525000 roc_submit_ms=9.182906000 cdls_wall_ms=28.513150000 roc_wall_ms=27.843202000
sample n=8193 lda=8193 iteration=29 first=rocsolver cdls_ms=28.459785461 rocsolver_ms=28.130819321 cdls_submit_ms=0.008553000 roc_submit_ms=10.027632000 cdls_wall_ms=28.785427000 roc_wall_ms=28.440808000
bench n=8193 lda=8193 repeats=30 cdls_median_ms=28.318009 rocsolver_median_ms=27.897280 cdls_mean_ms=28.235637 rocsolver_mean_ms=27.904532 cdls_gflops=12945.985757 workspace_bytes=66572 roc_workspace_bytes=34149632 cdls_submit_ms=0.009019 roc_submit_ms=9.706765 cdls_wall_ms=28.387587 roc_wall_ms=27.924888 rocsolver_gflops=13141.229162 speedup=0.985143
