device=AMD Instinct MI300A arch=gfx942:sramecc+:xnack- HIP=60443484 CUs=228 memory_bytes=137438953472 rocSOLVER=3.28.2.1b897f5 rocBLAS=4.4.1.f08d23e3 baseline=rocsolver_dgetrf_npvt fp64 seed=20261001 method=auto matrix=dense n=17 lda=17 offset=0 warmup=20 repeats=30
validate n=17 lda=17 kind=dense info=7/0 L_rel=3.4503e-17 U_rel=4.4064e-18 residual_scaled=4.7220e-02/4.7230e-02 cpu_residual_scaled=4.8930e-02/4.8976e-02 PASS
sample n=17 lda=17 iteration=0 first=cdls cdls_ms=0.012860000 rocsolver_ms=0.015103000 cdls_submit_ms=0.003425000 roc_submit_ms=0.006720000 cdls_wall_ms=0.033962000 roc_wall_ms=0.023296000
sample n=17 lda=17 iteration=1 first=rocsolver cdls_ms=0.010856000 rocsolver_ms=0.019110000 cdls_submit_ms=0.003014000 roc_submit_ms=0.011357000 cdls_wall_ms=0.019540000 roc_wall_ms=0.026891000
sample n=17 lda=17 iteration=2 first=cdls cdls_ms=0.010777000 rocsolver_ms=0.013862000 cdls_submit_ms=0.002394000 roc_submit_ms=0.006120000 cdls_wall_ms=0.021182000 roc_wall_ms=0.021022000
sample n=17 lda=17 iteration=3 first=rocsolver cdls_ms=0.010856000 rocsolver_ms=0.013821000 cdls_submit_ms=0.002924000 roc_submit_ms=0.006360000 cdls_wall_ms=0.018649000 roc_wall_ms=0.021503000
sample n=17 lda=17 iteration=4 first=cdls cdls_ms=0.011618000 rocsolver_ms=0.018147999 cdls_submit_ms=0.002534000 roc_submit_ms=0.010956000 cdls_wall_ms=0.019240000 roc_wall_ms=0.026280000
sample n=17 lda=17 iteration=5 first=rocsolver cdls_ms=0.010336000 rocsolver_ms=0.013101000 cdls_submit_ms=0.003015000 roc_submit_ms=0.006410000 cdls_wall_ms=0.018628000 roc_wall_ms=0.021553000
sample n=17 lda=17 iteration=6 first=cdls cdls_ms=0.010336000 rocsolver_ms=0.016105000 cdls_submit_ms=0.002023000 roc_submit_ms=0.008623000 cdls_wall_ms=0.018849000 roc_wall_ms=0.024978000
sample n=17 lda=17 iteration=7 first=rocsolver cdls_ms=0.011898000 rocsolver_ms=0.013581000 cdls_submit_ms=0.003165000 roc_submit_ms=0.006079000 cdls_wall_ms=0.018919000 roc_wall_ms=0.022305000
sample n=17 lda=17 iteration=8 first=cdls cdls_ms=0.010577000 rocsolver_ms=0.015103000 cdls_submit_ms=0.002614000 roc_submit_ms=0.006851000 cdls_wall_ms=0.017507000 roc_wall_ms=0.022835000
sample n=17 lda=17 iteration=9 first=rocsolver cdls_ms=0.010816000 rocsolver_ms=0.015223000 cdls_submit_ms=0.003035000 roc_submit_ms=0.006840000 cdls_wall_ms=0.018719000 roc_wall_ms=0.022094000
sample n=17 lda=17 iteration=10 first=cdls cdls_ms=0.011698000 rocsolver_ms=0.016786000 cdls_submit_ms=0.002243000 roc_submit_ms=0.008603000 cdls_wall_ms=0.019229000 roc_wall_ms=0.027272000
sample n=17 lda=17 iteration=11 first=rocsolver cdls_ms=0.010776000 rocsolver_ms=0.020551000 cdls_submit_ms=0.003335000 roc_submit_ms=0.011037000 cdls_wall_ms=0.019159000 roc_wall_ms=0.029816000
sample n=17 lda=17 iteration=12 first=cdls cdls_ms=0.010616000 rocsolver_ms=0.013821000 cdls_submit_ms=0.002263000 roc_submit_ms=0.007582000 cdls_wall_ms=0.017937000 roc_wall_ms=0.024157000
sample n=17 lda=17 iteration=13 first=rocsolver cdls_ms=0.010817000 rocsolver_ms=0.014062000 cdls_submit_ms=0.003055000 roc_submit_ms=0.006960000 cdls_wall_ms=0.019940000 roc_wall_ms=0.023005000
sample n=17 lda=17 iteration=14 first=cdls cdls_ms=0.010776000 rocsolver_ms=0.015304000 cdls_submit_ms=0.002173000 roc_submit_ms=0.008913000 cdls_wall_ms=0.019470000 roc_wall_ms=0.024567000
sample n=17 lda=17 iteration=15 first=rocsolver cdls_ms=0.011057000 rocsolver_ms=0.013942000 cdls_submit_ms=0.002795000 roc_submit_ms=0.006710000 cdls_wall_ms=0.018869000 roc_wall_ms=0.022534000
sample n=17 lda=17 iteration=16 first=cdls cdls_ms=0.010375000 rocsolver_ms=0.023316000 cdls_submit_ms=0.002163000 roc_submit_ms=0.014953000 cdls_wall_ms=0.018278000 roc_wall_ms=0.030557000
sample n=17 lda=17 iteration=17 first=rocsolver cdls_ms=0.010776000 rocsolver_ms=0.016184000 cdls_submit_ms=0.002904000 roc_submit_ms=0.007962000 cdls_wall_ms=0.019069000 roc_wall_ms=0.023626000
sample n=17 lda=17 iteration=18 first=cdls cdls_ms=0.010456000 rocsolver_ms=0.015544000 cdls_submit_ms=0.001943000 roc_submit_ms=0.008193000 cdls_wall_ms=0.018348000 roc_wall_ms=0.024648000
sample n=17 lda=17 iteration=19 first=rocsolver cdls_ms=0.010777000 rocsolver_ms=0.013781000 cdls_submit_ms=0.002824000 roc_submit_ms=0.007121000 cdls_wall_ms=0.019390000 roc_wall_ms=0.022925000
sample n=17 lda=17 iteration=20 first=cdls cdls_ms=0.010897000 rocsolver_ms=0.014702000 cdls_submit_ms=0.002624000 roc_submit_ms=0.008053000 cdls_wall_ms=0.018508000 roc_wall_ms=0.023256000
sample n=17 lda=17 iteration=21 first=rocsolver cdls_ms=0.010376000 rocsolver_ms=0.013741000 cdls_submit_ms=0.002894000 roc_submit_ms=0.006710000 cdls_wall_ms=0.019170000 roc_wall_ms=0.022574000
sample n=17 lda=17 iteration=22 first=cdls cdls_ms=0.010576000 rocsolver_ms=0.016745999 cdls_submit_ms=0.002885000 roc_submit_ms=0.008763000 cdls_wall_ms=0.018769000 roc_wall_ms=0.024567000
sample n=17 lda=17 iteration=23 first=rocsolver cdls_ms=0.011057000 rocsolver_ms=0.017747000 cdls_submit_ms=0.003225000 roc_submit_ms=0.009935000 cdls_wall_ms=0.019340000 roc_wall_ms=0.028063000
sample n=17 lda=17 iteration=24 first=cdls cdls_ms=0.010296000 rocsolver_ms=0.020632001 cdls_submit_ms=0.002213000 roc_submit_ms=0.012820000 cdls_wall_ms=0.019250000 roc_wall_ms=0.030668000
sample n=17 lda=17 iteration=25 first=rocsolver cdls_ms=0.010696000 rocsolver_ms=0.016825000 cdls_submit_ms=0.003235000 roc_submit_ms=0.008934000 cdls_wall_ms=0.019450000 roc_wall_ms=0.025669000
sample n=17 lda=17 iteration=26 first=cdls cdls_ms=0.010696000 rocsolver_ms=0.015344000 cdls_submit_ms=0.002324000 roc_submit_ms=0.008683000 cdls_wall_ms=0.018909000 roc_wall_ms=0.024297000
sample n=17 lda=17 iteration=27 first=rocsolver cdls_ms=0.010376000 rocsolver_ms=0.014863000 cdls_submit_ms=0.002905000 roc_submit_ms=0.006570000 cdls_wall_ms=0.019089000 roc_wall_ms=0.023856000
sample n=17 lda=17 iteration=28 first=cdls cdls_ms=0.010617000 rocsolver_ms=0.016626000 cdls_submit_ms=0.002343000 roc_submit_ms=0.008403000 cdls_wall_ms=0.018148000 roc_wall_ms=0.024107000
sample n=17 lda=17 iteration=29 first=rocsolver cdls_ms=0.010496000 rocsolver_ms=0.013941000 cdls_submit_ms=0.002795000 roc_submit_ms=0.006380000 cdls_wall_ms=0.019730000 roc_wall_ms=0.023416000
bench n=17 lda=17 repeats=30 cdls_median_ms=0.010776 rocsolver_median_ms=0.015264 cdls_mean_ms=0.010838 rocsolver_mean_ms=0.015921 cdls_gflops=0.290275 workspace_bytes=12 roc_workspace_bytes=0 cdls_submit_ms=0.002810 roc_submit_ms=0.008008 cdls_wall_ms=0.019079 roc_wall_ms=0.023981 rocsolver_gflops=0.204933 speedup=1.416435
