device=AMD Instinct MI300A arch=gfx942:sramecc+:xnack- HIP=60443484 CUs=228 memory_bytes=137438953472 rocSOLVER=3.28.2.1b897f5 rocBLAS=4.4.1.f08d23e3 baseline=rocsolver_dgetrf_npvt fp64 seed=20261001 method=auto matrix=dense n=2561 lda=2561 offset=0 warmup=5 repeats=30
validate n=2561 lda=2561 kind=dense info=7/0 L_rel=8.0000e-16 U_rel=1.8826e-15 residual_scaled=3.2378e-03/7.7480e-04 PASS
sample n=2561 lda=2561 iteration=0 first=cdls cdls_ms=2.491739035 rocsolver_ms=5.488743782 cdls_submit_ms=0.009454000 roc_submit_ms=2.862609000 cdls_wall_ms=2.507063000 roc_wall_ms=5.496175000
sample n=2561 lda=2561 iteration=1 first=rocsolver cdls_ms=2.447592020 rocsolver_ms=6.054130077 cdls_submit_ms=0.012499000 roc_submit_ms=5.537058000 cdls_wall_ms=2.455404000 roc_wall_ms=6.062003000
sample n=2561 lda=2561 iteration=2 first=cdls cdls_ms=2.448193073 rocsolver_ms=5.501002789 cdls_submit_ms=0.014112000 roc_submit_ms=2.952446000 cdls_wall_ms=2.454713000 roc_wall_ms=5.507543000
sample n=2561 lda=2561 iteration=3 first=rocsolver cdls_ms=2.534285069 rocsolver_ms=5.902647972 cdls_submit_ms=0.008092000 roc_submit_ms=5.613476000 cdls_wall_ms=2.542708000 roc_wall_ms=5.911322000
sample n=2561 lda=2561 iteration=4 first=cdls cdls_ms=2.470346928 rocsolver_ms=5.521543980 cdls_submit_ms=0.007391000 roc_submit_ms=2.901518000 cdls_wall_ms=2.643422000 roc_wall_ms=5.529968000
sample n=2561 lda=2561 iteration=5 first=rocsolver cdls_ms=2.458048105 rocsolver_ms=6.099619865 cdls_submit_ms=0.009324000 roc_submit_ms=5.509877000 cdls_wall_ms=2.466050000 roc_wall_ms=6.107623000
sample n=2561 lda=2561 iteration=6 first=cdls cdls_ms=2.439698935 rocsolver_ms=5.529796124 cdls_submit_ms=0.006640000 roc_submit_ms=2.908839000 cdls_wall_ms=2.610302000 roc_wall_ms=5.536688000
sample n=2561 lda=2561 iteration=7 first=rocsolver cdls_ms=2.474673033 rocsolver_ms=6.100049973 cdls_submit_ms=0.014432000 roc_submit_ms=5.594867000 cdls_wall_ms=2.483367000 roc_wall_ms=6.109436000
sample n=2561 lda=2561 iteration=8 first=cdls cdls_ms=2.501113892 rocsolver_ms=5.517127037 cdls_submit_ms=0.012769000 roc_submit_ms=2.889991000 cdls_wall_ms=2.509687000 roc_wall_ms=5.525792000
sample n=2561 lda=2561 iteration=9 first=rocsolver cdls_ms=2.490938902 rocsolver_ms=6.076644897 cdls_submit_ms=0.017507000 roc_submit_ms=5.522936000 cdls_wall_ms=2.499532000 roc_wall_ms=6.084477000
sample n=2561 lda=2561 iteration=10 first=cdls cdls_ms=2.470627069 rocsolver_ms=5.513502121 cdls_submit_ms=0.008302000 roc_submit_ms=2.911583000 cdls_wall_ms=2.480833000 roc_wall_ms=5.523198000
sample n=2561 lda=2561 iteration=11 first=rocsolver cdls_ms=2.457406998 rocsolver_ms=6.102694035 cdls_submit_ms=0.012119000 roc_submit_ms=5.489716000 cdls_wall_ms=2.466601000 roc_wall_ms=6.111469000
sample n=2561 lda=2561 iteration=12 first=cdls cdls_ms=2.558801889 rocsolver_ms=5.525939941 cdls_submit_ms=0.011738000 roc_submit_ms=2.923211000 cdls_wall_ms=2.566965000 roc_wall_ms=5.534134000
sample n=2561 lda=2561 iteration=13 first=rocsolver cdls_ms=2.568577051 rocsolver_ms=6.104016781 cdls_submit_ms=0.017257000 roc_submit_ms=5.484768000 cdls_wall_ms=2.577151000 roc_wall_ms=6.112891000
sample n=2561 lda=2561 iteration=14 first=cdls cdls_ms=2.466741085 rocsolver_ms=5.551058769 cdls_submit_ms=0.019850000 roc_submit_ms=2.896380000 cdls_wall_ms=2.475935000 roc_wall_ms=5.560585000
sample n=2561 lda=2561 iteration=15 first=rocsolver cdls_ms=2.471868992 rocsolver_ms=6.075923920 cdls_submit_ms=0.015363000 roc_submit_ms=5.478298000 cdls_wall_ms=2.480603000 roc_wall_ms=6.083687000
sample n=2561 lda=2561 iteration=16 first=cdls cdls_ms=2.476036072 rocsolver_ms=5.357862949 cdls_submit_ms=0.007171000 roc_submit_ms=2.851381000 cdls_wall_ms=2.485690000 roc_wall_ms=5.450175000
sample n=2561 lda=2561 iteration=17 first=rocsolver cdls_ms=2.454041958 rocsolver_ms=6.074320793 cdls_submit_ms=0.015814000 roc_submit_ms=5.497858000 cdls_wall_ms=2.461734000 roc_wall_ms=6.082424000
sample n=2561 lda=2561 iteration=18 first=cdls cdls_ms=2.431327105 rocsolver_ms=5.529356003 cdls_submit_ms=0.009905000 roc_submit_ms=2.920968000 cdls_wall_ms=2.614338000 roc_wall_ms=5.538671000
sample n=2561 lda=2561 iteration=19 first=rocsolver cdls_ms=2.541135073 rocsolver_ms=6.130496979 cdls_submit_ms=0.017487000 roc_submit_ms=5.598353000 cdls_wall_ms=2.549699000 roc_wall_ms=6.138390000
sample n=2561 lda=2561 iteration=20 first=cdls cdls_ms=2.466300011 rocsolver_ms=5.521654129 cdls_submit_ms=0.012740000 roc_submit_ms=2.900866000 cdls_wall_ms=2.474714000 roc_wall_ms=5.533443000
sample n=2561 lda=2561 iteration=21 first=rocsolver cdls_ms=2.576630116 rocsolver_ms=6.092538834 cdls_submit_ms=0.018028000 roc_submit_ms=5.574526000 cdls_wall_ms=2.585184000 roc_wall_ms=6.101174000
sample n=2561 lda=2561 iteration=22 first=cdls cdls_ms=2.553153038 rocsolver_ms=5.521173000 cdls_submit_ms=0.015775000 roc_submit_ms=2.876560000 cdls_wall_ms=2.561808000 roc_wall_ms=5.533112000
sample n=2561 lda=2561 iteration=23 first=rocsolver cdls_ms=2.499631882 rocsolver_ms=5.834423065 cdls_submit_ms=0.014773000 roc_submit_ms=5.576569000 cdls_wall_ms=2.507514000 roc_wall_ms=5.841716000
sample n=2561 lda=2561 iteration=24 first=cdls cdls_ms=2.431566954 rocsolver_ms=5.487091064 cdls_submit_ms=0.010115000 roc_submit_ms=2.816788000 cdls_wall_ms=2.610302000 roc_wall_ms=5.496476000
sample n=2561 lda=2561 iteration=25 first=rocsolver cdls_ms=2.553353071 rocsolver_ms=6.054319859 cdls_submit_ms=0.016205000 roc_submit_ms=5.590631000 cdls_wall_ms=2.561346000 roc_wall_ms=6.061763000
sample n=2561 lda=2561 iteration=26 first=cdls cdls_ms=2.443866014 rocsolver_ms=5.533822060 cdls_submit_ms=0.012259000 roc_submit_ms=2.879064000 cdls_wall_ms=2.453261000 roc_wall_ms=5.542757000
sample n=2561 lda=2561 iteration=27 first=rocsolver cdls_ms=2.534605980 rocsolver_ms=5.879181862 cdls_submit_ms=0.013992000 roc_submit_ms=5.597842000 cdls_wall_ms=2.541075000 roc_wall_ms=5.887615000
sample n=2561 lda=2561 iteration=28 first=cdls cdls_ms=2.448793888 rocsolver_ms=5.544407845 cdls_submit_ms=0.006440000 roc_submit_ms=2.917112000 cdls_wall_ms=2.635060000 roc_wall_ms=5.553123000
sample n=2561 lda=2561 iteration=29 first=rocsolver cdls_ms=2.501514912 rocsolver_ms=5.953785896 cdls_submit_ms=0.014612000 roc_submit_ms=5.511189000 cdls_wall_ms=2.509157000 roc_wall_ms=5.961639000
bench n=2561 lda=2561 repeats=30 cdls_median_ms=2.473271 rocsolver_median_ms=5.692741 cdls_mean_ms=2.488754 rocsolver_mean_ms=5.772629 cdls_gflops=4526.250113 workspace_bytes=6732 roc_workspace_bytes=11035904 cdls_submit_ms=0.012755 roc_submit_ms=4.215372 cdls_wall_ms=2.508336 roc_wall_ms=5.701150 rocsolver_gflops=1966.476845 speedup=2.301705
