device=AMD Instinct MI300A arch=gfx942:sramecc+:xnack- HIP=60443484 CUs=228 memory_bytes=137438953472 rocSOLVER=3.28.2.1b897f5 rocBLAS=4.4.1.f08d23e3 baseline=rocsolver_dgetrf_npvt fp64 seed=20261001 method=auto matrix=dense n=8191 lda=8191 offset=0 warmup=5 repeats=30
validate n=8191 lda=8191 kind=dense info=7/0 L_rel=1.4170e-15 U_rel=3.2776e-15 residual_scaled=1.8055e-03/3.1715e-04 PASS
sample n=8191 lda=8191 iteration=0 first=cdls cdls_ms=27.656400681 rocsolver_ms=27.356168747 cdls_submit_ms=0.009134000 roc_submit_ms=9.190989000 cdls_wall_ms=27.684029000 roc_wall_ms=27.365370000
sample n=8191 lda=8191 iteration=1 first=rocsolver cdls_ms=27.683799744 rocsolver_ms=27.823034286 cdls_submit_ms=0.009725000 roc_submit_ms=13.316594000 cdls_wall_ms=28.053526000 roc_wall_ms=27.838746000
sample n=8191 lda=8191 iteration=2 first=cdls cdls_ms=27.604717255 rocsolver_ms=27.288204193 cdls_submit_ms=0.008112000 roc_submit_ms=9.264913000 cdls_wall_ms=27.616395000 roc_wall_ms=27.295923000
sample n=8191 lda=8191 iteration=3 first=rocsolver cdls_ms=27.506408691 rocsolver_ms=27.775299072 cdls_submit_ms=0.008223000 roc_submit_ms=12.514484000 cdls_wall_ms=27.514429000 roc_wall_ms=28.091494000
sample n=8191 lda=8191 iteration=4 first=cdls cdls_ms=27.691572189 rocsolver_ms=27.797554016 cdls_submit_ms=0.008243000 roc_submit_ms=9.474624000 cdls_wall_ms=27.701886000 roc_wall_ms=27.808730000
sample n=8191 lda=8191 iteration=5 first=rocsolver cdls_ms=27.976490021 rocsolver_ms=27.737312317 cdls_submit_ms=0.008393000 roc_submit_ms=11.938030000 cdls_wall_ms=28.344601000 roc_wall_ms=28.079956000
sample n=8191 lda=8191 iteration=6 first=cdls cdls_ms=27.077709198 rocsolver_ms=27.363027573 cdls_submit_ms=0.008583000 roc_submit_ms=9.202598000 cdls_wall_ms=27.085241000 roc_wall_ms=27.370878000
sample n=8191 lda=8191 iteration=7 first=rocsolver cdls_ms=27.756992340 rocsolver_ms=28.008457184 cdls_submit_ms=0.008603000 roc_submit_ms=11.916498000 cdls_wall_ms=28.086896000 roc_wall_ms=28.359584000
sample n=8191 lda=8191 iteration=8 first=cdls cdls_ms=27.276935577 rocsolver_ms=27.763431549 cdls_submit_ms=0.008173000 roc_submit_ms=9.434062000 cdls_wall_ms=27.285688000 roc_wall_ms=27.772965000
sample n=8191 lda=8191 iteration=9 first=rocsolver cdls_ms=27.595064163 rocsolver_ms=27.858167648 cdls_submit_ms=0.007652000 roc_submit_ms=10.486927000 cdls_wall_ms=27.917927000 roc_wall_ms=28.168632000
sample n=8191 lda=8191 iteration=10 first=cdls cdls_ms=28.011102676 rocsolver_ms=27.815151215 cdls_submit_ms=0.071419000 roc_submit_ms=9.141093000 cdls_wall_ms=28.018742000 roc_wall_ms=27.825315000
sample n=8191 lda=8191 iteration=11 first=rocsolver cdls_ms=28.009660721 rocsolver_ms=27.871938705 cdls_submit_ms=0.310386000 roc_submit_ms=10.536111000 cdls_wall_ms=28.018191000 roc_wall_ms=28.184516000
sample n=8191 lda=8191 iteration=12 first=cdls cdls_ms=27.259910583 rocsolver_ms=27.182992935 cdls_submit_ms=0.009374000 roc_submit_ms=8.893504000 cdls_wall_ms=27.267941000 roc_wall_ms=27.191434000
sample n=8191 lda=8191 iteration=13 first=rocsolver cdls_ms=27.723339081 rocsolver_ms=28.001615524 cdls_submit_ms=0.007872000 roc_submit_ms=10.304146000 cdls_wall_ms=28.041657000 roc_wall_ms=28.308586000
sample n=8191 lda=8191 iteration=14 first=cdls cdls_ms=27.218608856 rocsolver_ms=27.545188904 cdls_submit_ms=0.011638000 roc_submit_ms=9.126480000 cdls_wall_ms=27.227880000 roc_wall_ms=27.555131000
sample n=8191 lda=8191 iteration=15 first=rocsolver cdls_ms=28.089019775 rocsolver_ms=27.959703445 cdls_submit_ms=0.008322000 roc_submit_ms=10.544424000 cdls_wall_ms=28.405906000 roc_wall_ms=28.274924000
sample n=8191 lda=8191 iteration=16 first=cdls cdls_ms=27.515544891 rocsolver_ms=27.336997986 cdls_submit_ms=0.117440000 roc_submit_ms=9.014779000 cdls_wall_ms=27.524264000 roc_wall_ms=27.346460000
sample n=8191 lda=8191 iteration=17 first=rocsolver cdls_ms=27.549716949 rocsolver_ms=28.179370880 cdls_submit_ms=0.007642000 roc_submit_ms=10.329325000 cdls_wall_ms=27.556984000 roc_wall_ms=28.188272000
sample n=8191 lda=8191 iteration=18 first=cdls cdls_ms=27.772136688 rocsolver_ms=27.194992065 cdls_submit_ms=0.007491000 roc_submit_ms=8.922979000 cdls_wall_ms=27.960443000 roc_wall_ms=27.206437000
sample n=8191 lda=8191 iteration=19 first=rocsolver cdls_ms=27.883626938 rocsolver_ms=27.947774887 cdls_submit_ms=0.008203000 roc_submit_ms=10.567009000 cdls_wall_ms=27.892528000 roc_wall_ms=28.268264000
sample n=8191 lda=8191 iteration=20 first=cdls cdls_ms=27.427688599 rocsolver_ms=27.839599609 cdls_submit_ms=0.007040000 roc_submit_ms=9.200625000 cdls_wall_ms=27.436529000 roc_wall_ms=27.849062000
sample n=8191 lda=8191 iteration=21 first=rocsolver cdls_ms=28.387840271 rocsolver_ms=28.132608414 cdls_submit_ms=0.305618000 roc_submit_ms=10.486726000 cdls_wall_ms=28.396090000 roc_wall_ms=28.457465000
sample n=8191 lda=8191 iteration=22 first=cdls cdls_ms=27.475160599 rocsolver_ms=27.394996643 cdls_submit_ms=0.008212000 roc_submit_ms=9.050014000 cdls_wall_ms=27.644288000 roc_wall_ms=27.402938000
sample n=8191 lda=8191 iteration=23 first=rocsolver cdls_ms=27.638170242 rocsolver_ms=28.145658493 cdls_submit_ms=0.008072000 roc_submit_ms=10.418100000 cdls_wall_ms=27.645259000 roc_wall_ms=28.453309000
sample n=8191 lda=8191 iteration=24 first=cdls cdls_ms=27.615736008 rocsolver_ms=27.181949615 cdls_submit_ms=0.008283000 roc_submit_ms=8.997964000 cdls_wall_ms=27.803883000 roc_wall_ms=27.189290000
sample n=8191 lda=8191 iteration=25 first=rocsolver cdls_ms=27.856023788 rocsolver_ms=27.939071655 cdls_submit_ms=0.008212000 roc_submit_ms=10.289313000 cdls_wall_ms=28.177155000 roc_wall_ms=28.254243000
sample n=8191 lda=8191 iteration=26 first=cdls cdls_ms=27.264915466 rocsolver_ms=27.815502167 cdls_submit_ms=0.075566000 roc_submit_ms=9.173713000 cdls_wall_ms=27.272317000 roc_wall_ms=27.823503000
sample n=8191 lda=8191 iteration=27 first=rocsolver cdls_ms=28.327707291 rocsolver_ms=27.961685181 cdls_submit_ms=0.316395000 roc_submit_ms=11.067306000 cdls_wall_ms=28.338802000 roc_wall_ms=28.285681000
sample n=8191 lda=8191 iteration=28 first=cdls cdls_ms=27.931100845 rocsolver_ms=27.821079254 cdls_submit_ms=0.074695000 roc_submit_ms=9.220014000 cdls_wall_ms=27.938589000 roc_wall_ms=27.828850000
sample n=8191 lda=8191 iteration=29 first=rocsolver cdls_ms=28.223787308 rocsolver_ms=28.093677521 cdls_submit_ms=0.306990000 roc_submit_ms=10.361444000 cdls_wall_ms=28.232409000 roc_wall_ms=28.419977000
bench n=8191 lda=8191 repeats=30 cdls_median_ms=27.670100 rocsolver_median_ms=27.818291 cdls_mean_ms=27.700230 rocsolver_mean_ms=27.737740 cdls_gflops=13239.421765 workspace_bytes=65544 roc_workspace_bytes=34141376 cdls_submit_ms=0.008358 roc_submit_ms=9.881968 cdls_wall_ms=27.848205 roc_wall_ms=27.843904 rocsolver_gflops=13168.894192 speedup=1.005356
