device=AMD Instinct MI300A arch=gfx942:sramecc+:xnack- HIP=60443484 CUs=228 memory_bytes=137438953472 rocSOLVER=3.28.2.1b897f5 rocBLAS=4.4.1.f08d23e3 baseline=rocsolver_dgetrf_npvt fp64 seed=20261001 method=auto matrix=dense n=2047 lda=2047 offset=0 warmup=5 repeats=30
validate n=2047 lda=2047 kind=dense info=7/0 L_rel=6.9560e-16 U_rel=1.6442e-15 residual_scaled=3.5988e-03/5.7619e-04 PASS
sample n=2047 lda=2047 iteration=0 first=cdls cdls_ms=1.754289031 rocsolver_ms=4.384652138 cdls_submit_ms=0.013641000 roc_submit_ms=2.305454000 cdls_wall_ms=1.776644000 roc_wall_ms=4.394067000
sample n=2047 lda=2047 iteration=1 first=rocsolver cdls_ms=1.793189049 rocsolver_ms=4.810864925 cdls_submit_ms=0.011869000 roc_submit_ms=4.176773000 cdls_wall_ms=1.801762000 roc_wall_ms=4.819108000
sample n=2047 lda=2047 iteration=2 first=cdls cdls_ms=1.717833042 rocsolver_ms=4.259590149 cdls_submit_ms=0.009235000 roc_submit_ms=2.282929000 cdls_wall_ms=1.726547000 roc_wall_ms=4.268073000
sample n=2047 lda=2047 iteration=3 first=rocsolver cdls_ms=1.752526999 rocsolver_ms=4.809321880 cdls_submit_ms=0.013060000 roc_submit_ms=4.247081000 cdls_wall_ms=1.760599000 roc_wall_ms=4.816284000
sample n=2047 lda=2047 iteration=4 first=cdls cdls_ms=1.736621976 rocsolver_ms=4.255302906 cdls_submit_ms=0.008443000 roc_submit_ms=2.339457000 cdls_wall_ms=1.744935000 roc_wall_ms=4.263356000
sample n=2047 lda=2047 iteration=5 first=rocsolver cdls_ms=1.750283003 rocsolver_ms=4.804944992 cdls_submit_ms=0.014102000 roc_submit_ms=4.289686000 cdls_wall_ms=1.759417000 roc_wall_ms=4.813650000
sample n=2047 lda=2047 iteration=6 first=cdls cdls_ms=1.709820986 rocsolver_ms=4.403379917 cdls_submit_ms=0.009484000 roc_submit_ms=2.414492000 cdls_wall_ms=1.722200000 roc_wall_ms=4.410471000
sample n=2047 lda=2047 iteration=7 first=rocsolver cdls_ms=1.762380958 rocsolver_ms=4.698262215 cdls_submit_ms=0.013110000 roc_submit_ms=4.154268000 cdls_wall_ms=1.770454000 roc_wall_ms=4.706865000
sample n=2047 lda=2047 iteration=8 first=cdls cdls_ms=1.734537959 rocsolver_ms=4.358240128 cdls_submit_ms=0.008694000 roc_submit_ms=2.345806000 cdls_wall_ms=1.742171000 roc_wall_ms=4.370731000
sample n=2047 lda=2047 iteration=9 first=rocsolver cdls_ms=1.769111037 rocsolver_ms=4.819097042 cdls_submit_ms=0.016936000 roc_submit_ms=4.258949000 cdls_wall_ms=1.777845000 roc_wall_ms=4.827210000
sample n=2047 lda=2047 iteration=10 first=cdls cdls_ms=1.740026951 rocsolver_ms=4.356898785 cdls_submit_ms=0.010556000 roc_submit_ms=2.365226000 cdls_wall_ms=1.748931000 roc_wall_ms=4.366503000
sample n=2047 lda=2047 iteration=11 first=rocsolver cdls_ms=1.762902021 rocsolver_ms=4.718293190 cdls_submit_ms=0.014923000 roc_submit_ms=4.258339000 cdls_wall_ms=1.769723000 roc_wall_ms=4.726205000
sample n=2047 lda=2047 iteration=12 first=cdls cdls_ms=1.734899998 rocsolver_ms=4.355236053 cdls_submit_ms=0.012859000 roc_submit_ms=2.331604000 cdls_wall_ms=1.742751000 roc_wall_ms=4.362437000
sample n=2047 lda=2047 iteration=13 first=rocsolver cdls_ms=1.753608942 rocsolver_ms=4.646031857 cdls_submit_ms=0.013391000 roc_submit_ms=4.194571000 cdls_wall_ms=1.762201000 roc_wall_ms=4.653805000
sample n=2047 lda=2047 iteration=14 first=cdls cdls_ms=1.699004054 rocsolver_ms=4.236945152 cdls_submit_ms=0.009435000 roc_submit_ms=2.270620000 cdls_wall_ms=1.708339000 roc_wall_ms=4.244928000
sample n=2047 lda=2047 iteration=15 first=rocsolver cdls_ms=1.833891034 rocsolver_ms=4.723279953 cdls_submit_ms=0.014983000 roc_submit_ms=4.311550000 cdls_wall_ms=1.842024000 roc_wall_ms=4.730982000
sample n=2047 lda=2047 iteration=16 first=cdls cdls_ms=1.737462997 rocsolver_ms=4.387245178 cdls_submit_ms=0.022304000 roc_submit_ms=2.318384000 cdls_wall_ms=1.891690000 roc_wall_ms=4.395218000
sample n=2047 lda=2047 iteration=17 first=rocsolver cdls_ms=1.746477008 rocsolver_ms=4.646663189 cdls_submit_ms=0.013361000 roc_submit_ms=4.306702000 cdls_wall_ms=1.754690000 roc_wall_ms=4.654626000
sample n=2047 lda=2047 iteration=18 first=cdls cdls_ms=1.793828964 rocsolver_ms=4.402829170 cdls_submit_ms=0.073583000 roc_submit_ms=2.389483000 cdls_wall_ms=1.801973000 roc_wall_ms=4.413195000
sample n=2047 lda=2047 iteration=19 first=rocsolver cdls_ms=1.824036002 rocsolver_ms=4.778914928 cdls_submit_ms=0.015334000 roc_submit_ms=4.215172000 cdls_wall_ms=1.831358000 roc_wall_ms=4.786528000
sample n=2047 lda=2047 iteration=20 first=cdls cdls_ms=1.702929974 rocsolver_ms=4.398241997 cdls_submit_ms=0.010527000 roc_submit_ms=2.349552000 cdls_wall_ms=1.711253000 roc_wall_ms=4.408649000
sample n=2047 lda=2047 iteration=21 first=rocsolver cdls_ms=1.754608989 rocsolver_ms=4.822842121 cdls_submit_ms=0.020532000 roc_submit_ms=4.318811000 cdls_wall_ms=1.763353000 roc_wall_ms=4.830966000
sample n=2047 lda=2047 iteration=22 first=cdls cdls_ms=1.736662030 rocsolver_ms=4.382829189 cdls_submit_ms=0.007711000 roc_submit_ms=2.349983000 cdls_wall_ms=1.903828000 roc_wall_ms=4.390951000
sample n=2047 lda=2047 iteration=23 first=rocsolver cdls_ms=1.751845956 rocsolver_ms=4.736139774 cdls_submit_ms=0.011658000 roc_submit_ms=4.264989000 cdls_wall_ms=1.760128000 roc_wall_ms=4.743502000
sample n=2047 lda=2047 iteration=24 first=cdls cdls_ms=1.745635986 rocsolver_ms=4.371952057 cdls_submit_ms=0.009745000 roc_submit_ms=2.314288000 cdls_wall_ms=1.910870000 roc_wall_ms=4.381517000
sample n=2047 lda=2047 iteration=25 first=rocsolver cdls_ms=1.734820008 rocsolver_ms=4.787549019 cdls_submit_ms=0.016355000 roc_submit_ms=4.348626000 cdls_wall_ms=1.742612000 roc_wall_ms=4.795031000
sample n=2047 lda=2047 iteration=26 first=cdls cdls_ms=1.728610039 rocsolver_ms=4.388806820 cdls_submit_ms=0.010877000 roc_submit_ms=2.322991000 cdls_wall_ms=1.736713000 roc_wall_ms=4.399805000
sample n=2047 lda=2047 iteration=27 first=rocsolver cdls_ms=1.803845048 rocsolver_ms=4.806727886 cdls_submit_ms=0.027462000 roc_submit_ms=4.235944000 cdls_wall_ms=1.812198000 roc_wall_ms=4.813509000
sample n=2047 lda=2047 iteration=28 first=cdls cdls_ms=1.750041962 rocsolver_ms=4.383860111 cdls_submit_ms=0.008232000 roc_submit_ms=2.295539000 cdls_wall_ms=1.758646000 roc_wall_ms=4.396500000
sample n=2047 lda=2047 iteration=29 first=rocsolver cdls_ms=1.734418035 rocsolver_ms=4.702298164 cdls_submit_ms=0.012900000 roc_submit_ms=4.274152000 cdls_wall_ms=1.742942000 roc_wall_ms=4.710802000
bench n=2047 lda=2047 repeats=30 cdls_median_ms=1.748259 rocsolver_median_ms=4.524706 cdls_mean_ms=1.751672 rocsolver_mean_ms=4.554575 cdls_gflops=3269.619386 workspace_bytes=4104 roc_workspace_bytes=8926400 cdls_submit_ms=0.012980 roc_submit_ms=3.284380 cdls_wall_ms=1.760363 roc_wall_ms=4.533500 rocsolver_gflops=1263.318157 speedup=2.588120
