device=AMD Instinct MI300A arch=gfx942:sramecc+:xnack- HIP=60443484 CUs=228 memory_bytes=137438953472 rocSOLVER=3.28.2.1b897f5 rocBLAS=4.4.1.f08d23e3 baseline=rocsolver_dgetrf_npvt fp64 seed=20261001 method=auto matrix=dense n=33 lda=33 offset=0 warmup=20 repeats=30
validate n=33 lda=33 kind=dense info=7/0 L_rel=3.2333e-17 U_rel=1.6514e-18 residual_scaled=2.7589e-02/2.7588e-02 cpu_residual_scaled=2.8172e-02/2.8173e-02 PASS
sample n=33 lda=33 iteration=0 first=cdls cdls_ms=0.017867001 rocsolver_ms=0.038059000 cdls_submit_ms=0.005369000 roc_submit_ms=0.007121000 cdls_wall_ms=0.034213000 roc_wall_ms=0.047212000
sample n=33 lda=33 iteration=1 first=rocsolver cdls_ms=0.017026000 rocsolver_ms=0.036416002 cdls_submit_ms=0.003175000 roc_submit_ms=0.007191000 cdls_wall_ms=0.025800000 roc_wall_ms=0.045500000
sample n=33 lda=33 iteration=2 first=cdls cdls_ms=0.016705001 rocsolver_ms=0.037818000 cdls_submit_ms=0.002995000 roc_submit_ms=0.007962000 cdls_wall_ms=0.026020000 roc_wall_ms=0.046071000
sample n=33 lda=33 iteration=3 first=rocsolver cdls_ms=0.015704000 rocsolver_ms=0.037778001 cdls_submit_ms=0.003365000 roc_submit_ms=0.008312000 cdls_wall_ms=0.024278000 roc_wall_ms=0.045850000
sample n=33 lda=33 iteration=4 first=cdls cdls_ms=0.015904000 rocsolver_ms=0.039581001 cdls_submit_ms=0.002895000 roc_submit_ms=0.008924000 cdls_wall_ms=0.023356000 roc_wall_ms=0.047283000
sample n=33 lda=33 iteration=5 first=rocsolver cdls_ms=0.015944000 rocsolver_ms=0.038499001 cdls_submit_ms=0.003175000 roc_submit_ms=0.007511000 cdls_wall_ms=0.024037000 roc_wall_ms=0.046221000
sample n=33 lda=33 iteration=6 first=cdls cdls_ms=0.016825000 rocsolver_ms=0.038378999 cdls_submit_ms=0.002564000 roc_submit_ms=0.008614000 cdls_wall_ms=0.024758000 roc_wall_ms=0.048654000
sample n=33 lda=33 iteration=7 first=rocsolver cdls_ms=0.016145000 rocsolver_ms=0.038178001 cdls_submit_ms=0.003134000 roc_submit_ms=0.007462000 cdls_wall_ms=0.024137000 roc_wall_ms=0.047143000
sample n=33 lda=33 iteration=8 first=cdls cdls_ms=0.016023999 rocsolver_ms=0.037698001 cdls_submit_ms=0.002624000 roc_submit_ms=0.007983000 cdls_wall_ms=0.023576000 roc_wall_ms=0.047573000
sample n=33 lda=33 iteration=9 first=rocsolver cdls_ms=0.017347001 rocsolver_ms=0.037818000 cdls_submit_ms=0.003215000 roc_submit_ms=0.006770000 cdls_wall_ms=0.025569000 roc_wall_ms=0.045110000
sample n=33 lda=33 iteration=10 first=cdls cdls_ms=0.017026000 rocsolver_ms=0.039379999 cdls_submit_ms=0.003225000 roc_submit_ms=0.008493000 cdls_wall_ms=0.024247000 roc_wall_ms=0.047954000
sample n=33 lda=33 iteration=11 first=rocsolver cdls_ms=0.016065000 rocsolver_ms=0.037457999 cdls_submit_ms=0.003125000 roc_submit_ms=0.007161000 cdls_wall_ms=0.024177000 roc_wall_ms=0.046371000
sample n=33 lda=33 iteration=12 first=cdls cdls_ms=0.016105000 rocsolver_ms=0.038578998 cdls_submit_ms=0.002344000 roc_submit_ms=0.008072000 cdls_wall_ms=0.024107000 roc_wall_ms=0.047713000
sample n=33 lda=33 iteration=13 first=rocsolver cdls_ms=0.016024999 rocsolver_ms=0.036176000 cdls_submit_ms=0.003125000 roc_submit_ms=0.006670000 cdls_wall_ms=0.024097000 roc_wall_ms=0.046542000
sample n=33 lda=33 iteration=14 first=cdls cdls_ms=0.016185001 rocsolver_ms=0.043145999 cdls_submit_ms=0.002574000 roc_submit_ms=0.011788000 cdls_wall_ms=0.023877000 roc_wall_ms=0.052120000
sample n=33 lda=33 iteration=15 first=rocsolver cdls_ms=0.017185999 rocsolver_ms=0.038258001 cdls_submit_ms=0.003235000 roc_submit_ms=0.007381000 cdls_wall_ms=0.024557000 roc_wall_ms=0.047533000
sample n=33 lda=33 iteration=16 first=cdls cdls_ms=0.017026000 rocsolver_ms=0.040222000 cdls_submit_ms=0.002865000 roc_submit_ms=0.009024000 cdls_wall_ms=0.023737000 roc_wall_ms=0.048755000
sample n=33 lda=33 iteration=17 first=rocsolver cdls_ms=0.015904000 rocsolver_ms=0.036254998 cdls_submit_ms=0.003155000 roc_submit_ms=0.006079000 cdls_wall_ms=0.025258000 roc_wall_ms=0.044419000
sample n=33 lda=33 iteration=18 first=cdls cdls_ms=0.015905000 rocsolver_ms=0.039661001 cdls_submit_ms=0.002163000 roc_submit_ms=0.009214000 cdls_wall_ms=0.023957000 roc_wall_ms=0.047803000
sample n=33 lda=33 iteration=19 first=rocsolver cdls_ms=0.017266000 rocsolver_ms=0.035213999 cdls_submit_ms=0.003245000 roc_submit_ms=0.005909000 cdls_wall_ms=0.024628000 roc_wall_ms=0.046571000
sample n=33 lda=33 iteration=20 first=cdls cdls_ms=0.016264999 rocsolver_ms=0.038298000 cdls_submit_ms=0.003636000 roc_submit_ms=0.009114000 cdls_wall_ms=0.027602000 roc_wall_ms=0.048515000
sample n=33 lda=33 iteration=21 first=rocsolver cdls_ms=0.015783999 rocsolver_ms=0.036375999 cdls_submit_ms=0.003235000 roc_submit_ms=0.007021000 cdls_wall_ms=0.026110000 roc_wall_ms=0.048665000
sample n=33 lda=33 iteration=22 first=cdls cdls_ms=0.015823999 rocsolver_ms=0.037898000 cdls_submit_ms=0.003545000 roc_submit_ms=0.009074000 cdls_wall_ms=0.024878000 roc_wall_ms=0.049787000
sample n=33 lda=33 iteration=23 first=rocsolver cdls_ms=0.016225001 rocsolver_ms=0.038219001 cdls_submit_ms=0.003605000 roc_submit_ms=0.008062000 cdls_wall_ms=0.025228000 roc_wall_ms=0.047553000
sample n=33 lda=33 iteration=24 first=cdls cdls_ms=0.016305000 rocsolver_ms=0.040982999 cdls_submit_ms=0.002223000 roc_submit_ms=0.010056000 cdls_wall_ms=0.026451000 roc_wall_ms=0.049756000
sample n=33 lda=33 iteration=25 first=rocsolver cdls_ms=0.017507000 rocsolver_ms=0.038699001 cdls_submit_ms=0.003576000 roc_submit_ms=0.007471000 cdls_wall_ms=0.025408000 roc_wall_ms=0.046992000
sample n=33 lda=33 iteration=26 first=cdls cdls_ms=0.015904000 rocsolver_ms=0.039740998 cdls_submit_ms=0.002284000 roc_submit_ms=0.009885000 cdls_wall_ms=0.025028000 roc_wall_ms=0.050067000
sample n=33 lda=33 iteration=27 first=rocsolver cdls_ms=0.017707000 rocsolver_ms=0.038458999 cdls_submit_ms=0.004978000 roc_submit_ms=0.008703000 cdls_wall_ms=0.027512000 roc_wall_ms=0.047973000
sample n=33 lda=33 iteration=28 first=cdls cdls_ms=0.015544000 rocsolver_ms=0.040582001 cdls_submit_ms=0.002704000 roc_submit_ms=0.010747000 cdls_wall_ms=0.024197000 roc_wall_ms=0.049015000
sample n=33 lda=33 iteration=29 first=rocsolver cdls_ms=0.015945001 rocsolver_ms=0.035734002 cdls_submit_ms=0.003145000 roc_submit_ms=0.006540000 cdls_wall_ms=0.025028000 roc_wall_ms=0.045920000
bench n=33 lda=33 repeats=30 cdls_median_ms=0.016165 rocsolver_median_ms=0.038239 cdls_mean_ms=0.016440 rocsolver_mean_ms=0.038319 cdls_gflops=1.448067 workspace_bytes=12 roc_workspace_bytes=0 cdls_submit_ms=0.003150 roc_submit_ms=0.008023 cdls_wall_ms=0.024693 roc_wall_ms=0.047543 rocsolver_gflops=0.612158 speedup=2.365512
