device=AMD Instinct MI300A arch=gfx942:sramecc+:xnack- HIP=60443484 CUs=228 memory_bytes=137438953472 rocSOLVER=3.28.2.1b897f5 rocBLAS=4.4.1.f08d23e3 baseline=rocsolver_dgetrf_npvt fp64 seed=20261001 method=auto matrix=dense n=8191 lda=8191 offset=0 warmup=5 repeats=30
validate n=8191 lda=8191 kind=dense info=7/0 L_rel=6.2888e-16 U_rel=1.7450e-15 residual_scaled=1.0001e-03/3.1715e-04 PASS
sample n=8191 lda=8191 iteration=0 first=cdls cdls_ms=19.261978149 rocsolver_ms=27.144210815 cdls_submit_ms=0.507418000 roc_submit_ms=9.296332000 cdls_wall_ms=19.287097000 roc_wall_ms=27.153586000
sample n=8191 lda=8191 iteration=1 first=rocsolver cdls_ms=19.203268051 rocsolver_ms=27.475488663 cdls_submit_ms=0.458202000 roc_submit_ms=12.557070000 cdls_wall_ms=19.509378000 roc_wall_ms=27.779124000
sample n=8191 lda=8191 iteration=2 first=cdls cdls_ms=19.382379532 rocsolver_ms=27.209911346 cdls_submit_ms=0.451071000 roc_submit_ms=9.237401000 cdls_wall_ms=19.390656000 roc_wall_ms=27.218185000
sample n=8191 lda=8191 iteration=3 first=rocsolver cdls_ms=19.366518021 rocsolver_ms=27.789047241 cdls_submit_ms=0.621873000 roc_submit_ms=12.277270000 cdls_wall_ms=19.710546000 roc_wall_ms=28.093567000
sample n=8191 lda=8191 iteration=4 first=cdls cdls_ms=19.375841141 rocsolver_ms=27.335611343 cdls_submit_ms=0.408146000 roc_submit_ms=9.117577000 cdls_wall_ms=19.385076000 roc_wall_ms=27.345269000
sample n=8191 lda=8191 iteration=5 first=rocsolver cdls_ms=19.764999390 rocsolver_ms=27.760536194 cdls_submit_ms=0.922735000 roc_submit_ms=12.111296000 cdls_wall_ms=19.773873000 roc_wall_ms=28.095088000
sample n=8191 lda=8191 iteration=6 first=cdls cdls_ms=19.271932602 rocsolver_ms=27.128536224 cdls_submit_ms=0.455959000 roc_submit_ms=9.367620000 cdls_wall_ms=19.283110000 roc_wall_ms=27.137371000
sample n=8191 lda=8191 iteration=7 first=rocsolver cdls_ms=19.368459702 rocsolver_ms=27.672830582 cdls_submit_ms=0.621503000 roc_submit_ms=12.108942000 cdls_wall_ms=19.669212000 roc_wall_ms=28.008757000
sample n=8191 lda=8191 iteration=8 first=cdls cdls_ms=19.349971771 rocsolver_ms=27.176870346 cdls_submit_ms=0.206767000 roc_submit_ms=9.058997000 cdls_wall_ms=19.358446000 roc_wall_ms=27.183932000
sample n=8191 lda=8191 iteration=9 first=rocsolver cdls_ms=19.259624481 rocsolver_ms=28.181619644 cdls_submit_ms=0.587842000 roc_submit_ms=10.539146000 cdls_wall_ms=19.579585000 roc_wall_ms=28.190986000
sample n=8191 lda=8191 iteration=10 first=cdls cdls_ms=19.414619446 rocsolver_ms=27.333419800 cdls_submit_ms=0.192945000 roc_submit_ms=9.050254000 cdls_wall_ms=19.422093000 roc_wall_ms=27.342596000
sample n=8191 lda=8191 iteration=11 first=rocsolver cdls_ms=19.762144089 rocsolver_ms=27.971557617 cdls_submit_ms=0.907451000 roc_submit_ms=10.471623000 cdls_wall_ms=19.770938000 roc_wall_ms=28.268084000
sample n=8191 lda=8191 iteration=12 first=cdls cdls_ms=19.357872009 rocsolver_ms=27.462335587 cdls_submit_ms=0.199646000 roc_submit_ms=9.077706000 cdls_wall_ms=19.365767000 roc_wall_ms=27.469640000
sample n=8191 lda=8191 iteration=13 first=rocsolver cdls_ms=19.736764908 rocsolver_ms=27.891523361 cdls_submit_ms=0.897166000 roc_submit_ms=11.219670000 cdls_wall_ms=19.746381000 roc_wall_ms=28.199530000
sample n=8191 lda=8191 iteration=14 first=cdls cdls_ms=19.363523483 rocsolver_ms=27.344135284 cdls_submit_ms=0.179014000 roc_submit_ms=9.003923000 cdls_wall_ms=19.373490000 roc_wall_ms=27.352370000
sample n=8191 lda=8191 iteration=15 first=rocsolver cdls_ms=19.748231888 rocsolver_ms=27.880960464 cdls_submit_ms=0.909934000 roc_submit_ms=10.729328000 cdls_wall_ms=19.756406000 roc_wall_ms=28.171136000
sample n=8191 lda=8191 iteration=16 first=cdls cdls_ms=19.185279846 rocsolver_ms=27.341772079 cdls_submit_ms=0.203221000 roc_submit_ms=9.214395000 cdls_wall_ms=19.212452000 roc_wall_ms=27.349135000
sample n=8191 lda=8191 iteration=17 first=rocsolver cdls_ms=19.285463333 rocsolver_ms=28.075508118 cdls_submit_ms=0.611047000 roc_submit_ms=10.606089000 cdls_wall_ms=19.590202000 roc_wall_ms=28.134139000
sample n=8191 lda=8191 iteration=18 first=cdls cdls_ms=19.430675507 rocsolver_ms=27.340791702 cdls_submit_ms=0.203642000 roc_submit_ms=9.082283000 cdls_wall_ms=19.437937000 roc_wall_ms=27.349617000
sample n=8191 lda=8191 iteration=19 first=rocsolver cdls_ms=19.523767471 rocsolver_ms=28.042556763 cdls_submit_ms=0.765123000 roc_submit_ms=11.033504000 cdls_wall_ms=19.533535000 roc_wall_ms=28.356109000
sample n=8191 lda=8191 iteration=20 first=cdls cdls_ms=19.418996811 rocsolver_ms=27.488067627 cdls_submit_ms=0.213658000 roc_submit_ms=9.059769000 cdls_wall_ms=19.427622000 roc_wall_ms=27.497423000
sample n=8191 lda=8191 iteration=21 first=rocsolver cdls_ms=19.439018250 rocsolver_ms=28.097471237 cdls_submit_ms=0.579659000 roc_submit_ms=10.795058000 cdls_wall_ms=19.752240000 roc_wall_ms=28.392905000
sample n=8191 lda=8191 iteration=22 first=cdls cdls_ms=19.501575470 rocsolver_ms=27.350276947 cdls_submit_ms=0.176771000 roc_submit_ms=9.128554000 cdls_wall_ms=19.511761000 roc_wall_ms=27.358850000
sample n=8191 lda=8191 iteration=23 first=rocsolver cdls_ms=19.516538620 rocsolver_ms=28.135759354 cdls_submit_ms=0.591747000 roc_submit_ms=10.573528000 cdls_wall_ms=19.829328000 roc_wall_ms=28.431545000
sample n=8191 lda=8191 iteration=24 first=cdls cdls_ms=19.395832062 rocsolver_ms=27.483530045 cdls_submit_ms=0.277726000 roc_submit_ms=9.194164000 cdls_wall_ms=19.405659000 roc_wall_ms=27.492506000
sample n=8191 lda=8191 iteration=25 first=rocsolver cdls_ms=19.429883957 rocsolver_ms=28.021905899 cdls_submit_ms=0.590144000 roc_submit_ms=10.781779000 cdls_wall_ms=19.730536000 roc_wall_ms=28.326133000
sample n=8191 lda=8191 iteration=26 first=cdls cdls_ms=19.417255402 rocsolver_ms=27.404970169 cdls_submit_ms=0.272568000 roc_submit_ms=9.022061000 cdls_wall_ms=19.425168000 roc_wall_ms=27.412131000
sample n=8191 lda=8191 iteration=27 first=rocsolver cdls_ms=19.655939102 rocsolver_ms=27.986591339 cdls_submit_ms=0.898147000 roc_submit_ms=10.592178000 cdls_wall_ms=19.664444000 roc_wall_ms=28.289388000
sample n=8191 lda=8191 iteration=28 first=cdls cdls_ms=19.424596786 rocsolver_ms=27.378320694 cdls_submit_ms=0.195269000 roc_submit_ms=9.094371000 cdls_wall_ms=19.432390000 roc_wall_ms=27.386944000
sample n=8191 lda=8191 iteration=29 first=rocsolver cdls_ms=19.371635437 rocsolver_ms=28.016887665 cdls_submit_ms=0.619740000 roc_submit_ms=10.560039000 cdls_wall_ms=19.676574000 roc_wall_ms=28.322989000
bench n=8191 lda=8191 repeats=30 cdls_median_ms=19.405226 rocsolver_median_ms=27.485799 cdls_mean_ms=19.432820 rocsolver_mean_ms=27.630767 cdls_gflops=18878.220312 workspace_bytes=65544 roc_workspace_bytes=34141376 cdls_submit_ms=0.482810 roc_submit_ms=9.919621 cdls_wall_ms=19.510570 roc_wall_ms=27.638274 rocsolver_gflops=13328.196468 speedup=1.416412
