device=AMD Instinct MI300A arch=gfx942:sramecc+:xnack- HIP=60443484 CUs=228 memory_bytes=137438953472 rocSOLVER=3.28.2.1b897f5 rocBLAS=4.4.1.f08d23e3 baseline=rocsolver_dgetrf_npvt fp64 seed=20261001 method=auto matrix=dense n=129 lda=129 offset=0 warmup=5 repeats=30
validate n=129 lda=129 kind=dense info=7/0 L_rel=2.0622e-16 U_rel=5.3352e-16 residual_scaled=1.8029e-02/7.7731e-03 PASS
sample n=129 lda=129 iteration=0 first=cdls cdls_ms=0.117299996 rocsolver_ms=0.215650007 cdls_submit_ms=0.016295000 roc_submit_ms=0.159244000 cdls_wall_ms=0.131953000 roc_wall_ms=0.222741000
sample n=129 lda=129 iteration=1 first=rocsolver cdls_ms=0.112291999 rocsolver_ms=0.203871995 cdls_submit_ms=0.011808000 roc_submit_ms=0.196802000 cdls_wall_ms=0.119904000 roc_wall_ms=0.210913000
sample n=129 lda=129 iteration=2 first=cdls cdls_ms=0.112893000 rocsolver_ms=0.187246993 cdls_submit_ms=0.015144000 roc_submit_ms=0.143410000 cdls_wall_ms=0.128747000 roc_wall_ms=0.194378000
sample n=129 lda=129 iteration=3 first=rocsolver cdls_ms=0.107004002 rocsolver_ms=0.231594995 cdls_submit_ms=0.008413000 roc_submit_ms=0.228501000 cdls_wall_ms=0.114906000 roc_wall_ms=0.239067000
sample n=129 lda=129 iteration=4 first=cdls cdls_ms=0.108245999 rocsolver_ms=0.188730001 cdls_submit_ms=0.009344000 roc_submit_ms=0.137761000 cdls_wall_ms=0.115757000 roc_wall_ms=0.196802000
sample n=129 lda=129 iteration=5 first=rocsolver cdls_ms=0.108926997 rocsolver_ms=0.229151994 cdls_submit_ms=0.010556000 roc_submit_ms=0.227179000 cdls_wall_ms=0.116318000 roc_wall_ms=0.235701000
sample n=129 lda=129 iteration=6 first=cdls cdls_ms=0.108326003 rocsolver_ms=0.191893995 cdls_submit_ms=0.009294000 roc_submit_ms=0.149238000 cdls_wall_ms=0.116128000 roc_wall_ms=0.201349000
sample n=129 lda=129 iteration=7 first=rocsolver cdls_ms=0.107605003 rocsolver_ms=0.213046998 cdls_submit_ms=0.010977000 roc_submit_ms=0.209120000 cdls_wall_ms=0.116008000 roc_wall_ms=0.222080000
sample n=129 lda=129 iteration=8 first=cdls cdls_ms=0.111810997 rocsolver_ms=0.200066999 cdls_submit_ms=0.014352000 roc_submit_ms=0.147306000 cdls_wall_ms=0.125673000 roc_wall_ms=0.211774000
sample n=129 lda=129 iteration=9 first=rocsolver cdls_ms=0.104719996 rocsolver_ms=0.225504994 cdls_submit_ms=0.006360000 roc_submit_ms=0.222040000 cdls_wall_ms=0.112162000 roc_wall_ms=0.232016000
sample n=129 lda=129 iteration=10 first=cdls cdls_ms=0.107804999 rocsolver_ms=0.188769996 cdls_submit_ms=0.009805000 roc_submit_ms=0.143960000 cdls_wall_ms=0.115567000 roc_wall_ms=0.200077000
sample n=129 lda=129 iteration=11 first=rocsolver cdls_ms=0.107804999 rocsolver_ms=0.220176995 cdls_submit_ms=0.010987000 roc_submit_ms=0.211664000 cdls_wall_ms=0.116598000 roc_wall_ms=0.228811000
sample n=129 lda=129 iteration=12 first=cdls cdls_ms=0.106844001 rocsolver_ms=0.188610002 cdls_submit_ms=0.008533000 roc_submit_ms=0.131181000 cdls_wall_ms=0.116179000 roc_wall_ms=0.200918000
sample n=129 lda=129 iteration=13 first=rocsolver cdls_ms=0.107444003 rocsolver_ms=0.200306997 cdls_submit_ms=0.008804000 roc_submit_ms=0.193106000 cdls_wall_ms=0.115337000 roc_wall_ms=0.207908000
sample n=129 lda=129 iteration=14 first=cdls cdls_ms=0.105480999 rocsolver_ms=0.190252006 cdls_submit_ms=0.008763000 roc_submit_ms=0.142759000 cdls_wall_ms=0.113654000 roc_wall_ms=0.198815000
sample n=129 lda=129 iteration=15 first=rocsolver cdls_ms=0.110650003 rocsolver_ms=0.207157999 cdls_submit_ms=0.014042000 roc_submit_ms=0.201779000 cdls_wall_ms=0.119353000 roc_wall_ms=0.215951000
sample n=129 lda=129 iteration=16 first=cdls cdls_ms=0.107325003 rocsolver_ms=0.194057003 cdls_submit_ms=0.011077000 roc_submit_ms=0.142238000 cdls_wall_ms=0.116238000 roc_wall_ms=0.202330000
sample n=129 lda=129 iteration=17 first=rocsolver cdls_ms=0.108887002 rocsolver_ms=0.216410995 cdls_submit_ms=0.012609000 roc_submit_ms=0.211203000 cdls_wall_ms=0.116188000 roc_wall_ms=0.226006000
sample n=129 lda=129 iteration=18 first=cdls cdls_ms=0.106604002 rocsolver_ms=0.189730003 cdls_submit_ms=0.009915000 roc_submit_ms=0.135288000 cdls_wall_ms=0.115277000 roc_wall_ms=0.196321000
sample n=129 lda=129 iteration=19 first=rocsolver cdls_ms=0.107404999 rocsolver_ms=0.213967994 cdls_submit_ms=0.008263000 roc_submit_ms=0.211504000 cdls_wall_ms=0.115748000 roc_wall_ms=0.221349000
sample n=129 lda=129 iteration=20 first=cdls cdls_ms=0.104760997 rocsolver_ms=0.186765999 cdls_submit_ms=0.009464000 roc_submit_ms=0.138983000 cdls_wall_ms=0.113053000 roc_wall_ms=0.197893000
sample n=129 lda=129 iteration=21 first=rocsolver cdls_ms=0.106642999 rocsolver_ms=0.233318001 cdls_submit_ms=0.007752000 roc_submit_ms=0.229642000 cdls_wall_ms=0.114115000 roc_wall_ms=0.241811000
sample n=129 lda=129 iteration=22 first=cdls cdls_ms=0.106163003 rocsolver_ms=0.185563996 cdls_submit_ms=0.009064000 roc_submit_ms=0.141617000 cdls_wall_ms=0.115076000 roc_wall_ms=0.194898000
sample n=129 lda=129 iteration=23 first=rocsolver cdls_ms=0.104881003 rocsolver_ms=0.216572002 cdls_submit_ms=0.007482000 roc_submit_ms=0.202551000 cdls_wall_ms=0.112803000 roc_wall_ms=0.225035000
sample n=129 lda=129 iteration=24 first=cdls cdls_ms=0.105361000 rocsolver_ms=0.192295000 cdls_submit_ms=0.008834000 roc_submit_ms=0.150491000 cdls_wall_ms=0.112783000 roc_wall_ms=0.200618000
sample n=129 lda=129 iteration=25 first=rocsolver cdls_ms=0.106202997 rocsolver_ms=0.216011003 cdls_submit_ms=0.009905000 roc_submit_ms=0.203262000 cdls_wall_ms=0.115276000 roc_wall_ms=0.223343000
sample n=129 lda=129 iteration=26 first=cdls cdls_ms=0.106762998 rocsolver_ms=0.186285004 cdls_submit_ms=0.010386000 roc_submit_ms=0.146645000 cdls_wall_ms=0.114015000 roc_wall_ms=0.193777000
sample n=129 lda=129 iteration=27 first=rocsolver cdls_ms=0.104920998 rocsolver_ms=0.182199001 cdls_submit_ms=0.008523000 roc_submit_ms=0.181428000 cdls_wall_ms=0.118642000 roc_wall_ms=0.191053000
sample n=129 lda=129 iteration=28 first=cdls cdls_ms=0.107524000 rocsolver_ms=0.193817005 cdls_submit_ms=0.012058000 roc_submit_ms=0.144351000 cdls_wall_ms=0.116659000 roc_wall_ms=0.201298000
sample n=129 lda=129 iteration=29 first=rocsolver cdls_ms=0.118300997 rocsolver_ms=0.200507000 cdls_submit_ms=0.020892000 roc_submit_ms=0.197392000 cdls_wall_ms=0.127906000 roc_wall_ms=0.209330000
bench n=129 lda=129 repeats=30 cdls_median_ms=0.107425 rocsolver_median_ms=0.200187 cdls_mean_ms=0.108230 rocsolver_mean_ms=0.202984 cdls_gflops=13.244502 workspace_bytes=44 roc_workspace_bytes=265472 cdls_submit_ms=0.009855 roc_submit_ms=0.170336 cdls_wall_ms=0.115882 roc_wall_ms=0.208619 rocsolver_gflops=7.107275 speedup=1.863513
