device=AMD Instinct MI300A arch=gfx942:sramecc+:xnack- HIP=60443484 CUs=228 memory_bytes=137438953472 rocSOLVER=3.28.2.1b897f5 rocBLAS=4.4.1.f08d23e3 baseline=rocsolver_dgetrf_npvt fp64 seed=20261001 method=auto matrix=dense n=769 lda=769 offset=0 warmup=5 repeats=30
validate n=769 lda=769 kind=dense info=7/0 L_rel=3.9528e-16 U_rel=8.1741e-16 residual_scaled=4.7417e-03/1.1691e-03 PASS
sample n=769 lda=769 iteration=0 first=cdls cdls_ms=0.692741990 rocsolver_ms=1.451305032 cdls_submit_ms=0.016946000 roc_submit_ms=0.886468000 cdls_wall_ms=0.708676000 roc_wall_ms=1.458606000
sample n=769 lda=769 iteration=1 first=rocsolver cdls_ms=0.653963029 rocsolver_ms=1.713026047 cdls_submit_ms=0.009825000 roc_submit_ms=1.605422000 cdls_wall_ms=0.662015000 roc_wall_ms=1.720207000
sample n=769 lda=769 iteration=2 first=cdls cdls_ms=0.643867016 rocsolver_ms=1.452425957 cdls_submit_ms=0.009835000 roc_submit_ms=0.895393000 cdls_wall_ms=0.702127000 roc_wall_ms=1.461310000
sample n=769 lda=769 iteration=3 first=rocsolver cdls_ms=0.671028972 rocsolver_ms=1.683341026 cdls_submit_ms=0.007191000 roc_submit_ms=1.577930000 cdls_wall_ms=0.679972000 roc_wall_ms=1.689560000
sample n=769 lda=769 iteration=4 first=cdls cdls_ms=0.612698972 rocsolver_ms=1.440088034 cdls_submit_ms=0.009815000 roc_submit_ms=0.902604000 cdls_wall_ms=0.621162000 roc_wall_ms=1.449051000
sample n=769 lda=769 iteration=5 first=rocsolver cdls_ms=0.678761005 rocsolver_ms=1.730211973 cdls_submit_ms=0.008423000 roc_submit_ms=1.586382000 cdls_wall_ms=0.686693000 roc_wall_ms=1.737624000
sample n=769 lda=769 iteration=6 first=cdls cdls_ms=0.637337029 rocsolver_ms=1.446897984 cdls_submit_ms=0.009535000 roc_submit_ms=0.910006000 cdls_wall_ms=0.697439000 roc_wall_ms=1.456754000
sample n=769 lda=769 iteration=7 first=rocsolver cdls_ms=0.713894010 rocsolver_ms=1.596487045 cdls_submit_ms=0.011538000 roc_submit_ms=1.590919000 cdls_wall_ms=0.721336000 roc_wall_ms=1.605612000
sample n=769 lda=769 iteration=8 first=cdls cdls_ms=0.665459991 rocsolver_ms=1.433637977 cdls_submit_ms=0.010616000 roc_submit_ms=0.902704000 cdls_wall_ms=0.674133000 roc_wall_ms=1.444224000
sample n=769 lda=769 iteration=9 first=rocsolver cdls_ms=0.650636971 rocsolver_ms=1.778246045 cdls_submit_ms=0.007482000 roc_submit_ms=1.603689000 cdls_wall_ms=0.658880000 roc_wall_ms=1.787240000
sample n=769 lda=769 iteration=10 first=cdls cdls_ms=0.661813974 rocsolver_ms=1.455430984 cdls_submit_ms=0.013521000 roc_submit_ms=0.912469000 cdls_wall_ms=0.722698000 roc_wall_ms=1.466548000
sample n=769 lda=769 iteration=11 first=rocsolver cdls_ms=0.658890009 rocsolver_ms=1.715069056 cdls_submit_ms=0.008754000 roc_submit_ms=1.627766000 cdls_wall_ms=0.668885000 roc_wall_ms=1.722781000
sample n=769 lda=769 iteration=12 first=cdls cdls_ms=0.630686998 rocsolver_ms=1.463843942 cdls_submit_ms=0.008604000 roc_submit_ms=0.915404000 cdls_wall_ms=0.696348000 roc_wall_ms=1.471516000
sample n=769 lda=769 iteration=13 first=rocsolver cdls_ms=0.669947028 rocsolver_ms=1.613113046 cdls_submit_ms=0.009485000 roc_submit_ms=1.610459000 cdls_wall_ms=0.677088000 roc_wall_ms=1.620464000
sample n=769 lda=769 iteration=14 first=cdls cdls_ms=0.679561019 rocsolver_ms=1.442811966 cdls_submit_ms=0.015163000 roc_submit_ms=0.896615000 cdls_wall_ms=0.744882000 roc_wall_ms=1.450384000
sample n=769 lda=769 iteration=15 first=rocsolver cdls_ms=0.657849014 rocsolver_ms=1.693956971 cdls_submit_ms=0.009604000 roc_submit_ms=1.569546000 cdls_wall_ms=0.666141000 roc_wall_ms=1.701468000
sample n=769 lda=769 iteration=16 first=cdls cdls_ms=0.618827999 rocsolver_ms=1.454990983 cdls_submit_ms=0.009054000 roc_submit_ms=0.922424000 cdls_wall_ms=0.682537000 roc_wall_ms=1.464255000
sample n=769 lda=769 iteration=17 first=rocsolver cdls_ms=0.657927990 rocsolver_ms=1.686825991 cdls_submit_ms=0.010867000 roc_submit_ms=1.573653000 cdls_wall_ms=0.666081000 roc_wall_ms=1.693827000
sample n=769 lda=769 iteration=18 first=cdls cdls_ms=0.711250007 rocsolver_ms=1.453387022 cdls_submit_ms=0.066883000 roc_submit_ms=0.914712000 cdls_wall_ms=0.718472000 roc_wall_ms=1.462672000
sample n=769 lda=769 iteration=19 first=rocsolver cdls_ms=0.685491025 rocsolver_ms=1.655697942 cdls_submit_ms=0.008753000 roc_submit_ms=1.649359000 cdls_wall_ms=0.695487000 roc_wall_ms=1.663180000
sample n=769 lda=769 iteration=20 first=cdls cdls_ms=0.660611987 rocsolver_ms=1.466326952 cdls_submit_ms=0.010276000 roc_submit_ms=0.918167000 cdls_wall_ms=0.669105000 roc_wall_ms=1.477215000
sample n=769 lda=769 iteration=21 first=rocsolver cdls_ms=0.646870971 rocsolver_ms=1.625331044 cdls_submit_ms=0.009926000 roc_submit_ms=1.550557000 cdls_wall_ms=0.656236000 roc_wall_ms=1.634305000
sample n=769 lda=769 iteration=22 first=cdls cdls_ms=0.672550976 rocsolver_ms=1.440567970 cdls_submit_ms=0.009975000 roc_submit_ms=0.906820000 cdls_wall_ms=0.681094000 roc_wall_ms=1.451415000
sample n=769 lda=769 iteration=23 first=rocsolver cdls_ms=0.685211003 rocsolver_ms=1.744474053 cdls_submit_ms=0.010316000 roc_submit_ms=1.608876000 cdls_wall_ms=0.694825000 roc_wall_ms=1.753007000
sample n=769 lda=769 iteration=24 first=cdls cdls_ms=0.662815988 rocsolver_ms=1.446418047 cdls_submit_ms=0.010486000 roc_submit_ms=0.900090000 cdls_wall_ms=0.671169000 roc_wall_ms=1.454940000
sample n=769 lda=769 iteration=25 first=rocsolver cdls_ms=0.656286001 rocsolver_ms=1.655578017 cdls_submit_ms=0.010456000 roc_submit_ms=1.632864000 cdls_wall_ms=0.663597000 roc_wall_ms=1.662388000
sample n=769 lda=769 iteration=26 first=cdls cdls_ms=0.616545022 rocsolver_ms=1.456112027 cdls_submit_ms=0.009585000 roc_submit_ms=0.895212000 cdls_wall_ms=0.687975000 roc_wall_ms=1.465627000
sample n=769 lda=769 iteration=27 first=rocsolver cdls_ms=0.653841972 rocsolver_ms=1.710541964 cdls_submit_ms=0.010066000 roc_submit_ms=1.662900000 cdls_wall_ms=0.662125000 roc_wall_ms=1.718124000
sample n=769 lda=769 iteration=28 first=cdls cdls_ms=0.745181978 rocsolver_ms=1.446015954 cdls_submit_ms=0.075957000 roc_submit_ms=0.896755000 cdls_wall_ms=0.753845000 roc_wall_ms=1.455921000
sample n=769 lda=769 iteration=29 first=rocsolver cdls_ms=0.655283988 rocsolver_ms=1.657379985 cdls_submit_ms=0.009815000 roc_submit_ms=1.606383000 cdls_wall_ms=0.664819000 roc_wall_ms=1.665433000
bench n=769 lda=769 repeats=30 cdls_median_ms=0.659751 rocsolver_median_ms=1.531407 cdls_mean_ms=0.663594 rocsolver_mean_ms=1.566985 cdls_gflops=459.075113 workspace_bytes=684 roc_workspace_bytes=3681536 cdls_submit_ms=0.009881 roc_submit_ms=1.236490 cdls_wall_ms=0.680533 roc_wall_ms=1.541413 rocsolver_gflops=197.775813 speedup=2.321189
