device=AMD Instinct MI300A arch=gfx942:sramecc+:xnack- HIP=60443484 CUs=228 memory_bytes=137438953472 rocSOLVER=3.28.2.1b897f5 rocBLAS=4.4.1.f08d23e3 baseline=rocsolver_dgetrf_npvt fp64 seed=20261001 method=auto matrix=dense n=65 lda=65 offset=0 warmup=20 repeats=30
validate n=65 lda=65 kind=dense info=7/0 L_rel=1.1613e-16 U_rel=3.1004e-16 residual_scaled=2.5662e-02/1.1092e-02 cpu_residual_scaled=2.5101e-02/1.0854e-02 PASS
sample n=65 lda=65 iteration=0 first=cdls cdls_ms=0.061855000 rocsolver_ms=0.092141002 cdls_submit_ms=0.010737000 roc_submit_ms=0.079011000 cdls_wall_ms=0.087313000 roc_wall_ms=0.100534000
sample n=65 lda=65 iteration=1 first=rocsolver cdls_ms=0.067584001 rocsolver_ms=0.100915000 cdls_submit_ms=0.014633000 roc_submit_ms=0.097900000 cdls_wall_ms=0.076497000 roc_wall_ms=0.109357000
sample n=65 lda=65 iteration=2 first=cdls cdls_ms=0.062095001 rocsolver_ms=0.102998003 cdls_submit_ms=0.009845000 roc_submit_ms=0.086753000 cdls_wall_ms=0.069937000 roc_wall_ms=0.112482000
sample n=65 lda=65 iteration=3 first=rocsolver cdls_ms=0.071148999 rocsolver_ms=0.105201997 cdls_submit_ms=0.017317000 roc_submit_ms=0.102627000 cdls_wall_ms=0.082367000 roc_wall_ms=0.113684000
sample n=65 lda=65 iteration=4 first=cdls cdls_ms=0.062536001 rocsolver_ms=0.107804999 cdls_submit_ms=0.009765000 roc_submit_ms=0.091781000 cdls_wall_ms=0.070287000 roc_wall_ms=0.117540000
sample n=65 lda=65 iteration=5 first=rocsolver cdls_ms=0.068425000 rocsolver_ms=0.112092003 cdls_submit_ms=0.014752000 roc_submit_ms=0.105723000 cdls_wall_ms=0.078230000 roc_wall_ms=0.120024000
sample n=65 lda=65 iteration=6 first=cdls cdls_ms=0.067904003 rocsolver_ms=0.098512001 cdls_submit_ms=0.014642000 roc_submit_ms=0.086092000 cdls_wall_ms=0.080243000 roc_wall_ms=0.109458000
sample n=65 lda=65 iteration=7 first=rocsolver cdls_ms=0.060653001 rocsolver_ms=0.104479998 cdls_submit_ms=0.007201000 roc_submit_ms=0.102257000 cdls_wall_ms=0.069116000 roc_wall_ms=0.112562000
sample n=65 lda=65 iteration=8 first=cdls cdls_ms=0.059411000 rocsolver_ms=0.110648997 cdls_submit_ms=0.008954000 roc_submit_ms=0.097189000 cdls_wall_ms=0.067894000 roc_wall_ms=0.118471000
sample n=65 lda=65 iteration=9 first=rocsolver cdls_ms=0.069346003 rocsolver_ms=0.097228996 cdls_submit_ms=0.015974000 roc_submit_ms=0.090609000 cdls_wall_ms=0.078671000 roc_wall_ms=0.104170000
sample n=65 lda=65 iteration=10 first=cdls cdls_ms=0.069385998 rocsolver_ms=0.099633001 cdls_submit_ms=0.014082000 roc_submit_ms=0.084700000 cdls_wall_ms=0.081625000 roc_wall_ms=0.109318000
sample n=65 lda=65 iteration=11 first=rocsolver cdls_ms=0.075274996 rocsolver_ms=0.108365998 cdls_submit_ms=0.023787000 roc_submit_ms=0.105562000 cdls_wall_ms=0.084590000 roc_wall_ms=0.116809000
sample n=65 lda=65 iteration=12 first=cdls cdls_ms=0.061454002 rocsolver_ms=0.097228996 cdls_submit_ms=0.010846000 roc_submit_ms=0.078701000 cdls_wall_ms=0.070037000 roc_wall_ms=0.108646000
sample n=65 lda=65 iteration=13 first=rocsolver cdls_ms=0.061214000 rocsolver_ms=0.118141003 cdls_submit_ms=0.007992000 roc_submit_ms=0.115507000 cdls_wall_ms=0.069267000 roc_wall_ms=0.126304000
sample n=65 lda=65 iteration=14 first=cdls cdls_ms=0.064259000 rocsolver_ms=0.102998003 cdls_submit_ms=0.013050000 roc_submit_ms=0.082757000 cdls_wall_ms=0.072822000 roc_wall_ms=0.112122000
sample n=65 lda=65 iteration=15 first=rocsolver cdls_ms=0.065540001 rocsolver_ms=0.118982002 cdls_submit_ms=0.014192000 roc_submit_ms=0.103539000 cdls_wall_ms=0.076397000 roc_wall_ms=0.127936000
sample n=65 lda=65 iteration=16 first=cdls cdls_ms=0.060332000 rocsolver_ms=0.103559002 cdls_submit_ms=0.008553000 roc_submit_ms=0.087825000 cdls_wall_ms=0.069837000 roc_wall_ms=0.113293000
sample n=65 lda=65 iteration=17 first=rocsolver cdls_ms=0.063056998 rocsolver_ms=0.125231996 cdls_submit_ms=0.010136000 roc_submit_ms=0.117931000 cdls_wall_ms=0.073022000 roc_wall_ms=0.132723000
sample n=65 lda=65 iteration=18 first=cdls cdls_ms=0.059491001 rocsolver_ms=0.094223998 cdls_submit_ms=0.007872000 roc_submit_ms=0.075286000 cdls_wall_ms=0.067895000 roc_wall_ms=0.103388000
sample n=65 lda=65 iteration=19 first=rocsolver cdls_ms=0.069146000 rocsolver_ms=0.099192001 cdls_submit_ms=0.018278000 roc_submit_ms=0.096528000 cdls_wall_ms=0.081665000 roc_wall_ms=0.107104000
sample n=65 lda=65 iteration=20 first=cdls cdls_ms=0.061694998 rocsolver_ms=0.100033000 cdls_submit_ms=0.009385000 roc_submit_ms=0.094035000 cdls_wall_ms=0.070268000 roc_wall_ms=0.108146000
sample n=65 lda=65 iteration=21 first=rocsolver cdls_ms=0.063336998 rocsolver_ms=0.118221000 cdls_submit_ms=0.011578000 roc_submit_ms=0.115728000 cdls_wall_ms=0.073082000 roc_wall_ms=0.126784000
sample n=65 lda=65 iteration=22 first=cdls cdls_ms=0.061174002 rocsolver_ms=0.097069003 cdls_submit_ms=0.008914000 roc_submit_ms=0.077649000 cdls_wall_ms=0.067764000 roc_wall_ms=0.105522000
sample n=65 lda=65 iteration=23 first=rocsolver cdls_ms=0.064459004 rocsolver_ms=0.083728999 cdls_submit_ms=0.012700000 roc_submit_ms=0.078631000 cdls_wall_ms=0.076117000 roc_wall_ms=0.092271000
sample n=65 lda=65 iteration=24 first=cdls cdls_ms=0.061855000 rocsolver_ms=0.100273997 cdls_submit_ms=0.008733000 roc_submit_ms=0.082407000 cdls_wall_ms=0.070398000 roc_wall_ms=0.110199000
sample n=65 lda=65 iteration=25 first=rocsolver cdls_ms=0.064539000 rocsolver_ms=0.106602997 cdls_submit_ms=0.011097000 roc_submit_ms=0.104470000 cdls_wall_ms=0.080073000 roc_wall_ms=0.114095000
sample n=65 lda=65 iteration=26 first=cdls cdls_ms=0.062336002 rocsolver_ms=0.095666997 cdls_submit_ms=0.008453000 roc_submit_ms=0.079372000 cdls_wall_ms=0.070157000 roc_wall_ms=0.104149000
sample n=65 lda=65 iteration=27 first=rocsolver cdls_ms=0.068504997 rocsolver_ms=0.093782999 cdls_submit_ms=0.017287000 roc_submit_ms=0.090399000 cdls_wall_ms=0.081836000 roc_wall_ms=0.101726000
sample n=65 lda=65 iteration=28 first=cdls cdls_ms=0.063856997 rocsolver_ms=0.097989999 cdls_submit_ms=0.012909000 roc_submit_ms=0.084299000 cdls_wall_ms=0.077659000 roc_wall_ms=0.106363000
sample n=65 lda=65 iteration=29 first=rocsolver cdls_ms=0.062376000 rocsolver_ms=0.103358999 cdls_submit_ms=0.009624000 roc_submit_ms=0.101025000 cdls_wall_ms=0.070868000 roc_wall_ms=0.110980000
bench n=65 lda=65 repeats=30 cdls_median_ms=0.063197 rocsolver_median_ms=0.101957 cdls_mean_ms=0.064475 rocsolver_mean_ms=0.103210 cdls_gflops=2.863427 workspace_bytes=24 roc_workspace_bytes=100608 cdls_submit_ms=0.010971 roc_submit_ms=0.091195 cdls_wall_ms=0.073052 roc_wall_ms=0.110590 rocsolver_gflops=1.774875 speedup=1.613312
