device=AMD Instinct MI300A arch=gfx942:sramecc+:xnack- HIP=60443484 CUs=228 memory_bytes=137438953472 rocSOLVER=3.28.2.1b897f5 rocBLAS=4.4.1.f08d23e3 baseline=rocsolver_dgetrf_npvt fp64 seed=20261001 method=auto matrix=column_scaled n=16384 lda=16384 offset=0 warmup=5 repeats=20
validate n=16384 lda=16384 kind=column_scaled info=7/0 L_rel=4.9313e-16 U_rel=1.2931e-15 residual_scaled=3.7948e-04/1.5771e-04 PASS
sample n=16384 lda=16384 iteration=0 first=cdls cdls_ms=104.441909790 rocsolver_ms=111.374763489 cdls_submit_ms=1.443763000 roc_submit_ms=69.113464000 cdls_wall_ms=104.457808000 roc_wall_ms=111.382852000
sample n=16384 lda=16384 iteration=1 first=rocsolver cdls_ms=104.071464539 rocsolver_ms=112.037620544 cdls_submit_ms=1.524066000 roc_submit_ms=46.298684000 cdls_wall_ms=104.815305000 roc_wall_ms=112.049224000
sample n=16384 lda=16384 iteration=2 first=cdls cdls_ms=104.456779480 rocsolver_ms=111.535430908 cdls_submit_ms=0.503652000 roc_submit_ms=69.118922000 cdls_wall_ms=104.466291000 roc_wall_ms=111.550059000
sample n=16384 lda=16384 iteration=3 first=rocsolver cdls_ms=104.450424194 rocsolver_ms=112.271423340 cdls_submit_ms=1.288675000 roc_submit_ms=45.720939000 cdls_wall_ms=105.076957000 roc_wall_ms=112.717308000
sample n=16384 lda=16384 iteration=4 first=cdls cdls_ms=104.270278931 rocsolver_ms=111.806785583 cdls_submit_ms=0.461447000 roc_submit_ms=69.118061000 cdls_wall_ms=104.278493000 roc_wall_ms=111.814464000
sample n=16384 lda=16384 iteration=5 first=rocsolver cdls_ms=104.693725586 rocsolver_ms=112.395683289 cdls_submit_ms=1.292361000 roc_submit_ms=46.200825000 cdls_wall_ms=105.384819000 roc_wall_ms=112.832364000
sample n=16384 lda=16384 iteration=6 first=cdls cdls_ms=105.594039917 rocsolver_ms=111.412895203 cdls_submit_ms=0.479665000 roc_submit_ms=68.889070000 cdls_wall_ms=105.602012000 roc_wall_ms=111.420901000
sample n=16384 lda=16384 iteration=7 first=rocsolver cdls_ms=104.877487183 rocsolver_ms=112.438110352 cdls_submit_ms=1.294914000 roc_submit_ms=46.186392000 cdls_wall_ms=105.506285000 roc_wall_ms=112.890093000
sample n=16384 lda=16384 iteration=8 first=cdls cdls_ms=104.954803467 rocsolver_ms=112.349021912 cdls_submit_ms=0.446034000 roc_submit_ms=69.199316000 cdls_wall_ms=104.962412000 roc_wall_ms=112.357056000
sample n=16384 lda=16384 iteration=9 first=rocsolver cdls_ms=105.125709534 rocsolver_ms=113.089302063 cdls_submit_ms=1.433116000 roc_submit_ms=46.052166000 cdls_wall_ms=105.527738000 roc_wall_ms=113.526027000
sample n=16384 lda=16384 iteration=10 first=cdls cdls_ms=106.014472961 rocsolver_ms=112.559356689 cdls_submit_ms=0.460386000 roc_submit_ms=69.624578000 cdls_wall_ms=106.022887000 roc_wall_ms=112.568790000
sample n=16384 lda=16384 iteration=11 first=rocsolver cdls_ms=105.779434204 rocsolver_ms=113.372665405 cdls_submit_ms=1.262154000 roc_submit_ms=46.671546000 cdls_wall_ms=106.417131000 roc_wall_ms=113.814490000
sample n=16384 lda=16384 iteration=12 first=cdls cdls_ms=105.194412231 rocsolver_ms=112.406768799 cdls_submit_ms=0.461768000 roc_submit_ms=69.431371000 cdls_wall_ms=105.201898000 roc_wall_ms=112.414714000
sample n=16384 lda=16384 iteration=13 first=rocsolver cdls_ms=105.590934753 rocsolver_ms=112.528938293 cdls_submit_ms=1.279151000 roc_submit_ms=45.478037000 cdls_wall_ms=106.234321000 roc_wall_ms=112.980842000
sample n=16384 lda=16384 iteration=14 first=cdls cdls_ms=105.435485840 rocsolver_ms=112.268730164 cdls_submit_ms=0.473686000 roc_submit_ms=69.000380000 cdls_wall_ms=105.443039000 roc_wall_ms=112.276852000
sample n=16384 lda=16384 iteration=15 first=rocsolver cdls_ms=105.431121826 rocsolver_ms=113.153732300 cdls_submit_ms=1.277157000 roc_submit_ms=45.922778000 cdls_wall_ms=106.123991000 roc_wall_ms=113.596946000
sample n=16384 lda=16384 iteration=16 first=cdls cdls_ms=105.588706970 rocsolver_ms=112.955535889 cdls_submit_ms=0.504463000 roc_submit_ms=69.663146000 cdls_wall_ms=105.596934000 roc_wall_ms=112.965518000
sample n=16384 lda=16384 iteration=17 first=rocsolver cdls_ms=106.122962952 rocsolver_ms=113.629974365 cdls_submit_ms=1.376440000 roc_submit_ms=46.310633000 cdls_wall_ms=106.689299000 roc_wall_ms=113.639942000
sample n=16384 lda=16384 iteration=18 first=cdls cdls_ms=105.706497192 rocsolver_ms=113.469337463 cdls_submit_ms=0.445202000 roc_submit_ms=69.883194000 cdls_wall_ms=105.714515000 roc_wall_ms=113.476992000
sample n=16384 lda=16384 iteration=19 first=rocsolver cdls_ms=106.816436768 rocsolver_ms=113.923629761 cdls_submit_ms=1.898660000 roc_submit_ms=46.814035000 cdls_wall_ms=106.824125000 roc_wall_ms=114.367738000
bench n=16384 lda=16384 repeats=20 cdls_median_ms=105.312767 rocsolver_median_ms=112.422440 cdls_mean_ms=105.230854 rocsolver_mean_ms=112.548985 cdls_gflops=27839.898900 workspace_bytes=262152 roc_workspace_bytes=67765440 cdls_submit_ms=1.269656 roc_submit_ms=57.851552 cdls_wall_ms=105.517011 roc_wall_ms=112.774836 rocsolver_gflops=26079.284510 speedup=1.067510
