device=AMD Instinct MI300A arch=gfx942:sramecc+:xnack- HIP=60443484 CUs=228 memory_bytes=137438953472 rocSOLVER=3.28.2.1b897f5 rocBLAS=4.4.1.f08d23e3 baseline=rocsolver_dgetrf_npvt fp64 seed=20261001 method=auto matrix=identity n=16384 lda=16384 offset=0 warmup=5 repeats=20
validate n=16384 lda=16384 kind=identity info=7/0 L_rel=0.0000e+00 U_rel=0.0000e+00 residual_scaled=0.0000e+00/0.0000e+00 PASS
sample n=16384 lda=16384 iteration=0 first=cdls cdls_ms=187.328506470 rocsolver_ms=72.387825012 cdls_submit_ms=0.012770000 roc_submit_ms=41.256295000 cdls_wall_ms=187.954025000 roc_wall_ms=72.397757000
sample n=16384 lda=16384 iteration=1 first=rocsolver cdls_ms=188.156539917 rocsolver_ms=72.838562012 cdls_submit_ms=0.009424000 roc_submit_ms=28.642191000 cdls_wall_ms=188.977524000 roc_wall_ms=72.979288000
sample n=16384 lda=16384 iteration=2 first=cdls cdls_ms=188.099487305 rocsolver_ms=70.727043152 cdls_submit_ms=0.238545000 roc_submit_ms=32.043454000 cdls_wall_ms=188.111446000 roc_wall_ms=70.736500000
sample n=16384 lda=16384 iteration=3 first=rocsolver cdls_ms=189.020278931 rocsolver_ms=73.094673157 cdls_submit_ms=0.506086000 roc_submit_ms=34.878279000 cdls_wall_ms=189.029824000 roc_wall_ms=73.747375000
sample n=16384 lda=16384 iteration=4 first=cdls cdls_ms=188.507156372 rocsolver_ms=73.432037354 cdls_submit_ms=0.016876000 roc_submit_ms=37.329576000 cdls_wall_ms=188.514935000 roc_wall_ms=73.441978000
sample n=16384 lda=16384 iteration=5 first=rocsolver cdls_ms=187.860366821 rocsolver_ms=73.955230713 cdls_submit_ms=0.008923000 roc_submit_ms=40.208380000 cdls_wall_ms=188.375190000 roc_wall_ms=73.963577000
sample n=16384 lda=16384 iteration=6 first=cdls cdls_ms=188.595458984 rocsolver_ms=72.087562561 cdls_submit_ms=0.013891000 roc_submit_ms=40.651759000 cdls_wall_ms=188.616119000 roc_wall_ms=72.098969000
sample n=16384 lda=16384 iteration=7 first=rocsolver cdls_ms=188.521591187 rocsolver_ms=74.050331116 cdls_submit_ms=0.009114000 roc_submit_ms=29.105180000 cdls_wall_ms=189.293658000 roc_wall_ms=74.060676000
sample n=16384 lda=16384 iteration=8 first=cdls cdls_ms=188.800338745 rocsolver_ms=72.636413574 cdls_submit_ms=0.010075000 roc_submit_ms=33.094525000 cdls_wall_ms=188.810007000 roc_wall_ms=72.644465000
sample n=16384 lda=16384 iteration=9 first=rocsolver cdls_ms=189.111480713 rocsolver_ms=72.825714111 cdls_submit_ms=0.008783000 roc_submit_ms=34.735822000 cdls_wall_ms=189.638433000 roc_wall_ms=73.404490000
sample n=16384 lda=16384 iteration=10 first=cdls cdls_ms=189.763122559 rocsolver_ms=72.466682434 cdls_submit_ms=0.019450000 roc_submit_ms=36.639729000 cdls_wall_ms=189.772369000 roc_wall_ms=72.474033000
sample n=16384 lda=16384 iteration=11 first=rocsolver cdls_ms=188.836227417 rocsolver_ms=73.578750610 cdls_submit_ms=0.009144000 roc_submit_ms=39.843539000 cdls_wall_ms=189.339378000 roc_wall_ms=73.586840000
sample n=16384 lda=16384 iteration=12 first=cdls cdls_ms=188.934417725 rocsolver_ms=72.286994934 cdls_submit_ms=0.007131000 roc_submit_ms=40.843422000 cdls_wall_ms=188.958464000 roc_wall_ms=72.295951000
sample n=16384 lda=16384 iteration=13 first=rocsolver cdls_ms=190.175521851 rocsolver_ms=74.303222656 cdls_submit_ms=0.009234000 roc_submit_ms=29.051880000 cdls_wall_ms=190.864606000 roc_wall_ms=74.310599000
sample n=16384 lda=16384 iteration=14 first=cdls cdls_ms=188.835708618 rocsolver_ms=72.566200256 cdls_submit_ms=0.006349000 roc_submit_ms=32.883061000 cdls_wall_ms=188.845602000 roc_wall_ms=72.575359000
sample n=16384 lda=16384 iteration=15 first=rocsolver cdls_ms=189.525894165 rocsolver_ms=73.585319519 cdls_submit_ms=0.511524000 roc_submit_ms=35.011453000 cdls_wall_ms=189.534568000 roc_wall_ms=73.965470000
sample n=16384 lda=16384 iteration=16 first=cdls cdls_ms=189.893402100 rocsolver_ms=74.099708557 cdls_submit_ms=0.018378000 roc_submit_ms=37.803102000 cdls_wall_ms=189.902822000 roc_wall_ms=74.108329000
sample n=16384 lda=16384 iteration=17 first=rocsolver cdls_ms=189.775146484 rocsolver_ms=73.970710754 cdls_submit_ms=0.010155000 roc_submit_ms=39.921660000 cdls_wall_ms=190.289865000 roc_wall_ms=73.978249000
sample n=16384 lda=16384 iteration=18 first=cdls cdls_ms=189.880676270 rocsolver_ms=74.016471863 cdls_submit_ms=0.010987000 roc_submit_ms=41.997251000 cdls_wall_ms=189.889702000 roc_wall_ms=74.025291000
sample n=16384 lda=16384 iteration=19 first=rocsolver cdls_ms=189.438598633 rocsolver_ms=74.486541748 cdls_submit_ms=0.012479000 roc_submit_ms=26.264928000 cdls_wall_ms=190.131342000 roc_wall_ms=74.989990000
bench n=16384 lda=16384 repeats=20 cdls_median_ms=188.885323 rocsolver_median_ms=73.263355 cdls_mean_ms=188.952996 rocsolver_mean_ms=73.169800 cdls_gflops=15522.099584 workspace_bytes=262152 roc_workspace_bytes=67765440 cdls_submit_ms=0.010571 roc_submit_ms=35.825591 cdls_wall_ms=189.161741 roc_wall_ms=73.514409 rocsolver_gflops=40018.598339 speedup=0.387872
