device=AMD Instinct MI300A arch=gfx942:sramecc+:xnack- HIP=60443484 CUs=228 memory_bytes=137438953472 rocSOLVER=3.28.2.1b897f5 rocBLAS=4.4.1.f08d23e3 baseline=rocsolver_dgetrf_npvt fp64 seed=20261001 method=auto matrix=identity n=64 lda=64 offset=0 warmup=20 repeats=20
validate n=64 lda=64 kind=identity info=7/0 L_rel=0.0000e+00 U_rel=0.0000e+00 residual_scaled=0.0000e+00/0.0000e+00 cpu_residual_scaled=0.0000e+00/0.0000e+00 PASS
sample n=64 lda=64 iteration=0 first=cdls cdls_ms=0.029364999 rocsolver_ms=0.079402000 cdls_submit_ms=0.004577000 roc_submit_ms=0.006000000 cdls_wall_ms=0.041954000 roc_wall_ms=0.088126000
sample n=64 lda=64 iteration=1 first=rocsolver cdls_ms=0.027322000 rocsolver_ms=0.079121999 cdls_submit_ms=0.002563000 roc_submit_ms=0.005388000 cdls_wall_ms=0.035955000 roc_wall_ms=0.086522000
sample n=64 lda=64 iteration=2 first=cdls cdls_ms=0.026841000 rocsolver_ms=0.079562001 cdls_submit_ms=0.002444000 roc_submit_ms=0.006761000 cdls_wall_ms=0.034443000 roc_wall_ms=0.086924000
sample n=64 lda=64 iteration=3 first=rocsolver cdls_ms=0.027481999 rocsolver_ms=0.079162002 cdls_submit_ms=0.002564000 roc_submit_ms=0.006030000 cdls_wall_ms=0.035835000 roc_wall_ms=0.087925000
sample n=64 lda=64 iteration=4 first=cdls cdls_ms=0.026601000 rocsolver_ms=0.082647003 cdls_submit_ms=0.002724000 roc_submit_ms=0.008793000 cdls_wall_ms=0.036246000 roc_wall_ms=0.091330000
sample n=64 lda=64 iteration=5 first=rocsolver cdls_ms=0.027603000 rocsolver_ms=0.078800999 cdls_submit_ms=0.002895000 roc_submit_ms=0.006370000 cdls_wall_ms=0.036576000 roc_wall_ms=0.087944000
sample n=64 lda=64 iteration=6 first=cdls cdls_ms=0.026520999 rocsolver_ms=0.079121001 cdls_submit_ms=0.002393000 roc_submit_ms=0.008864000 cdls_wall_ms=0.036035000 roc_wall_ms=0.090288000
sample n=64 lda=64 iteration=7 first=rocsolver cdls_ms=0.027602000 rocsolver_ms=0.079001002 cdls_submit_ms=0.002444000 roc_submit_ms=0.006380000 cdls_wall_ms=0.037036000 roc_wall_ms=0.087894000
sample n=64 lda=64 iteration=8 first=cdls cdls_ms=0.026962001 rocsolver_ms=0.081644997 cdls_submit_ms=0.002304000 roc_submit_ms=0.009094000 cdls_wall_ms=0.036236000 roc_wall_ms=0.090899000
sample n=64 lda=64 iteration=9 first=rocsolver cdls_ms=0.027682999 rocsolver_ms=0.079602003 cdls_submit_ms=0.002755000 roc_submit_ms=0.006851000 cdls_wall_ms=0.036746000 roc_wall_ms=0.088096000
sample n=64 lda=64 iteration=10 first=cdls cdls_ms=0.026601000 rocsolver_ms=0.080724001 cdls_submit_ms=0.002444000 roc_submit_ms=0.007962000 cdls_wall_ms=0.034183000 roc_wall_ms=0.089196000
sample n=64 lda=64 iteration=11 first=rocsolver cdls_ms=0.026641000 rocsolver_ms=0.079121999 cdls_submit_ms=0.002543000 roc_submit_ms=0.005568000 cdls_wall_ms=0.034463000 roc_wall_ms=0.088276000
sample n=64 lda=64 iteration=12 first=cdls cdls_ms=0.026760999 rocsolver_ms=0.082084998 cdls_submit_ms=0.002124000 roc_submit_ms=0.008012000 cdls_wall_ms=0.034713000 roc_wall_ms=0.090699000
sample n=64 lda=64 iteration=13 first=rocsolver cdls_ms=0.027042000 rocsolver_ms=0.078599997 cdls_submit_ms=0.002544000 roc_submit_ms=0.006479000 cdls_wall_ms=0.036466000 roc_wall_ms=0.087975000
sample n=64 lda=64 iteration=14 first=cdls cdls_ms=0.026760999 rocsolver_ms=0.083648004 cdls_submit_ms=0.002314000 roc_submit_ms=0.010456000 cdls_wall_ms=0.034383000 roc_wall_ms=0.090408000
sample n=64 lda=64 iteration=15 first=rocsolver cdls_ms=0.026760999 rocsolver_ms=0.079843000 cdls_submit_ms=0.002374000 roc_submit_ms=0.007261000 cdls_wall_ms=0.034733000 roc_wall_ms=0.090168000
sample n=64 lda=64 iteration=16 first=cdls cdls_ms=0.026881000 rocsolver_ms=0.080482997 cdls_submit_ms=0.001833000 roc_submit_ms=0.007602000 cdls_wall_ms=0.036116000 roc_wall_ms=0.088917000
sample n=64 lda=64 iteration=17 first=rocsolver cdls_ms=0.026681000 rocsolver_ms=0.080123000 cdls_submit_ms=0.002284000 roc_submit_ms=0.007011000 cdls_wall_ms=0.035455000 roc_wall_ms=0.087885000
sample n=64 lda=64 iteration=18 first=cdls cdls_ms=0.027000999 rocsolver_ms=0.079121999 cdls_submit_ms=0.002413000 roc_submit_ms=0.006910000 cdls_wall_ms=0.034714000 roc_wall_ms=0.088095000
sample n=64 lda=64 iteration=19 first=rocsolver cdls_ms=0.028083000 rocsolver_ms=0.093463004 cdls_submit_ms=0.004817000 roc_submit_ms=0.020231000 cdls_wall_ms=0.036817000 roc_wall_ms=0.102717000
bench n=64 lda=64 repeats=20 cdls_median_ms=0.026922 rocsolver_median_ms=0.079582 cdls_mean_ms=0.027160 rocsolver_mean_ms=0.080764 cdls_gflops=6.415096 workspace_bytes=12 roc_workspace_bytes=0 cdls_submit_ms=0.002444 roc_submit_ms=0.006960 cdls_wall_ms=0.035995 roc_wall_ms=0.088201 rocsolver_gflops=2.170139 speedup=2.956076
