device=AMD Instinct MI300A arch=gfx942:sramecc+:xnack- HIP=60443484 CUs=228 memory_bytes=137438953472 rocSOLVER=3.28.2.1b897f5 rocBLAS=4.4.1.f08d23e3 baseline=rocsolver_dgetrf_npvt fp64 seed=20261001 method=auto matrix=identity n=8192 lda=8192 offset=0 warmup=5 repeats=20
validate n=8192 lda=8192 kind=identity info=7/0 L_rel=0.0000e+00 U_rel=0.0000e+00 residual_scaled=0.0000e+00/0.0000e+00 PASS
sample n=8192 lda=8192 iteration=0 first=cdls cdls_ms=15.114294052 rocsolver_ms=21.367668152 cdls_submit_ms=0.673372000 roc_submit_ms=8.339902000 cdls_wall_ms=15.130211000 roc_wall_ms=21.377517000
sample n=8192 lda=8192 iteration=1 first=rocsolver cdls_ms=15.074343681 rocsolver_ms=21.591119766 cdls_submit_ms=0.858566000 roc_submit_ms=12.067016000 cdls_wall_ms=15.084430000 roc_wall_ms=21.856510000
sample n=8192 lda=8192 iteration=2 first=cdls cdls_ms=14.472761154 rocsolver_ms=21.132577896 cdls_submit_ms=0.439293000 roc_submit_ms=7.949124000 cdls_wall_ms=14.481015000 roc_wall_ms=21.141585000
sample n=8192 lda=8192 iteration=3 first=rocsolver cdls_ms=14.622930527 rocsolver_ms=21.574003220 cdls_submit_ms=0.534369000 roc_submit_ms=12.096261000 cdls_wall_ms=14.630424000 roc_wall_ms=21.857382000
sample n=8192 lda=8192 iteration=4 first=cdls cdls_ms=14.329941750 rocsolver_ms=21.128601074 cdls_submit_ms=0.427084000 roc_submit_ms=8.039593000 cdls_wall_ms=14.337065000 roc_wall_ms=21.136437000
sample n=8192 lda=8192 iteration=5 first=rocsolver cdls_ms=14.608960152 rocsolver_ms=21.649490356 cdls_submit_ms=0.545686000 roc_submit_ms=12.952312000 cdls_wall_ms=14.936734000 roc_wall_ms=21.658037000
sample n=8192 lda=8192 iteration=6 first=cdls cdls_ms=14.771638870 rocsolver_ms=21.145336151 cdls_submit_ms=0.504013000 roc_submit_ms=8.036478000 cdls_wall_ms=14.781397000 roc_wall_ms=21.157088000
sample n=8192 lda=8192 iteration=7 first=rocsolver cdls_ms=14.821125031 rocsolver_ms=21.646503448 cdls_submit_ms=0.654032000 roc_submit_ms=11.746043000 cdls_wall_ms=14.828819000 roc_wall_ms=21.905936000
sample n=8192 lda=8192 iteration=8 first=cdls cdls_ms=14.624133110 rocsolver_ms=21.104843140 cdls_submit_ms=0.552767000 roc_submit_ms=8.075378000 cdls_wall_ms=14.633509000 roc_wall_ms=21.113151000
sample n=8192 lda=8192 iteration=9 first=rocsolver cdls_ms=14.557661057 rocsolver_ms=21.621288300 cdls_submit_ms=0.441667000 roc_submit_ms=11.869743000 cdls_wall_ms=14.832264000 roc_wall_ms=21.918976000
sample n=8192 lda=8192 iteration=10 first=cdls cdls_ms=14.504309654 rocsolver_ms=21.112897873 cdls_submit_ms=0.422337000 roc_submit_ms=7.783511000 cdls_wall_ms=14.513165000 roc_wall_ms=21.120041000
sample n=8192 lda=8192 iteration=11 first=rocsolver cdls_ms=14.541816711 rocsolver_ms=21.819280624 cdls_submit_ms=0.661183000 roc_submit_ms=10.336944000 cdls_wall_ms=14.549961000 roc_wall_ms=22.093134000
sample n=8192 lda=8192 iteration=12 first=cdls cdls_ms=14.474954605 rocsolver_ms=21.157285690 cdls_submit_ms=0.317957000 roc_submit_ms=7.802780000 cdls_wall_ms=14.482408000 roc_wall_ms=21.166113000
sample n=8192 lda=8192 iteration=13 first=rocsolver cdls_ms=14.660899162 rocsolver_ms=21.645313263 cdls_submit_ms=0.658639000 roc_submit_ms=10.402695000 cdls_wall_ms=14.669424000 roc_wall_ms=21.916973000
sample n=8192 lda=8192 iteration=14 first=cdls cdls_ms=14.388141632 rocsolver_ms=21.130315781 cdls_submit_ms=0.371048000 roc_submit_ms=7.846106000 cdls_wall_ms=14.396356000 roc_wall_ms=21.138309000
sample n=8192 lda=8192 iteration=15 first=rocsolver cdls_ms=14.601988792 rocsolver_ms=21.656532288 cdls_submit_ms=0.538496000 roc_submit_ms=10.472652000 cdls_wall_ms=14.805483000 roc_wall_ms=21.921249000
sample n=8192 lda=8192 iteration=16 first=cdls cdls_ms=14.545312881 rocsolver_ms=21.113567352 cdls_submit_ms=0.361454000 roc_submit_ms=7.835200000 cdls_wall_ms=14.554679000 roc_wall_ms=21.122375000
sample n=8192 lda=8192 iteration=17 first=rocsolver cdls_ms=14.519322395 rocsolver_ms=21.726108551 cdls_submit_ms=0.573179000 roc_submit_ms=10.471060000 cdls_wall_ms=14.800575000 roc_wall_ms=21.735676000
sample n=8192 lda=8192 iteration=18 first=cdls cdls_ms=14.573566437 rocsolver_ms=21.126108170 cdls_submit_ms=0.387423000 roc_submit_ms=7.770330000 cdls_wall_ms=14.581009000 roc_wall_ms=21.135135000
sample n=8192 lda=8192 iteration=19 first=rocsolver cdls_ms=14.745359421 rocsolver_ms=21.623279572 cdls_submit_ms=0.516332000 roc_submit_ms=10.380180000 cdls_wall_ms=15.019441000 roc_wall_ms=21.893607000
bench n=8192 lda=8192 repeats=20 cdls_median_ms=14.587778 rocsolver_median_ms=21.470836 cdls_mean_ms=14.627673 rocsolver_mean_ms=21.403606 cdls_gflops=25121.737513 workspace_bytes=65544 roc_workspace_bytes=34145472 cdls_submit_ms=0.525351 roc_submit_ms=9.338423 cdls_wall_ms=14.651466 roc_wall_ms=21.517777 rocsolver_gflops=17068.283950 speedup=1.471837
