device=AMD Instinct MI300A arch=gfx942:sramecc+:xnack- HIP=60443484 CUs=228 memory_bytes=137438953472 rocSOLVER=3.28.2.1b897f5 rocBLAS=4.4.1.f08d23e3 baseline=rocsolver_dgetrf_npvt fp64 seed=20261001 method=auto matrix=identity n=16384 lda=16384 offset=0 warmup=5 repeats=20
validate n=16384 lda=16384 kind=identity info=7/0 L_rel=0.0000e+00 U_rel=0.0000e+00 residual_scaled=0.0000e+00/0.0000e+00 PASS
sample n=16384 lda=16384 iteration=0 first=cdls cdls_ms=65.503509521 rocsolver_ms=70.532844543 cdls_submit_ms=1.419686000 roc_submit_ms=39.760182000 cdls_wall_ms=65.525403000 roc_wall_ms=70.548933000
sample n=16384 lda=16384 iteration=1 first=rocsolver cdls_ms=65.734733582 rocsolver_ms=72.303337097 cdls_submit_ms=1.677862000 roc_submit_ms=28.440572000 cdls_wall_ms=66.240960000 roc_wall_ms=72.902601000
sample n=16384 lda=16384 iteration=2 first=cdls cdls_ms=65.509475708 rocsolver_ms=71.843650818 cdls_submit_ms=0.507999000 roc_submit_ms=40.828229000 cdls_wall_ms=65.527747000 roc_wall_ms=71.856567000
sample n=16384 lda=16384 iteration=3 first=rocsolver cdls_ms=65.858955383 rocsolver_ms=72.551361084 cdls_submit_ms=1.292641000 roc_submit_ms=28.544922000 cdls_wall_ms=66.518726000 roc_wall_ms=73.001002000
sample n=16384 lda=16384 iteration=4 first=cdls cdls_ms=65.284858704 rocsolver_ms=72.034591675 cdls_submit_ms=0.469620000 roc_submit_ms=40.965520000 cdls_wall_ms=65.292527000 roc_wall_ms=72.047500000
sample n=16384 lda=16384 iteration=5 first=rocsolver cdls_ms=66.028648376 rocsolver_ms=72.691520691 cdls_submit_ms=1.325832000 roc_submit_ms=28.633708000 cdls_wall_ms=66.661305000 roc_wall_ms=72.704708000
sample n=16384 lda=16384 iteration=6 first=cdls cdls_ms=65.395019531 rocsolver_ms=70.899703979 cdls_submit_ms=0.449148000 roc_submit_ms=39.931034000 cdls_wall_ms=65.402495000 roc_wall_ms=70.912080000
sample n=16384 lda=16384 iteration=7 first=rocsolver cdls_ms=65.875892639 rocsolver_ms=72.151008606 cdls_submit_ms=1.487860000 roc_submit_ms=28.226184000 cdls_wall_ms=66.206107000 roc_wall_ms=72.675272000
sample n=16384 lda=16384 iteration=8 first=cdls cdls_ms=65.669204712 rocsolver_ms=72.151512146 cdls_submit_ms=0.466996000 roc_submit_ms=40.816952000 cdls_wall_ms=65.682885000 roc_wall_ms=72.169337000
sample n=16384 lda=16384 iteration=9 first=rocsolver cdls_ms=66.074440002 rocsolver_ms=72.434768677 cdls_submit_ms=1.399685000 roc_submit_ms=28.456937000 cdls_wall_ms=66.580020000 roc_wall_ms=72.900508000
sample n=16384 lda=16384 iteration=10 first=cdls cdls_ms=65.643150330 rocsolver_ms=71.578849792 cdls_submit_ms=0.463391000 roc_submit_ms=40.350516000 cdls_wall_ms=65.650756000 roc_wall_ms=71.586453000
sample n=16384 lda=16384 iteration=11 first=rocsolver cdls_ms=65.748336792 rocsolver_ms=72.333709717 cdls_submit_ms=1.296086000 roc_submit_ms=28.194445000 cdls_wall_ms=66.392152000 roc_wall_ms=72.785892000
sample n=16384 lda=16384 iteration=12 first=cdls cdls_ms=65.644104004 rocsolver_ms=71.486381531 cdls_submit_ms=0.461688000 roc_submit_ms=40.198945000 cdls_wall_ms=65.651196000 roc_wall_ms=71.498589000
sample n=16384 lda=16384 iteration=13 first=rocsolver cdls_ms=67.041664124 rocsolver_ms=72.920242310 cdls_submit_ms=1.903487000 roc_submit_ms=28.634779000 cdls_wall_ms=67.054797000 roc_wall_ms=73.370638000
sample n=16384 lda=16384 iteration=14 first=cdls cdls_ms=65.817649841 rocsolver_ms=71.411048889 cdls_submit_ms=0.445393000 roc_submit_ms=40.084429000 cdls_wall_ms=65.830862000 roc_wall_ms=71.425697000
sample n=16384 lda=16384 iteration=15 first=rocsolver cdls_ms=66.186065674 rocsolver_ms=72.560554504 cdls_submit_ms=1.288655000 roc_submit_ms=28.251041000 cdls_wall_ms=66.838216000 roc_wall_ms=73.011768000
sample n=16384 lda=16384 iteration=16 first=cdls cdls_ms=65.993133545 rocsolver_ms=72.505317688 cdls_submit_ms=0.456810000 roc_submit_ms=40.998691000 cdls_wall_ms=66.000091000 roc_wall_ms=72.512574000
sample n=16384 lda=16384 iteration=17 first=rocsolver cdls_ms=66.844596863 rocsolver_ms=73.375473022 cdls_submit_ms=1.905180000 roc_submit_ms=28.810720000 cdls_wall_ms=66.857204000 roc_wall_ms=73.387805000
sample n=16384 lda=16384 iteration=18 first=cdls cdls_ms=66.113281250 rocsolver_ms=71.197509766 cdls_submit_ms=0.477813000 roc_submit_ms=39.818812000 cdls_wall_ms=66.121688000 roc_wall_ms=71.211028000
sample n=16384 lda=16384 iteration=19 first=rocsolver cdls_ms=66.418891907 rocsolver_ms=73.657348633 cdls_submit_ms=1.289898000 roc_submit_ms=29.115908000 cdls_wall_ms=67.066866000 roc_wall_ms=73.669436000
bench n=16384 lda=16384 repeats=20 cdls_median_ms=65.838303 rocsolver_median_ms=72.227425 cdls_mean_ms=65.919281 rocsolver_mean_ms=72.131037 cdls_gflops=44531.779688 workspace_bytes=262152 roc_workspace_bytes=67765440 cdls_submit_ms=1.289277 roc_submit_ms=34.438045 cdls_wall_ms=66.163898 roc_wall_ms=72.593923 rocsolver_gflops=40592.569959 speedup=1.097043
