device=AMD Instinct MI300A arch=gfx942:sramecc+:xnack- HIP=60443484 CUs=228 memory_bytes=137438953472 rocSOLVER=3.28.2.1b897f5 rocBLAS=4.4.1.f08d23e3 baseline=rocsolver_dgetrf_npvt fp64 seed=20261001 method=auto matrix=identity n=8192 lda=8192 offset=0 warmup=5 repeats=20
validate n=8192 lda=8192 kind=identity info=7/0 L_rel=0.0000e+00 U_rel=0.0000e+00 residual_scaled=0.0000e+00/0.0000e+00 PASS
sample n=8192 lda=8192 iteration=0 first=cdls cdls_ms=25.072988510 rocsolver_ms=21.332004547 cdls_submit_ms=0.010025000 roc_submit_ms=8.401798000 cdls_wall_ms=25.579196000 roc_wall_ms=21.339358000
sample n=8192 lda=8192 iteration=1 first=rocsolver cdls_ms=25.066495895 rocsolver_ms=21.418947220 cdls_submit_ms=0.015414000 roc_submit_ms=12.276366000 cdls_wall_ms=25.395394000 roc_wall_ms=21.700411000
sample n=8192 lda=8192 iteration=2 first=cdls cdls_ms=25.334108353 rocsolver_ms=21.617912292 cdls_submit_ms=0.008773000 roc_submit_ms=8.511246000 cdls_wall_ms=25.343054000 roc_wall_ms=21.627469000
sample n=8192 lda=8192 iteration=3 first=rocsolver cdls_ms=25.143255234 rocsolver_ms=21.529365540 cdls_submit_ms=0.008894000 roc_submit_ms=11.953141000 cdls_wall_ms=25.469518000 roc_wall_ms=21.826775000
sample n=8192 lda=8192 iteration=4 first=cdls cdls_ms=24.882373810 rocsolver_ms=21.616199493 cdls_submit_ms=0.007522000 roc_submit_ms=8.550616000 cdls_wall_ms=24.892915000 roc_wall_ms=21.627038000
sample n=8192 lda=8192 iteration=5 first=rocsolver cdls_ms=25.144496918 rocsolver_ms=21.526042938 cdls_submit_ms=0.009134000 roc_submit_ms=11.653431000 cdls_wall_ms=25.439192000 roc_wall_ms=21.856430000
sample n=8192 lda=8192 iteration=6 first=cdls cdls_ms=25.142656326 rocsolver_ms=21.458578110 cdls_submit_ms=0.008103000 roc_submit_ms=8.503463000 cdls_wall_ms=25.151300000 roc_wall_ms=21.628060000
sample n=8192 lda=8192 iteration=7 first=rocsolver cdls_ms=24.953203201 rocsolver_ms=21.593986511 cdls_submit_ms=0.009404000 roc_submit_ms=11.681254000 cdls_wall_ms=25.299818000 roc_wall_ms=21.917344000
sample n=8192 lda=8192 iteration=8 first=cdls cdls_ms=25.226062775 rocsolver_ms=21.696712494 cdls_submit_ms=0.007011000 roc_submit_ms=8.560541000 cdls_wall_ms=25.392841000 roc_wall_ms=21.704878000
sample n=8192 lda=8192 iteration=9 first=rocsolver cdls_ms=24.921276093 rocsolver_ms=21.639776230 cdls_submit_ms=0.009104000 roc_submit_ms=11.803172000 cdls_wall_ms=25.274049000 roc_wall_ms=21.954621000
sample n=8192 lda=8192 iteration=10 first=cdls cdls_ms=25.332746506 rocsolver_ms=21.654447556 cdls_submit_ms=0.151102000 roc_submit_ms=8.559159000 cdls_wall_ms=25.341472000 roc_wall_ms=21.662283000
sample n=8192 lda=8192 iteration=11 first=rocsolver cdls_ms=25.165330887 rocsolver_ms=21.541355133 cdls_submit_ms=0.009044000 roc_submit_ms=11.625529000 cdls_wall_ms=25.508137000 roc_wall_ms=21.861869000
sample n=8192 lda=8192 iteration=12 first=cdls cdls_ms=25.166009903 rocsolver_ms=21.691825867 cdls_submit_ms=0.158163000 roc_submit_ms=8.565769000 cdls_wall_ms=25.175718000 roc_wall_ms=21.701944000
sample n=8192 lda=8192 iteration=13 first=rocsolver cdls_ms=25.326896667 rocsolver_ms=21.545492172 cdls_submit_ms=0.009114000 roc_submit_ms=11.883795000 cdls_wall_ms=25.680201000 roc_wall_ms=21.858944000
sample n=8192 lda=8192 iteration=14 first=cdls cdls_ms=25.087690353 rocsolver_ms=21.685947418 cdls_submit_ms=0.008543000 roc_submit_ms=8.552999000 cdls_wall_ms=25.251604000 roc_wall_ms=21.694001000
sample n=8192 lda=8192 iteration=15 first=rocsolver cdls_ms=24.933973312 rocsolver_ms=21.605653763 cdls_submit_ms=0.008323000 roc_submit_ms=12.159176000 cdls_wall_ms=24.940848000 roc_wall_ms=21.924835000
sample n=8192 lda=8192 iteration=16 first=cdls cdls_ms=25.175624847 rocsolver_ms=21.740831375 cdls_submit_ms=0.007461000 roc_submit_ms=8.562094000 cdls_wall_ms=25.186694000 roc_wall_ms=21.747944000
sample n=8192 lda=8192 iteration=17 first=rocsolver cdls_ms=25.532451630 rocsolver_ms=21.601858139 cdls_submit_ms=0.337337000 roc_submit_ms=11.886959000 cdls_wall_ms=25.541359000 roc_wall_ms=21.921410000
sample n=8192 lda=8192 iteration=18 first=cdls cdls_ms=25.120500565 rocsolver_ms=21.655960083 cdls_submit_ms=0.152003000 roc_submit_ms=8.582865000 cdls_wall_ms=25.130238000 roc_wall_ms=21.664316000
sample n=8192 lda=8192 iteration=19 first=rocsolver cdls_ms=25.071945190 rocsolver_ms=21.640447617 cdls_submit_ms=0.008573000 roc_submit_ms=11.731962000 cdls_wall_ms=25.418520000 roc_wall_ms=21.970645000
bench n=8192 lda=8192 repeats=20 cdls_median_ms=25.142956 rocsolver_median_ms=21.610927 cdls_mean_ms=25.140004 rocsolver_mean_ms=21.589667 cdls_gflops=14575.466915 workspace_bytes=65544 roc_workspace_bytes=34145472 cdls_submit_ms=0.009074 roc_submit_ms=10.104197 cdls_wall_ms=25.342263 roc_wall_ms=21.726411 rocsolver_gflops=16957.640292 speedup=0.859522
