device=AMD Instinct MI300A arch=gfx942:sramecc+:xnack- HIP=60443484 CUs=228 memory_bytes=137438953472 rocSOLVER=3.28.2.1b897f5 rocBLAS=4.4.1.f08d23e3 baseline=rocsolver_dgetrf_npvt fp64 seed=20261001 method=auto matrix=scale_high n=65 lda=65 offset=0 warmup=20 repeats=20
validate n=65 lda=65 kind=scale_high info=7/0 L_rel=1.1644e-16 U_rel=3.1004e-16 residual_scaled=2.5662e-02/1.1092e-02 cpu_residual_scaled=2.5101e-02/1.0854e-02 PASS
sample n=65 lda=65 iteration=0 first=cdls cdls_ms=0.069787003 rocsolver_ms=0.100354001 cdls_submit_ms=0.006540000 roc_submit_ms=0.085391000 cdls_wall_ms=0.092863000 roc_wall_ms=0.110450000
sample n=65 lda=65 iteration=1 first=rocsolver cdls_ms=0.075755998 rocsolver_ms=0.099913001 cdls_submit_ms=0.010096000 roc_submit_ms=0.098070000 cdls_wall_ms=0.084520000 roc_wall_ms=0.108316000
sample n=65 lda=65 iteration=2 first=cdls cdls_ms=0.069826998 rocsolver_ms=0.110730000 cdls_submit_ms=0.008473000 roc_submit_ms=0.095596000 cdls_wall_ms=0.078320000 roc_wall_ms=0.120675000
sample n=65 lda=65 iteration=3 first=rocsolver cdls_ms=0.081845999 rocsolver_ms=0.107364997 cdls_submit_ms=0.015353000 roc_submit_ms=0.103499000 cdls_wall_ms=0.089397000 roc_wall_ms=0.115937000
sample n=65 lda=65 iteration=4 first=cdls cdls_ms=0.074593998 rocsolver_ms=0.097510003 cdls_submit_ms=0.010106000 roc_submit_ms=0.086152000 cdls_wall_ms=0.081916000 roc_wall_ms=0.105782000
sample n=65 lda=65 iteration=5 first=rocsolver cdls_ms=0.068465002 rocsolver_ms=0.102637000 cdls_submit_ms=0.006259000 roc_submit_ms=0.100995000 cdls_wall_ms=0.076387000 roc_wall_ms=0.112332000
sample n=65 lda=65 iteration=6 first=cdls cdls_ms=0.068384998 rocsolver_ms=0.103278004 cdls_submit_ms=0.008332000 roc_submit_ms=0.087624000 cdls_wall_ms=0.075946000 roc_wall_ms=0.110910000
sample n=65 lda=65 iteration=7 first=rocsolver cdls_ms=0.077638999 rocsolver_ms=0.105802000 cdls_submit_ms=0.011808000 roc_submit_ms=0.102017000 cdls_wall_ms=0.093984000 roc_wall_ms=0.114365000
sample n=65 lda=65 iteration=8 first=cdls cdls_ms=0.068504997 rocsolver_ms=0.097589001 cdls_submit_ms=0.007262000 roc_submit_ms=0.087975000 cdls_wall_ms=0.078320000 roc_wall_ms=0.106894000
sample n=65 lda=65 iteration=9 first=rocsolver cdls_ms=0.071229003 rocsolver_ms=0.113693997 cdls_submit_ms=0.011638000 roc_submit_ms=0.112061000 cdls_wall_ms=0.079592000 roc_wall_ms=0.126845000
sample n=65 lda=65 iteration=10 first=cdls cdls_ms=0.069105998 rocsolver_ms=0.094304003 cdls_submit_ms=0.008543000 roc_submit_ms=0.076457000 cdls_wall_ms=0.077699000 roc_wall_ms=0.103789000
sample n=65 lda=65 iteration=11 first=rocsolver cdls_ms=0.083927996 rocsolver_ms=0.114656001 cdls_submit_ms=0.020922000 roc_submit_ms=0.111722000 cdls_wall_ms=0.092602000 roc_wall_ms=0.122068000
sample n=65 lda=65 iteration=12 first=cdls cdls_ms=0.075516000 rocsolver_ms=0.099393003 cdls_submit_ms=0.010536000 roc_submit_ms=0.079852000 cdls_wall_ms=0.083137000 roc_wall_ms=0.107655000
sample n=65 lda=65 iteration=13 first=rocsolver cdls_ms=0.069026001 rocsolver_ms=0.120545000 cdls_submit_ms=0.007271000 roc_submit_ms=0.117240000 cdls_wall_ms=0.078731000 roc_wall_ms=0.128597000
sample n=65 lda=65 iteration=14 first=cdls cdls_ms=0.074114002 rocsolver_ms=0.100553997 cdls_submit_ms=0.011578000 roc_submit_ms=0.082526000 cdls_wall_ms=0.082336000 roc_wall_ms=0.109738000
sample n=65 lda=65 iteration=15 first=rocsolver cdls_ms=0.071029000 rocsolver_ms=0.105802000 cdls_submit_ms=0.006991000 roc_submit_ms=0.102457000 cdls_wall_ms=0.078800000 roc_wall_ms=0.113334000
sample n=65 lda=65 iteration=16 first=cdls cdls_ms=0.073913999 rocsolver_ms=0.107524998 cdls_submit_ms=0.009634000 roc_submit_ms=0.093744000 cdls_wall_ms=0.081565000 roc_wall_ms=0.115958000
sample n=65 lda=65 iteration=17 first=rocsolver cdls_ms=0.075516000 rocsolver_ms=0.135928005 cdls_submit_ms=0.013260000 roc_submit_ms=0.127305000 cdls_wall_ms=0.084029000 roc_wall_ms=0.144091000
sample n=65 lda=65 iteration=18 first=cdls cdls_ms=0.069507003 rocsolver_ms=0.109768003 cdls_submit_ms=0.008793000 roc_submit_ms=0.091530000 cdls_wall_ms=0.077238000 roc_wall_ms=0.120855000
sample n=65 lda=65 iteration=19 first=rocsolver cdls_ms=0.083609000 rocsolver_ms=0.095587000 cdls_submit_ms=0.020882000 roc_submit_ms=0.092752000 cdls_wall_ms=0.093824000 roc_wall_ms=0.104090000
bench n=65 lda=65 repeats=20 cdls_median_ms=0.072572 rocsolver_median_ms=0.104540 cdls_mean_ms=0.073565 rocsolver_mean_ms=0.106147 cdls_gflops=2.493541 workspace_bytes=24 roc_workspace_bytes=100608 cdls_submit_ms=0.009865 roc_submit_ms=0.094670 cdls_wall_ms=0.081740 roc_wall_ms=0.112833 rocsolver_gflops=1.731012 speedup=1.440510
