device=AMD Instinct MI300A arch=gfx942:sramecc+:xnack- HIP=60443484 CUs=228 memory_bytes=137438953472 rocSOLVER=3.28.2.1b897f5 rocBLAS=4.4.1.f08d23e3 baseline=rocsolver_dgetrf_npvt fp64 seed=20261001 method=auto matrix=signed n=64 lda=64 offset=0 warmup=20 repeats=20
validate n=64 lda=64 kind=signed info=7/0 L_rel=2.7069e-17 U_rel=1.3445e-18 residual_scaled=2.5540e-02/2.5540e-02 cpu_residual_scaled=2.4747e-02/2.4748e-02 PASS
sample n=64 lda=64 iteration=0 first=cdls cdls_ms=0.027842000 rocsolver_ms=0.080081999 cdls_submit_ms=0.003816000 roc_submit_ms=0.006760000 cdls_wall_ms=0.041464000 roc_wall_ms=0.088946000
sample n=64 lda=64 iteration=1 first=rocsolver cdls_ms=0.027563000 rocsolver_ms=0.077559002 cdls_submit_ms=0.003665000 roc_submit_ms=0.004948000 cdls_wall_ms=0.036375000 roc_wall_ms=0.086202000
sample n=64 lda=64 iteration=2 first=cdls cdls_ms=0.026800999 rocsolver_ms=0.080564000 cdls_submit_ms=0.002214000 roc_submit_ms=0.008493000 cdls_wall_ms=0.035073000 roc_wall_ms=0.088886000
sample n=64 lda=64 iteration=3 first=rocsolver cdls_ms=0.027763000 rocsolver_ms=0.079442002 cdls_submit_ms=0.002774000 roc_submit_ms=0.006160000 cdls_wall_ms=0.037817000 roc_wall_ms=0.088295000
sample n=64 lda=64 iteration=4 first=cdls cdls_ms=0.026400000 rocsolver_ms=0.080723003 cdls_submit_ms=0.002444000 roc_submit_ms=0.008152000 cdls_wall_ms=0.035534000 roc_wall_ms=0.088726000
sample n=64 lda=64 iteration=5 first=rocsolver cdls_ms=0.027682999 rocsolver_ms=0.079521999 cdls_submit_ms=0.003064000 roc_submit_ms=0.009134000 cdls_wall_ms=0.036265000 roc_wall_ms=0.089687000
sample n=64 lda=64 iteration=6 first=cdls cdls_ms=0.026280001 rocsolver_ms=0.079361998 cdls_submit_ms=0.002213000 roc_submit_ms=0.008503000 cdls_wall_ms=0.036756000 roc_wall_ms=0.088125000
sample n=64 lda=64 iteration=7 first=rocsolver cdls_ms=0.027362000 rocsolver_ms=0.080283001 cdls_submit_ms=0.003375000 roc_submit_ms=0.008754000 cdls_wall_ms=0.036747000 roc_wall_ms=0.089497000
sample n=64 lda=64 iteration=8 first=cdls cdls_ms=0.026360000 rocsolver_ms=0.079442002 cdls_submit_ms=0.002093000 roc_submit_ms=0.008203000 cdls_wall_ms=0.035214000 roc_wall_ms=0.089337000
sample n=64 lda=64 iteration=9 first=rocsolver cdls_ms=0.026760999 rocsolver_ms=0.079001002 cdls_submit_ms=0.002855000 roc_submit_ms=0.006550000 cdls_wall_ms=0.035033000 roc_wall_ms=0.088696000
sample n=64 lda=64 iteration=10 first=cdls cdls_ms=0.026760999 rocsolver_ms=0.081605002 cdls_submit_ms=0.002454000 roc_submit_ms=0.008263000 cdls_wall_ms=0.034473000 roc_wall_ms=0.088917000
sample n=64 lda=64 iteration=11 first=rocsolver cdls_ms=0.028123001 rocsolver_ms=0.079442002 cdls_submit_ms=0.003766000 roc_submit_ms=0.006981000 cdls_wall_ms=0.038769000 roc_wall_ms=0.089257000
sample n=64 lda=64 iteration=12 first=cdls cdls_ms=0.026760999 rocsolver_ms=0.082966998 cdls_submit_ms=0.002434000 roc_submit_ms=0.010836000 cdls_wall_ms=0.034763000 roc_wall_ms=0.092572000
sample n=64 lda=64 iteration=13 first=rocsolver cdls_ms=0.026921000 rocsolver_ms=0.077799000 cdls_submit_ms=0.003425000 roc_submit_ms=0.007231000 cdls_wall_ms=0.035755000 roc_wall_ms=0.087624000
sample n=64 lda=64 iteration=14 first=cdls cdls_ms=0.026800999 rocsolver_ms=0.079080999 cdls_submit_ms=0.002123000 roc_submit_ms=0.008333000 cdls_wall_ms=0.034403000 roc_wall_ms=0.088185000
sample n=64 lda=64 iteration=15 first=rocsolver cdls_ms=0.026360000 rocsolver_ms=0.081325002 cdls_submit_ms=0.002755000 roc_submit_ms=0.008583000 cdls_wall_ms=0.035224000 roc_wall_ms=0.089047000
sample n=64 lda=64 iteration=16 first=cdls cdls_ms=0.026881000 rocsolver_ms=0.080482997 cdls_submit_ms=0.002204000 roc_submit_ms=0.008203000 cdls_wall_ms=0.034103000 roc_wall_ms=0.088957000
sample n=64 lda=64 iteration=17 first=rocsolver cdls_ms=0.026481001 rocsolver_ms=0.077598996 cdls_submit_ms=0.002944000 roc_submit_ms=0.005889000 cdls_wall_ms=0.035404000 roc_wall_ms=0.087815000
sample n=64 lda=64 iteration=18 first=cdls cdls_ms=0.026800999 rocsolver_ms=0.082686000 cdls_submit_ms=0.002263000 roc_submit_ms=0.009404000 cdls_wall_ms=0.033962000 roc_wall_ms=0.090669000
sample n=64 lda=64 iteration=19 first=rocsolver cdls_ms=0.026841000 rocsolver_ms=0.095987000 cdls_submit_ms=0.003906000 roc_submit_ms=0.022204000 cdls_wall_ms=0.035735000 roc_wall_ms=0.104330000
bench n=64 lda=64 repeats=20 cdls_median_ms=0.026801 rocsolver_median_ms=0.079802 cdls_mean_ms=0.026977 rocsolver_mean_ms=0.080748 cdls_gflops=6.443939 workspace_bytes=12 roc_workspace_bytes=0 cdls_submit_ms=0.002765 roc_submit_ms=0.008233 cdls_wall_ms=0.035469 roc_wall_ms=0.088931 rocsolver_gflops=2.164156 speedup=2.977575
