device=AMD Instinct MI300A arch=gfx942:sramecc+:xnack- HIP=60443484 CUs=228 memory_bytes=137438953472 rocSOLVER=3.28.2.1b897f5 rocBLAS=4.4.1.f08d23e3 baseline=rocsolver_dgetrf_npvt fp64 seed=20261001 method=auto matrix=dense n=8192 lda=8192 offset=1 warmup=5 repeats=30
validate n=8192 lda=8192 kind=dense info=7/0 L_rel=1.6309e-15 U_rel=4.0342e-15 residual_scaled=2.1920e-03/3.9221e-04 PASS
sample n=8192 lda=8192 iteration=0 first=cdls cdls_ms=28.973970413 rocsolver_ms=27.141010284 cdls_submit_ms=0.008904000 roc_submit_ms=9.281146000 cdls_wall_ms=29.324398000 roc_wall_ms=27.148632000
sample n=8192 lda=8192 iteration=1 first=rocsolver cdls_ms=28.958103180 rocsolver_ms=27.422771454 cdls_submit_ms=0.008904000 roc_submit_ms=11.770692000 cdls_wall_ms=29.240059000 roc_wall_ms=27.681169000
sample n=8192 lda=8192 iteration=2 first=cdls cdls_ms=28.539903641 rocsolver_ms=26.664649963 cdls_submit_ms=0.162800000 roc_submit_ms=9.036402000 cdls_wall_ms=28.551373000 roc_wall_ms=26.674275000
sample n=8192 lda=8192 iteration=3 first=rocsolver cdls_ms=28.632606506 rocsolver_ms=27.340623856 cdls_submit_ms=0.008022000 roc_submit_ms=12.477335000 cdls_wall_ms=28.940890000 roc_wall_ms=27.655270000
sample n=8192 lda=8192 iteration=4 first=cdls cdls_ms=28.319526672 rocsolver_ms=27.208343506 cdls_submit_ms=0.131281000 roc_submit_ms=8.978963000 cdls_wall_ms=28.330465000 roc_wall_ms=27.220033000
sample n=8192 lda=8192 iteration=5 first=rocsolver cdls_ms=28.869527817 rocsolver_ms=27.302536011 cdls_submit_ms=0.008784000 roc_submit_ms=11.645229000 cdls_wall_ms=29.178915000 roc_wall_ms=27.600997000
sample n=8192 lda=8192 iteration=6 first=cdls cdls_ms=28.102432251 rocsolver_ms=27.042999268 cdls_submit_ms=0.020451000 roc_submit_ms=9.210067000 cdls_wall_ms=28.110437000 roc_wall_ms=27.049922000
sample n=8192 lda=8192 iteration=7 first=rocsolver cdls_ms=28.349332809 rocsolver_ms=27.196083069 cdls_submit_ms=0.008232000 roc_submit_ms=11.624378000 cdls_wall_ms=28.654030000 roc_wall_ms=27.493091000
sample n=8192 lda=8192 iteration=8 first=cdls cdls_ms=28.342079163 rocsolver_ms=26.993131638 cdls_submit_ms=0.007031000 roc_submit_ms=8.968657000 cdls_wall_ms=28.350635000 roc_wall_ms=27.004613000
sample n=8192 lda=8192 iteration=9 first=rocsolver cdls_ms=28.763887405 rocsolver_ms=27.437736511 cdls_submit_ms=0.009444000 roc_submit_ms=10.729917000 cdls_wall_ms=29.067415000 roc_wall_ms=27.729423000
sample n=8192 lda=8192 iteration=10 first=cdls cdls_ms=28.512983322 rocsolver_ms=27.202404022 cdls_submit_ms=0.008022000 roc_submit_ms=9.031904000 cdls_wall_ms=28.522148000 roc_wall_ms=27.210749000
sample n=8192 lda=8192 iteration=11 first=rocsolver cdls_ms=28.767091751 rocsolver_ms=27.282888412 cdls_submit_ms=0.007562000 roc_submit_ms=10.875460000 cdls_wall_ms=29.056287000 roc_wall_ms=27.584972000
sample n=8192 lda=8192 iteration=12 first=cdls cdls_ms=28.378816605 rocsolver_ms=27.110452652 cdls_submit_ms=0.012499000 roc_submit_ms=9.066967000 cdls_wall_ms=28.387812000 roc_wall_ms=27.199320000
sample n=8192 lda=8192 iteration=13 first=rocsolver cdls_ms=28.658845901 rocsolver_ms=27.588243484 cdls_submit_ms=0.008783000 roc_submit_ms=11.398281000 cdls_wall_ms=28.970356000 roc_wall_ms=27.599684000
sample n=8192 lda=8192 iteration=14 first=cdls cdls_ms=28.421482086 rocsolver_ms=27.141090393 cdls_submit_ms=0.009044000 roc_submit_ms=9.069762000 cdls_wall_ms=28.428565000 roc_wall_ms=27.148513000
sample n=8192 lda=8192 iteration=15 first=rocsolver cdls_ms=28.694419861 rocsolver_ms=27.574335098 cdls_submit_ms=0.008383000 roc_submit_ms=10.817762000 cdls_wall_ms=29.001403000 roc_wall_ms=27.870891000
sample n=8192 lda=8192 iteration=16 first=cdls cdls_ms=28.369483948 rocsolver_ms=27.101440430 cdls_submit_ms=0.009514000 roc_submit_ms=8.974426000 cdls_wall_ms=28.378187000 roc_wall_ms=27.191940000
sample n=8192 lda=8192 iteration=17 first=rocsolver cdls_ms=28.820213318 rocsolver_ms=27.588226318 cdls_submit_ms=0.009855000 roc_submit_ms=10.983996000 cdls_wall_ms=29.115368000 roc_wall_ms=27.595958000
sample n=8192 lda=8192 iteration=18 first=cdls cdls_ms=28.280145645 rocsolver_ms=27.184045792 cdls_submit_ms=0.008693000 roc_submit_ms=9.071425000 cdls_wall_ms=28.371267000 roc_wall_ms=27.192791000
sample n=8192 lda=8192 iteration=19 first=rocsolver cdls_ms=29.104047775 rocsolver_ms=27.414768219 cdls_submit_ms=0.008293000 roc_submit_ms=11.324878000 cdls_wall_ms=29.410300000 roc_wall_ms=27.722362000
sample n=8192 lda=8192 iteration=20 first=cdls cdls_ms=28.482736588 rocsolver_ms=27.054698944 cdls_submit_ms=0.007682000 roc_submit_ms=8.910147000 cdls_wall_ms=28.581529000 roc_wall_ms=27.063713000
sample n=8192 lda=8192 iteration=21 first=rocsolver cdls_ms=28.806472778 rocsolver_ms=27.367187500 cdls_submit_ms=0.008012000 roc_submit_ms=10.813624000 cdls_wall_ms=29.113175000 roc_wall_ms=27.670573000
sample n=8192 lda=8192 iteration=22 first=cdls cdls_ms=28.381380081 rocsolver_ms=27.331401825 cdls_submit_ms=0.094795000 roc_submit_ms=9.078446000 cdls_wall_ms=28.390316000 roc_wall_ms=27.339735000
sample n=8192 lda=8192 iteration=23 first=rocsolver cdls_ms=29.115585327 rocsolver_ms=27.441839218 cdls_submit_ms=0.009234000 roc_submit_ms=11.589615000 cdls_wall_ms=29.122208000 roc_wall_ms=27.453280000
sample n=8192 lda=8192 iteration=24 first=cdls cdls_ms=28.663251877 rocsolver_ms=27.327203751 cdls_submit_ms=0.008583000 roc_submit_ms=8.997161000 cdls_wall_ms=28.669805000 roc_wall_ms=27.334067000
sample n=8192 lda=8192 iteration=25 first=rocsolver cdls_ms=29.058298111 rocsolver_ms=27.625661850 cdls_submit_ms=0.008252000 roc_submit_ms=10.778050000 cdls_wall_ms=29.312870000 roc_wall_ms=27.932103000
sample n=8192 lda=8192 iteration=26 first=cdls cdls_ms=28.697946548 rocsolver_ms=27.264490128 cdls_submit_ms=0.010956000 roc_submit_ms=9.034127000 cdls_wall_ms=28.705429000 roc_wall_ms=27.274346000
sample n=8192 lda=8192 iteration=27 first=rocsolver cdls_ms=28.755435944 rocsolver_ms=27.510385513 cdls_submit_ms=0.007422000 roc_submit_ms=10.806965000 cdls_wall_ms=29.069637000 roc_wall_ms=27.815345000
sample n=8192 lda=8192 iteration=28 first=cdls cdls_ms=28.288919449 rocsolver_ms=27.347436905 cdls_submit_ms=0.008273000 roc_submit_ms=9.027547000 cdls_wall_ms=28.298066000 roc_wall_ms=27.442653000
sample n=8192 lda=8192 iteration=29 first=rocsolver cdls_ms=28.825220108 rocsolver_ms=27.638051987 cdls_submit_ms=0.007602000 roc_submit_ms=11.419233000 cdls_wall_ms=28.834296000 roc_wall_ms=27.651594000
bench n=8192 lda=8192 repeats=30 cdls_median_ms=28.661049 rocsolver_median_ms=27.314870 cdls_mean_ms=28.631138 rocsolver_mean_ms=27.294871 cdls_gflops=12786.354105 workspace_bytes=65544 roc_workspace_bytes=34145472 cdls_submit_ms=0.008738 roc_submit_ms=10.005532 cdls_wall_ms=28.769862 roc_wall_ms=27.447966 rocsolver_gflops=13416.513486 speedup=0.953031
