device=AMD Instinct MI300A arch=gfx942:sramecc+:xnack- HIP=60443484 CUs=228 memory_bytes=137438953472 rocSOLVER=3.28.2.1b897f5 rocBLAS=4.4.1.f08d23e3 baseline=rocsolver_dgetrf_npvt fp64 seed=20261001 method=auto matrix=dense n=16384 lda=16401 offset=0 warmup=5 repeats=30
validate n=16384 lda=16401 kind=dense info=7/0 L_rel=5.6795e-16 U_rel=1.7038e-15 residual_scaled=4.9962e-04/2.0443e-04 PASS
sample n=16384 lda=16401 iteration=0 first=cdls cdls_ms=107.603172302 rocsolver_ms=113.505523682 cdls_submit_ms=1.473349000 roc_submit_ms=70.263313000 cdls_wall_ms=107.617671000 roc_wall_ms=113.514339000
sample n=16384 lda=16401 iteration=1 first=rocsolver cdls_ms=106.656112671 rocsolver_ms=114.726371765 cdls_submit_ms=1.592631000 roc_submit_ms=46.973102000 cdls_wall_ms=107.062349000 roc_wall_ms=115.268819000
sample n=16384 lda=16401 iteration=2 first=cdls cdls_ms=107.079414368 rocsolver_ms=114.095870972 cdls_submit_ms=0.480206000 roc_submit_ms=70.254139000 cdls_wall_ms=107.089421000 roc_wall_ms=114.105025000
sample n=16384 lda=16401 iteration=3 first=rocsolver cdls_ms=107.768486023 rocsolver_ms=114.899917603 cdls_submit_ms=1.339904000 roc_submit_ms=46.867009000 cdls_wall_ms=108.442926000 roc_wall_ms=115.363204000
sample n=16384 lda=16401 iteration=4 first=cdls cdls_ms=106.994216919 rocsolver_ms=114.126777649 cdls_submit_ms=0.458302000 roc_submit_ms=70.428335000 cdls_wall_ms=107.003629000 roc_wall_ms=114.134300000
sample n=16384 lda=16401 iteration=5 first=rocsolver cdls_ms=107.656921387 rocsolver_ms=114.975952148 cdls_submit_ms=1.330599000 roc_submit_ms=46.942905000 cdls_wall_ms=108.339177000 roc_wall_ms=115.437487000
sample n=16384 lda=16401 iteration=6 first=cdls cdls_ms=108.198852539 rocsolver_ms=114.948554993 cdls_submit_ms=0.483932000 roc_submit_ms=70.923785000 cdls_wall_ms=108.207465000 roc_wall_ms=114.956250000
sample n=16384 lda=16401 iteration=7 first=rocsolver cdls_ms=108.515380859 rocsolver_ms=115.274772644 cdls_submit_ms=1.347625000 roc_submit_ms=47.046796000 cdls_wall_ms=109.191523000 roc_wall_ms=115.742976000
sample n=16384 lda=16401 iteration=8 first=cdls cdls_ms=107.671089172 rocsolver_ms=114.254905701 cdls_submit_ms=0.490001000 roc_submit_ms=70.583123000 cdls_wall_ms=107.679795000 roc_wall_ms=114.263908000
sample n=16384 lda=16401 iteration=9 first=rocsolver cdls_ms=108.441604614 rocsolver_ms=115.041572571 cdls_submit_ms=1.846731000 roc_submit_ms=46.737422000 cdls_wall_ms=108.449266000 roc_wall_ms=115.050034000
sample n=16384 lda=16401 iteration=10 first=cdls cdls_ms=107.910179138 rocsolver_ms=114.670532227 cdls_submit_ms=0.445724000 roc_submit_ms=70.795007000 cdls_wall_ms=107.919463000 roc_wall_ms=114.679606000
sample n=16384 lda=16401 iteration=11 first=rocsolver cdls_ms=108.224990845 rocsolver_ms=116.307044983 cdls_submit_ms=1.346845000 roc_submit_ms=47.682028000 cdls_wall_ms=108.904984000 roc_wall_ms=116.780756000
sample n=16384 lda=16401 iteration=12 first=cdls cdls_ms=108.257240295 rocsolver_ms=115.025077820 cdls_submit_ms=0.491243000 roc_submit_ms=70.797121000 cdls_wall_ms=108.265113000 roc_wall_ms=115.033548000
sample n=16384 lda=16401 iteration=13 first=rocsolver cdls_ms=108.663810730 rocsolver_ms=116.189910889 cdls_submit_ms=1.817325000 roc_submit_ms=47.420047000 cdls_wall_ms=108.873906000 roc_wall_ms=116.666741000
sample n=16384 lda=16401 iteration=14 first=cdls cdls_ms=108.658790588 rocsolver_ms=115.514617920 cdls_submit_ms=0.496982000 roc_submit_ms=71.077912000 cdls_wall_ms=108.666999000 roc_wall_ms=115.521676000
sample n=16384 lda=16401 iteration=15 first=rocsolver cdls_ms=109.244628906 rocsolver_ms=116.312896729 cdls_submit_ms=1.996950000 roc_submit_ms=47.192149000 cdls_wall_ms=109.254539000 roc_wall_ms=116.323446000
sample n=16384 lda=16401 iteration=16 first=cdls cdls_ms=108.180824280 rocsolver_ms=115.704559326 cdls_submit_ms=0.463620000 roc_submit_ms=71.334525000 cdls_wall_ms=108.189307000 roc_wall_ms=115.714672000
sample n=16384 lda=16401 iteration=17 first=rocsolver cdls_ms=108.881553650 rocsolver_ms=116.317146301 cdls_submit_ms=1.378003000 roc_submit_ms=46.928063000 cdls_wall_ms=109.488669000 roc_wall_ms=116.326269000
sample n=16384 lda=16401 iteration=18 first=cdls cdls_ms=109.526969910 rocsolver_ms=116.689468384 cdls_submit_ms=0.492535000 roc_submit_ms=71.932060000 cdls_wall_ms=109.535921000 roc_wall_ms=116.699512000
sample n=16384 lda=16401 iteration=19 first=rocsolver cdls_ms=109.546325684 rocsolver_ms=116.562728882 cdls_submit_ms=1.651521000 roc_submit_ms=47.602507000 cdls_wall_ms=109.913560000 roc_wall_ms=116.570814000
sample n=16384 lda=16401 iteration=20 first=cdls cdls_ms=108.890762329 rocsolver_ms=115.793106079 cdls_submit_ms=0.474197000 roc_submit_ms=71.247491000 cdls_wall_ms=108.898765000 roc_wall_ms=115.803017000
sample n=16384 lda=16401 iteration=21 first=rocsolver cdls_ms=109.929061890 rocsolver_ms=116.793174744 cdls_submit_ms=1.506409000 roc_submit_ms=47.655458000 cdls_wall_ms=110.298610000 roc_wall_ms=116.803201000
sample n=16384 lda=16401 iteration=22 first=cdls cdls_ms=108.953506470 rocsolver_ms=115.542556763 cdls_submit_ms=0.460026000 roc_submit_ms=71.167949000 cdls_wall_ms=108.961420000 roc_wall_ms=115.549658000
sample n=16384 lda=16401 iteration=23 first=rocsolver cdls_ms=110.160079956 rocsolver_ms=116.413322449 cdls_submit_ms=2.003641000 roc_submit_ms=47.033926000 cdls_wall_ms=110.168550000 roc_wall_ms=116.887269000
sample n=16384 lda=16401 iteration=24 first=cdls cdls_ms=108.911483765 rocsolver_ms=116.138610840 cdls_submit_ms=0.468478000 roc_submit_ms=71.411312000 cdls_wall_ms=108.919446000 roc_wall_ms=116.147806000
sample n=16384 lda=16401 iteration=25 first=rocsolver cdls_ms=109.433631897 rocsolver_ms=116.249710083 cdls_submit_ms=1.351672000 roc_submit_ms=46.603024000 cdls_wall_ms=110.114989000 roc_wall_ms=116.721705000
sample n=16384 lda=16401 iteration=26 first=cdls cdls_ms=108.882720947 rocsolver_ms=116.102371216 cdls_submit_ms=0.506186000 roc_submit_ms=71.098622000 cdls_wall_ms=108.891203000 roc_wall_ms=116.109617000
sample n=16384 lda=16401 iteration=27 first=rocsolver cdls_ms=109.805816650 rocsolver_ms=116.672592163 cdls_submit_ms=1.978703000 roc_submit_ms=47.135181000 cdls_wall_ms=109.814027000 roc_wall_ms=116.681504000
sample n=16384 lda=16401 iteration=28 first=cdls cdls_ms=109.169242859 rocsolver_ms=115.821319580 cdls_submit_ms=0.516031000 roc_submit_ms=71.094096000 cdls_wall_ms=109.177782000 roc_wall_ms=115.828657000
sample n=16384 lda=16401 iteration=29 first=rocsolver cdls_ms=109.448020935 rocsolver_ms=116.660377502 cdls_submit_ms=1.364632000 roc_submit_ms=46.786807000 cdls_wall_ms=110.121068000 roc_wall_ms=116.772363000
bench n=16384 lda=16401 repeats=30 cdls_median_ms=108.661301 rocsolver_median_ms=115.748833 cdls_mean_ms=108.575496 rocsolver_mean_ms=115.577711 cdls_gflops=26981.977660 workspace_bytes=262152 roc_workspace_bytes=67765440 cdls_submit_ms=1.335252 roc_submit_ms=58.968083 cdls_wall_ms=108.894984 roc_wall_ms=115.772997 rocsolver_gflops=25329.817316 speedup=1.065226
