device=AMD Instinct MI300A arch=gfx942:sramecc+:xnack- HIP=60443484 CUs=228 memory_bytes=137438953472 rocSOLVER=3.28.2.1b897f5 rocBLAS=4.4.1.f08d23e3 baseline=rocsolver_dgetrf_npvt fp64 seed=20261001 method=auto matrix=dense n=64 lda=192 offset=0 warmup=20 repeats=30
validate n=64 lda=192 kind=dense info=7/0 L_rel=2.5493e-17 U_rel=1.2316e-18 residual_scaled=2.4209e-02/2.4209e-02 cpu_residual_scaled=2.3512e-02/2.3513e-02 PASS
sample n=64 lda=192 iteration=0 first=cdls cdls_ms=0.027562000 rocsolver_ms=0.081324004 cdls_submit_ms=0.002714000 roc_submit_ms=0.007051000 cdls_wall_ms=0.041263000 roc_wall_ms=0.088666000
sample n=64 lda=192 iteration=1 first=rocsolver cdls_ms=0.027842000 rocsolver_ms=0.080123000 cdls_submit_ms=0.002564000 roc_submit_ms=0.005068000 cdls_wall_ms=0.036266000 roc_wall_ms=0.087254000
sample n=64 lda=192 iteration=2 first=cdls cdls_ms=0.027842000 rocsolver_ms=0.087693997 cdls_submit_ms=0.002654000 roc_submit_ms=0.013931000 cdls_wall_ms=0.035365000 roc_wall_ms=0.095287000
sample n=64 lda=192 iteration=3 first=rocsolver cdls_ms=0.027803000 rocsolver_ms=0.078760996 cdls_submit_ms=0.002504000 roc_submit_ms=0.005628000 cdls_wall_ms=0.036445000 roc_wall_ms=0.088276000
sample n=64 lda=192 iteration=4 first=cdls cdls_ms=0.027202001 rocsolver_ms=0.082928002 cdls_submit_ms=0.002644000 roc_submit_ms=0.008643000 cdls_wall_ms=0.035133000 roc_wall_ms=0.090489000
sample n=64 lda=192 iteration=5 first=rocsolver cdls_ms=0.026962001 rocsolver_ms=0.079442002 cdls_submit_ms=0.002473000 roc_submit_ms=0.004727000 cdls_wall_ms=0.034683000 roc_wall_ms=0.087193000
sample n=64 lda=192 iteration=6 first=cdls cdls_ms=0.026961001 rocsolver_ms=0.080202997 cdls_submit_ms=0.002204000 roc_submit_ms=0.007451000 cdls_wall_ms=0.034603000 roc_wall_ms=0.087524000
sample n=64 lda=192 iteration=7 first=rocsolver cdls_ms=0.026681000 rocsolver_ms=0.078199998 cdls_submit_ms=0.002453000 roc_submit_ms=0.004937000 cdls_wall_ms=0.035985000 roc_wall_ms=0.086593000
sample n=64 lda=192 iteration=8 first=cdls cdls_ms=0.026800999 rocsolver_ms=0.083848000 cdls_submit_ms=0.002003000 roc_submit_ms=0.010366000 cdls_wall_ms=0.034593000 roc_wall_ms=0.091150000
sample n=64 lda=192 iteration=9 first=rocsolver cdls_ms=0.026961001 rocsolver_ms=0.079922996 cdls_submit_ms=0.002504000 roc_submit_ms=0.005788000 cdls_wall_ms=0.035194000 roc_wall_ms=0.087264000
sample n=64 lda=192 iteration=10 first=cdls cdls_ms=0.026841000 rocsolver_ms=0.078160003 cdls_submit_ms=0.001983000 roc_submit_ms=0.005990000 cdls_wall_ms=0.034703000 roc_wall_ms=0.086563000
sample n=64 lda=192 iteration=11 first=rocsolver cdls_ms=0.026921000 rocsolver_ms=0.077959001 cdls_submit_ms=0.002564000 roc_submit_ms=0.005389000 cdls_wall_ms=0.035374000 roc_wall_ms=0.086042000
sample n=64 lda=192 iteration=12 first=cdls cdls_ms=0.026800999 rocsolver_ms=0.082887001 cdls_submit_ms=0.001923000 roc_submit_ms=0.009555000 cdls_wall_ms=0.034543000 roc_wall_ms=0.090319000
sample n=64 lda=192 iteration=13 first=rocsolver cdls_ms=0.026961001 rocsolver_ms=0.079521999 cdls_submit_ms=0.002594000 roc_submit_ms=0.006310000 cdls_wall_ms=0.034693000 roc_wall_ms=0.090038000
sample n=64 lda=192 iteration=14 first=cdls cdls_ms=0.027081000 rocsolver_ms=0.080082998 cdls_submit_ms=0.002163000 roc_submit_ms=0.008623000 cdls_wall_ms=0.036145000 roc_wall_ms=0.089617000
sample n=64 lda=192 iteration=15 first=rocsolver cdls_ms=0.026641000 rocsolver_ms=0.077598996 cdls_submit_ms=0.002594000 roc_submit_ms=0.006641000 cdls_wall_ms=0.036246000 roc_wall_ms=0.087034000
sample n=64 lda=192 iteration=16 first=cdls cdls_ms=0.026601000 rocsolver_ms=0.080482997 cdls_submit_ms=0.002213000 roc_submit_ms=0.007622000 cdls_wall_ms=0.036066000 roc_wall_ms=0.089427000
sample n=64 lda=192 iteration=17 first=rocsolver cdls_ms=0.026520999 rocsolver_ms=0.077399001 cdls_submit_ms=0.002594000 roc_submit_ms=0.005389000 cdls_wall_ms=0.035465000 roc_wall_ms=0.088385000
sample n=64 lda=192 iteration=18 first=cdls cdls_ms=0.026681000 rocsolver_ms=0.080482997 cdls_submit_ms=0.002554000 roc_submit_ms=0.008883000 cdls_wall_ms=0.035434000 roc_wall_ms=0.090139000
sample n=64 lda=192 iteration=19 first=rocsolver cdls_ms=0.027040999 rocsolver_ms=0.093143001 cdls_submit_ms=0.003194000 roc_submit_ms=0.020201000 cdls_wall_ms=0.036506000 roc_wall_ms=0.104500000
sample n=64 lda=192 iteration=20 first=cdls cdls_ms=0.026641000 rocsolver_ms=0.078759998 cdls_submit_ms=0.002424000 roc_submit_ms=0.006640000 cdls_wall_ms=0.035855000 roc_wall_ms=0.091540000
sample n=64 lda=192 iteration=21 first=rocsolver cdls_ms=0.026841000 rocsolver_ms=0.079921998 cdls_submit_ms=0.002394000 roc_submit_ms=0.007311000 cdls_wall_ms=0.034934000 roc_wall_ms=0.089727000
sample n=64 lda=192 iteration=22 first=cdls cdls_ms=0.026641000 rocsolver_ms=0.079682000 cdls_submit_ms=0.003125000 roc_submit_ms=0.007802000 cdls_wall_ms=0.035494000 roc_wall_ms=0.088465000
sample n=64 lda=192 iteration=23 first=rocsolver cdls_ms=0.026480000 rocsolver_ms=0.078599997 cdls_submit_ms=0.002614000 roc_submit_ms=0.006270000 cdls_wall_ms=0.035605000 roc_wall_ms=0.089196000
sample n=64 lda=192 iteration=24 first=cdls cdls_ms=0.026962001 rocsolver_ms=0.080764003 cdls_submit_ms=0.002304000 roc_submit_ms=0.006430000 cdls_wall_ms=0.034954000 roc_wall_ms=0.090078000
sample n=64 lda=192 iteration=25 first=rocsolver cdls_ms=0.026841000 rocsolver_ms=0.081965998 cdls_submit_ms=0.002484000 roc_submit_ms=0.007171000 cdls_wall_ms=0.034844000 roc_wall_ms=0.089728000
sample n=64 lda=192 iteration=26 first=cdls cdls_ms=0.026841000 rocsolver_ms=0.078760996 cdls_submit_ms=0.002153000 roc_submit_ms=0.007061000 cdls_wall_ms=0.034903000 roc_wall_ms=0.087734000
sample n=64 lda=192 iteration=27 first=rocsolver cdls_ms=0.026961001 rocsolver_ms=0.077238001 cdls_submit_ms=0.002363000 roc_submit_ms=0.004797000 cdls_wall_ms=0.037037000 roc_wall_ms=0.085962000
sample n=64 lda=192 iteration=28 first=cdls cdls_ms=0.026841000 rocsolver_ms=0.082846999 cdls_submit_ms=0.002514000 roc_submit_ms=0.010155000 cdls_wall_ms=0.036386000 roc_wall_ms=0.091831000
sample n=64 lda=192 iteration=29 first=rocsolver cdls_ms=0.026881000 rocsolver_ms=0.077959999 cdls_submit_ms=0.002674000 roc_submit_ms=0.005058000 cdls_wall_ms=0.035765000 roc_wall_ms=0.086763000
bench n=64 lda=192 repeats=30 cdls_median_ms=0.026861 rocsolver_median_ms=0.079922 cdls_mean_ms=0.026955 rocsolver_mean_ms=0.080555 cdls_gflops=6.429545 workspace_bytes=12 roc_workspace_bytes=0 cdls_submit_ms=0.002504 roc_submit_ms=0.006846 cdls_wall_ms=0.035450 roc_wall_ms=0.088931 rocsolver_gflops=2.160893 speedup=2.975410
