device=AMD Instinct MI300A arch=gfx942:sramecc+:xnack- HIP=60443484 CUs=228 memory_bytes=137438953472 rocSOLVER=3.28.2.1b897f5 rocBLAS=4.4.1.f08d23e3 baseline=rocsolver_dgetrf_npvt fp64 seed=20261001 method=auto matrix=dense n=8192 lda=8320 offset=0 warmup=5 repeats=30
validate n=8192 lda=8320 kind=dense info=7/0 L_rel=1.6309e-15 U_rel=4.0342e-15 residual_scaled=2.1920e-03/3.9221e-04 PASS
sample n=8192 lda=8320 iteration=0 first=cdls cdls_ms=27.566213608 rocsolver_ms=26.126987457 cdls_submit_ms=0.010677000 roc_submit_ms=8.810125000 cdls_wall_ms=27.980872000 roc_wall_ms=26.134380000
sample n=8192 lda=8320 iteration=1 first=rocsolver cdls_ms=28.082483292 rocsolver_ms=26.371824265 cdls_submit_ms=0.009875000 roc_submit_ms=11.670820000 cdls_wall_ms=28.363288000 roc_wall_ms=26.614847000
sample n=8192 lda=8320 iteration=2 first=cdls cdls_ms=27.595180511 rocsolver_ms=26.336967468 cdls_submit_ms=0.134526000 roc_submit_ms=8.856045000 cdls_wall_ms=27.605065000 roc_wall_ms=26.347758000
sample n=8192 lda=8320 iteration=3 first=rocsolver cdls_ms=28.235040665 rocsolver_ms=26.388847351 cdls_submit_ms=0.272108000 roc_submit_ms=11.785516000 cdls_wall_ms=28.244425000 roc_wall_ms=26.642560000
sample n=8192 lda=8320 iteration=4 first=cdls cdls_ms=27.338905334 rocsolver_ms=26.407699585 cdls_submit_ms=0.143420000 roc_submit_ms=8.937551000 cdls_wall_ms=27.349884000 roc_wall_ms=26.417664000
sample n=8192 lda=8320 iteration=5 first=rocsolver cdls_ms=28.316284180 rocsolver_ms=26.263448715 cdls_submit_ms=0.007912000 roc_submit_ms=11.320303000 cdls_wall_ms=28.606130000 roc_wall_ms=26.538380000
sample n=8192 lda=8320 iteration=6 first=cdls cdls_ms=27.313026428 rocsolver_ms=26.321548462 cdls_submit_ms=0.008563000 roc_submit_ms=8.806179000 cdls_wall_ms=27.448645000 roc_wall_ms=26.328648000
sample n=8192 lda=8320 iteration=7 first=rocsolver cdls_ms=27.968992233 rocsolver_ms=26.326744080 cdls_submit_ms=0.008292000 roc_submit_ms=11.393805000 cdls_wall_ms=28.262773000 roc_wall_ms=26.601797000
sample n=8192 lda=8320 iteration=8 first=cdls cdls_ms=27.614887238 rocsolver_ms=26.529966354 cdls_submit_ms=0.009665000 roc_submit_ms=8.987747000 cdls_wall_ms=27.622021000 roc_wall_ms=26.537899000
sample n=8192 lda=8320 iteration=9 first=rocsolver cdls_ms=28.208278656 rocsolver_ms=26.386064529 cdls_submit_ms=0.009064000 roc_submit_ms=11.384131000 cdls_wall_ms=28.504584000 roc_wall_ms=26.658084000
sample n=8192 lda=8320 iteration=10 first=cdls cdls_ms=27.824810028 rocsolver_ms=26.153768539 cdls_submit_ms=0.012579000 roc_submit_ms=8.785337000 cdls_wall_ms=27.946798000 roc_wall_ms=26.163746000
sample n=8192 lda=8320 iteration=11 first=rocsolver cdls_ms=28.116737366 rocsolver_ms=26.355337143 cdls_submit_ms=0.008322000 roc_submit_ms=10.674513000 cdls_wall_ms=28.403208000 roc_wall_ms=26.645315000
sample n=8192 lda=8320 iteration=12 first=cdls cdls_ms=27.313066483 rocsolver_ms=26.281896591 cdls_submit_ms=0.006380000 roc_submit_ms=9.208055000 cdls_wall_ms=27.435495000 roc_wall_ms=26.289949000
sample n=8192 lda=8320 iteration=13 first=rocsolver cdls_ms=28.563743591 rocsolver_ms=26.507190704 cdls_submit_ms=0.015744000 roc_submit_ms=12.243057000 cdls_wall_ms=28.789811000 roc_wall_ms=26.839302000
sample n=8192 lda=8320 iteration=14 first=cdls cdls_ms=27.769968033 rocsolver_ms=26.587543488 cdls_submit_ms=0.008423000 roc_submit_ms=9.802105000 cdls_wall_ms=27.777549000 roc_wall_ms=26.594837000
sample n=8192 lda=8320 iteration=15 first=rocsolver cdls_ms=28.647151947 rocsolver_ms=26.635095596 cdls_submit_ms=0.290625000 roc_submit_ms=12.476325000 cdls_wall_ms=28.655155000 roc_wall_ms=26.947297000
sample n=8192 lda=8320 iteration=16 first=cdls cdls_ms=27.761793137 rocsolver_ms=26.379323959 cdls_submit_ms=0.007472000 roc_submit_ms=9.031394000 cdls_wall_ms=27.768736000 roc_wall_ms=26.386137000
sample n=8192 lda=8320 iteration=17 first=rocsolver cdls_ms=27.994232178 rocsolver_ms=26.695547104 cdls_submit_ms=0.010617000 roc_submit_ms=11.030198000 cdls_wall_ms=28.288763000 roc_wall_ms=26.704074000
sample n=8192 lda=8320 iteration=18 first=cdls cdls_ms=27.688722610 rocsolver_ms=26.281293869 cdls_submit_ms=0.106783000 roc_submit_ms=8.897609000 cdls_wall_ms=27.696405000 roc_wall_ms=26.288807000
sample n=8192 lda=8320 iteration=19 first=rocsolver cdls_ms=28.471641541 rocsolver_ms=26.494480133 cdls_submit_ms=0.010536000 roc_submit_ms=10.741105000 cdls_wall_ms=28.764312000 roc_wall_ms=26.777947000
sample n=8192 lda=8320 iteration=20 first=cdls cdls_ms=27.780824661 rocsolver_ms=26.553552628 cdls_submit_ms=0.010215000 roc_submit_ms=8.971393000 cdls_wall_ms=27.788285000 roc_wall_ms=26.561015000
sample n=8192 lda=8320 iteration=21 first=rocsolver cdls_ms=28.292808533 rocsolver_ms=26.507160187 cdls_submit_ms=0.008453000 roc_submit_ms=10.820907000 cdls_wall_ms=28.301843000 roc_wall_ms=26.784968000
sample n=8192 lda=8320 iteration=22 first=cdls cdls_ms=27.753822327 rocsolver_ms=26.034284592 cdls_submit_ms=0.011948000 roc_submit_ms=8.730192000 cdls_wall_ms=27.761314000 roc_wall_ms=26.044043000
sample n=8192 lda=8320 iteration=23 first=rocsolver cdls_ms=28.082323074 rocsolver_ms=26.645912170 cdls_submit_ms=0.011607000 roc_submit_ms=11.595064000 cdls_wall_ms=28.373343000 roc_wall_ms=26.669791000
sample n=8192 lda=8320 iteration=24 first=cdls cdls_ms=27.434331894 rocsolver_ms=25.965951920 cdls_submit_ms=0.009004000 roc_submit_ms=8.844989000 cdls_wall_ms=27.443166000 roc_wall_ms=26.126759000
sample n=8192 lda=8320 iteration=25 first=rocsolver cdls_ms=28.088775635 rocsolver_ms=26.563295364 cdls_submit_ms=0.008383000 roc_submit_ms=10.831834000 cdls_wall_ms=28.389107000 roc_wall_ms=26.849046000
sample n=8192 lda=8320 iteration=26 first=cdls cdls_ms=27.725778580 rocsolver_ms=26.243696213 cdls_submit_ms=0.011538000 roc_submit_ms=8.984282000 cdls_wall_ms=27.734784000 roc_wall_ms=26.252192000
sample n=8192 lda=8320 iteration=27 first=rocsolver cdls_ms=28.002363205 rocsolver_ms=26.668880463 cdls_submit_ms=0.007983000 roc_submit_ms=10.822749000 cdls_wall_ms=28.292639000 roc_wall_ms=26.945294000
sample n=8192 lda=8320 iteration=28 first=cdls cdls_ms=27.770687103 rocsolver_ms=26.556085587 cdls_submit_ms=0.007611000 roc_submit_ms=8.993416000 cdls_wall_ms=27.779382000 roc_wall_ms=26.564541000
sample n=8192 lda=8320 iteration=29 first=rocsolver cdls_ms=28.392759323 rocsolver_ms=26.512720108 cdls_submit_ms=0.010035000 roc_submit_ms=11.417982000 cdls_wall_ms=28.659672000 roc_wall_ms=26.804427000
bench n=8192 lda=8320 repeats=30 cdls_median_ms=27.896901 rocsolver_median_ms=26.387456 cdls_mean_ms=27.923854 rocsolver_mean_ms=26.402770 cdls_gflops=13136.596012 workspace_bytes=65544 roc_workspace_bytes=34145472 cdls_submit_ms=0.009955 roc_submit_ms=10.238309 cdls_wall_ms=28.112648 roc_wall_ms=26.579689 rocsolver_gflops=13888.050480 speedup=0.945892
