device=AMD Instinct MI300A arch=gfx942:sramecc+:xnack- HIP=60443484 CUs=228 memory_bytes=137438953472 rocSOLVER=3.28.2.1b897f5 rocBLAS=4.4.1.f08d23e3 baseline=rocsolver_dgetrf_npvt fp64 seed=20261001 method=auto matrix=dense n=8192 lda=8209 offset=0 warmup=5 repeats=30
validate n=8192 lda=8209 kind=dense info=7/0 L_rel=1.6309e-15 U_rel=4.0342e-15 residual_scaled=2.1920e-03/3.9221e-04 PASS
sample n=8192 lda=8209 iteration=0 first=cdls cdls_ms=28.000280380 rocsolver_ms=26.745986938 cdls_submit_ms=0.009715000 roc_submit_ms=8.878690000 cdls_wall_ms=28.384781000 roc_wall_ms=26.753490000
sample n=8192 lda=8209 iteration=1 first=rocsolver cdls_ms=28.278026581 rocsolver_ms=26.846380234 cdls_submit_ms=0.008694000 roc_submit_ms=12.260894000 cdls_wall_ms=28.562183000 roc_wall_ms=27.087862000
sample n=8192 lda=8209 iteration=2 first=cdls cdls_ms=27.707269669 rocsolver_ms=26.935235977 cdls_submit_ms=0.006861000 roc_submit_ms=9.020978000 cdls_wall_ms=27.715625000 roc_wall_ms=26.943932000
sample n=8192 lda=8209 iteration=3 first=rocsolver cdls_ms=27.871803284 rocsolver_ms=26.788621902 cdls_submit_ms=0.009344000 roc_submit_ms=13.011235000 cdls_wall_ms=28.167988000 roc_wall_ms=26.810166000
sample n=8192 lda=8209 iteration=4 first=cdls cdls_ms=27.402843475 rocsolver_ms=26.813680649 cdls_submit_ms=0.007952000 roc_submit_ms=9.377545000 cdls_wall_ms=27.411910000 roc_wall_ms=26.823948000
sample n=8192 lda=8209 iteration=5 first=rocsolver cdls_ms=27.698616028 rocsolver_ms=26.931179047 cdls_submit_ms=0.009114000 roc_submit_ms=13.579536000 cdls_wall_ms=28.048435000 roc_wall_ms=26.945324000
sample n=8192 lda=8209 iteration=6 first=cdls cdls_ms=27.080467224 rocsolver_ms=26.839500427 cdls_submit_ms=0.009074000 roc_submit_ms=9.218932000 cdls_wall_ms=27.089856000 roc_wall_ms=26.849777000
sample n=8192 lda=8209 iteration=7 first=rocsolver cdls_ms=27.932336807 rocsolver_ms=27.053468704 cdls_submit_ms=0.008342000 roc_submit_ms=12.733619000 cdls_wall_ms=28.244866000 roc_wall_ms=27.365258000
sample n=8192 lda=8209 iteration=8 first=cdls cdls_ms=27.384536743 rocsolver_ms=26.991714478 cdls_submit_ms=0.010466000 roc_submit_ms=9.032776000 cdls_wall_ms=27.393772000 roc_wall_ms=27.003143000
sample n=8192 lda=8209 iteration=9 first=rocsolver cdls_ms=27.750055313 rocsolver_ms=27.166019440 cdls_submit_ms=0.008984000 roc_submit_ms=11.578118000 cdls_wall_ms=28.022275000 roc_wall_ms=27.463338000
sample n=8192 lda=8209 iteration=10 first=cdls cdls_ms=27.113319397 rocsolver_ms=26.975238800 cdls_submit_ms=0.008884000 roc_submit_ms=9.127692000 cdls_wall_ms=27.120783000 roc_wall_ms=26.982461000
sample n=8192 lda=8209 iteration=11 first=rocsolver cdls_ms=28.284755707 rocsolver_ms=27.179492950 cdls_submit_ms=0.008543000 roc_submit_ms=11.059603000 cdls_wall_ms=28.560730000 roc_wall_ms=27.466493000
sample n=8192 lda=8209 iteration=12 first=cdls cdls_ms=27.632116318 rocsolver_ms=27.155111313 cdls_submit_ms=0.009274000 roc_submit_ms=9.031295000 cdls_wall_ms=27.641571000 roc_wall_ms=27.163759000
sample n=8192 lda=8209 iteration=13 first=rocsolver cdls_ms=28.017223358 rocsolver_ms=27.402544022 cdls_submit_ms=0.008994000 roc_submit_ms=11.292381000 cdls_wall_ms=28.308444000 roc_wall_ms=27.411569000
sample n=8192 lda=8209 iteration=14 first=cdls cdls_ms=27.713159561 rocsolver_ms=26.827821732 cdls_submit_ms=0.112443000 roc_submit_ms=9.044384000 cdls_wall_ms=27.721173000 roc_wall_ms=26.837519000
sample n=8192 lda=8209 iteration=15 first=rocsolver cdls_ms=28.208999634 rocsolver_ms=27.165067673 cdls_submit_ms=0.010175000 roc_submit_ms=11.688867000 cdls_wall_ms=28.504725000 roc_wall_ms=27.462457000
sample n=8192 lda=8209 iteration=16 first=cdls cdls_ms=27.424156189 rocsolver_ms=27.212339401 cdls_submit_ms=0.110990000 roc_submit_ms=9.070053000 cdls_wall_ms=27.433212000 roc_wall_ms=27.219314000
sample n=8192 lda=8209 iteration=17 first=rocsolver cdls_ms=27.741001129 rocsolver_ms=27.475976944 cdls_submit_ms=0.007422000 roc_submit_ms=11.275664000 cdls_wall_ms=28.038300000 roc_wall_ms=27.484300000
sample n=8192 lda=8209 iteration=18 first=cdls cdls_ms=27.544420242 rocsolver_ms=26.888315201 cdls_submit_ms=0.006069000 roc_submit_ms=9.098337000 cdls_wall_ms=27.658307000 roc_wall_ms=26.895127000
sample n=8192 lda=8209 iteration=19 first=rocsolver cdls_ms=27.921480179 rocsolver_ms=27.220333099 cdls_submit_ms=0.008332000 roc_submit_ms=11.180588000 cdls_wall_ms=28.209802000 roc_wall_ms=27.507786000
sample n=8192 lda=8209 iteration=20 first=cdls cdls_ms=27.821203232 rocsolver_ms=27.211130142 cdls_submit_ms=0.111040000 roc_submit_ms=9.341179000 cdls_wall_ms=27.831643000 roc_wall_ms=27.218753000
sample n=8192 lda=8209 iteration=21 first=rocsolver cdls_ms=28.363956451 rocsolver_ms=27.465709686 cdls_submit_ms=0.009004000 roc_submit_ms=12.938823000 cdls_wall_ms=28.677609000 roc_wall_ms=27.473163000
sample n=8192 lda=8209 iteration=22 first=cdls cdls_ms=27.743526459 rocsolver_ms=27.140972137 cdls_submit_ms=0.119593000 roc_submit_ms=9.172180000 cdls_wall_ms=27.751640000 roc_wall_ms=27.148606000
sample n=8192 lda=8209 iteration=23 first=rocsolver cdls_ms=28.145984650 rocsolver_ms=27.246713638 cdls_submit_ms=0.008112000 roc_submit_ms=10.949043000 cdls_wall_ms=28.441698000 roc_wall_ms=27.537332000
sample n=8192 lda=8209 iteration=24 first=cdls cdls_ms=27.714399338 rocsolver_ms=27.106710434 cdls_submit_ms=0.009194000 roc_submit_ms=9.112018000 cdls_wall_ms=27.842990000 roc_wall_ms=27.117167000
sample n=8192 lda=8209 iteration=25 first=rocsolver cdls_ms=28.317928314 rocsolver_ms=27.241836548 cdls_submit_ms=0.007952000 roc_submit_ms=11.116240000 cdls_wall_ms=28.614012000 roc_wall_ms=27.533546000
sample n=8192 lda=8209 iteration=26 first=cdls cdls_ms=27.593095779 rocsolver_ms=27.157688141 cdls_submit_ms=0.008533000 roc_submit_ms=8.997803000 cdls_wall_ms=27.716897000 roc_wall_ms=27.164900000
sample n=8192 lda=8209 iteration=27 first=rocsolver cdls_ms=27.885463715 rocsolver_ms=27.329732895 cdls_submit_ms=0.008353000 roc_submit_ms=11.328255000 cdls_wall_ms=28.170482000 roc_wall_ms=27.616793000
sample n=8192 lda=8209 iteration=28 first=cdls cdls_ms=27.575628281 rocsolver_ms=27.247665405 cdls_submit_ms=0.008964000 roc_submit_ms=8.982479000 cdls_wall_ms=27.583552000 roc_wall_ms=27.256401000
sample n=8192 lda=8209 iteration=29 first=rocsolver cdls_ms=27.940988541 rocsolver_ms=27.309759140 cdls_submit_ms=0.008223000 roc_submit_ms=11.237716000 cdls_wall_ms=28.231806000 roc_wall_ms=27.592896000
bench n=8192 lda=8209 repeats=30 cdls_median_ms=27.746791 rocsolver_median_ms=27.156400 cdls_mean_ms=27.793635 rocsolver_mean_ms=27.102398 cdls_gflops=13207.665046 workspace_bytes=65544 roc_workspace_bytes=34145472 cdls_submit_ms=0.008974 roc_submit_ms=10.163294 cdls_wall_ms=28.030288 roc_wall_ms=27.191826 rocsolver_gflops=13494.805048 speedup=0.978722
