device=AMD Instinct MI300A arch=gfx942:sramecc+:xnack- HIP=60443484 CUs=228 memory_bytes=137438953472 rocSOLVER=3.28.2.1b897f5 rocBLAS=4.4.1.f08d23e3 baseline=rocsolver_dgetrf_npvt fp64 seed=20261001 method=auto matrix=dense n=16384 lda=16401 offset=0 warmup=5 repeats=30
validate n=16384 lda=16401 kind=dense info=7/0 L_rel=2.3203e-15 U_rel=5.8178e-15 residual_scaled=1.5881e-03/2.0443e-04 PASS
sample n=16384 lda=16401 iteration=0 first=cdls cdls_ms=221.327880859 rocsolver_ms=114.601150513 cdls_submit_ms=0.631908000 roc_submit_ms=71.087456000 cdls_wall_ms=221.343382000 roc_wall_ms=114.609878000
sample n=16384 lda=16401 iteration=1 first=rocsolver cdls_ms=221.869171143 rocsolver_ms=114.453506470 cdls_submit_ms=0.010326000 roc_submit_ms=46.714656000 cdls_wall_ms=222.721403000 roc_wall_ms=115.066206000
sample n=16384 lda=16401 iteration=2 first=cdls cdls_ms=220.679138184 rocsolver_ms=113.339309692 cdls_submit_ms=0.228651000 roc_submit_ms=53.382937000 cdls_wall_ms=220.690060000 roc_wall_ms=113.347232000
sample n=16384 lda=16401 iteration=3 first=rocsolver cdls_ms=221.583358765 rocsolver_ms=115.181602478 cdls_submit_ms=0.008833000 roc_submit_ms=58.327256000 cdls_wall_ms=222.136367000 roc_wall_ms=115.828546000
sample n=16384 lda=16401 iteration=4 first=cdls cdls_ms=220.911300659 rocsolver_ms=114.838066101 cdls_submit_ms=0.009124000 roc_submit_ms=62.271541000 cdls_wall_ms=220.921686000 roc_wall_ms=114.847722000
sample n=16384 lda=16401 iteration=5 first=rocsolver cdls_ms=222.958724976 rocsolver_ms=115.111038208 cdls_submit_ms=0.009935000 roc_submit_ms=67.058259000 cdls_wall_ms=223.505826000 roc_wall_ms=115.659957000
sample n=16384 lda=16401 iteration=6 first=cdls cdls_ms=220.874435425 rocsolver_ms=114.874908447 cdls_submit_ms=0.020451000 roc_submit_ms=70.450138000 cdls_wall_ms=220.881874000 roc_wall_ms=114.884598000
sample n=16384 lda=16401 iteration=7 first=rocsolver cdls_ms=222.030731201 rocsolver_ms=115.605163574 cdls_submit_ms=0.010215000 roc_submit_ms=47.196534000 cdls_wall_ms=222.737679000 roc_wall_ms=115.612474000
sample n=16384 lda=16401 iteration=8 first=cdls cdls_ms=222.264846802 rocsolver_ms=115.093505859 cdls_submit_ms=0.012269000 roc_submit_ms=53.707825000 cdls_wall_ms=222.274088000 roc_wall_ms=115.102873000
sample n=16384 lda=16401 iteration=9 first=rocsolver cdls_ms=224.045181274 rocsolver_ms=116.108871460 cdls_submit_ms=0.009354000 roc_submit_ms=58.590589000 cdls_wall_ms=224.603980000 roc_wall_ms=116.121834000
sample n=16384 lda=16401 iteration=10 first=cdls cdls_ms=221.714797974 rocsolver_ms=116.235801697 cdls_submit_ms=0.013180000 roc_submit_ms=63.198713000 cdls_wall_ms=221.736454000 roc_wall_ms=116.243141000
sample n=16384 lda=16401 iteration=11 first=rocsolver cdls_ms=224.359619141 rocsolver_ms=115.822242737 cdls_submit_ms=0.010146000 roc_submit_ms=67.010776000 cdls_wall_ms=224.950942000 roc_wall_ms=116.365288000
sample n=16384 lda=16401 iteration=12 first=cdls cdls_ms=223.102371216 rocsolver_ms=116.190887451 cdls_submit_ms=0.022715000 roc_submit_ms=71.256554000 cdls_wall_ms=223.111802000 roc_wall_ms=116.201577000
sample n=16384 lda=16401 iteration=13 first=rocsolver cdls_ms=224.470886230 rocsolver_ms=116.108123779 cdls_submit_ms=0.009364000 roc_submit_ms=47.028757000 cdls_wall_ms=225.198210000 roc_wall_ms=116.115986000
sample n=16384 lda=16401 iteration=14 first=cdls cdls_ms=223.148681641 rocsolver_ms=115.258247375 cdls_submit_ms=0.010496000 roc_submit_ms=53.728807000 cdls_wall_ms=223.157953000 roc_wall_ms=115.266414000
sample n=16384 lda=16401 iteration=15 first=rocsolver cdls_ms=226.007583618 rocsolver_ms=116.624862671 cdls_submit_ms=0.556633000 roc_submit_ms=58.230738000 cdls_wall_ms=226.016695000 roc_wall_ms=117.266259000
sample n=16384 lda=16401 iteration=16 first=cdls cdls_ms=224.088851929 rocsolver_ms=116.337913513 cdls_submit_ms=0.021873000 roc_submit_ms=62.908669000 cdls_wall_ms=224.099486000 roc_wall_ms=116.346630000
sample n=16384 lda=16401 iteration=17 first=rocsolver cdls_ms=225.705764771 rocsolver_ms=117.277435303 cdls_submit_ms=0.011547000 roc_submit_ms=68.158926000 cdls_wall_ms=226.258105000 roc_wall_ms=117.826618000
sample n=16384 lda=16401 iteration=18 first=cdls cdls_ms=224.348373413 rocsolver_ms=116.654884338 cdls_submit_ms=0.013450000 roc_submit_ms=71.580390000 cdls_wall_ms=224.357782000 roc_wall_ms=116.663705000
sample n=16384 lda=16401 iteration=19 first=rocsolver cdls_ms=224.975921631 rocsolver_ms=117.080131531 cdls_submit_ms=0.008994000 roc_submit_ms=42.494306000 cdls_wall_ms=225.566204000 roc_wall_ms=117.604688000
sample n=16384 lda=16401 iteration=20 first=cdls cdls_ms=224.725448608 rocsolver_ms=115.658554077 cdls_submit_ms=0.207789000 roc_submit_ms=47.390822000 cdls_wall_ms=224.736072000 roc_wall_ms=115.667749000
sample n=16384 lda=16401 iteration=21 first=rocsolver cdls_ms=225.151916504 rocsolver_ms=116.805473328 cdls_submit_ms=0.008743000 roc_submit_ms=58.335278000 cdls_wall_ms=225.160923000 roc_wall_ms=117.430551000
sample n=16384 lda=16401 iteration=22 first=cdls cdls_ms=224.490066528 rocsolver_ms=116.822570801 cdls_submit_ms=0.010085000 roc_submit_ms=62.608579000 cdls_wall_ms=225.063213000 roc_wall_ms=116.830831000
sample n=16384 lda=16401 iteration=23 first=rocsolver cdls_ms=226.670761108 rocsolver_ms=117.464950562 cdls_submit_ms=0.009505000 roc_submit_ms=68.126315000 cdls_wall_ms=227.227360000 roc_wall_ms=118.011341000
sample n=16384 lda=16401 iteration=24 first=cdls cdls_ms=224.403244019 rocsolver_ms=117.239303589 cdls_submit_ms=0.012869000 roc_submit_ms=71.765394000 cdls_wall_ms=224.413096000 roc_wall_ms=117.248912000
sample n=16384 lda=16401 iteration=25 first=rocsolver cdls_ms=225.161453247 rocsolver_ms=117.624076843 cdls_submit_ms=0.011548000 roc_submit_ms=42.592276000 cdls_wall_ms=225.863360000 roc_wall_ms=118.158727000
sample n=16384 lda=16401 iteration=26 first=cdls cdls_ms=224.932388306 rocsolver_ms=117.119880676 cdls_submit_ms=0.009405000 roc_submit_ms=47.862174000 cdls_wall_ms=224.941226000 roc_wall_ms=117.128337000
sample n=16384 lda=16401 iteration=27 first=rocsolver cdls_ms=225.987365723 rocsolver_ms=117.601745605 cdls_submit_ms=0.014563000 roc_submit_ms=57.980334000 cdls_wall_ms=225.995502000 roc_wall_ms=118.139828000
sample n=16384 lda=16401 iteration=28 first=cdls cdls_ms=224.511322021 rocsolver_ms=116.823753357 cdls_submit_ms=0.013451000 roc_submit_ms=59.420120000 cdls_wall_ms=225.107641000 roc_wall_ms=116.831493000
sample n=16384 lda=16401 iteration=29 first=rocsolver cdls_ms=227.422744751 rocsolver_ms=118.030364990 cdls_submit_ms=0.010315000 roc_submit_ms=68.009266000 cdls_wall_ms=227.975427000 roc_wall_ms=118.585682000
bench n=16384 lda=16401 repeats=30 cdls_median_ms=224.353996 rocsolver_median_ms=116.213345 cdls_mean_ms=223.797478 rocsolver_mean_ms=116.132944 cdls_gflops=13068.172779 workspace_bytes=262152 roc_workspace_bytes=67765440 cdls_submit_ms=0.011022 roc_submit_ms=59.005354 cdls_wall_ms=224.508538 roc_wall_ms=116.294885 rocsolver_gflops=25228.572482 speedup=0.517991
