device=AMD Instinct MI300A arch=gfx942:sramecc+:xnack- HIP=60443484 CUs=228 memory_bytes=137438953472 rocSOLVER=3.28.2.1b897f5 rocBLAS=4.4.1.f08d23e3 baseline=rocsolver_dgetrf_npvt fp64 seed=20261001 method=auto matrix=dense n=8192 lda=8193 offset=0 warmup=5 repeats=30
validate n=8192 lda=8193 kind=dense info=7/0 L_rel=7.2829e-16 U_rel=2.1479e-15 residual_scaled=1.2306e-03/3.9221e-04 PASS
sample n=8192 lda=8193 iteration=0 first=cdls cdls_ms=19.045051575 rocsolver_ms=26.584552765 cdls_submit_ms=0.234469000 roc_submit_ms=9.479682000 cdls_wall_ms=19.195225000 roc_wall_ms=26.594266000
sample n=8192 lda=8193 iteration=1 first=rocsolver cdls_ms=19.036920547 rocsolver_ms=26.603748322 cdls_submit_ms=0.507408000 roc_submit_ms=12.433680000 cdls_wall_ms=19.314958000 roc_wall_ms=26.847575000
sample n=8192 lda=8193 iteration=2 first=cdls cdls_ms=18.914152145 rocsolver_ms=26.394367218 cdls_submit_ms=0.448899000 roc_submit_ms=9.084556000 cdls_wall_ms=18.922196000 roc_wall_ms=26.401191000
sample n=8192 lda=8193 iteration=3 first=rocsolver cdls_ms=18.988265991 rocsolver_ms=26.761812210 cdls_submit_ms=0.483631000 roc_submit_ms=12.728421000 cdls_wall_ms=19.268096000 roc_wall_ms=27.004455000
sample n=8192 lda=8193 iteration=4 first=cdls cdls_ms=19.188993454 rocsolver_ms=26.550718307 cdls_submit_ms=0.222851000 roc_submit_ms=9.225713000 cdls_wall_ms=19.197578000 roc_wall_ms=26.559373000
sample n=8192 lda=8193 iteration=5 first=rocsolver cdls_ms=19.223775864 rocsolver_ms=26.940336227 cdls_submit_ms=0.528140000 roc_submit_ms=11.780568000 cdls_wall_ms=19.516857000 roc_wall_ms=27.220867000
sample n=8192 lda=8193 iteration=6 first=cdls cdls_ms=19.052024841 rocsolver_ms=26.401128769 cdls_submit_ms=0.255662000 roc_submit_ms=8.603719000 cdls_wall_ms=19.060748000 roc_wall_ms=26.408301000
sample n=8192 lda=8193 iteration=7 first=rocsolver cdls_ms=19.241815567 rocsolver_ms=27.052497864 cdls_submit_ms=0.621613000 roc_submit_ms=11.870756000 cdls_wall_ms=19.482083000 roc_wall_ms=27.323274000
sample n=8192 lda=8193 iteration=8 first=cdls cdls_ms=19.164766312 rocsolver_ms=26.595407486 cdls_submit_ms=0.385251000 roc_submit_ms=8.758666000 cdls_wall_ms=19.175234000 roc_wall_ms=26.603060000
sample n=8192 lda=8193 iteration=9 first=rocsolver cdls_ms=19.191307068 rocsolver_ms=27.073690414 cdls_submit_ms=0.607952000 roc_submit_ms=11.226560000 cdls_wall_ms=19.200052000 roc_wall_ms=27.345508000
sample n=8192 lda=8193 iteration=10 first=cdls cdls_ms=18.879570007 rocsolver_ms=26.535564423 cdls_submit_ms=0.406793000 roc_submit_ms=8.575155000 cdls_wall_ms=18.887883000 roc_wall_ms=26.545391000
sample n=8192 lda=8193 iteration=11 first=rocsolver cdls_ms=19.176475525 rocsolver_ms=27.195428848 cdls_submit_ms=0.558957000 roc_submit_ms=11.376789000 cdls_wall_ms=19.469966000 roc_wall_ms=27.205674000
sample n=8192 lda=8193 iteration=12 first=cdls cdls_ms=19.389272690 rocsolver_ms=26.572252274 cdls_submit_ms=0.432934000 roc_submit_ms=8.632883000 cdls_wall_ms=19.397104000 roc_wall_ms=26.579714000
sample n=8192 lda=8193 iteration=13 first=rocsolver cdls_ms=19.280252457 rocsolver_ms=27.250772476 cdls_submit_ms=0.555912000 roc_submit_ms=11.337849000 cdls_wall_ms=19.568066000 roc_wall_ms=27.531412000
sample n=8192 lda=8193 iteration=14 first=cdls cdls_ms=19.337120056 rocsolver_ms=26.658603668 cdls_submit_ms=0.229602000 roc_submit_ms=8.757864000 cdls_wall_ms=19.344033000 roc_wall_ms=26.666026000
sample n=8192 lda=8193 iteration=15 first=rocsolver cdls_ms=19.412736893 rocsolver_ms=27.178512573 cdls_submit_ms=0.853328000 roc_submit_ms=11.388328000 cdls_wall_ms=19.422372000 roc_wall_ms=27.461786000
sample n=8192 lda=8193 iteration=16 first=cdls cdls_ms=19.297479630 rocsolver_ms=26.674598694 cdls_submit_ms=0.409157000 roc_submit_ms=8.669238000 cdls_wall_ms=19.306075000 roc_wall_ms=26.681980000
sample n=8192 lda=8193 iteration=17 first=rocsolver cdls_ms=19.236936569 rocsolver_ms=27.310874939 cdls_submit_ms=0.523091000 roc_submit_ms=11.371281000 cdls_wall_ms=19.516927000 roc_wall_ms=27.383856000
sample n=8192 lda=8193 iteration=18 first=cdls cdls_ms=19.267103195 rocsolver_ms=26.612623215 cdls_submit_ms=0.325489000 roc_submit_ms=8.838088000 cdls_wall_ms=19.276489000 roc_wall_ms=26.622340000
sample n=8192 lda=8193 iteration=19 first=rocsolver cdls_ms=18.940092087 rocsolver_ms=27.258993149 cdls_submit_ms=0.578557000 roc_submit_ms=11.198647000 cdls_wall_ms=19.238971000 roc_wall_ms=27.544223000
sample n=8192 lda=8193 iteration=20 first=cdls cdls_ms=19.412155151 rocsolver_ms=26.682712555 cdls_submit_ms=0.425763000 roc_submit_ms=8.771986000 cdls_wall_ms=19.420149000 roc_wall_ms=26.692937000
sample n=8192 lda=8193 iteration=21 first=rocsolver cdls_ms=19.275655746 rocsolver_ms=27.309152603 cdls_submit_ms=0.554780000 roc_submit_ms=11.132715000 cdls_wall_ms=19.577010000 roc_wall_ms=27.596312000
sample n=8192 lda=8193 iteration=22 first=cdls cdls_ms=19.054048538 rocsolver_ms=26.576187134 cdls_submit_ms=0.397179000 roc_submit_ms=8.633905000 cdls_wall_ms=19.063502000 roc_wall_ms=26.583640000
sample n=8192 lda=8193 iteration=23 first=rocsolver cdls_ms=19.395269394 rocsolver_ms=27.384056091 cdls_submit_ms=0.545476000 roc_submit_ms=11.267512000 cdls_wall_ms=19.680238000 roc_wall_ms=27.661092000
sample n=8192 lda=8193 iteration=24 first=cdls cdls_ms=18.911739349 rocsolver_ms=26.687868118 cdls_submit_ms=0.392331000 roc_submit_ms=8.726056000 cdls_wall_ms=18.920123000 roc_wall_ms=26.697725000
sample n=8192 lda=8193 iteration=25 first=rocsolver cdls_ms=19.165737152 rocsolver_ms=27.373100281 cdls_submit_ms=0.709627000 roc_submit_ms=11.287653000 cdls_wall_ms=19.175404000 roc_wall_ms=27.652058000
sample n=8192 lda=8193 iteration=26 first=cdls cdls_ms=19.329790115 rocsolver_ms=26.637802124 cdls_submit_ms=0.328313000 roc_submit_ms=8.773479000 cdls_wall_ms=19.439399000 roc_wall_ms=26.649110000
sample n=8192 lda=8193 iteration=27 first=rocsolver cdls_ms=19.204395294 rocsolver_ms=27.213071823 cdls_submit_ms=0.652210000 roc_submit_ms=11.309076000 cdls_wall_ms=19.212941000 roc_wall_ms=27.489238000
sample n=8192 lda=8193 iteration=28 first=cdls cdls_ms=19.194271088 rocsolver_ms=26.511699677 cdls_submit_ms=0.331298000 roc_submit_ms=8.689590000 cdls_wall_ms=19.324343000 roc_wall_ms=26.520273000
sample n=8192 lda=8193 iteration=29 first=rocsolver cdls_ms=19.286514282 rocsolver_ms=27.004716873 cdls_submit_ms=0.560929000 roc_submit_ms=11.384351000 cdls_wall_ms=19.596730000 roc_wall_ms=27.289803000
bench n=8192 lda=8193 repeats=30 cdls_median_ms=19.199333 rocsolver_median_ms=26.685290 cdls_mean_ms=19.183123 rocsolver_mean_ms=26.852895 cdls_gflops=19087.658748 workspace_bytes=65544 roc_workspace_bytes=34145472 cdls_submit_ms=0.466265 roc_submit_ms=10.306199 cdls_wall_ms=19.310516 roc_wall_ms=26.772650 rocsolver_gflops=13733.046015 speedup=1.389907
