device=AMD Instinct MI300A arch=gfx942:sramecc+:xnack- HIP=60443484 CUs=228 memory_bytes=137438953472 rocSOLVER=3.28.2.1b897f5 rocBLAS=4.4.1.f08d23e3 baseline=rocsolver_dgetrf_npvt fp64 seed=20261001 method=auto matrix=dense n=64 lda=192 offset=0 warmup=20 repeats=30
validate n=64 lda=192 kind=dense info=7/0 L_rel=2.5493e-17 U_rel=1.2316e-18 residual_scaled=2.4209e-02/2.4209e-02 cpu_residual_scaled=2.3512e-02/2.3513e-02 PASS
sample n=64 lda=192 iteration=0 first=cdls cdls_ms=0.027803000 rocsolver_ms=0.083488002 cdls_submit_ms=0.002664000 roc_submit_ms=0.008823000 cdls_wall_ms=0.043176000 roc_wall_ms=0.091250000
sample n=64 lda=192 iteration=1 first=rocsolver cdls_ms=0.027682001 rocsolver_ms=0.079962999 cdls_submit_ms=0.002534000 roc_submit_ms=0.005628000 cdls_wall_ms=0.035625000 roc_wall_ms=0.088236000
sample n=64 lda=192 iteration=2 first=cdls cdls_ms=0.026841000 rocsolver_ms=0.082326002 cdls_submit_ms=0.002403000 roc_submit_ms=0.009394000 cdls_wall_ms=0.034844000 roc_wall_ms=0.089758000
sample n=64 lda=192 iteration=3 first=rocsolver cdls_ms=0.026961001 rocsolver_ms=0.077918999 cdls_submit_ms=0.002384000 roc_submit_ms=0.005158000 cdls_wall_ms=0.034943000 roc_wall_ms=0.085421000
sample n=64 lda=192 iteration=4 first=cdls cdls_ms=0.026961001 rocsolver_ms=0.083967999 cdls_submit_ms=0.002404000 roc_submit_ms=0.009104000 cdls_wall_ms=0.034693000 roc_wall_ms=0.090439000
sample n=64 lda=192 iteration=5 first=rocsolver cdls_ms=0.027121000 rocsolver_ms=0.079281002 cdls_submit_ms=0.002404000 roc_submit_ms=0.005398000 cdls_wall_ms=0.034023000 roc_wall_ms=0.087985000
sample n=64 lda=192 iteration=6 first=cdls cdls_ms=0.026922001 rocsolver_ms=0.082286000 cdls_submit_ms=0.002143000 roc_submit_ms=0.009084000 cdls_wall_ms=0.033842000 roc_wall_ms=0.088947000
sample n=64 lda=192 iteration=7 first=rocsolver cdls_ms=0.027882000 rocsolver_ms=0.080122001 cdls_submit_ms=0.002253000 roc_submit_ms=0.006981000 cdls_wall_ms=0.035434000 roc_wall_ms=0.086913000
sample n=64 lda=192 iteration=8 first=cdls cdls_ms=0.026921000 rocsolver_ms=0.078400001 cdls_submit_ms=0.002194000 roc_submit_ms=0.006970000 cdls_wall_ms=0.034783000 roc_wall_ms=0.087825000
sample n=64 lda=192 iteration=9 first=rocsolver cdls_ms=0.026881000 rocsolver_ms=0.078160003 cdls_submit_ms=0.002123000 roc_submit_ms=0.006199000 cdls_wall_ms=0.035665000 roc_wall_ms=0.087124000
sample n=64 lda=192 iteration=10 first=cdls cdls_ms=0.026760999 rocsolver_ms=0.082727000 cdls_submit_ms=0.002514000 roc_submit_ms=0.009795000 cdls_wall_ms=0.034163000 roc_wall_ms=0.089938000
sample n=64 lda=192 iteration=11 first=rocsolver cdls_ms=0.026841000 rocsolver_ms=0.078199998 cdls_submit_ms=0.002354000 roc_submit_ms=0.005739000 cdls_wall_ms=0.034994000 roc_wall_ms=0.086613000
sample n=64 lda=192 iteration=12 first=cdls cdls_ms=0.027121000 rocsolver_ms=0.081845999 cdls_submit_ms=0.002253000 roc_submit_ms=0.008103000 cdls_wall_ms=0.034372000 roc_wall_ms=0.089047000
sample n=64 lda=192 iteration=13 first=rocsolver cdls_ms=0.026841000 rocsolver_ms=0.079842001 cdls_submit_ms=0.002544000 roc_submit_ms=0.006761000 cdls_wall_ms=0.034783000 roc_wall_ms=0.089787000
sample n=64 lda=192 iteration=14 first=cdls cdls_ms=0.027202001 rocsolver_ms=0.083648004 cdls_submit_ms=0.002444000 roc_submit_ms=0.009324000 cdls_wall_ms=0.035415000 roc_wall_ms=0.091270000
sample n=64 lda=192 iteration=15 first=rocsolver cdls_ms=0.027001999 rocsolver_ms=0.077559002 cdls_submit_ms=0.002163000 roc_submit_ms=0.006140000 cdls_wall_ms=0.036767000 roc_wall_ms=0.088826000
sample n=64 lda=192 iteration=16 first=cdls cdls_ms=0.027000999 rocsolver_ms=0.083488002 cdls_submit_ms=0.002183000 roc_submit_ms=0.009875000 cdls_wall_ms=0.035854000 roc_wall_ms=0.091991000
sample n=64 lda=192 iteration=17 first=rocsolver cdls_ms=0.026841000 rocsolver_ms=0.077959001 cdls_submit_ms=0.002334000 roc_submit_ms=0.006029000 cdls_wall_ms=0.035174000 roc_wall_ms=0.088816000
sample n=64 lda=192 iteration=18 first=cdls cdls_ms=0.026881000 rocsolver_ms=0.082767002 cdls_submit_ms=0.002343000 roc_submit_ms=0.008553000 cdls_wall_ms=0.037007000 roc_wall_ms=0.089968000
sample n=64 lda=192 iteration=19 first=rocsolver cdls_ms=0.026800999 rocsolver_ms=0.096468002 cdls_submit_ms=0.003275000 roc_submit_ms=0.022614000 cdls_wall_ms=0.034883000 roc_wall_ms=0.104210000
sample n=64 lda=192 iteration=20 first=cdls cdls_ms=0.026481001 rocsolver_ms=0.083208002 cdls_submit_ms=0.001883000 roc_submit_ms=0.009224000 cdls_wall_ms=0.034894000 roc_wall_ms=0.091651000
sample n=64 lda=192 iteration=21 first=rocsolver cdls_ms=0.026841000 rocsolver_ms=0.080043003 cdls_submit_ms=0.002374000 roc_submit_ms=0.005869000 cdls_wall_ms=0.035615000 roc_wall_ms=0.089236000
sample n=64 lda=192 iteration=22 first=cdls cdls_ms=0.026881000 rocsolver_ms=0.080202997 cdls_submit_ms=0.003225000 roc_submit_ms=0.008493000 cdls_wall_ms=0.035755000 roc_wall_ms=0.089307000
sample n=64 lda=192 iteration=23 first=rocsolver cdls_ms=0.026961001 rocsolver_ms=0.079883002 cdls_submit_ms=0.002554000 roc_submit_ms=0.006761000 cdls_wall_ms=0.036506000 roc_wall_ms=0.089537000
sample n=64 lda=192 iteration=24 first=cdls cdls_ms=0.026842000 rocsolver_ms=0.080563001 cdls_submit_ms=0.002164000 roc_submit_ms=0.008032000 cdls_wall_ms=0.035785000 roc_wall_ms=0.089928000
sample n=64 lda=192 iteration=25 first=rocsolver cdls_ms=0.027202001 rocsolver_ms=0.079481997 cdls_submit_ms=0.002364000 roc_submit_ms=0.005488000 cdls_wall_ms=0.035174000 roc_wall_ms=0.089938000
sample n=64 lda=192 iteration=26 first=cdls cdls_ms=0.026961001 rocsolver_ms=0.081445001 cdls_submit_ms=0.002314000 roc_submit_ms=0.009845000 cdls_wall_ms=0.034553000 roc_wall_ms=0.089677000
sample n=64 lda=192 iteration=27 first=rocsolver cdls_ms=0.026961001 rocsolver_ms=0.077839002 cdls_submit_ms=0.002573000 roc_submit_ms=0.005729000 cdls_wall_ms=0.035234000 roc_wall_ms=0.088316000
sample n=64 lda=192 iteration=28 first=cdls cdls_ms=0.027001999 rocsolver_ms=0.085051000 cdls_submit_ms=0.002144000 roc_submit_ms=0.012039000 cdls_wall_ms=0.035164000 roc_wall_ms=0.093213000
sample n=64 lda=192 iteration=29 first=rocsolver cdls_ms=0.026921000 rocsolver_ms=0.080764003 cdls_submit_ms=0.002644000 roc_submit_ms=0.007361000 cdls_wall_ms=0.034492000 roc_wall_ms=0.090278000
bench n=64 lda=192 repeats=30 cdls_median_ms=0.026942 rocsolver_median_ms=0.080383 cdls_mean_ms=0.027011 rocsolver_mean_ms=0.081297 cdls_gflops=6.410333 workspace_bytes=12 roc_workspace_bytes=0 cdls_submit_ms=0.002369 roc_submit_ms=0.007697 cdls_wall_ms=0.035169 roc_wall_ms=0.089607 rocsolver_gflops=2.148514 speedup=2.983613
