device=AMD Instinct MI300A arch=gfx942:sramecc+:xnack- HIP=60443484 CUs=228 memory_bytes=137438953472 rocSOLVER=3.28.2.1b897f5 rocBLAS=4.4.1.f08d23e3 baseline=rocsolver_dgetrf_npvt fp64 seed=20261001 method=auto matrix=dense n=8192 lda=8193 offset=0 warmup=5 repeats=30
validate n=8192 lda=8193 kind=dense info=7/0 L_rel=1.6309e-15 U_rel=4.0342e-15 residual_scaled=2.1920e-03/3.9221e-04 PASS
sample n=8192 lda=8193 iteration=0 first=cdls cdls_ms=27.633680344 rocsolver_ms=26.862136841 cdls_submit_ms=0.009745000 roc_submit_ms=9.199612000 cdls_wall_ms=27.655623000 roc_wall_ms=26.869798000
sample n=8192 lda=8193 iteration=1 first=rocsolver cdls_ms=27.428764343 rocsolver_ms=26.749303818 cdls_submit_ms=0.008934000 roc_submit_ms=13.844863000 cdls_wall_ms=27.759924000 roc_wall_ms=26.766430000
sample n=8192 lda=8193 iteration=2 first=cdls cdls_ms=27.289110184 rocsolver_ms=26.897880554 cdls_submit_ms=0.169831000 roc_submit_ms=9.295920000 cdls_wall_ms=27.299256000 roc_wall_ms=26.906555000
sample n=8192 lda=8193 iteration=3 first=rocsolver cdls_ms=27.785512924 rocsolver_ms=26.696302414 cdls_submit_ms=0.008663000 roc_submit_ms=12.881516000 cdls_wall_ms=28.120506000 roc_wall_ms=26.983542000
sample n=8192 lda=8193 iteration=4 first=cdls cdls_ms=27.140361786 rocsolver_ms=26.810935974 cdls_submit_ms=0.007362000 roc_submit_ms=9.250741000 cdls_wall_ms=27.314290000 roc_wall_ms=26.819902000
sample n=8192 lda=8193 iteration=5 first=rocsolver cdls_ms=27.515096664 rocsolver_ms=27.019847870 cdls_submit_ms=0.009395000 roc_submit_ms=12.828745000 cdls_wall_ms=27.810060000 roc_wall_ms=27.336525000
sample n=8192 lda=8193 iteration=6 first=cdls cdls_ms=26.958082199 rocsolver_ms=26.551849365 cdls_submit_ms=0.007852000 roc_submit_ms=9.209196000 cdls_wall_ms=27.124560000 roc_wall_ms=26.561947000
sample n=8192 lda=8193 iteration=7 first=rocsolver cdls_ms=28.136287689 rocsolver_ms=26.861984253 cdls_submit_ms=0.007992000 roc_submit_ms=12.660407000 cdls_wall_ms=28.438413000 roc_wall_ms=27.173474000
sample n=8192 lda=8193 iteration=8 first=cdls cdls_ms=27.015369415 rocsolver_ms=26.961717606 cdls_submit_ms=0.008403000 roc_submit_ms=9.040388000 cdls_wall_ms=27.142416000 roc_wall_ms=26.970933000
sample n=8192 lda=8193 iteration=9 first=rocsolver cdls_ms=28.137811661 rocsolver_ms=26.809724808 cdls_submit_ms=0.010386000 roc_submit_ms=11.478906000 cdls_wall_ms=28.428498000 roc_wall_ms=27.102976000
sample n=8192 lda=8193 iteration=10 first=cdls cdls_ms=27.466022491 rocsolver_ms=26.812959671 cdls_submit_ms=0.113134000 roc_submit_ms=9.087500000 cdls_wall_ms=27.474626000 roc_wall_ms=26.820874000
sample n=8192 lda=8193 iteration=11 first=rocsolver cdls_ms=27.726060867 rocsolver_ms=26.891471863 cdls_submit_ms=0.009174000 roc_submit_ms=10.860608000 cdls_wall_ms=28.012460000 roc_wall_ms=27.173293000
sample n=8192 lda=8193 iteration=12 first=cdls cdls_ms=27.265914917 rocsolver_ms=26.746887207 cdls_submit_ms=0.008032000 roc_submit_ms=8.954667000 cdls_wall_ms=27.393691000 roc_wall_ms=26.754762000
sample n=8192 lda=8193 iteration=13 first=rocsolver cdls_ms=27.846643448 rocsolver_ms=27.075944901 cdls_submit_ms=0.008984000 roc_submit_ms=10.978269000 cdls_wall_ms=28.138604000 roc_wall_ms=27.360911000
sample n=8192 lda=8193 iteration=14 first=cdls cdls_ms=27.382171631 rocsolver_ms=26.817836761 cdls_submit_ms=0.007522000 roc_submit_ms=9.024243000 cdls_wall_ms=27.507767000 roc_wall_ms=26.826141000
sample n=8192 lda=8193 iteration=15 first=rocsolver cdls_ms=27.647420883 rocsolver_ms=27.167091370 cdls_submit_ms=0.008773000 roc_submit_ms=11.191315000 cdls_wall_ms=27.940209000 roc_wall_ms=27.440574000
sample n=8192 lda=8193 iteration=16 first=cdls cdls_ms=27.269439697 rocsolver_ms=26.953516006 cdls_submit_ms=0.007261000 roc_submit_ms=9.276770000 cdls_wall_ms=27.380281000 roc_wall_ms=26.961579000
sample n=8192 lda=8193 iteration=17 first=rocsolver cdls_ms=27.935459137 rocsolver_ms=26.904840469 cdls_submit_ms=0.009044000 roc_submit_ms=12.634027000 cdls_wall_ms=28.194369000 roc_wall_ms=26.974689000
sample n=8192 lda=8193 iteration=18 first=cdls cdls_ms=27.221408844 rocsolver_ms=26.723844528 cdls_submit_ms=0.007722000 roc_submit_ms=9.075773000 cdls_wall_ms=27.229850000 roc_wall_ms=26.732198000
sample n=8192 lda=8193 iteration=19 first=rocsolver cdls_ms=27.257099152 rocsolver_ms=26.983591080 cdls_submit_ms=0.008584000 roc_submit_ms=11.702008000 cdls_wall_ms=27.555659000 roc_wall_ms=27.277613000
sample n=8192 lda=8193 iteration=20 first=cdls cdls_ms=27.289512634 rocsolver_ms=27.175275803 cdls_submit_ms=0.008223000 roc_submit_ms=9.091997000 cdls_wall_ms=27.296673000 roc_wall_ms=27.182788000
sample n=8192 lda=8193 iteration=21 first=rocsolver cdls_ms=28.007612228 rocsolver_ms=27.133359909 cdls_submit_ms=0.008794000 roc_submit_ms=11.015215000 cdls_wall_ms=28.305209000 roc_wall_ms=27.421294000
sample n=8192 lda=8193 iteration=22 first=cdls cdls_ms=27.392267227 rocsolver_ms=27.029783249 cdls_submit_ms=0.008443000 roc_submit_ms=9.043562000 cdls_wall_ms=27.400402000 roc_wall_ms=27.036854000
sample n=8192 lda=8193 iteration=23 first=rocsolver cdls_ms=28.248819351 rocsolver_ms=27.269180298 cdls_submit_ms=0.008854000 roc_submit_ms=11.413706000 cdls_wall_ms=28.538737000 roc_wall_ms=27.545073000
sample n=8192 lda=8193 iteration=24 first=cdls cdls_ms=27.342512131 rocsolver_ms=27.084886551 cdls_submit_ms=0.009114000 roc_submit_ms=9.132319000 cdls_wall_ms=27.350946000 roc_wall_ms=27.205854000
sample n=8192 lda=8193 iteration=25 first=rocsolver cdls_ms=27.601789474 rocsolver_ms=27.095724106 cdls_submit_ms=0.008243000 roc_submit_ms=11.739985000 cdls_wall_ms=27.610684000 roc_wall_ms=27.103307000
sample n=8192 lda=8193 iteration=26 first=cdls cdls_ms=27.800134659 rocsolver_ms=27.157800674 cdls_submit_ms=0.073793000 roc_submit_ms=9.159230000 cdls_wall_ms=27.809880000 roc_wall_ms=27.166514000
sample n=8192 lda=8193 iteration=27 first=rocsolver cdls_ms=27.555278778 rocsolver_ms=27.084106445 cdls_submit_ms=0.008663000 roc_submit_ms=11.146807000 cdls_wall_ms=27.852745000 roc_wall_ms=27.363957000
sample n=8192 lda=8193 iteration=28 first=cdls cdls_ms=27.380329132 rocsolver_ms=26.809383392 cdls_submit_ms=0.011668000 roc_submit_ms=8.963139000 cdls_wall_ms=27.503881000 roc_wall_ms=26.816907000
sample n=8192 lda=8193 iteration=29 first=rocsolver cdls_ms=28.203311920 rocsolver_ms=27.169128418 cdls_submit_ms=0.008453000 roc_submit_ms=10.947722000 cdls_wall_ms=28.501410000 roc_wall_ms=27.451780000
bench n=8192 lda=8193 repeats=30 cdls_median_ms=27.490560 rocsolver_median_ms=26.929178 cdls_mean_ms=27.562643 rocsolver_mean_ms=26.943610 cdls_gflops=13330.769753 workspace_bytes=65544 roc_workspace_bytes=34145472 cdls_submit_ms=0.008718 roc_submit_ms=10.078264 cdls_wall_ms=27.633153 roc_wall_ms=27.069915 rocsolver_gflops=13608.670747 speedup=0.979579
