device=AMD Instinct MI300A arch=gfx942:sramecc+:xnack- HIP=60443484 CUs=228 memory_bytes=137438953472 rocSOLVER=3.28.2.1b897f5 rocBLAS=4.4.1.f08d23e3 baseline=rocsolver_dgetrf_npvt fp64 seed=20261001 method=auto matrix=dense n=16384 lda=16385 offset=0 warmup=5 repeats=30
validate n=16384 lda=16385 kind=dense info=7/0 L_rel=5.6795e-16 U_rel=1.7038e-15 residual_scaled=4.9962e-04/2.0443e-04 PASS
sample n=16384 lda=16385 iteration=0 first=cdls cdls_ms=107.811233521 rocsolver_ms=113.698791504 cdls_submit_ms=1.358011000 roc_submit_ms=70.812767000 cdls_wall_ms=107.948080000 roc_wall_ms=113.709912000
sample n=16384 lda=16385 iteration=1 first=rocsolver cdls_ms=107.522270203 rocsolver_ms=114.101112366 cdls_submit_ms=1.544507000 roc_submit_ms=46.335986000 cdls_wall_ms=108.281000000 roc_wall_ms=114.236449000
sample n=16384 lda=16385 iteration=2 first=cdls cdls_ms=107.053657532 rocsolver_ms=113.660301208 cdls_submit_ms=0.489891000 roc_submit_ms=70.326371000 cdls_wall_ms=107.063684000 roc_wall_ms=113.668349000
sample n=16384 lda=16385 iteration=3 first=rocsolver cdls_ms=106.830932617 rocsolver_ms=115.130134583 cdls_submit_ms=1.286813000 roc_submit_ms=46.671992000 cdls_wall_ms=107.492602000 roc_wall_ms=115.561380000
sample n=16384 lda=16385 iteration=4 first=cdls cdls_ms=107.575881958 rocsolver_ms=113.916877747 cdls_submit_ms=0.491764000 roc_submit_ms=70.569724000 cdls_wall_ms=107.584713000 roc_wall_ms=113.926934000
sample n=16384 lda=16385 iteration=5 first=rocsolver cdls_ms=107.930473328 rocsolver_ms=114.210914612 cdls_submit_ms=1.307735000 roc_submit_ms=46.575404000 cdls_wall_ms=108.565827000 roc_wall_ms=114.655261000
sample n=16384 lda=16385 iteration=6 first=cdls cdls_ms=107.744606018 rocsolver_ms=114.126708984 cdls_submit_ms=0.465995000 roc_submit_ms=70.658299000 cdls_wall_ms=107.752540000 roc_wall_ms=114.135895000
sample n=16384 lda=16385 iteration=7 first=rocsolver cdls_ms=107.537887573 rocsolver_ms=114.621437073 cdls_submit_ms=1.309818000 roc_submit_ms=46.300241000 cdls_wall_ms=108.170641000 roc_wall_ms=115.059360000
sample n=16384 lda=16385 iteration=8 first=cdls cdls_ms=107.469085693 rocsolver_ms=114.777740479 cdls_submit_ms=0.474657000 roc_submit_ms=70.723520000 cdls_wall_ms=107.478750000 roc_wall_ms=114.786692000
sample n=16384 lda=16385 iteration=9 first=rocsolver cdls_ms=107.730850220 rocsolver_ms=114.678726196 cdls_submit_ms=1.318010000 roc_submit_ms=46.530025000 cdls_wall_ms=108.369105000 roc_wall_ms=115.126674000
sample n=16384 lda=16385 iteration=10 first=cdls cdls_ms=108.577339172 rocsolver_ms=113.625556946 cdls_submit_ms=0.507087000 roc_submit_ms=69.833795000 cdls_wall_ms=108.585818000 roc_wall_ms=113.633034000
sample n=16384 lda=16385 iteration=11 first=rocsolver cdls_ms=108.355377197 rocsolver_ms=115.499694824 cdls_submit_ms=1.290177000 roc_submit_ms=47.166039000 cdls_wall_ms=108.983397000 roc_wall_ms=115.940772000
sample n=16384 lda=16385 iteration=12 first=cdls cdls_ms=107.621414185 rocsolver_ms=114.865295410 cdls_submit_ms=0.499656000 roc_submit_ms=70.863764000 cdls_wall_ms=107.629232000 roc_wall_ms=114.872664000
sample n=16384 lda=16385 iteration=13 first=rocsolver cdls_ms=108.677665710 rocsolver_ms=115.241073608 cdls_submit_ms=1.296458000 roc_submit_ms=46.712124000 cdls_wall_ms=109.314645000 roc_wall_ms=115.693923000
sample n=16384 lda=16385 iteration=14 first=cdls cdls_ms=108.114524841 rocsolver_ms=115.323059082 cdls_submit_ms=0.487837000 roc_submit_ms=71.165607000 cdls_wall_ms=108.122928000 roc_wall_ms=115.331558000
sample n=16384 lda=16385 iteration=15 first=rocsolver cdls_ms=109.170173645 rocsolver_ms=115.756759644 cdls_submit_ms=1.579031000 roc_submit_ms=46.740757000 cdls_wall_ms=109.533921000 roc_wall_ms=115.763620000
sample n=16384 lda=16385 iteration=16 first=cdls cdls_ms=107.879074097 rocsolver_ms=115.187126160 cdls_submit_ms=0.522111000 roc_submit_ms=71.328267000 cdls_wall_ms=107.888508000 roc_wall_ms=115.195028000
sample n=16384 lda=16385 iteration=17 first=rocsolver cdls_ms=108.881515503 rocsolver_ms=115.605308533 cdls_submit_ms=1.307674000 roc_submit_ms=46.607944000 cdls_wall_ms=109.524466000 roc_wall_ms=115.613320000
sample n=16384 lda=16385 iteration=18 first=cdls cdls_ms=108.514144897 rocsolver_ms=115.296699524 cdls_submit_ms=0.475559000 roc_submit_ms=71.086085000 cdls_wall_ms=108.522911000 roc_wall_ms=115.304175000
sample n=16384 lda=16385 iteration=19 first=rocsolver cdls_ms=109.227180481 rocsolver_ms=115.394920349 cdls_submit_ms=1.590678000 roc_submit_ms=46.298559000 cdls_wall_ms=109.600783000 roc_wall_ms=115.866888000
sample n=16384 lda=16385 iteration=20 first=cdls cdls_ms=107.943450928 rocsolver_ms=116.019935608 cdls_submit_ms=0.503472000 roc_submit_ms=71.725666000 cdls_wall_ms=107.951194000 roc_wall_ms=116.029567000
sample n=16384 lda=16385 iteration=21 first=rocsolver cdls_ms=108.921318054 rocsolver_ms=116.618118286 cdls_submit_ms=1.293814000 roc_submit_ms=47.334738000 cdls_wall_ms=109.635767000 roc_wall_ms=117.056752000
sample n=16384 lda=16385 iteration=22 first=cdls cdls_ms=108.286010742 rocsolver_ms=115.513473511 cdls_submit_ms=0.491724000 roc_submit_ms=71.130193000 cdls_wall_ms=108.294331000 roc_wall_ms=115.522890000
sample n=16384 lda=16385 iteration=23 first=rocsolver cdls_ms=109.710975647 rocsolver_ms=116.182273865 cdls_submit_ms=1.857387000 roc_submit_ms=46.528232000 cdls_wall_ms=109.722450000 roc_wall_ms=116.191046000
sample n=16384 lda=16385 iteration=24 first=cdls cdls_ms=109.077857971 rocsolver_ms=114.860908508 cdls_submit_ms=0.513577000 roc_submit_ms=70.289143000 cdls_wall_ms=109.087216000 roc_wall_ms=114.869529000
sample n=16384 lda=16385 iteration=25 first=rocsolver cdls_ms=109.282096863 rocsolver_ms=115.767860413 cdls_submit_ms=1.287984000 roc_submit_ms=46.403971000 cdls_wall_ms=109.911710000 roc_wall_ms=115.778022000
sample n=16384 lda=16385 iteration=26 first=cdls cdls_ms=108.902145386 rocsolver_ms=115.953811646 cdls_submit_ms=0.463931000 roc_submit_ms=71.485267000 cdls_wall_ms=108.910926000 roc_wall_ms=115.961844000
sample n=16384 lda=16385 iteration=27 first=rocsolver cdls_ms=110.174766541 rocsolver_ms=115.947914124 cdls_submit_ms=1.875265000 roc_submit_ms=46.460367000 cdls_wall_ms=110.184397000 roc_wall_ms=116.400576000
sample n=16384 lda=16385 iteration=28 first=cdls cdls_ms=109.423690796 rocsolver_ms=115.017112732 cdls_submit_ms=0.497963000 roc_submit_ms=70.278498000 cdls_wall_ms=109.432344000 roc_wall_ms=115.025288000
sample n=16384 lda=16385 iteration=29 first=rocsolver cdls_ms=109.608833313 rocsolver_ms=116.763008118 cdls_submit_ms=1.918692000 roc_submit_ms=46.924649000 cdls_wall_ms=109.617980000 roc_wall_ms=116.771214000
bench n=16384 lda=16385 repeats=30 cdls_median_ms=108.320694 rocsolver_median_ms=115.214100 cdls_mean_ms=108.385214 rocsolver_mean_ms=115.112089 cdls_gflops=27066.820563 workspace_bytes=262152 roc_workspace_bytes=67765440 cdls_submit_ms=1.287399 roc_submit_ms=58.584266 cdls_wall_ms=108.544369 roc_wall_ms=115.317867 rocsolver_gflops=25447.378315 speedup=1.063639
