device=AMD Instinct MI300A arch=gfx942:sramecc+:xnack- HIP=60443484 CUs=228 memory_bytes=137438953472 rocSOLVER=3.28.2.1b897f5 rocBLAS=4.4.1.f08d23e3 baseline=rocsolver_dgetrf_npvt fp64 seed=20261001 method=auto matrix=dense n=512 lda=640 offset=0 warmup=5 repeats=30
validate n=512 lda=640 kind=dense info=7/0 L_rel=4.0826e-16 U_rel=9.9560e-16 residual_scaled=8.6935e-03/2.7223e-03 PASS
sample n=512 lda=640 iteration=0 first=cdls cdls_ms=0.375896990 rocsolver_ms=0.730679989 cdls_submit_ms=0.015183000 roc_submit_ms=0.472645000 cdls_wall_ms=0.390669000 roc_wall_ms=0.738182000
sample n=512 lda=640 iteration=1 first=rocsolver cdls_ms=0.371289015 rocsolver_ms=0.800467014 cdls_submit_ms=0.010496000 roc_submit_ms=0.790051000 cdls_wall_ms=0.379722000 roc_wall_ms=0.807207000
sample n=512 lda=640 iteration=2 first=cdls cdls_ms=0.367684007 rocsolver_ms=0.719902992 cdls_submit_ms=0.013391000 roc_submit_ms=0.469410000 cdls_wall_ms=0.386152000 roc_wall_ms=0.728406000
sample n=512 lda=640 iteration=3 first=rocsolver cdls_ms=0.362596005 rocsolver_ms=0.878506005 cdls_submit_ms=0.009044000 roc_submit_ms=0.845937000 cdls_wall_ms=0.371229000 roc_wall_ms=0.886429000
sample n=512 lda=640 iteration=4 first=cdls cdls_ms=0.372570992 rocsolver_ms=0.731602013 cdls_submit_ms=0.009915000 roc_submit_ms=0.471503000 cdls_wall_ms=0.380594000 roc_wall_ms=0.739053000
sample n=512 lda=640 iteration=5 first=rocsolver cdls_ms=0.374893993 rocsolver_ms=0.857034028 cdls_submit_ms=0.022655000 roc_submit_ms=0.849332000 cdls_wall_ms=0.382176000 roc_wall_ms=0.864625000
sample n=512 lda=640 iteration=6 first=cdls cdls_ms=0.367002010 rocsolver_ms=0.727155030 cdls_submit_ms=0.008773000 roc_submit_ms=0.477833000 cdls_wall_ms=0.374504000 roc_wall_ms=0.735868000
sample n=512 lda=640 iteration=7 first=rocsolver cdls_ms=0.358388990 rocsolver_ms=0.894451022 cdls_submit_ms=0.010206000 roc_submit_ms=0.843563000 cdls_wall_ms=0.367514000 roc_wall_ms=0.903304000
sample n=512 lda=640 iteration=8 first=cdls cdls_ms=0.360312015 rocsolver_ms=0.743499994 cdls_submit_ms=0.007742000 roc_submit_ms=0.495890000 cdls_wall_ms=0.399743000 roc_wall_ms=0.753145000
sample n=512 lda=640 iteration=9 first=rocsolver cdls_ms=0.362636000 rocsolver_ms=0.891206026 cdls_submit_ms=0.009655000 roc_submit_ms=0.829863000 cdls_wall_ms=0.372421000 roc_wall_ms=0.898548000
sample n=512 lda=640 iteration=10 first=cdls cdls_ms=0.353462011 rocsolver_ms=0.711290002 cdls_submit_ms=0.008563000 roc_submit_ms=0.467997000 cdls_wall_ms=0.393052000 roc_wall_ms=0.721817000
sample n=512 lda=640 iteration=11 first=rocsolver cdls_ms=0.356747001 rocsolver_ms=0.865967989 cdls_submit_ms=0.008874000 roc_submit_ms=0.851856000 cdls_wall_ms=0.363847000 roc_wall_ms=0.875051000
sample n=512 lda=640 iteration=12 first=cdls cdls_ms=0.357266992 rocsolver_ms=0.719582975 cdls_submit_ms=0.008974000 roc_submit_ms=0.469299000 cdls_wall_ms=0.365160000 roc_wall_ms=0.728336000
sample n=512 lda=640 iteration=13 first=rocsolver cdls_ms=0.361274004 rocsolver_ms=0.852467000 cdls_submit_ms=0.009855000 roc_submit_ms=0.846378000 cdls_wall_ms=0.369707000 roc_wall_ms=0.861280000
sample n=512 lda=640 iteration=14 first=cdls cdls_ms=0.360753000 rocsolver_ms=0.720905006 cdls_submit_ms=0.008363000 roc_submit_ms=0.478043000 cdls_wall_ms=0.369617000 roc_wall_ms=0.730159000
sample n=512 lda=640 iteration=15 first=rocsolver cdls_ms=0.366522014 rocsolver_ms=0.881110013 cdls_submit_ms=0.009855000 roc_submit_ms=0.833158000 cdls_wall_ms=0.373643000 roc_wall_ms=0.890295000
sample n=512 lda=640 iteration=16 first=cdls cdls_ms=0.363676995 rocsolver_ms=0.746784985 cdls_submit_ms=0.009985000 roc_submit_ms=0.498574000 cdls_wall_ms=0.398571000 roc_wall_ms=0.756880000
sample n=512 lda=640 iteration=17 first=rocsolver cdls_ms=0.350457013 rocsolver_ms=0.820016980 cdls_submit_ms=0.009594000 roc_submit_ms=0.808700000 cdls_wall_ms=0.359902000 roc_wall_ms=0.827809000
sample n=512 lda=640 iteration=18 first=cdls cdls_ms=0.352701008 rocsolver_ms=0.735166013 cdls_submit_ms=0.009524000 roc_submit_ms=0.492875000 cdls_wall_ms=0.392091000 roc_wall_ms=0.744641000
sample n=512 lda=640 iteration=19 first=rocsolver cdls_ms=0.365200013 rocsolver_ms=0.827108026 cdls_submit_ms=0.008643000 roc_submit_ms=0.816752000 cdls_wall_ms=0.374293000 roc_wall_ms=0.835221000
sample n=512 lda=640 iteration=20 first=cdls cdls_ms=0.355904996 rocsolver_ms=0.720023990 cdls_submit_ms=0.009414000 roc_submit_ms=0.482780000 cdls_wall_ms=0.402978000 roc_wall_ms=0.729359000
sample n=512 lda=640 iteration=21 first=rocsolver cdls_ms=0.351258993 rocsolver_ms=0.794457972 cdls_submit_ms=0.010126000 roc_submit_ms=0.787688000 cdls_wall_ms=0.360763000 roc_wall_ms=0.803232000
sample n=512 lda=640 iteration=22 first=cdls cdls_ms=0.357587993 rocsolver_ms=0.732321978 cdls_submit_ms=0.009865000 roc_submit_ms=0.484833000 cdls_wall_ms=0.365971000 roc_wall_ms=0.740946000
sample n=512 lda=640 iteration=23 first=rocsolver cdls_ms=0.371650010 rocsolver_ms=0.800586998 cdls_submit_ms=0.011147000 roc_submit_ms=0.792194000 cdls_wall_ms=0.378590000 roc_wall_ms=0.808259000
sample n=512 lda=640 iteration=24 first=cdls cdls_ms=0.350858003 rocsolver_ms=0.741496027 cdls_submit_ms=0.007832000 roc_submit_ms=0.480316000 cdls_wall_ms=0.358950000 roc_wall_ms=0.748898000
sample n=512 lda=640 iteration=25 first=rocsolver cdls_ms=0.364719003 rocsolver_ms=0.821538985 cdls_submit_ms=0.009054000 roc_submit_ms=0.806856000 cdls_wall_ms=0.372652000 roc_wall_ms=0.829442000
sample n=512 lda=640 iteration=26 first=cdls cdls_ms=0.352741003 rocsolver_ms=0.731200993 cdls_submit_ms=0.010406000 roc_submit_ms=0.481829000 cdls_wall_ms=0.360853000 roc_wall_ms=0.739554000
sample n=512 lda=640 iteration=27 first=rocsolver cdls_ms=0.365841001 rocsolver_ms=0.814087987 cdls_submit_ms=0.010496000 roc_submit_ms=0.800177000 cdls_wall_ms=0.374774000 roc_wall_ms=0.822011000
sample n=512 lda=640 iteration=28 first=cdls cdls_ms=0.361995012 rocsolver_ms=0.741096020 cdls_submit_ms=0.008783000 roc_submit_ms=0.488589000 cdls_wall_ms=0.401085000 roc_wall_ms=0.757942000
sample n=512 lda=640 iteration=29 first=rocsolver cdls_ms=0.358229011 rocsolver_ms=0.774866998 cdls_submit_ms=0.008623000 roc_submit_ms=0.757652000 cdls_wall_ms=0.371580000 roc_wall_ms=0.784273000
bench n=512 lda=640 repeats=30 cdls_median_ms=0.361635 rocsolver_median_ms=0.760826 cdls_mean_ms=0.361737 rocsolver_mean_ms=0.784219 cdls_gflops=247.065272 workspace_bytes=264 roc_workspace_bytes=2626752 cdls_submit_ms=0.009625 roc_submit_ms=0.628113 cdls_wall_ms=0.373968 roc_wall_ms=0.771108 rocsolver_gflops=117.434642 speedup=2.103853
