device=AMD Instinct MI300A arch=gfx942:sramecc+:xnack- HIP=60443484 CUs=228 memory_bytes=137438953472 rocSOLVER=3.28.2.1b897f5 rocBLAS=4.4.1.f08d23e3 baseline=rocsolver_dgetrf_npvt fp64 seed=20261001 method=auto matrix=dense n=8192 lda=8320 offset=0 warmup=5 repeats=30
validate n=8192 lda=8320 kind=dense info=7/0 L_rel=7.2829e-16 U_rel=2.1479e-15 residual_scaled=1.2306e-03/3.9221e-04 PASS
sample n=8192 lda=8320 iteration=0 first=cdls cdls_ms=18.676376343 rocsolver_ms=26.283357620 cdls_submit_ms=0.220568000 roc_submit_ms=9.846564000 cdls_wall_ms=19.159309000 roc_wall_ms=26.292252000
sample n=8192 lda=8320 iteration=1 first=rocsolver cdls_ms=18.693103790 rocsolver_ms=26.528713226 cdls_submit_ms=0.566329000 roc_submit_ms=12.899083000 cdls_wall_ms=19.010500000 roc_wall_ms=26.802685000
sample n=8192 lda=8320 iteration=2 first=cdls cdls_ms=18.522851944 rocsolver_ms=25.798534393 cdls_submit_ms=0.187398000 roc_submit_ms=9.083655000 cdls_wall_ms=18.531066000 roc_wall_ms=25.807039000
sample n=8192 lda=8320 iteration=3 first=rocsolver cdls_ms=18.778133392 rocsolver_ms=26.388679504 cdls_submit_ms=0.524715000 roc_submit_ms=12.578461000 cdls_wall_ms=19.102862000 roc_wall_ms=26.668369000
sample n=8192 lda=8320 iteration=4 first=cdls cdls_ms=18.443891525 rocsolver_ms=25.760988235 cdls_submit_ms=0.226457000 roc_submit_ms=9.148844000 cdls_wall_ms=18.452415000 roc_wall_ms=25.769823000
sample n=8192 lda=8320 iteration=5 first=rocsolver cdls_ms=19.073955536 rocsolver_ms=26.312623978 cdls_submit_ms=0.867290000 roc_submit_ms=12.184147000 cdls_wall_ms=19.082251000 roc_wall_ms=26.631913000
sample n=8192 lda=8320 iteration=6 first=cdls cdls_ms=18.615404129 rocsolver_ms=26.094287872 cdls_submit_ms=0.226086000 roc_submit_ms=9.015620000 cdls_wall_ms=18.664590000 roc_wall_ms=26.103133000
sample n=8192 lda=8320 iteration=7 first=rocsolver cdls_ms=18.568891525 rocsolver_ms=26.805147171 cdls_submit_ms=0.438332000 roc_submit_ms=12.508654000 cdls_wall_ms=18.824456000 roc_wall_ms=27.102445000
sample n=8192 lda=8320 iteration=8 first=cdls cdls_ms=18.630046844 rocsolver_ms=25.965631485 cdls_submit_ms=0.392652000 roc_submit_ms=8.722891000 cdls_wall_ms=18.638531000 roc_wall_ms=25.974796000
sample n=8192 lda=8320 iteration=9 first=rocsolver cdls_ms=18.939432144 rocsolver_ms=26.701488495 cdls_submit_ms=0.838104000 roc_submit_ms=10.938938000 cdls_wall_ms=18.947824000 roc_wall_ms=26.978194000
sample n=8192 lda=8320 iteration=10 first=cdls cdls_ms=18.751251221 rocsolver_ms=25.950248718 cdls_submit_ms=0.381395000 roc_submit_ms=8.684803000 cdls_wall_ms=18.759557000 roc_wall_ms=25.957700000
sample n=8192 lda=8320 iteration=11 first=rocsolver cdls_ms=18.865907669 rocsolver_ms=26.377744675 cdls_submit_ms=0.540949000 roc_submit_ms=11.265018000 cdls_wall_ms=19.148202000 roc_wall_ms=26.654298000
sample n=8192 lda=8320 iteration=12 first=cdls cdls_ms=18.744701385 rocsolver_ms=26.105243683 cdls_submit_ms=0.445433000 roc_submit_ms=8.713206000 cdls_wall_ms=18.752165000 roc_wall_ms=26.113669000
sample n=8192 lda=8320 iteration=13 first=rocsolver cdls_ms=18.609643936 rocsolver_ms=26.588575363 cdls_submit_ms=0.513977000 roc_submit_ms=10.918927000 cdls_wall_ms=18.872449000 roc_wall_ms=26.854926000
sample n=8192 lda=8320 iteration=14 first=cdls cdls_ms=18.694906235 rocsolver_ms=26.102149963 cdls_submit_ms=0.390859000 roc_submit_ms=8.740408000 cdls_wall_ms=18.704492000 roc_wall_ms=26.109583000
sample n=8192 lda=8320 iteration=15 first=rocsolver cdls_ms=19.018220901 rocsolver_ms=26.739387512 cdls_submit_ms=0.753305000 roc_submit_ms=10.922333000 cdls_wall_ms=19.026976000 roc_wall_ms=27.011125000
sample n=8192 lda=8320 iteration=16 first=cdls cdls_ms=18.609756470 rocsolver_ms=26.079156876 cdls_submit_ms=0.303675000 roc_submit_ms=8.697713000 cdls_wall_ms=18.699114000 roc_wall_ms=26.088761000
sample n=8192 lda=8320 iteration=17 first=rocsolver cdls_ms=18.841560364 rocsolver_ms=26.817066193 cdls_submit_ms=0.665350000 roc_submit_ms=10.871535000 cdls_wall_ms=18.848873000 roc_wall_ms=26.962029000
sample n=8192 lda=8320 iteration=18 first=cdls cdls_ms=18.667423248 rocsolver_ms=25.868923187 cdls_submit_ms=0.295844000 roc_submit_ms=8.765997000 cdls_wall_ms=18.769021000 roc_wall_ms=25.875895000
sample n=8192 lda=8320 iteration=19 first=rocsolver cdls_ms=19.124334335 rocsolver_ms=26.460830688 cdls_submit_ms=0.806036000 roc_submit_ms=11.306742000 cdls_wall_ms=19.132709000 roc_wall_ms=26.749304000
sample n=8192 lda=8320 iteration=20 first=cdls cdls_ms=18.995937347 rocsolver_ms=25.991952896 cdls_submit_ms=0.407875000 roc_submit_ms=8.714398000 cdls_wall_ms=19.003050000 roc_wall_ms=25.999204000
sample n=8192 lda=8320 iteration=21 first=rocsolver cdls_ms=19.192647934 rocsolver_ms=26.696180344 cdls_submit_ms=0.835150000 roc_submit_ms=10.911156000 cdls_wall_ms=19.201013000 roc_wall_ms=26.960878000
sample n=8192 lda=8320 iteration=22 first=cdls cdls_ms=18.770372391 rocsolver_ms=26.001995087 cdls_submit_ms=0.216041000 roc_submit_ms=8.738745000 cdls_wall_ms=18.779707000 roc_wall_ms=26.009529000
sample n=8192 lda=8320 iteration=23 first=rocsolver cdls_ms=19.335567474 rocsolver_ms=26.387847900 cdls_submit_ms=0.840428000 roc_submit_ms=11.391311000 cdls_wall_ms=19.344974000 roc_wall_ms=26.621317000
sample n=8192 lda=8320 iteration=24 first=cdls cdls_ms=18.828531265 rocsolver_ms=25.996707916 cdls_submit_ms=0.405552000 roc_submit_ms=8.735210000 cdls_wall_ms=18.839148000 roc_wall_ms=26.003651000
sample n=8192 lda=8320 iteration=25 first=rocsolver cdls_ms=19.181322098 rocsolver_ms=26.890928268 cdls_submit_ms=0.830072000 roc_submit_ms=10.911476000 cdls_wall_ms=19.188874000 roc_wall_ms=27.067992000
sample n=8192 lda=8320 iteration=26 first=cdls cdls_ms=18.690570831 rocsolver_ms=26.154939651 cdls_submit_ms=0.353332000 roc_submit_ms=8.680957000 cdls_wall_ms=18.699655000 roc_wall_ms=26.161373000
sample n=8192 lda=8320 iteration=27 first=rocsolver cdls_ms=18.948955536 rocsolver_ms=26.840011597 cdls_submit_ms=0.796521000 roc_submit_ms=10.945178000 cdls_wall_ms=18.958551000 roc_wall_ms=27.105129000
sample n=8192 lda=8320 iteration=28 first=cdls cdls_ms=18.657480240 rocsolver_ms=26.012483597 cdls_submit_ms=0.362345000 roc_submit_ms=8.764605000 cdls_wall_ms=18.666233000 roc_wall_ms=26.019815000
sample n=8192 lda=8320 iteration=29 first=rocsolver cdls_ms=18.765083313 rocsolver_ms=26.860811234 cdls_submit_ms=0.569703000 roc_submit_ms=10.876372000 cdls_wall_ms=19.038824000 roc_wall_ms=27.124168000
bench n=8192 lda=8320 repeats=30 cdls_median_ms=18.758167 rocsolver_median_ms=26.297991 cdls_mean_ms=18.807875 rocsolver_mean_ms=26.318755 cdls_gflops=19536.573852 workspace_bytes=65544 roc_workspace_bytes=34145472 cdls_submit_ms=0.441883 roc_submit_ms=10.359050 cdls_wall_ms=18.860661 roc_wall_ms=26.456785 rocsolver_gflops=13935.297298 speedup=1.401949
