device=AMD Instinct MI300A arch=gfx942:sramecc+:xnack- HIP=60443484 CUs=228 memory_bytes=137438953472 rocSOLVER=3.28.2.1b897f5 rocBLAS=4.4.1.f08d23e3 baseline=rocsolver_dgetrf fp64 seed=20261001 method=auto matrix=dense n=8192 lda=8192 offset=0 warmup=5 repeats=20
validate n=8192 lda=8192 kind=dense info=7/0 L_rel=1.6245e-15 U_rel=4.0247e-15 residual_scaled=2.1920e-03/3.9620e-04 PASS
sample n=8192 lda=8192 iteration=0 first=cdls cdls_ms=27.507003784 rocsolver_ms=121.058784485 cdls_submit_ms=0.011498000 roc_submit_ms=118.274923000 cdls_wall_ms=27.524778000 roc_wall_ms=121.070759000
sample n=8192 lda=8192 iteration=1 first=rocsolver cdls_ms=27.238311768 rocsolver_ms=122.318542480 cdls_submit_ms=0.008262000 roc_submit_ms=119.476084000 cdls_wall_ms=27.248745000 roc_wall_ms=122.327103000
sample n=8192 lda=8192 iteration=2 first=cdls cdls_ms=26.497093201 rocsolver_ms=131.454132080 cdls_submit_ms=0.011488000 roc_submit_ms=128.683947000 cdls_wall_ms=26.506107000 roc_wall_ms=131.463647000
sample n=8192 lda=8192 iteration=3 first=rocsolver cdls_ms=28.243089676 rocsolver_ms=121.147193909 cdls_submit_ms=0.157992000 roc_submit_ms=118.312129000 cdls_wall_ms=28.252503000 roc_wall_ms=121.155608000
sample n=8192 lda=8192 iteration=4 first=cdls cdls_ms=27.229055405 rocsolver_ms=135.262985229 cdls_submit_ms=0.008573000 roc_submit_ms=132.398661000 cdls_wall_ms=27.239462000 roc_wall_ms=135.271505000
sample n=8192 lda=8192 iteration=5 first=rocsolver cdls_ms=27.678625107 rocsolver_ms=120.948020935 cdls_submit_ms=0.009775000 roc_submit_ms=118.097881000 cdls_wall_ms=27.689801000 roc_wall_ms=120.958987000
sample n=8192 lda=8192 iteration=6 first=cdls cdls_ms=27.040607452 rocsolver_ms=129.975418091 cdls_submit_ms=0.011898000 roc_submit_ms=127.450707000 cdls_wall_ms=27.049759000 roc_wall_ms=129.982998000
sample n=8192 lda=8192 iteration=7 first=rocsolver cdls_ms=27.929370880 rocsolver_ms=121.019981384 cdls_submit_ms=0.189791000 roc_submit_ms=118.124943000 cdls_wall_ms=27.939223000 roc_wall_ms=121.028113000
sample n=8192 lda=8192 iteration=8 first=cdls cdls_ms=26.998582840 rocsolver_ms=122.519729614 cdls_submit_ms=0.011277000 roc_submit_ms=119.671743000 cdls_wall_ms=27.006553000 roc_wall_ms=122.528082000
sample n=8192 lda=8192 iteration=9 first=rocsolver cdls_ms=27.596900940 rocsolver_ms=120.905281067 cdls_submit_ms=0.008753000 roc_submit_ms=118.261733000 cdls_wall_ms=27.607825000 roc_wall_ms=120.913437000
sample n=8192 lda=8192 iteration=10 first=cdls cdls_ms=26.745395660 rocsolver_ms=124.599197388 cdls_submit_ms=0.007792000 roc_submit_ms=121.935293000 cdls_wall_ms=26.755749000 roc_wall_ms=124.609642000
sample n=8192 lda=8192 iteration=11 first=rocsolver cdls_ms=28.033729553 rocsolver_ms=119.780418396 cdls_submit_ms=0.208790000 roc_submit_ms=116.944103000 cdls_wall_ms=28.045106000 roc_wall_ms=119.789744000
sample n=8192 lda=8192 iteration=12 first=cdls cdls_ms=27.012884140 rocsolver_ms=133.908035278 cdls_submit_ms=0.008633000 roc_submit_ms=131.148194000 cdls_wall_ms=27.022508000 roc_wall_ms=133.916848000
sample n=8192 lda=8192 iteration=13 first=rocsolver cdls_ms=28.027160645 rocsolver_ms=120.894454956 cdls_submit_ms=0.013030000 roc_submit_ms=118.150942000 cdls_wall_ms=28.035371000 roc_wall_ms=120.902891000
sample n=8192 lda=8192 iteration=14 first=cdls cdls_ms=27.100780487 rocsolver_ms=131.699066162 cdls_submit_ms=0.008253000 roc_submit_ms=129.039482000 cdls_wall_ms=27.110072000 roc_wall_ms=131.706580000
sample n=8192 lda=8192 iteration=15 first=rocsolver cdls_ms=27.700098038 rocsolver_ms=121.530616760 cdls_submit_ms=0.206507000 roc_submit_ms=118.826568000 cdls_wall_ms=27.709441000 roc_wall_ms=121.539407000
sample n=8192 lda=8192 iteration=16 first=cdls cdls_ms=27.287384033 rocsolver_ms=125.986961365 cdls_submit_ms=0.010065000 roc_submit_ms=123.133730000 cdls_wall_ms=27.296799000 roc_wall_ms=125.995747000
sample n=8192 lda=8192 iteration=17 first=rocsolver cdls_ms=27.820161819 rocsolver_ms=121.186996460 cdls_submit_ms=0.009885000 roc_submit_ms=118.433286000 cdls_wall_ms=27.828603000 roc_wall_ms=121.200648000
sample n=8192 lda=8192 iteration=18 first=cdls cdls_ms=26.939012527 rocsolver_ms=135.257965088 cdls_submit_ms=0.009455000 roc_submit_ms=132.499095000 cdls_wall_ms=26.948635000 roc_wall_ms=135.487515000
sample n=8192 lda=8192 iteration=19 first=rocsolver cdls_ms=27.943431854 rocsolver_ms=120.911293030 cdls_submit_ms=0.173726000 roc_submit_ms=118.050429000 cdls_wall_ms=27.953375000 roc_wall_ms=120.919727000
bench n=8192 lda=8192 repeats=20 cdls_median_ms=27.397194 rocsolver_median_ms=121.924580 cdls_mean_ms=27.428434 rocsolver_mean_ms=125.118254 cdls_gflops=13376.199086 workspace_bytes=65544 roc_workspace_bytes=34178304 cdls_submit_ms=0.010671 roc_submit_ms=119.151326 cdls_wall_ms=27.410789 roc_wall_ms=121.933255 rocsolver_gflops=3005.713214 speedup=4.450258
