device=AMD Instinct MI300A arch=gfx942:sramecc+:xnack- HIP=60443484 CUs=228 memory_bytes=137438953472 rocSOLVER=3.28.2.1b897f5 rocBLAS=4.4.1.f08d23e3 baseline=rocsolver_dgetrf fp64 seed=20261001 method=auto matrix=dense n=16384 lda=16384 offset=0 warmup=5 repeats=20
validate n=16384 lda=16384 kind=dense info=7/0 L_rel=5.5115e-16 U_rel=1.6844e-15 residual_scaled=4.9962e-04/2.0775e-04 PASS
sample n=16384 lda=16384 iteration=0 first=cdls cdls_ms=101.956336975 rocsolver_ms=310.062774658 cdls_submit_ms=0.819806000 roc_submit_ms=308.647762000 cdls_wall_ms=101.971934000 roc_wall_ms=310.072495000
sample n=16384 lda=16384 iteration=1 first=rocsolver cdls_ms=102.639823914 rocsolver_ms=311.937683105 cdls_submit_ms=0.907581000 roc_submit_ms=310.657431000 cdls_wall_ms=102.652367000 roc_wall_ms=311.945746000
sample n=16384 lda=16384 iteration=2 first=cdls cdls_ms=102.287811279 rocsolver_ms=309.059295654 cdls_submit_ms=0.694814000 roc_submit_ms=307.617422000 cdls_wall_ms=102.295380000 roc_wall_ms=309.066814000
sample n=16384 lda=16384 iteration=3 first=rocsolver cdls_ms=101.813262939 rocsolver_ms=312.264678955 cdls_submit_ms=0.800426000 roc_submit_ms=310.880494000 cdls_wall_ms=101.821263000 roc_wall_ms=312.273028000
sample n=16384 lda=16384 iteration=4 first=cdls cdls_ms=102.000320435 rocsolver_ms=308.839782715 cdls_submit_ms=0.846207000 roc_submit_ms=307.254737000 cdls_wall_ms=102.008421000 roc_wall_ms=308.847407000
sample n=16384 lda=16384 iteration=5 first=rocsolver cdls_ms=101.966545105 rocsolver_ms=309.582519531 cdls_submit_ms=0.932009000 roc_submit_ms=308.117518000 cdls_wall_ms=101.974258000 roc_wall_ms=309.591147000
sample n=16384 lda=16384 iteration=6 first=cdls cdls_ms=102.521949768 rocsolver_ms=310.245239258 cdls_submit_ms=0.773074000 roc_submit_ms=308.858243000 cdls_wall_ms=102.534717000 roc_wall_ms=310.254974000
sample n=16384 lda=16384 iteration=7 first=rocsolver cdls_ms=102.188972473 rocsolver_ms=308.148529053 cdls_submit_ms=1.171445000 roc_submit_ms=306.633424000 cdls_wall_ms=102.201957000 roc_wall_ms=308.157270000
sample n=16384 lda=16384 iteration=8 first=cdls cdls_ms=102.258514404 rocsolver_ms=311.919097900 cdls_submit_ms=0.811243000 roc_submit_ms=310.362369000 cdls_wall_ms=102.267016000 roc_wall_ms=311.928239000
sample n=16384 lda=16384 iteration=9 first=rocsolver cdls_ms=102.338386536 rocsolver_ms=313.177978516 cdls_submit_ms=0.795639000 roc_submit_ms=311.651796000 cdls_wall_ms=102.346579000 roc_wall_ms=313.187058000
sample n=16384 lda=16384 iteration=10 first=cdls cdls_ms=102.288925171 rocsolver_ms=312.736633301 cdls_submit_ms=0.826296000 roc_submit_ms=311.180483000 cdls_wall_ms=102.297894000 roc_wall_ms=312.744831000
sample n=16384 lda=16384 iteration=11 first=rocsolver cdls_ms=102.148063660 rocsolver_ms=312.469909668 cdls_submit_ms=0.857825000 roc_submit_ms=311.112989000 cdls_wall_ms=102.157790000 roc_wall_ms=312.477241000
sample n=16384 lda=16384 iteration=12 first=cdls cdls_ms=102.545310974 rocsolver_ms=309.301605225 cdls_submit_ms=0.799876000 roc_submit_ms=307.994550000 cdls_wall_ms=102.552454000 roc_wall_ms=309.308474000
sample n=16384 lda=16384 iteration=13 first=rocsolver cdls_ms=102.771957397 rocsolver_ms=307.312225342 cdls_submit_ms=0.988886000 roc_submit_ms=305.876213000 cdls_wall_ms=102.781475000 roc_wall_ms=307.320988000
sample n=16384 lda=16384 iteration=14 first=cdls cdls_ms=103.022552490 rocsolver_ms=309.739227295 cdls_submit_ms=0.783120000 roc_submit_ms=308.204732000 cdls_wall_ms=103.030988000 roc_wall_ms=309.746976000
sample n=16384 lda=16384 iteration=15 first=rocsolver cdls_ms=102.599304199 rocsolver_ms=309.474304199 cdls_submit_ms=0.848170000 roc_submit_ms=308.011235000 cdls_wall_ms=102.606878000 roc_wall_ms=309.485695000
sample n=16384 lda=16384 iteration=16 first=cdls cdls_ms=102.087005615 rocsolver_ms=311.579284668 cdls_submit_ms=0.861090000 roc_submit_ms=310.078685000 cdls_wall_ms=102.094933000 roc_wall_ms=311.587416000
sample n=16384 lda=16384 iteration=17 first=rocsolver cdls_ms=103.083343506 rocsolver_ms=308.376342773 cdls_submit_ms=1.023548000 roc_submit_ms=306.943980000 cdls_wall_ms=103.092562000 roc_wall_ms=308.385749000
sample n=16384 lda=16384 iteration=18 first=cdls cdls_ms=101.967414856 rocsolver_ms=312.671264648 cdls_submit_ms=0.821949000 roc_submit_ms=311.378006000 cdls_wall_ms=101.977062000 roc_wall_ms=312.679141000
sample n=16384 lda=16384 iteration=19 first=rocsolver cdls_ms=102.647750854 rocsolver_ms=309.247100830 cdls_submit_ms=0.973502000 roc_submit_ms=307.768183000 cdls_wall_ms=102.657355000 roc_wall_ms=309.260270000
bench n=16384 lda=16384 repeats=20 cdls_median_ms=102.288368 rocsolver_median_ms=309.901001 cdls_mean_ms=102.356678 rocsolver_mean_ms=310.407274 cdls_gflops=28663.051702 workspace_bytes=262152 roc_workspace_bytes=67831040 cdls_submit_ms=0.836252 roc_submit_ms=308.426247 cdls_wall_ms=102.296637 roc_wall_ms=309.909736 rocsolver_gflops=9460.752878 speedup=3.029680
