device=AMD Instinct MI300A arch=gfx942:sramecc+:xnack- HIP=60443484 CUs=228 memory_bytes=137438953472 rocSOLVER=3.28.2.1b897f5 rocBLAS=4.4.1.f08d23e3 baseline=rocsolver_dgetrf_npvt fp64 seed=20261001 method=auto matrix=dense n=512 lda=529 offset=0 warmup=5 repeats=30
validate n=512 lda=529 kind=dense info=7/0 L_rel=4.0826e-16 U_rel=9.9560e-16 residual_scaled=8.6935e-03/2.7223e-03 PASS
sample n=512 lda=529 iteration=0 first=cdls cdls_ms=0.370368004 rocsolver_ms=0.743458986 cdls_submit_ms=0.012870000 roc_submit_ms=0.501529000 cdls_wall_ms=0.384249000 roc_wall_ms=0.752263000
sample n=512 lda=529 iteration=1 first=rocsolver cdls_ms=0.373733014 rocsolver_ms=0.889925003 cdls_submit_ms=0.010446000 roc_submit_ms=0.846758000 cdls_wall_ms=0.382707000 roc_wall_ms=0.896565000
sample n=512 lda=529 iteration=2 first=cdls cdls_ms=0.355145007 rocsolver_ms=0.726714015 cdls_submit_ms=0.007782000 roc_submit_ms=0.476540000 cdls_wall_ms=0.363818000 roc_wall_ms=0.735307000
sample n=512 lda=529 iteration=3 first=rocsolver cdls_ms=0.367042005 rocsolver_ms=0.833518028 cdls_submit_ms=0.010006000 roc_submit_ms=0.818655000 cdls_wall_ms=0.375206000 roc_wall_ms=0.840639000
sample n=512 lda=529 iteration=4 first=cdls cdls_ms=0.361274004 rocsolver_ms=0.733765006 cdls_submit_ms=0.008203000 roc_submit_ms=0.489841000 cdls_wall_ms=0.369927000 roc_wall_ms=0.741978000
sample n=512 lda=529 iteration=5 first=rocsolver cdls_ms=0.375535995 rocsolver_ms=0.901021004 cdls_submit_ms=0.023927000 roc_submit_ms=0.815691000 cdls_wall_ms=0.383208000 roc_wall_ms=0.908332000
sample n=512 lda=529 iteration=6 first=cdls cdls_ms=0.360873997 rocsolver_ms=0.726352990 cdls_submit_ms=0.010175000 roc_submit_ms=0.472384000 cdls_wall_ms=0.367383000 roc_wall_ms=0.735227000
sample n=512 lda=529 iteration=7 first=rocsolver cdls_ms=0.367843986 rocsolver_ms=0.877023995 cdls_submit_ms=0.010126000 roc_submit_ms=0.855131000 cdls_wall_ms=0.376146000 roc_wall_ms=0.885837000
sample n=512 lda=529 iteration=8 first=cdls cdls_ms=0.360873014 rocsolver_ms=0.730039001 cdls_submit_ms=0.008874000 roc_submit_ms=0.472104000 cdls_wall_ms=0.368635000 roc_wall_ms=0.738993000
sample n=512 lda=529 iteration=9 first=rocsolver cdls_ms=0.360792994 rocsolver_ms=0.893890023 cdls_submit_ms=0.009514000 roc_submit_ms=0.867750000 cdls_wall_ms=0.369466000 roc_wall_ms=0.902073000
sample n=512 lda=529 iteration=10 first=cdls cdls_ms=0.368844986 rocsolver_ms=0.743659973 cdls_submit_ms=0.010326000 roc_submit_ms=0.486225000 cdls_wall_ms=0.406764000 roc_wall_ms=0.754427000
sample n=512 lda=529 iteration=11 first=rocsolver cdls_ms=0.363557011 rocsolver_ms=0.908312023 cdls_submit_ms=0.010026000 roc_submit_ms=0.868231000 cdls_wall_ms=0.370668000 roc_wall_ms=0.915784000
sample n=512 lda=529 iteration=12 first=cdls cdls_ms=0.369125992 rocsolver_ms=0.724910975 cdls_submit_ms=0.010976000 roc_submit_ms=0.478964000 cdls_wall_ms=0.412522000 roc_wall_ms=0.733364000
sample n=512 lda=529 iteration=13 first=rocsolver cdls_ms=0.371089011 rocsolver_ms=0.867449999 cdls_submit_ms=0.009444000 roc_submit_ms=0.859929000 cdls_wall_ms=0.377889000 roc_wall_ms=0.874951000
sample n=512 lda=529 iteration=14 first=cdls cdls_ms=0.355143994 rocsolver_ms=0.730359972 cdls_submit_ms=0.008873000 roc_submit_ms=0.459905000 cdls_wall_ms=0.363417000 roc_wall_ms=0.740726000
sample n=512 lda=529 iteration=15 first=rocsolver cdls_ms=0.368885994 rocsolver_ms=0.807078004 cdls_submit_ms=0.012519000 roc_submit_ms=0.772425000 cdls_wall_ms=0.378150000 roc_wall_ms=0.815060000
sample n=512 lda=529 iteration=16 first=cdls cdls_ms=0.365801007 rocsolver_ms=0.727554977 cdls_submit_ms=0.010666000 roc_submit_ms=0.487988000 cdls_wall_ms=0.374424000 roc_wall_ms=0.738011000
sample n=512 lda=529 iteration=17 first=rocsolver cdls_ms=0.360632986 rocsolver_ms=0.855751991 cdls_submit_ms=0.010446000 roc_submit_ms=0.840258000 cdls_wall_ms=0.369676000 roc_wall_ms=0.864175000
sample n=512 lda=529 iteration=18 first=cdls cdls_ms=0.354063004 rocsolver_ms=0.721386015 cdls_submit_ms=0.009816000 roc_submit_ms=0.477572000 cdls_wall_ms=0.362445000 roc_wall_ms=0.733634000
sample n=512 lda=529 iteration=19 first=rocsolver cdls_ms=0.364158988 rocsolver_ms=0.875983000 cdls_submit_ms=0.010917000 roc_submit_ms=0.828160000 cdls_wall_ms=0.373483000 roc_wall_ms=0.883714000
sample n=512 lda=529 iteration=20 first=cdls cdls_ms=0.363036990 rocsolver_ms=0.731280982 cdls_submit_ms=0.010506000 roc_submit_ms=0.482540000 cdls_wall_ms=0.371700000 roc_wall_ms=0.744712000
sample n=512 lda=529 iteration=21 first=rocsolver cdls_ms=0.355906010 rocsolver_ms=0.906750023 cdls_submit_ms=0.009715000 roc_submit_ms=0.882513000 cdls_wall_ms=0.363607000 roc_wall_ms=0.915433000
sample n=512 lda=529 iteration=22 first=cdls cdls_ms=0.370728999 rocsolver_ms=0.730199993 cdls_submit_ms=0.008593000 roc_submit_ms=0.477862000 cdls_wall_ms=0.378871000 roc_wall_ms=0.738432000
sample n=512 lda=529 iteration=23 first=rocsolver cdls_ms=0.358550012 rocsolver_ms=0.838124990 cdls_submit_ms=0.010607000 roc_submit_ms=0.773465000 cdls_wall_ms=0.366361000 roc_wall_ms=0.846949000
sample n=512 lda=529 iteration=24 first=cdls cdls_ms=0.358029008 rocsolver_ms=0.741896987 cdls_submit_ms=0.008222000 roc_submit_ms=0.481699000 cdls_wall_ms=0.365741000 roc_wall_ms=0.750641000
sample n=512 lda=529 iteration=25 first=rocsolver cdls_ms=0.360913008 rocsolver_ms=0.859396994 cdls_submit_ms=0.010396000 roc_submit_ms=0.806176000 cdls_wall_ms=0.370328000 roc_wall_ms=0.866198000
sample n=512 lda=529 iteration=26 first=cdls cdls_ms=0.363876998 rocsolver_ms=0.734767020 cdls_submit_ms=0.009915000 roc_submit_ms=0.481237000 cdls_wall_ms=0.371500000 roc_wall_ms=0.743720000
sample n=512 lda=529 iteration=27 first=rocsolver cdls_ms=0.359672010 rocsolver_ms=0.867290020 cdls_submit_ms=0.010756000 roc_submit_ms=0.839957000 cdls_wall_ms=0.368134000 roc_wall_ms=0.874851000
sample n=512 lda=529 iteration=28 first=cdls cdls_ms=0.364760011 rocsolver_ms=0.736488998 cdls_submit_ms=0.009525000 roc_submit_ms=0.480667000 cdls_wall_ms=0.405711000 roc_wall_ms=0.747186000
sample n=512 lda=529 iteration=29 first=rocsolver cdls_ms=0.356988013 rocsolver_ms=0.896574974 cdls_submit_ms=0.010016000 roc_submit_ms=0.854650000 cdls_wall_ms=0.365180000 roc_wall_ms=0.905608000
bench n=512 lda=529 repeats=30 cdls_median_ms=0.363297 rocsolver_median_ms=0.775369 cdls_mean_ms=0.363575 rocsolver_mean_ms=0.802031 cdls_gflops=245.934670 workspace_bytes=264 roc_workspace_bytes=2626752 cdls_submit_ms=0.010076 roc_submit_ms=0.636977 cdls_wall_ms=0.371084 roc_wall_ms=0.784744 rocsolver_gflops=115.232011 speedup=2.134257
