device=AMD Instinct MI300A arch=gfx942:sramecc+:xnack- HIP=60443484 CUs=228 memory_bytes=137438953472 rocSOLVER=3.28.2.1b897f5 rocBLAS=4.4.1.f08d23e3 baseline=rocsolver_dgetrf_npvt fp64 seed=20261001 method=auto matrix=dense n=16384 lda=16512 offset=0 warmup=5 repeats=30
validate n=16384 lda=16512 kind=dense info=7/0 L_rel=5.6795e-16 U_rel=1.7038e-15 residual_scaled=4.9962e-04/2.0443e-04 PASS
sample n=16384 lda=16512 iteration=0 first=cdls cdls_ms=104.490272522 rocsolver_ms=111.021293640 cdls_submit_ms=1.476192000 roc_submit_ms=68.667845000 cdls_wall_ms=104.504566000 roc_wall_ms=111.029318000
sample n=16384 lda=16512 iteration=1 first=rocsolver cdls_ms=104.028015137 rocsolver_ms=111.499778748 cdls_submit_ms=1.583847000 roc_submit_ms=45.383425000 cdls_wall_ms=104.813189000 roc_wall_ms=112.057765000
sample n=16384 lda=16512 iteration=2 first=cdls cdls_ms=103.731994629 rocsolver_ms=110.671493530 cdls_submit_ms=0.484022000 roc_submit_ms=67.953220000 cdls_wall_ms=103.741767000 roc_wall_ms=110.682767000
sample n=16384 lda=16512 iteration=3 first=rocsolver cdls_ms=104.961654663 rocsolver_ms=111.476226807 cdls_submit_ms=1.332682000 roc_submit_ms=45.365387000 cdls_wall_ms=105.625955000 roc_wall_ms=111.938973000
sample n=16384 lda=16512 iteration=4 first=cdls cdls_ms=103.807662964 rocsolver_ms=111.837471008 cdls_submit_ms=0.456650000 roc_submit_ms=68.944239000 cdls_wall_ms=103.815520000 roc_wall_ms=111.846220000
sample n=16384 lda=16512 iteration=5 first=rocsolver cdls_ms=105.316802979 rocsolver_ms=112.445655823 cdls_submit_ms=1.365383000 roc_submit_ms=45.425179000 cdls_wall_ms=105.993710000 roc_wall_ms=112.903671000
sample n=16384 lda=16512 iteration=6 first=cdls cdls_ms=104.484031677 rocsolver_ms=112.603050232 cdls_submit_ms=0.487607000 roc_submit_ms=69.636119000 cdls_wall_ms=104.491897000 roc_wall_ms=112.613737000
sample n=16384 lda=16512 iteration=7 first=rocsolver cdls_ms=104.987648010 rocsolver_ms=112.531990051 cdls_submit_ms=1.318230000 roc_submit_ms=45.734692000 cdls_wall_ms=105.653768000 roc_wall_ms=112.993168000
sample n=16384 lda=16512 iteration=8 first=cdls cdls_ms=104.854591370 rocsolver_ms=112.153633118 cdls_submit_ms=0.478694000 roc_submit_ms=68.955356000 cdls_wall_ms=104.863166000 roc_wall_ms=112.162725000
sample n=16384 lda=16512 iteration=9 first=rocsolver cdls_ms=105.581848145 rocsolver_ms=112.719841003 cdls_submit_ms=1.674377000 roc_submit_ms=46.279538000 cdls_wall_ms=105.976193000 roc_wall_ms=112.728973000
sample n=16384 lda=16512 iteration=10 first=cdls cdls_ms=104.928924561 rocsolver_ms=112.104400635 cdls_submit_ms=0.484763000 roc_submit_ms=68.999904000 cdls_wall_ms=104.936929000 roc_wall_ms=112.110956000
sample n=16384 lda=16512 iteration=11 first=rocsolver cdls_ms=104.602928162 rocsolver_ms=113.198791504 cdls_submit_ms=1.317520000 roc_submit_ms=45.723676000 cdls_wall_ms=105.274016000 roc_wall_ms=113.668634000
sample n=16384 lda=16512 iteration=12 first=cdls cdls_ms=104.728157043 rocsolver_ms=112.511085510 cdls_submit_ms=0.486926000 roc_submit_ms=69.139208000 cdls_wall_ms=104.735991000 roc_wall_ms=112.519772000
sample n=16384 lda=16512 iteration=13 first=rocsolver cdls_ms=105.287612915 rocsolver_ms=113.134384155 cdls_submit_ms=1.356239000 roc_submit_ms=46.129237000 cdls_wall_ms=105.963072000 roc_wall_ms=113.623333000
sample n=16384 lda=16512 iteration=14 first=cdls cdls_ms=104.723114014 rocsolver_ms=112.915504456 cdls_submit_ms=0.506847000 roc_submit_ms=69.598321000 cdls_wall_ms=104.730643000 roc_wall_ms=112.923792000
sample n=16384 lda=16512 iteration=15 first=rocsolver cdls_ms=105.334289551 rocsolver_ms=113.606170654 cdls_submit_ms=1.346284000 roc_submit_ms=46.327872000 cdls_wall_ms=106.004396000 roc_wall_ms=114.078051000
sample n=16384 lda=16512 iteration=16 first=cdls cdls_ms=105.712051392 rocsolver_ms=112.987968445 cdls_submit_ms=0.510022000 roc_submit_ms=69.732487000 cdls_wall_ms=105.720240000 roc_wall_ms=112.994501000
sample n=16384 lda=16512 iteration=17 first=rocsolver cdls_ms=105.243469238 rocsolver_ms=113.367630005 cdls_submit_ms=1.334226000 roc_submit_ms=45.975802000 cdls_wall_ms=105.908238000 roc_wall_ms=113.472342000
sample n=16384 lda=16512 iteration=18 first=cdls cdls_ms=105.394523621 rocsolver_ms=112.623649597 cdls_submit_ms=0.479295000 roc_submit_ms=68.995678000 cdls_wall_ms=105.402052000 roc_wall_ms=112.631514000
sample n=16384 lda=16512 iteration=19 first=rocsolver cdls_ms=105.999496460 rocsolver_ms=113.801979065 cdls_submit_ms=1.400907000 roc_submit_ms=46.231344000 cdls_wall_ms=106.661042000 roc_wall_ms=114.272318000
sample n=16384 lda=16512 iteration=20 first=cdls cdls_ms=106.165115356 rocsolver_ms=112.849334717 cdls_submit_ms=0.469540000 roc_submit_ms=69.116553000 cdls_wall_ms=106.172933000 roc_wall_ms=112.856639000
sample n=16384 lda=16512 iteration=21 first=rocsolver cdls_ms=106.015289307 rocsolver_ms=113.631179810 cdls_submit_ms=1.318841000 roc_submit_ms=46.554639000 cdls_wall_ms=106.690146000 roc_wall_ms=113.638587000
sample n=16384 lda=16512 iteration=22 first=cdls cdls_ms=105.604347229 rocsolver_ms=113.331489563 cdls_submit_ms=0.489891000 roc_submit_ms=69.573273000 cdls_wall_ms=105.612805000 roc_wall_ms=113.339879000
sample n=16384 lda=16512 iteration=23 first=rocsolver cdls_ms=106.235801697 rocsolver_ms=113.489227295 cdls_submit_ms=1.336749000 roc_submit_ms=45.668892000 cdls_wall_ms=106.904825000 roc_wall_ms=113.960481000
sample n=16384 lda=16512 iteration=24 first=cdls cdls_ms=105.759017944 rocsolver_ms=114.065460205 cdls_submit_ms=0.502030000 roc_submit_ms=70.163157000 cdls_wall_ms=105.767092000 roc_wall_ms=114.072332000
sample n=16384 lda=16512 iteration=25 first=rocsolver cdls_ms=106.350936890 rocsolver_ms=114.323585510 cdls_submit_ms=1.335046000 roc_submit_ms=46.378901000 cdls_wall_ms=107.033022000 roc_wall_ms=114.800598000
sample n=16384 lda=16512 iteration=26 first=cdls cdls_ms=106.273567200 rocsolver_ms=113.719444275 cdls_submit_ms=0.490912000 roc_submit_ms=69.795404000 cdls_wall_ms=106.281590000 roc_wall_ms=113.728174000
sample n=16384 lda=16512 iteration=27 first=rocsolver cdls_ms=105.858428955 rocsolver_ms=114.336067200 cdls_submit_ms=1.320854000 roc_submit_ms=46.065790000 cdls_wall_ms=106.534628000 roc_wall_ms=114.805236000
sample n=16384 lda=16512 iteration=28 first=cdls cdls_ms=106.506462097 rocsolver_ms=113.723571777 cdls_submit_ms=0.458512000 roc_submit_ms=69.797056000 cdls_wall_ms=106.514447000 roc_wall_ms=113.733112000
sample n=16384 lda=16512 iteration=29 first=rocsolver cdls_ms=106.573501587 rocsolver_ms=114.601089478 cdls_submit_ms=1.349549000 roc_submit_ms=46.294852000 cdls_wall_ms=107.316587000 roc_wall_ms=115.062870000
bench n=16384 lda=16512 repeats=30 cdls_median_ms=105.325546 rocsolver_median_ms=112.951736 cdls_mean_ms=105.318052 rocsolver_mean_ms=112.909415 cdls_gflops=27836.521062 workspace_bytes=262152 roc_workspace_bytes=67765440 cdls_submit_ms=1.317875 roc_submit_ms=57.253929 cdls_wall_ms=105.743666 roc_wall_ms=112.993834 rocsolver_gflops=25957.075819 speedup=1.072406
