device=AMD Instinct MI300A arch=gfx942:sramecc+:xnack- HIP=60443484 CUs=228 memory_bytes=137438953472 rocSOLVER=3.28.2.1b897f5 rocBLAS=4.4.1.f08d23e3 baseline=rocsolver_dgetrf fp64 seed=20261001 method=auto matrix=dense n=16384 lda=16384 offset=0 warmup=5 repeats=20
validate n=16384 lda=16384 kind=dense info=7/0 L_rel=2.3172e-15 U_rel=5.8122e-15 residual_scaled=1.5881e-03/2.0775e-04 PASS
sample n=16384 lda=16384 iteration=0 first=cdls cdls_ms=221.867736816 rocsolver_ms=303.350494385 cdls_submit_ms=0.012008000 roc_submit_ms=301.854719000 cdls_wall_ms=221.883234000 roc_wall_ms=303.360847000
sample n=16384 lda=16384 iteration=1 first=rocsolver cdls_ms=221.119628906 rocsolver_ms=305.921142578 cdls_submit_ms=0.013110000 roc_submit_ms=304.387691000 cdls_wall_ms=221.128177000 roc_wall_ms=305.928662000
sample n=16384 lda=16384 iteration=2 first=cdls cdls_ms=221.252059937 rocsolver_ms=302.193298340 cdls_submit_ms=0.011097000 roc_submit_ms=300.709313000 cdls_wall_ms=221.260029000 roc_wall_ms=302.201260000
sample n=16384 lda=16384 iteration=3 first=rocsolver cdls_ms=221.271133423 rocsolver_ms=304.869781494 cdls_submit_ms=0.011868000 roc_submit_ms=303.438866000 cdls_wall_ms=221.280240000 roc_wall_ms=304.877552000
sample n=16384 lda=16384 iteration=4 first=cdls cdls_ms=220.643051147 rocsolver_ms=303.399291992 cdls_submit_ms=0.012129000 roc_submit_ms=301.748817000 cdls_wall_ms=220.653620000 roc_wall_ms=303.409472000
sample n=16384 lda=16384 iteration=5 first=rocsolver cdls_ms=222.415222168 rocsolver_ms=303.573577881 cdls_submit_ms=0.009685000 roc_submit_ms=302.007041000 cdls_wall_ms=222.429212000 roc_wall_ms=303.581915000
sample n=16384 lda=16384 iteration=6 first=cdls cdls_ms=222.105667114 rocsolver_ms=305.757385254 cdls_submit_ms=0.009615000 roc_submit_ms=304.113340000 cdls_wall_ms=222.113207000 roc_wall_ms=305.765442000
sample n=16384 lda=16384 iteration=7 first=rocsolver cdls_ms=223.069259644 rocsolver_ms=302.952758789 cdls_submit_ms=0.008914000 roc_submit_ms=301.629493000 cdls_wall_ms=223.078907000 roc_wall_ms=302.961645000
sample n=16384 lda=16384 iteration=8 first=cdls cdls_ms=221.835113525 rocsolver_ms=306.456665039 cdls_submit_ms=0.017036000 roc_submit_ms=304.981692000 cdls_wall_ms=221.844365000 roc_wall_ms=306.465786000
sample n=16384 lda=16384 iteration=9 first=rocsolver cdls_ms=222.623535156 rocsolver_ms=305.499145508 cdls_submit_ms=0.008723000 roc_submit_ms=304.015800000 cdls_wall_ms=222.635178000 roc_wall_ms=305.512515000
sample n=16384 lda=16384 iteration=10 first=cdls cdls_ms=222.388687134 rocsolver_ms=303.134918213 cdls_submit_ms=0.008583000 roc_submit_ms=301.570773000 cdls_wall_ms=222.396201000 roc_wall_ms=303.142082000
sample n=16384 lda=16384 iteration=11 first=rocsolver cdls_ms=223.049789429 rocsolver_ms=304.170074463 cdls_submit_ms=0.014061000 roc_submit_ms=302.614573000 cdls_wall_ms=223.058837000 roc_wall_ms=304.181294000
sample n=16384 lda=16384 iteration=12 first=cdls cdls_ms=222.760513306 rocsolver_ms=303.950317383 cdls_submit_ms=0.013851000 roc_submit_ms=302.375848000 cdls_wall_ms=222.767760000 roc_wall_ms=303.959604000
sample n=16384 lda=16384 iteration=13 first=rocsolver cdls_ms=224.375061035 rocsolver_ms=302.195709229 cdls_submit_ms=0.013791000 roc_submit_ms=300.626546000 cdls_wall_ms=224.383677000 roc_wall_ms=302.204003000
sample n=16384 lda=16384 iteration=14 first=cdls cdls_ms=222.761718750 rocsolver_ms=307.408416748 cdls_submit_ms=0.013250000 roc_submit_ms=305.794527000 cdls_wall_ms=222.770003000 roc_wall_ms=307.419457000
sample n=16384 lda=16384 iteration=15 first=rocsolver cdls_ms=224.536300659 rocsolver_ms=303.708953857 cdls_submit_ms=0.008393000 roc_submit_ms=302.031389000 cdls_wall_ms=224.549831000 roc_wall_ms=303.716282000
sample n=16384 lda=16384 iteration=16 first=cdls cdls_ms=223.163253784 rocsolver_ms=306.856781006 cdls_submit_ms=0.010937000 roc_submit_ms=305.207066000 cdls_wall_ms=223.171539000 roc_wall_ms=306.865238000
sample n=16384 lda=16384 iteration=17 first=rocsolver cdls_ms=224.392684937 rocsolver_ms=307.289398193 cdls_submit_ms=0.013601000 roc_submit_ms=305.821348000 cdls_wall_ms=224.401835000 roc_wall_ms=307.301637000
sample n=16384 lda=16384 iteration=18 first=cdls cdls_ms=223.235046387 rocsolver_ms=304.406768799 cdls_submit_ms=0.014853000 roc_submit_ms=302.765274000 cdls_wall_ms=223.243809000 roc_wall_ms=304.416825000
sample n=16384 lda=16384 iteration=19 first=rocsolver cdls_ms=223.973922729 rocsolver_ms=305.183776855 cdls_submit_ms=0.014141000 roc_submit_ms=303.651222000 cdls_wall_ms=223.983153000 roc_wall_ms=305.192694000
bench n=16384 lda=16384 repeats=20 cdls_median_ms=222.692024 rocsolver_median_ms=304.288422 cdls_mean_ms=222.641969 rocsolver_mean_ms=304.613933 cdls_gflops=13165.701812 workspace_bytes=262152 roc_workspace_bytes=67831040 cdls_submit_ms=0.012068 roc_submit_ms=302.689923 cdls_wall_ms=222.701469 roc_wall_ms=304.299059 rocsolver_gflops=9635.255825 speedup=1.366409
