device=AMD Instinct MI300A arch=gfx942:sramecc+:xnack- HIP=60443484 CUs=228 memory_bytes=137438953472 rocSOLVER=3.28.2.1b897f5 rocBLAS=4.4.1.f08d23e3 baseline=rocsolver_dgetrf_npvt fp64 seed=20261001 method=auto matrix=dense n=16384 lda=16384 offset=0 warmup=5 repeats=30
validate n=16384 lda=16384 kind=dense info=7/0 L_rel=2.3203e-15 U_rel=5.8178e-15 residual_scaled=1.5881e-03/2.0443e-04 PASS
sample n=16384 lda=16384 iteration=0 first=cdls cdls_ms=223.306243896 rocsolver_ms=110.701683044 cdls_submit_ms=0.137701000 roc_submit_ms=68.392904000 cdls_wall_ms=223.321839000 roc_wall_ms=110.776969000
sample n=16384 lda=16384 iteration=1 first=rocsolver cdls_ms=223.746841431 rocsolver_ms=110.753334045 cdls_submit_ms=0.009564000 roc_submit_ms=45.722354000 cdls_wall_ms=224.567589000 roc_wall_ms=110.761515000
sample n=16384 lda=16384 iteration=2 first=cdls cdls_ms=222.282836914 rocsolver_ms=109.500129700 cdls_submit_ms=0.237033000 roc_submit_ms=52.171465000 cdls_wall_ms=222.293421000 roc_wall_ms=109.509685000
sample n=16384 lda=16384 iteration=3 first=rocsolver cdls_ms=224.248733521 rocsolver_ms=111.143836975 cdls_submit_ms=0.010175000 roc_submit_ms=56.152471000 cdls_wall_ms=224.773154000 roc_wall_ms=111.800188000
sample n=16384 lda=16384 iteration=4 first=cdls cdls_ms=224.797164917 rocsolver_ms=109.892028809 cdls_submit_ms=0.019240000 roc_submit_ms=59.459442000 cdls_wall_ms=224.811994000 roc_wall_ms=109.898811000
sample n=16384 lda=16384 iteration=5 first=rocsolver cdls_ms=224.081756592 rocsolver_ms=110.921836853 cdls_submit_ms=0.010085000 roc_submit_ms=64.500585000 cdls_wall_ms=224.590885000 roc_wall_ms=111.443080000
sample n=16384 lda=16384 iteration=6 first=cdls cdls_ms=224.308578491 rocsolver_ms=110.071044922 cdls_submit_ms=0.009565000 roc_submit_ms=67.355302000 cdls_wall_ms=224.317626000 roc_wall_ms=110.080409000
sample n=16384 lda=16384 iteration=7 first=rocsolver cdls_ms=225.117218018 rocsolver_ms=110.754959106 cdls_submit_ms=0.007933000 roc_submit_ms=44.999766000 cdls_wall_ms=225.811106000 roc_wall_ms=110.762496000
sample n=16384 lda=16384 iteration=8 first=cdls cdls_ms=224.415710449 rocsolver_ms=109.917282104 cdls_submit_ms=0.008493000 roc_submit_ms=52.278649000 cdls_wall_ms=224.424459000 roc_wall_ms=109.924450000
sample n=16384 lda=16384 iteration=9 first=rocsolver cdls_ms=225.601165771 rocsolver_ms=110.932052612 cdls_submit_ms=0.009335000 roc_submit_ms=55.674838000 cdls_wall_ms=226.218417000 roc_wall_ms=111.501469000
sample n=16384 lda=16384 iteration=10 first=cdls cdls_ms=225.323822021 rocsolver_ms=111.121177673 cdls_submit_ms=0.008653000 roc_submit_ms=60.181490000 cdls_wall_ms=225.331110000 roc_wall_ms=111.141286000
sample n=16384 lda=16384 iteration=11 first=rocsolver cdls_ms=224.689880371 rocsolver_ms=111.046180725 cdls_submit_ms=0.008363000 roc_submit_ms=64.313978000 cdls_wall_ms=225.202873000 roc_wall_ms=111.571477000
sample n=16384 lda=16384 iteration=12 first=cdls cdls_ms=224.645294189 rocsolver_ms=111.223434448 cdls_submit_ms=0.019971000 roc_submit_ms=68.248082000 cdls_wall_ms=224.652438000 roc_wall_ms=111.231225000
sample n=16384 lda=16384 iteration=13 first=rocsolver cdls_ms=227.251373291 rocsolver_ms=111.509429932 cdls_submit_ms=0.008443000 roc_submit_ms=44.592361000 cdls_wall_ms=227.816571000 roc_wall_ms=112.007385000
sample n=16384 lda=16384 iteration=14 first=cdls cdls_ms=225.654800415 rocsolver_ms=110.174621582 cdls_submit_ms=0.200368000 roc_submit_ms=51.757931000 cdls_wall_ms=225.663959000 roc_wall_ms=110.183337000
sample n=16384 lda=16384 iteration=15 first=rocsolver cdls_ms=226.103012085 rocsolver_ms=111.939300537 cdls_submit_ms=0.008433000 roc_submit_ms=55.958322000 cdls_wall_ms=226.621858000 roc_wall_ms=112.550408000
sample n=16384 lda=16384 iteration=16 first=cdls cdls_ms=225.749496460 rocsolver_ms=111.826255798 cdls_submit_ms=0.007361000 roc_submit_ms=60.440908000 cdls_wall_ms=225.758814000 roc_wall_ms=111.834459000
sample n=16384 lda=16384 iteration=17 first=rocsolver cdls_ms=226.840347290 rocsolver_ms=111.818534851 cdls_submit_ms=0.007872000 roc_submit_ms=64.505652000 cdls_wall_ms=227.358498000 roc_wall_ms=111.826567000
sample n=16384 lda=16384 iteration=18 first=cdls cdls_ms=226.278213501 rocsolver_ms=111.608100891 cdls_submit_ms=0.008613000 roc_submit_ms=68.254982000 cdls_wall_ms=226.286784000 roc_wall_ms=111.617015000
sample n=16384 lda=16384 iteration=19 first=rocsolver cdls_ms=227.411819458 rocsolver_ms=112.605865479 cdls_submit_ms=0.008634000 roc_submit_ms=41.267822000 cdls_wall_ms=228.108998000 roc_wall_ms=112.615137000
sample n=16384 lda=16384 iteration=20 first=cdls cdls_ms=226.474746704 rocsolver_ms=111.699760437 cdls_submit_ms=0.009234000 roc_submit_ms=46.227909000 cdls_wall_ms=226.483676000 roc_wall_ms=111.707635000
sample n=16384 lda=16384 iteration=21 first=rocsolver cdls_ms=227.322875977 rocsolver_ms=112.762886047 cdls_submit_ms=0.009174000 roc_submit_ms=56.455335000 cdls_wall_ms=227.920419000 roc_wall_ms=113.449506000
sample n=16384 lda=16384 iteration=22 first=cdls cdls_ms=226.472335815 rocsolver_ms=112.224327087 cdls_submit_ms=0.008513000 roc_submit_ms=60.393084000 cdls_wall_ms=226.481632000 roc_wall_ms=112.231709000
sample n=16384 lda=16384 iteration=23 first=rocsolver cdls_ms=227.704223633 rocsolver_ms=112.166595459 cdls_submit_ms=0.008834000 roc_submit_ms=64.638355000 cdls_wall_ms=228.226688000 roc_wall_ms=112.690412000
sample n=16384 lda=16384 iteration=24 first=cdls cdls_ms=226.529067993 rocsolver_ms=112.394882202 cdls_submit_ms=0.007902000 roc_submit_ms=68.566840000 cdls_wall_ms=226.549726000 roc_wall_ms=112.405264000
sample n=16384 lda=16384 iteration=25 first=rocsolver cdls_ms=228.615829468 rocsolver_ms=112.482513428 cdls_submit_ms=0.008132000 roc_submit_ms=40.915211000 cdls_wall_ms=229.312503000 roc_wall_ms=112.991293000
sample n=16384 lda=16384 iteration=26 first=cdls cdls_ms=226.618850708 rocsolver_ms=112.231483459 cdls_submit_ms=0.010006000 roc_submit_ms=45.981631000 cdls_wall_ms=226.628146000 roc_wall_ms=112.241513000
sample n=16384 lda=16384 iteration=27 first=rocsolver cdls_ms=227.958297729 rocsolver_ms=112.554496765 cdls_submit_ms=0.008302000 roc_submit_ms=56.273787000 cdls_wall_ms=228.486476000 roc_wall_ms=113.237992000
sample n=16384 lda=16384 iteration=28 first=cdls cdls_ms=228.345413208 rocsolver_ms=112.950920105 cdls_submit_ms=0.006841000 roc_submit_ms=57.471263000 cdls_wall_ms=228.355264000 roc_wall_ms=112.959434000
sample n=16384 lda=16384 iteration=29 first=rocsolver cdls_ms=229.544143677 rocsolver_ms=112.475898743 cdls_submit_ms=0.010276000 roc_submit_ms=64.443716000 cdls_wall_ms=230.068002000 roc_wall_ms=113.013657000
bench n=16384 lda=16384 repeats=30 cdls_median_ms=225.926254 rocsolver_median_ms=111.558765 cdls_mean_ms=225.914670 rocsolver_mean_ms=111.446828 cdls_gflops=12977.229213 workspace_bytes=262152 roc_workspace_bytes=67765440 cdls_submit_ms=0.008743 roc_submit_ms=56.963299 cdls_wall_ms=226.252600 roc_wall_ms=111.753912 rocsolver_gflops=26281.187105 speedup=0.493784
