device=AMD Instinct MI300A arch=gfx942:sramecc+:xnack- HIP=60443484 CUs=228 memory_bytes=137438953472 rocSOLVER=3.28.2.1b897f5 rocBLAS=4.4.1.f08d23e3 baseline=rocsolver_dgetrf_npvt fp64 seed=20261001 method=auto matrix=dense n=10240 lda=10240 offset=0 warmup=5 repeats=30
validate n=10240 lda=10240 kind=dense info=7/0 L_rel=1.5875e-15 U_rel=3.6784e-15 residual_scaled=1.5973e-03/2.5504e-04 PASS
sample n=10240 lda=10240 iteration=0 first=cdls cdls_ms=56.163192749 rocsolver_ms=39.331253052 cdls_submit_ms=0.013671000 roc_submit_ms=11.391293000 cdls_wall_ms=56.179266000 roc_wall_ms=39.341688000
sample n=10240 lda=10240 iteration=1 first=rocsolver cdls_ms=55.273662567 rocsolver_ms=40.040599823 cdls_submit_ms=0.008803000 roc_submit_ms=13.665893000 cdls_wall_ms=55.651056000 roc_wall_ms=40.048042000
sample n=10240 lda=10240 iteration=2 first=cdls cdls_ms=54.523956299 rocsolver_ms=39.935367584 cdls_submit_ms=0.006781000 roc_submit_ms=11.427219000 cdls_wall_ms=54.611992000 roc_wall_ms=39.942841000
sample n=10240 lda=10240 iteration=3 first=rocsolver cdls_ms=55.648120880 rocsolver_ms=39.739116669 cdls_submit_ms=0.369427000 roc_submit_ms=13.408848000 cdls_wall_ms=55.658527000 roc_wall_ms=40.102996000
sample n=10240 lda=10240 iteration=4 first=cdls cdls_ms=54.396438599 rocsolver_ms=39.930511475 cdls_submit_ms=0.091210000 roc_submit_ms=11.428731000 cdls_wall_ms=54.405326000 roc_wall_ms=39.941489000
sample n=10240 lda=10240 iteration=5 first=rocsolver cdls_ms=55.694751740 rocsolver_ms=39.773559570 cdls_submit_ms=0.008243000 roc_submit_ms=13.231026000 cdls_wall_ms=56.091231000 roc_wall_ms=40.159984000
sample n=10240 lda=10240 iteration=6 first=cdls cdls_ms=54.628475189 rocsolver_ms=39.988189697 cdls_submit_ms=0.096027000 roc_submit_ms=11.421951000 cdls_wall_ms=54.637792000 roc_wall_ms=39.995942000
sample n=10240 lda=10240 iteration=7 first=rocsolver cdls_ms=56.361534119 rocsolver_ms=40.109264374 cdls_submit_ms=0.009485000 roc_submit_ms=13.275303000 cdls_wall_ms=56.750042000 roc_wall_ms=40.493576000
sample n=10240 lda=10240 iteration=8 first=cdls cdls_ms=55.299865723 rocsolver_ms=39.991024017 cdls_submit_ms=0.091590000 roc_submit_ms=11.446749000 cdls_wall_ms=55.308221000 roc_wall_ms=39.998326000
sample n=10240 lda=10240 iteration=9 first=rocsolver cdls_ms=56.710548401 rocsolver_ms=40.160976410 cdls_submit_ms=0.189671000 roc_submit_ms=13.283005000 cdls_wall_ms=56.914274000 roc_wall_ms=40.547598000
sample n=10240 lda=10240 iteration=10 first=cdls cdls_ms=55.218982697 rocsolver_ms=39.629940033 cdls_submit_ms=0.091350000 roc_submit_ms=11.393908000 cdls_wall_ms=55.226304000 roc_wall_ms=39.637382000
sample n=10240 lda=10240 iteration=11 first=rocsolver cdls_ms=55.396251678 rocsolver_ms=40.048339844 cdls_submit_ms=0.035504000 roc_submit_ms=13.206878000 cdls_wall_ms=55.404227000 roc_wall_ms=40.431510000
sample n=10240 lda=10240 iteration=12 first=cdls cdls_ms=54.678470612 rocsolver_ms=39.796524048 cdls_submit_ms=0.007352000 roc_submit_ms=11.355068000 cdls_wall_ms=55.098688000 roc_wall_ms=39.803927000
sample n=10240 lda=10240 iteration=13 first=rocsolver cdls_ms=57.149902344 rocsolver_ms=40.134433746 cdls_submit_ms=0.007702000 roc_submit_ms=13.551738000 cdls_wall_ms=57.542788000 roc_wall_ms=40.142566000
sample n=10240 lda=10240 iteration=14 first=cdls cdls_ms=54.770374298 rocsolver_ms=40.222534180 cdls_submit_ms=0.007181000 roc_submit_ms=11.713538000 cdls_wall_ms=54.778257000 roc_wall_ms=40.231353000
sample n=10240 lda=10240 iteration=15 first=rocsolver cdls_ms=55.405269623 rocsolver_ms=40.591922760 cdls_submit_ms=0.007912000 roc_submit_ms=13.662577000 cdls_wall_ms=55.793175000 roc_wall_ms=40.598877000
sample n=10240 lda=10240 iteration=16 first=cdls cdls_ms=54.548030853 rocsolver_ms=40.073738098 cdls_submit_ms=0.092422000 roc_submit_ms=11.389521000 cdls_wall_ms=54.557298000 roc_wall_ms=40.081263000
sample n=10240 lda=10240 iteration=17 first=rocsolver cdls_ms=55.801757812 rocsolver_ms=40.151958466 cdls_submit_ms=0.008503000 roc_submit_ms=13.253240000 cdls_wall_ms=56.185146000 roc_wall_ms=40.159532000
sample n=10240 lda=10240 iteration=18 first=cdls cdls_ms=54.853904724 rocsolver_ms=40.124614716 cdls_submit_ms=0.008323000 roc_submit_ms=11.616479000 cdls_wall_ms=54.862236000 roc_wall_ms=40.132011000
sample n=10240 lda=10240 iteration=19 first=rocsolver cdls_ms=55.989402771 rocsolver_ms=40.336742401 cdls_submit_ms=0.008313000 roc_submit_ms=13.535423000 cdls_wall_ms=56.377942000 roc_wall_ms=40.756348000
sample n=10240 lda=10240 iteration=20 first=cdls cdls_ms=54.746376038 rocsolver_ms=40.092239380 cdls_submit_ms=0.090399000 roc_submit_ms=11.494933000 cdls_wall_ms=54.754791000 roc_wall_ms=40.099160000
sample n=10240 lda=10240 iteration=21 first=rocsolver cdls_ms=56.062797546 rocsolver_ms=40.482734680 cdls_submit_ms=0.387094000 roc_submit_ms=13.503794000 cdls_wall_ms=56.071421000 roc_wall_ms=40.883984000
sample n=10240 lda=10240 iteration=22 first=cdls cdls_ms=54.840641022 rocsolver_ms=40.150588989 cdls_submit_ms=0.090118000 roc_submit_ms=11.399256000 cdls_wall_ms=54.848044000 roc_wall_ms=40.158180000
sample n=10240 lda=10240 iteration=23 first=rocsolver cdls_ms=56.527267456 rocsolver_ms=40.230201721 cdls_submit_ms=0.008353000 roc_submit_ms=13.421578000 cdls_wall_ms=56.916837000 roc_wall_ms=40.636093000
sample n=10240 lda=10240 iteration=24 first=cdls cdls_ms=54.574352264 rocsolver_ms=40.090637207 cdls_submit_ms=0.009274000 roc_submit_ms=11.468512000 cdls_wall_ms=54.583418000 roc_wall_ms=40.097468000
sample n=10240 lda=10240 iteration=25 first=rocsolver cdls_ms=56.140197754 rocsolver_ms=40.124660492 cdls_submit_ms=0.009034000 roc_submit_ms=14.154061000 cdls_wall_ms=56.550797000 roc_wall_ms=40.585956000
sample n=10240 lda=10240 iteration=26 first=cdls cdls_ms=54.825454712 rocsolver_ms=40.216228485 cdls_submit_ms=0.008072000 roc_submit_ms=11.514082000 cdls_wall_ms=54.834844000 roc_wall_ms=40.226796000
sample n=10240 lda=10240 iteration=27 first=rocsolver cdls_ms=56.977798462 rocsolver_ms=40.523433685 cdls_submit_ms=0.010176000 roc_submit_ms=13.569405000 cdls_wall_ms=57.359707000 roc_wall_ms=40.933530000
sample n=10240 lda=10240 iteration=28 first=cdls cdls_ms=55.606136322 rocsolver_ms=40.059726715 cdls_submit_ms=0.008173000 roc_submit_ms=11.655479000 cdls_wall_ms=55.614349000 roc_wall_ms=40.068142000
sample n=10240 lda=10240 iteration=29 first=rocsolver cdls_ms=56.950519562 rocsolver_ms=40.493545532 cdls_submit_ms=0.008644000 roc_submit_ms=14.091926000 cdls_wall_ms=57.344984000 roc_wall_ms=40.966161000
bench n=10240 lda=10240 repeats=30 cdls_median_ms=55.400761 rocsolver_median_ms=40.100752 cdls_mean_ms=55.525481 rocsolver_mean_ms=40.085820 cdls_gflops=12919.957122 workspace_bytes=102408 roc_workspace_bytes=42550464 cdls_submit_ms=0.009154 roc_submit_ms=12.460208 cdls_wall_ms=55.632702 roc_wall_ms=40.150373 rocsolver_gflops=17849.427222 speedup=0.723830
