device=AMD Instinct MI300A arch=gfx942:sramecc+:xnack- HIP=60443484 CUs=228 memory_bytes=137438953472 rocSOLVER=3.28.2.1b897f5 rocBLAS=4.4.1.f08d23e3 baseline=rocsolver_dgetrf_npvt fp64 seed=20261001 method=auto matrix=dense n=1 lda=1 offset=0 warmup=20 repeats=30
validate n=1 lda=1 kind=dense info=7/0 L_rel=0.0000e+00 U_rel=0.0000e+00 residual_scaled=0.0000e+00/0.0000e+00 cpu_residual_scaled=0.0000e+00/0.0000e+00 PASS
sample n=1 lda=1 iteration=0 first=cdls cdls_ms=0.006891000 rocsolver_ms=0.006890000 cdls_submit_ms=0.003365000 roc_submit_ms=0.005699000 cdls_wall_ms=0.027292000 roc_wall_ms=0.016305000
sample n=1 lda=1 iteration=1 first=rocsolver cdls_ms=0.006330000 rocsolver_ms=0.013300000 cdls_submit_ms=0.002924000 roc_submit_ms=0.009335000 cdls_wall_ms=0.014172000 roc_wall_ms=0.023667000
sample n=1 lda=1 iteration=2 first=cdls cdls_ms=0.012579000 rocsolver_ms=0.018548001 cdls_submit_ms=0.002875000 roc_submit_ms=0.013501000 cdls_wall_ms=0.022334000 roc_wall_ms=0.028354000
sample n=1 lda=1 iteration=3 first=rocsolver cdls_ms=0.008252000 rocsolver_ms=0.009856000 cdls_submit_ms=0.003555000 roc_submit_ms=0.006540000 cdls_wall_ms=0.017517000 roc_wall_ms=0.017236000
sample n=1 lda=1 iteration=4 first=cdls cdls_ms=0.008372000 rocsolver_ms=0.014302000 cdls_submit_ms=0.003746000 roc_submit_ms=0.009234000 cdls_wall_ms=0.016565000 roc_wall_ms=0.025489000
sample n=1 lda=1 iteration=5 first=rocsolver cdls_ms=0.012098000 rocsolver_ms=0.014543000 cdls_submit_ms=0.009334000 roc_submit_ms=0.007792000 cdls_wall_ms=0.022304000 roc_wall_ms=0.023036000
sample n=1 lda=1 iteration=6 first=cdls cdls_ms=0.006570000 rocsolver_ms=0.014422000 cdls_submit_ms=0.002463000 roc_submit_ms=0.008353000 cdls_wall_ms=0.031148000 roc_wall_ms=0.023876000
sample n=1 lda=1 iteration=7 first=rocsolver cdls_ms=0.006370000 rocsolver_ms=0.014222000 cdls_submit_ms=0.003475000 roc_submit_ms=0.012519000 cdls_wall_ms=0.020681000 roc_wall_ms=0.023215000
sample n=1 lda=1 iteration=8 first=cdls cdls_ms=0.010176000 rocsolver_ms=0.019871000 cdls_submit_ms=0.002093000 roc_submit_ms=0.011939000 cdls_wall_ms=0.018038000 roc_wall_ms=0.030216000
sample n=1 lda=1 iteration=9 first=rocsolver cdls_ms=0.009294000 rocsolver_ms=0.010336000 cdls_submit_ms=0.003255000 roc_submit_ms=0.006941000 cdls_wall_ms=0.017567000 roc_wall_ms=0.018909000
sample n=1 lda=1 iteration=10 first=cdls cdls_ms=0.007171000 rocsolver_ms=0.013421000 cdls_submit_ms=0.003185000 roc_submit_ms=0.007772000 cdls_wall_ms=0.017416000 roc_wall_ms=0.023015000
sample n=1 lda=1 iteration=11 first=rocsolver cdls_ms=0.007732000 rocsolver_ms=0.013340000 cdls_submit_ms=0.003626000 roc_submit_ms=0.009454000 cdls_wall_ms=0.017797000 roc_wall_ms=0.022064000
sample n=1 lda=1 iteration=12 first=cdls cdls_ms=0.005488000 rocsolver_ms=0.013501000 cdls_submit_ms=0.002885000 roc_submit_ms=0.006690000 cdls_wall_ms=0.017917000 roc_wall_ms=0.022214000
sample n=1 lda=1 iteration=13 first=rocsolver cdls_ms=0.006850000 rocsolver_ms=0.025799001 cdls_submit_ms=0.004597000 roc_submit_ms=0.020321000 cdls_wall_ms=0.015644000 roc_wall_ms=0.038159000
sample n=1 lda=1 iteration=14 first=cdls cdls_ms=0.008132000 rocsolver_ms=0.012819000 cdls_submit_ms=0.003655000 roc_submit_ms=0.009054000 cdls_wall_ms=0.019991000 roc_wall_ms=0.022665000
sample n=1 lda=1 iteration=15 first=rocsolver cdls_ms=0.008053000 rocsolver_ms=0.011217000 cdls_submit_ms=0.003185000 roc_submit_ms=0.005889000 cdls_wall_ms=0.017997000 roc_wall_ms=0.019720000
sample n=1 lda=1 iteration=16 first=cdls cdls_ms=0.006089000 rocsolver_ms=0.016385000 cdls_submit_ms=0.003165000 roc_submit_ms=0.006851000 cdls_wall_ms=0.017076000 roc_wall_ms=0.025039000
sample n=1 lda=1 iteration=17 first=rocsolver cdls_ms=0.005649000 rocsolver_ms=0.016345000 cdls_submit_ms=0.003285000 roc_submit_ms=0.013891000 cdls_wall_ms=0.015063000 roc_wall_ms=0.026490000
sample n=1 lda=1 iteration=18 first=cdls cdls_ms=0.006410000 rocsolver_ms=0.015344000 cdls_submit_ms=0.002705000 roc_submit_ms=0.010656000 cdls_wall_ms=0.015033000 roc_wall_ms=0.021913000
sample n=1 lda=1 iteration=19 first=rocsolver cdls_ms=0.007812000 rocsolver_ms=0.014782000 cdls_submit_ms=0.003415000 roc_submit_ms=0.008293000 cdls_wall_ms=0.014392000 roc_wall_ms=0.023526000
sample n=1 lda=1 iteration=20 first=cdls cdls_ms=0.012980000 rocsolver_ms=0.013941000 cdls_submit_ms=0.003786000 roc_submit_ms=0.008332000 cdls_wall_ms=0.020802000 roc_wall_ms=0.021573000
sample n=1 lda=1 iteration=21 first=rocsolver cdls_ms=0.010376000 rocsolver_ms=0.008774000 cdls_submit_ms=0.003365000 roc_submit_ms=0.006179000 cdls_wall_ms=0.017577000 roc_wall_ms=0.018719000
sample n=1 lda=1 iteration=22 first=cdls cdls_ms=0.010016000 rocsolver_ms=0.015383000 cdls_submit_ms=0.005799000 roc_submit_ms=0.009634000 cdls_wall_ms=0.016915000 roc_wall_ms=0.022865000
sample n=1 lda=1 iteration=23 first=rocsolver cdls_ms=0.008373000 rocsolver_ms=0.011618000 cdls_submit_ms=0.003726000 roc_submit_ms=0.006189000 cdls_wall_ms=0.019390000 roc_wall_ms=0.018809000
sample n=1 lda=1 iteration=24 first=cdls cdls_ms=0.006890000 rocsolver_ms=0.020510999 cdls_submit_ms=0.002795000 roc_submit_ms=0.008923000 cdls_wall_ms=0.017497000 roc_wall_ms=0.029025000
sample n=1 lda=1 iteration=25 first=rocsolver cdls_ms=0.008293000 rocsolver_ms=0.015744001 cdls_submit_ms=0.003736000 roc_submit_ms=0.011678000 cdls_wall_ms=0.017057000 roc_wall_ms=0.023706000
sample n=1 lda=1 iteration=26 first=cdls cdls_ms=0.006931000 rocsolver_ms=0.016666001 cdls_submit_ms=0.002454000 roc_submit_ms=0.012119000 cdls_wall_ms=0.014832000 roc_wall_ms=0.024097000
sample n=1 lda=1 iteration=27 first=rocsolver cdls_ms=0.006250000 rocsolver_ms=0.012499000 cdls_submit_ms=0.003585000 roc_submit_ms=0.010686000 cdls_wall_ms=0.015343000 roc_wall_ms=0.025128000
sample n=1 lda=1 iteration=28 first=cdls cdls_ms=0.007612000 rocsolver_ms=0.020071000 cdls_submit_ms=0.003956000 roc_submit_ms=0.010165000 cdls_wall_ms=0.018047000 roc_wall_ms=0.028754000
sample n=1 lda=1 iteration=29 first=rocsolver cdls_ms=0.006370000 rocsolver_ms=0.012940000 cdls_submit_ms=0.004417000 roc_submit_ms=0.011418000 cdls_wall_ms=0.016295000 roc_wall_ms=0.024567000
bench n=1 lda=1 repeats=30 cdls_median_ms=0.007672 rocsolver_median_ms=0.014262 cdls_mean_ms=0.008014 rocsolver_mean_ms=0.014580 cdls_gflops=0.000000 workspace_bytes=12 roc_workspace_bytes=0 cdls_submit_ms=0.003390 roc_submit_ms=0.009144 cdls_wall_ms=0.017542 roc_wall_ms=0.023370 rocsolver_gflops=0.000000 speedup=1.858968
