device=AMD Instinct MI300A arch=gfx942:sramecc+:xnack- HIP=60443484 CUs=228 memory_bytes=137438953472 rocSOLVER=3.28.2.1b897f5 rocBLAS=4.4.1.f08d23e3 baseline=rocsolver_dgetrf_npvt fp64 seed=20261001 method=auto matrix=dense n=12288 lda=12288 offset=0 warmup=5 repeats=30
validate n=12288 lda=12288 kind=dense info=7/0 L_rel=1.5710e-15 U_rel=3.3276e-15 residual_scaled=1.2078e-03/1.7856e-04 PASS
sample n=12288 lda=12288 iteration=0 first=cdls cdls_ms=95.211318970 rocsolver_ms=57.555492401 cdls_submit_ms=0.014442000 roc_submit_ms=14.124756000 cdls_wall_ms=95.226814000 roc_wall_ms=57.804654000
sample n=12288 lda=12288 iteration=1 first=rocsolver cdls_ms=96.064826965 rocsolver_ms=58.383571625 cdls_submit_ms=0.009324000 roc_submit_ms=16.575244000 cdls_wall_ms=96.610366000 roc_wall_ms=58.979846000
sample n=12288 lda=12288 iteration=2 first=cdls cdls_ms=95.615539551 rocsolver_ms=58.379222870 cdls_submit_ms=0.090729000 roc_submit_ms=15.592867000 cdls_wall_ms=95.622791000 roc_wall_ms=58.386637000
sample n=12288 lda=12288 iteration=3 first=rocsolver cdls_ms=95.707519531 rocsolver_ms=58.642799377 cdls_submit_ms=0.009234000 roc_submit_ms=16.622947000 cdls_wall_ms=96.285178000 roc_wall_ms=59.246926000
sample n=12288 lda=12288 iteration=4 first=cdls cdls_ms=94.461769104 rocsolver_ms=58.298061371 cdls_submit_ms=0.007071000 roc_submit_ms=14.448873000 cdls_wall_ms=94.470974000 roc_wall_ms=58.306854000
sample n=12288 lda=12288 iteration=5 first=rocsolver cdls_ms=96.888565063 rocsolver_ms=58.403572083 cdls_submit_ms=0.008904000 roc_submit_ms=14.624963000 cdls_wall_ms=97.449173000 roc_wall_ms=58.959846000
sample n=12288 lda=12288 iteration=6 first=cdls cdls_ms=95.291397095 rocsolver_ms=57.641311646 cdls_submit_ms=0.011487000 roc_submit_ms=14.267394000 cdls_wall_ms=95.300106000 roc_wall_ms=57.649415000
sample n=12288 lda=12288 iteration=7 first=rocsolver cdls_ms=96.394577026 rocsolver_ms=58.987907410 cdls_submit_ms=0.012099000 roc_submit_ms=14.692496000 cdls_wall_ms=96.960663000 roc_wall_ms=59.546285000
sample n=12288 lda=12288 iteration=8 first=cdls cdls_ms=95.513664246 rocsolver_ms=57.538543701 cdls_submit_ms=0.216862000 roc_submit_ms=13.833308000 cdls_wall_ms=95.522818000 roc_wall_ms=57.547890000
sample n=12288 lda=12288 iteration=9 first=rocsolver cdls_ms=96.197151184 rocsolver_ms=58.692848206 cdls_submit_ms=0.008183000 roc_submit_ms=14.606434000 cdls_wall_ms=96.750842000 roc_wall_ms=59.243170000
sample n=12288 lda=12288 iteration=10 first=cdls cdls_ms=95.112571716 rocsolver_ms=58.665645599 cdls_submit_ms=0.009325000 roc_submit_ms=15.173043000 cdls_wall_ms=95.120841000 roc_wall_ms=58.673115000
sample n=12288 lda=12288 iteration=11 first=rocsolver cdls_ms=96.177436829 rocsolver_ms=58.798389435 cdls_submit_ms=0.008883000 roc_submit_ms=14.651443000 cdls_wall_ms=96.739644000 roc_wall_ms=59.362353000
sample n=12288 lda=12288 iteration=12 first=cdls cdls_ms=95.004676819 rocsolver_ms=58.525337219 cdls_submit_ms=0.010126000 roc_submit_ms=14.167871000 cdls_wall_ms=95.013356000 roc_wall_ms=58.533100000
sample n=12288 lda=12288 iteration=13 first=rocsolver cdls_ms=96.646842957 rocsolver_ms=58.830707550 cdls_submit_ms=0.009275000 roc_submit_ms=18.783682000 cdls_wall_ms=97.215964000 roc_wall_ms=59.385469000
sample n=12288 lda=12288 iteration=14 first=cdls cdls_ms=95.734077454 rocsolver_ms=58.851108551 cdls_submit_ms=0.008573000 roc_submit_ms=14.477256000 cdls_wall_ms=95.741213000 roc_wall_ms=58.878881000
sample n=12288 lda=12288 iteration=15 first=rocsolver cdls_ms=96.199592590 rocsolver_ms=59.104114532 cdls_submit_ms=0.009024000 roc_submit_ms=14.902969000 cdls_wall_ms=96.600490000 roc_wall_ms=59.664977000
sample n=12288 lda=12288 iteration=16 first=cdls cdls_ms=95.630722046 rocsolver_ms=58.655841827 cdls_submit_ms=0.009324000 roc_submit_ms=14.283339000 cdls_wall_ms=95.637974000 roc_wall_ms=58.663120000
sample n=12288 lda=12288 iteration=17 first=rocsolver cdls_ms=95.979454041 rocsolver_ms=58.527431488 cdls_submit_ms=0.008683000 roc_submit_ms=14.619074000 cdls_wall_ms=96.543573000 roc_wall_ms=59.166452000
sample n=12288 lda=12288 iteration=18 first=cdls cdls_ms=95.760597229 rocsolver_ms=58.592632294 cdls_submit_ms=0.027372000 roc_submit_ms=14.642299000 cdls_wall_ms=95.770618000 roc_wall_ms=58.599933000
sample n=12288 lda=12288 iteration=19 first=rocsolver cdls_ms=96.411201477 rocsolver_ms=59.190135956 cdls_submit_ms=0.010566000 roc_submit_ms=14.722942000 cdls_wall_ms=96.976427000 roc_wall_ms=59.742736000
sample n=12288 lda=12288 iteration=20 first=cdls cdls_ms=95.495071411 rocsolver_ms=58.685997009 cdls_submit_ms=0.024858000 roc_submit_ms=14.343020000 cdls_wall_ms=95.502186000 roc_wall_ms=58.694238000
sample n=12288 lda=12288 iteration=21 first=rocsolver cdls_ms=96.298065186 rocsolver_ms=58.983833313 cdls_submit_ms=0.009455000 roc_submit_ms=15.781657000 cdls_wall_ms=96.854900000 roc_wall_ms=59.545103000
sample n=12288 lda=12288 iteration=22 first=cdls cdls_ms=95.258430481 rocsolver_ms=58.828285217 cdls_submit_ms=0.008453000 roc_submit_ms=14.311091000 cdls_wall_ms=95.266905000 roc_wall_ms=58.836516000
sample n=12288 lda=12288 iteration=23 first=rocsolver cdls_ms=96.385276794 rocsolver_ms=58.903358459 cdls_submit_ms=0.008863000 roc_submit_ms=14.728321000 cdls_wall_ms=96.953802000 roc_wall_ms=59.458961000
sample n=12288 lda=12288 iteration=24 first=cdls cdls_ms=95.410980225 rocsolver_ms=59.025806427 cdls_submit_ms=0.009104000 roc_submit_ms=14.279443000 cdls_wall_ms=95.418507000 roc_wall_ms=59.033198000
sample n=12288 lda=12288 iteration=25 first=rocsolver cdls_ms=97.067687988 rocsolver_ms=59.275920868 cdls_submit_ms=0.008993000 roc_submit_ms=14.874606000 cdls_wall_ms=97.712826000 roc_wall_ms=59.836119000
sample n=12288 lda=12288 iteration=26 first=cdls cdls_ms=96.023445129 rocsolver_ms=59.037483215 cdls_submit_ms=0.027092000 roc_submit_ms=14.388760000 cdls_wall_ms=96.030475000 roc_wall_ms=59.044334000
sample n=12288 lda=12288 iteration=27 first=rocsolver cdls_ms=96.666595459 rocsolver_ms=58.960224152 cdls_submit_ms=0.009805000 roc_submit_ms=14.745267000 cdls_wall_ms=97.259441000 roc_wall_ms=59.524070000
sample n=12288 lda=12288 iteration=28 first=cdls cdls_ms=95.423728943 rocsolver_ms=58.949039459 cdls_submit_ms=0.008533000 roc_submit_ms=14.447690000 cdls_wall_ms=95.432428000 roc_wall_ms=58.957681000
sample n=12288 lda=12288 iteration=29 first=rocsolver cdls_ms=96.283561707 rocsolver_ms=58.597846985 cdls_submit_ms=0.010977000 roc_submit_ms=15.250943000 cdls_wall_ms=96.848390000 roc_wall_ms=59.154394000
bench n=12288 lda=12288 repeats=30 cdls_median_ms=95.870026 rocsolver_median_ms=58.689423 cdls_mean_ms=95.877212 rocsolver_mean_ms=58.650416 cdls_gflops=12901.582883 workspace_bytes=147464 roc_workspace_bytes=50955456 cdls_submit_ms=0.009324 roc_submit_ms=14.633631 cdls_wall_ms=96.157826 roc_wall_ms=59.006522 rocsolver_gflops=21074.923330 speedup=0.612177
