device=AMD Instinct MI300A arch=gfx942:sramecc+:xnack- HIP=60443484 CUs=228 memory_bytes=137438953472 rocSOLVER=3.28.2.1b897f5 rocBLAS=4.4.1.f08d23e3 baseline=rocsolver_dgetrf_npvt fp64 seed=20261001 method=auto matrix=dense n=16 lda=16 offset=0 warmup=20 repeats=30
validate n=16 lda=16 kind=dense info=7/0 L_rel=2.3785e-17 U_rel=1.6723e-18 residual_scaled=5.2688e-02/5.2725e-02 cpu_residual_scaled=4.6524e-02/4.6536e-02 PASS
sample n=16 lda=16 iteration=0 first=cdls cdls_ms=0.010577000 rocsolver_ms=0.015183000 cdls_submit_ms=0.003185000 roc_submit_ms=0.008052000 cdls_wall_ms=0.029285000 roc_wall_ms=0.025329000
sample n=16 lda=16 iteration=1 first=rocsolver cdls_ms=0.009655000 rocsolver_ms=0.014102000 cdls_submit_ms=0.003175000 roc_submit_ms=0.004888000 cdls_wall_ms=0.018408000 roc_wall_ms=0.022585000
sample n=16 lda=16 iteration=2 first=cdls cdls_ms=0.010336000 rocsolver_ms=0.017507000 cdls_submit_ms=0.002664000 roc_submit_ms=0.010797000 cdls_wall_ms=0.020301000 roc_wall_ms=0.026611000
sample n=16 lda=16 iteration=3 first=rocsolver cdls_ms=0.009615000 rocsolver_ms=0.016425001 cdls_submit_ms=0.002814000 roc_submit_ms=0.008783000 cdls_wall_ms=0.019290000 roc_wall_ms=0.024728000
sample n=16 lda=16 iteration=4 first=cdls cdls_ms=0.010456000 rocsolver_ms=0.023356000 cdls_submit_ms=0.002744000 roc_submit_ms=0.015214000 cdls_wall_ms=0.017928000 roc_wall_ms=0.032009000
sample n=16 lda=16 iteration=5 first=rocsolver cdls_ms=0.013381000 rocsolver_ms=0.015023000 cdls_submit_ms=0.003775000 roc_submit_ms=0.006850000 cdls_wall_ms=0.020120000 roc_wall_ms=0.022334000
sample n=16 lda=16 iteration=6 first=cdls cdls_ms=0.016065000 rocsolver_ms=0.021914000 cdls_submit_ms=0.008453000 roc_submit_ms=0.011969000 cdls_wall_ms=0.023136000 roc_wall_ms=0.030827000
sample n=16 lda=16 iteration=7 first=rocsolver cdls_ms=0.010416000 rocsolver_ms=0.013581000 cdls_submit_ms=0.002514000 roc_submit_ms=0.005478000 cdls_wall_ms=0.017687000 roc_wall_ms=0.020812000
sample n=16 lda=16 iteration=8 first=cdls cdls_ms=0.011778000 rocsolver_ms=0.013461000 cdls_submit_ms=0.004337000 roc_submit_ms=0.006801000 cdls_wall_ms=0.018258000 roc_wall_ms=0.023466000
sample n=16 lda=16 iteration=9 first=rocsolver cdls_ms=0.009255000 rocsolver_ms=0.015905000 cdls_submit_ms=0.003355000 roc_submit_ms=0.007552000 cdls_wall_ms=0.018489000 roc_wall_ms=0.022935000
sample n=16 lda=16 iteration=10 first=cdls cdls_ms=0.009495000 rocsolver_ms=0.023556000 cdls_submit_ms=0.002374000 roc_submit_ms=0.014903000 cdls_wall_ms=0.016776000 roc_wall_ms=0.032851000
sample n=16 lda=16 iteration=11 first=rocsolver cdls_ms=0.011538000 rocsolver_ms=0.022715000 cdls_submit_ms=0.003355000 roc_submit_ms=0.014342000 cdls_wall_ms=0.021923000 roc_wall_ms=0.031268000
sample n=16 lda=16 iteration=12 first=cdls cdls_ms=0.011497000 rocsolver_ms=0.016826000 cdls_submit_ms=0.002374000 roc_submit_ms=0.008153000 cdls_wall_ms=0.021483000 roc_wall_ms=0.025119000
sample n=16 lda=16 iteration=13 first=rocsolver cdls_ms=0.009855000 rocsolver_ms=0.015823999 cdls_submit_ms=0.003916000 roc_submit_ms=0.008683000 cdls_wall_ms=0.019269000 roc_wall_ms=0.029255000
sample n=16 lda=16 iteration=14 first=cdls cdls_ms=0.009214000 rocsolver_ms=0.019390000 cdls_submit_ms=0.002303000 roc_submit_ms=0.011337000 cdls_wall_ms=0.017667000 roc_wall_ms=0.029546000
sample n=16 lda=16 iteration=15 first=rocsolver cdls_ms=0.009855000 rocsolver_ms=0.012740000 cdls_submit_ms=0.002875000 roc_submit_ms=0.006029000 cdls_wall_ms=0.017737000 roc_wall_ms=0.022354000
sample n=16 lda=16 iteration=16 first=cdls cdls_ms=0.011819000 rocsolver_ms=0.018668000 cdls_submit_ms=0.004036000 roc_submit_ms=0.009965000 cdls_wall_ms=0.020942000 roc_wall_ms=0.027703000
sample n=16 lda=16 iteration=17 first=rocsolver cdls_ms=0.009735000 rocsolver_ms=0.014503000 cdls_submit_ms=0.003205000 roc_submit_ms=0.006690000 cdls_wall_ms=0.019059000 roc_wall_ms=0.023115000
sample n=16 lda=16 iteration=18 first=cdls cdls_ms=0.009935000 rocsolver_ms=0.021392999 cdls_submit_ms=0.003005000 roc_submit_ms=0.013130000 cdls_wall_ms=0.021383000 roc_wall_ms=0.030687000
sample n=16 lda=16 iteration=19 first=rocsolver cdls_ms=0.009654000 rocsolver_ms=0.016345000 cdls_submit_ms=0.002794000 roc_submit_ms=0.007752000 cdls_wall_ms=0.016776000 roc_wall_ms=0.024718000
sample n=16 lda=16 iteration=20 first=cdls cdls_ms=0.009655000 rocsolver_ms=0.017106000 cdls_submit_ms=0.002724000 roc_submit_ms=0.008583000 cdls_wall_ms=0.019349000 roc_wall_ms=0.023706000
sample n=16 lda=16 iteration=21 first=rocsolver cdls_ms=0.010977000 rocsolver_ms=0.014543000 cdls_submit_ms=0.003225000 roc_submit_ms=0.008112000 cdls_wall_ms=0.017587000 roc_wall_ms=0.022785000
sample n=16 lda=16 iteration=22 first=cdls cdls_ms=0.011858000 rocsolver_ms=0.018147999 cdls_submit_ms=0.004096000 roc_submit_ms=0.009284000 cdls_wall_ms=0.018808000 roc_wall_ms=0.025349000
sample n=16 lda=16 iteration=23 first=rocsolver cdls_ms=0.012259000 rocsolver_ms=0.016225001 cdls_submit_ms=0.003115000 roc_submit_ms=0.006690000 cdls_wall_ms=0.019610000 roc_wall_ms=0.022906000
sample n=16 lda=16 iteration=24 first=cdls cdls_ms=0.015104000 rocsolver_ms=0.019029001 cdls_submit_ms=0.005318000 roc_submit_ms=0.010506000 cdls_wall_ms=0.024198000 roc_wall_ms=0.026060000
sample n=16 lda=16 iteration=25 first=rocsolver cdls_ms=0.010897000 rocsolver_ms=0.015023000 cdls_submit_ms=0.003175000 roc_submit_ms=0.006430000 cdls_wall_ms=0.017668000 roc_wall_ms=0.024468000
sample n=16 lda=16 iteration=26 first=cdls cdls_ms=0.010897000 rocsolver_ms=0.016826000 cdls_submit_ms=0.003255000 roc_submit_ms=0.008373000 cdls_wall_ms=0.018678000 roc_wall_ms=0.023196000
sample n=16 lda=16 iteration=27 first=rocsolver cdls_ms=0.009695000 rocsolver_ms=0.016105000 cdls_submit_ms=0.002504000 roc_submit_ms=0.006380000 cdls_wall_ms=0.016936000 roc_wall_ms=0.022454000
sample n=16 lda=16 iteration=28 first=cdls cdls_ms=0.009655000 rocsolver_ms=0.022875000 cdls_submit_ms=0.002494000 roc_submit_ms=0.014201000 cdls_wall_ms=0.017257000 roc_wall_ms=0.029245000
sample n=16 lda=16 iteration=29 first=rocsolver cdls_ms=0.009936000 rocsolver_ms=0.015264000 cdls_submit_ms=0.002774000 roc_submit_ms=0.006760000 cdls_wall_ms=0.017286000 roc_wall_ms=0.024447000
bench n=16 lda=16 repeats=30 cdls_median_ms=0.010376 rocsolver_median_ms=0.016385 cdls_mean_ms=0.010835 rocsolver_mean_ms=0.017319 cdls_gflops=0.250578 workspace_bytes=12 roc_workspace_bytes=0 cdls_submit_ms=0.003145 roc_submit_ms=0.008263 cdls_wall_ms=0.018743 roc_wall_ms=0.024723 rocsolver_gflops=0.158682 speedup=1.579125
