device=AMD Instinct MI300A arch=gfx942:sramecc+:xnack- HIP=60443484 CUs=228 memory_bytes=137438953472 rocSOLVER=3.28.2.1b897f5 rocBLAS=4.4.1.f08d23e3 baseline=rocsolver_dgetrf_npvt fp64 seed=20261001 method=auto matrix=dense n=12288 lda=12288 offset=0 warmup=5 repeats=30
validate n=12288 lda=12288 kind=dense info=7/0 L_rel=4.7960e-16 U_rel=1.2396e-15 residual_scaled=4.7372e-04/1.7856e-04 PASS
sample n=12288 lda=12288 iteration=0 first=cdls cdls_ms=48.371837616 rocsolver_ms=57.259719849 cdls_submit_ms=1.001978000 roc_submit_ms=13.930188000 cdls_wall_ms=48.385919000 roc_wall_ms=57.267413000
sample n=12288 lda=12288 iteration=1 first=rocsolver cdls_ms=49.458217621 rocsolver_ms=58.407447815 cdls_submit_ms=1.612954000 roc_submit_ms=15.931407000 cdls_wall_ms=49.472997000 roc_wall_ms=58.910373000
sample n=12288 lda=12288 iteration=2 first=cdls cdls_ms=48.317443848 rocsolver_ms=57.311206818 cdls_submit_ms=0.329295000 roc_submit_ms=13.749961000 cdls_wall_ms=48.326268000 roc_wall_ms=57.320223000
sample n=12288 lda=12288 iteration=3 first=rocsolver cdls_ms=48.406860352 rocsolver_ms=58.338756561 cdls_submit_ms=0.939321000 roc_submit_ms=16.147779000 cdls_wall_ms=48.891435000 roc_wall_ms=58.859625000
sample n=12288 lda=12288 iteration=4 first=cdls cdls_ms=48.729396820 rocsolver_ms=57.761810303 cdls_submit_ms=0.322374000 roc_submit_ms=13.636697000 cdls_wall_ms=48.738560000 roc_wall_ms=57.771385000
sample n=12288 lda=12288 iteration=5 first=rocsolver cdls_ms=49.132682800 rocsolver_ms=58.190227509 cdls_submit_ms=1.510777000 roc_submit_ms=15.681083000 cdls_wall_ms=49.141268000 roc_wall_ms=58.667229000
sample n=12288 lda=12288 iteration=6 first=cdls cdls_ms=48.393833160 rocsolver_ms=57.614604950 cdls_submit_ms=0.331399000 roc_submit_ms=13.581573000 cdls_wall_ms=48.401283000 roc_wall_ms=57.621726000
sample n=12288 lda=12288 iteration=7 first=rocsolver cdls_ms=48.530960083 rocsolver_ms=58.375812531 cdls_submit_ms=0.979092000 roc_submit_ms=14.059736000 cdls_wall_ms=49.018420000 roc_wall_ms=58.856370000
sample n=12288 lda=12288 iteration=8 first=cdls cdls_ms=48.297332764 rocsolver_ms=57.457782745 cdls_submit_ms=0.319771000 roc_submit_ms=13.390820000 cdls_wall_ms=48.305035000 roc_wall_ms=57.465627000
sample n=12288 lda=12288 iteration=9 first=rocsolver cdls_ms=49.208271027 rocsolver_ms=58.533374786 cdls_submit_ms=1.437675000 roc_submit_ms=18.630938000 cdls_wall_ms=49.217205000 roc_wall_ms=58.990305000
sample n=12288 lda=12288 iteration=10 first=cdls cdls_ms=48.627979279 rocsolver_ms=57.665855408 cdls_submit_ms=0.352261000 roc_submit_ms=13.327864000 cdls_wall_ms=48.636543000 roc_wall_ms=57.675309000
sample n=12288 lda=12288 iteration=11 first=rocsolver cdls_ms=49.059158325 rocsolver_ms=58.469703674 cdls_submit_ms=0.997610000 roc_submit_ms=13.894593000 cdls_wall_ms=49.546490000 roc_wall_ms=58.949112000
sample n=12288 lda=12288 iteration=12 first=cdls cdls_ms=48.686550140 rocsolver_ms=57.997844696 cdls_submit_ms=0.326170000 roc_submit_ms=13.420094000 cdls_wall_ms=48.695243000 roc_wall_ms=58.006225000
sample n=12288 lda=12288 iteration=13 first=rocsolver cdls_ms=49.090148926 rocsolver_ms=58.645294189 cdls_submit_ms=0.988466000 roc_submit_ms=13.980895000 cdls_wall_ms=49.616758000 roc_wall_ms=59.124792000
sample n=12288 lda=12288 iteration=14 first=cdls cdls_ms=48.820743561 rocsolver_ms=58.310371399 cdls_submit_ms=0.350277000 roc_submit_ms=13.462811000 cdls_wall_ms=48.828298000 roc_wall_ms=58.319055000
sample n=12288 lda=12288 iteration=15 first=rocsolver cdls_ms=49.284175873 rocsolver_ms=58.634086609 cdls_submit_ms=1.422773000 roc_submit_ms=14.236768000 cdls_wall_ms=49.292771000 roc_wall_ms=59.115597000
sample n=12288 lda=12288 iteration=16 first=cdls cdls_ms=48.650714874 rocsolver_ms=58.324695587 cdls_submit_ms=0.308603000 roc_submit_ms=13.559769000 cdls_wall_ms=48.658378000 roc_wall_ms=58.332556000
sample n=12288 lda=12288 iteration=17 first=rocsolver cdls_ms=49.112052917 rocsolver_ms=58.791900635 cdls_submit_ms=1.493681000 roc_submit_ms=13.978091000 cdls_wall_ms=49.120546000 roc_wall_ms=59.274711000
sample n=12288 lda=12288 iteration=18 first=cdls cdls_ms=48.633720398 rocsolver_ms=58.150909424 cdls_submit_ms=0.328544000 roc_submit_ms=13.567201000 cdls_wall_ms=48.640600000 roc_wall_ms=58.159661000
sample n=12288 lda=12288 iteration=19 first=rocsolver cdls_ms=49.436008453 rocsolver_ms=58.364273071 cdls_submit_ms=1.455343000 roc_submit_ms=14.044633000 cdls_wall_ms=49.446566000 roc_wall_ms=58.914369000
sample n=12288 lda=12288 iteration=20 first=cdls cdls_ms=49.057609558 rocsolver_ms=58.362960815 cdls_submit_ms=0.334082000 roc_submit_ms=13.452335000 cdls_wall_ms=49.065521000 roc_wall_ms=58.371596000
sample n=12288 lda=12288 iteration=21 first=rocsolver cdls_ms=49.522613525 rocsolver_ms=58.847816467 cdls_submit_ms=1.467651000 roc_submit_ms=14.239402000 cdls_wall_ms=49.529724000 roc_wall_ms=59.325579000
sample n=12288 lda=12288 iteration=22 first=cdls cdls_ms=48.751480103 rocsolver_ms=58.323711395 cdls_submit_ms=0.321263000 roc_submit_ms=13.559558000 cdls_wall_ms=48.759942000 roc_wall_ms=58.330824000
sample n=12288 lda=12288 iteration=23 first=rocsolver cdls_ms=49.293991089 rocsolver_ms=58.856201172 cdls_submit_ms=1.486099000 roc_submit_ms=14.192400000 cdls_wall_ms=49.304067000 roc_wall_ms=59.337749000
sample n=12288 lda=12288 iteration=24 first=cdls cdls_ms=48.575401306 rocsolver_ms=58.318962097 cdls_submit_ms=0.334953000 roc_submit_ms=13.583185000 cdls_wall_ms=48.583211000 roc_wall_ms=58.326317000
sample n=12288 lda=12288 iteration=25 first=rocsolver cdls_ms=49.532718658 rocsolver_ms=58.956653595 cdls_submit_ms=1.487893000 roc_submit_ms=14.213212000 cdls_wall_ms=49.541522000 roc_wall_ms=59.433986000
sample n=12288 lda=12288 iteration=26 first=cdls cdls_ms=49.071380615 rocsolver_ms=58.411487579 cdls_submit_ms=0.319901000 roc_submit_ms=13.366804000 cdls_wall_ms=49.079502000 roc_wall_ms=58.419670000
sample n=12288 lda=12288 iteration=27 first=rocsolver cdls_ms=49.637081146 rocsolver_ms=58.998786926 cdls_submit_ms=1.414780000 roc_submit_ms=14.164527000 cdls_wall_ms=49.646983000 roc_wall_ms=59.470842000
sample n=12288 lda=12288 iteration=28 first=cdls cdls_ms=48.886909485 rocsolver_ms=58.520217896 cdls_submit_ms=0.340282000 roc_submit_ms=14.024492000 cdls_wall_ms=48.895381000 roc_wall_ms=58.527975000
sample n=12288 lda=12288 iteration=29 first=rocsolver cdls_ms=49.325088501 rocsolver_ms=58.962825775 cdls_submit_ms=1.427490000 roc_submit_ms=14.164246000 cdls_wall_ms=49.333413000 roc_wall_ms=59.448437000
bench n=12288 lda=12288 repeats=30 cdls_median_ms=48.972260 rocsolver_median_ms=58.363617 cdls_mean_ms=48.930079 rocsolver_mean_ms=58.305510 cdls_gflops=25256.647208 workspace_bytes=147464 roc_workspace_bytes=50955456 cdls_submit_ms=0.959206 roc_submit_ms=13.954140 cdls_wall_ms=49.041970 roc_wall_ms=58.597602 rocsolver_gflops=21192.570757 speedup=1.191769
