device=AMD Instinct MI300A arch=gfx942:sramecc+:xnack- HIP=60443484 CUs=228 memory_bytes=137438953472 rocSOLVER=3.28.2.1b897f5 rocBLAS=4.4.1.f08d23e3 baseline=rocsolver_dgetrf_npvt fp64 seed=20261001 method=auto matrix=dense n=16384 lda=16384 offset=0 warmup=5 repeats=30
validate n=16384 lda=16384 kind=dense info=7/0 L_rel=5.6795e-16 U_rel=1.7038e-15 residual_scaled=4.9962e-04/2.0443e-04 PASS
sample n=16384 lda=16384 iteration=0 first=cdls cdls_ms=102.459106445 rocsolver_ms=109.087799072 cdls_submit_ms=1.304301000 roc_submit_ms=67.808824000 cdls_wall_ms=102.599936000 roc_wall_ms=109.101137000
sample n=16384 lda=16384 iteration=1 first=rocsolver cdls_ms=102.080390930 rocsolver_ms=110.365837097 cdls_submit_ms=1.632443000 roc_submit_ms=45.130470000 cdls_wall_ms=102.869690000 roc_wall_ms=110.928329000
sample n=16384 lda=16384 iteration=2 first=cdls cdls_ms=102.606826782 rocsolver_ms=109.858604431 cdls_submit_ms=0.489631000 roc_submit_ms=67.967337000 cdls_wall_ms=102.622340000 roc_wall_ms=109.871198000
sample n=16384 lda=16384 iteration=3 first=rocsolver cdls_ms=103.653053284 rocsolver_ms=110.387069702 cdls_submit_ms=1.373927000 roc_submit_ms=45.339791000 cdls_wall_ms=104.333284000 roc_wall_ms=110.859755000
sample n=16384 lda=16384 iteration=4 first=cdls cdls_ms=102.857322693 rocsolver_ms=109.248863220 cdls_submit_ms=0.478815000 roc_submit_ms=67.151005000 cdls_wall_ms=102.864441000 roc_wall_ms=109.261893000
sample n=16384 lda=16384 iteration=5 first=rocsolver cdls_ms=102.936119080 rocsolver_ms=110.762321472 cdls_submit_ms=1.326374000 roc_submit_ms=45.364830000 cdls_wall_ms=103.615733000 roc_wall_ms=111.241559000
sample n=16384 lda=16384 iteration=6 first=cdls cdls_ms=102.294624329 rocsolver_ms=110.356575012 cdls_submit_ms=0.490823000 roc_submit_ms=67.866703000 cdls_wall_ms=102.307256000 roc_wall_ms=110.365036000
sample n=16384 lda=16384 iteration=7 first=rocsolver cdls_ms=102.927932739 rocsolver_ms=110.794403076 cdls_submit_ms=1.354287000 roc_submit_ms=45.182720000 cdls_wall_ms=103.599939000 roc_wall_ms=111.333059000
sample n=16384 lda=16384 iteration=8 first=cdls cdls_ms=102.621917725 rocsolver_ms=110.468147278 cdls_submit_ms=0.451713000 roc_submit_ms=67.949209000 cdls_wall_ms=102.629150000 roc_wall_ms=110.481094000
sample n=16384 lda=16384 iteration=9 first=rocsolver cdls_ms=104.068511963 rocsolver_ms=111.374649048 cdls_submit_ms=1.336090000 roc_submit_ms=45.516792000 cdls_wall_ms=104.745617000 roc_wall_ms=111.867169000
sample n=16384 lda=16384 iteration=10 first=cdls cdls_ms=103.104225159 rocsolver_ms=110.795799255 cdls_submit_ms=0.478825000 roc_submit_ms=68.202057000 cdls_wall_ms=103.110668000 roc_wall_ms=110.809427000
sample n=16384 lda=16384 iteration=11 first=rocsolver cdls_ms=104.083282471 rocsolver_ms=111.685264587 cdls_submit_ms=1.496636000 roc_submit_ms=45.710429000 cdls_wall_ms=104.511937000 roc_wall_ms=112.155982000
sample n=16384 lda=16384 iteration=12 first=cdls cdls_ms=103.439552307 rocsolver_ms=110.856796265 cdls_submit_ms=0.458193000 roc_submit_ms=68.266986000 cdls_wall_ms=103.447244000 roc_wall_ms=110.864872000
sample n=16384 lda=16384 iteration=13 first=rocsolver cdls_ms=104.815826416 rocsolver_ms=111.944892883 cdls_submit_ms=1.930912000 roc_submit_ms=46.131255000 cdls_wall_ms=104.828443000 roc_wall_ms=111.960612000
sample n=16384 lda=16384 iteration=14 first=cdls cdls_ms=104.319145203 rocsolver_ms=111.280448914 cdls_submit_ms=0.446525000 roc_submit_ms=68.467774000 cdls_wall_ms=104.331571000 roc_wall_ms=111.294430000
sample n=16384 lda=16384 iteration=15 first=rocsolver cdls_ms=104.512947083 rocsolver_ms=111.767417908 cdls_submit_ms=1.338903000 roc_submit_ms=45.463281000 cdls_wall_ms=105.196027000 roc_wall_ms=112.238909000
sample n=16384 lda=16384 iteration=16 first=cdls cdls_ms=103.913185120 rocsolver_ms=110.835334778 cdls_submit_ms=0.507879000 roc_submit_ms=68.278404000 cdls_wall_ms=103.922093000 roc_wall_ms=110.848376000
sample n=16384 lda=16384 iteration=17 first=rocsolver cdls_ms=104.056175232 rocsolver_ms=112.485847473 cdls_submit_ms=1.305442000 roc_submit_ms=45.707425000 cdls_wall_ms=104.726947000 roc_wall_ms=112.614926000
sample n=16384 lda=16384 iteration=18 first=cdls cdls_ms=103.918258667 rocsolver_ms=111.787681580 cdls_submit_ms=0.482019000 roc_submit_ms=68.553025000 cdls_wall_ms=103.926690000 roc_wall_ms=111.802088000
sample n=16384 lda=16384 iteration=19 first=rocsolver cdls_ms=104.217689514 rocsolver_ms=111.847358704 cdls_submit_ms=1.425256000 roc_submit_ms=45.482810000 cdls_wall_ms=104.830285000 roc_wall_ms=112.324800000
sample n=16384 lda=16384 iteration=20 first=cdls cdls_ms=103.857368469 rocsolver_ms=112.013000488 cdls_submit_ms=0.493346000 roc_submit_ms=69.039080000 cdls_wall_ms=103.865977000 roc_wall_ms=112.026382000
sample n=16384 lda=16384 iteration=21 first=rocsolver cdls_ms=104.440483093 rocsolver_ms=112.832878113 cdls_submit_ms=1.360558000 roc_submit_ms=46.137795000 cdls_wall_ms=105.113520000 roc_wall_ms=112.844727000
sample n=16384 lda=16384 iteration=22 first=cdls cdls_ms=104.086624146 rocsolver_ms=111.723777771 cdls_submit_ms=0.501579000 roc_submit_ms=68.751289000 cdls_wall_ms=104.094748000 roc_wall_ms=111.736207000
sample n=16384 lda=16384 iteration=23 first=rocsolver cdls_ms=104.493049622 rocsolver_ms=112.269096375 cdls_submit_ms=1.363741000 roc_submit_ms=45.516161000 cdls_wall_ms=105.175525000 roc_wall_ms=112.753608000
sample n=16384 lda=16384 iteration=24 first=cdls cdls_ms=104.110816956 rocsolver_ms=111.643005371 cdls_submit_ms=0.473736000 roc_submit_ms=68.460502000 cdls_wall_ms=104.118224000 roc_wall_ms=111.657126000
sample n=16384 lda=16384 iteration=25 first=rocsolver cdls_ms=104.999717712 rocsolver_ms=112.248970032 cdls_submit_ms=1.362360000 roc_submit_ms=45.198644000 cdls_wall_ms=105.671225000 roc_wall_ms=112.728079000
sample n=16384 lda=16384 iteration=26 first=cdls cdls_ms=104.872573853 rocsolver_ms=112.249900818 cdls_submit_ms=0.485165000 roc_submit_ms=68.750678000 cdls_wall_ms=104.880171000 roc_wall_ms=112.264197000
sample n=16384 lda=16384 iteration=27 first=rocsolver cdls_ms=104.710906982 rocsolver_ms=112.828651428 cdls_submit_ms=1.352805000 roc_submit_ms=45.583674000 cdls_wall_ms=105.388321000 roc_wall_ms=113.378997000
sample n=16384 lda=16384 iteration=28 first=cdls cdls_ms=103.723335266 rocsolver_ms=111.647323608 cdls_submit_ms=0.475549000 roc_submit_ms=68.301979000 cdls_wall_ms=103.731320000 roc_wall_ms=111.655784000
sample n=16384 lda=16384 iteration=29 first=rocsolver cdls_ms=104.993095398 rocsolver_ms=112.398902893 cdls_submit_ms=1.365574000 roc_submit_ms=45.324838000 cdls_wall_ms=105.674440000 roc_wall_ms=112.887493000
bench n=16384 lda=16384 repeats=30 cdls_median_ms=103.987217 rocsolver_median_ms=111.645164 cdls_mean_ms=103.772469 rocsolver_mean_ms=111.328221 cdls_gflops=28194.780791 workspace_bytes=262152 roc_workspace_bytes=67765440 cdls_submit_ms=1.304871 roc_submit_ms=56.644400 cdls_wall_ms=104.106486 roc_wall_ms=111.696666 rocsolver_gflops=26260.848827 speedup=1.073643
