device=AMD Instinct MI300A arch=gfx942:sramecc+:xnack- HIP=60443484 CUs=228 memory_bytes=137438953472 rocSOLVER=3.28.2.1b897f5 rocBLAS=4.4.1.f08d23e3 baseline=rocsolver_dgetrf_npvt fp64 seed=20261001 method=auto matrix=dense n=3072 lda=3072 offset=0 warmup=5 repeats=30
validate n=3072 lda=3072 kind=dense info=7/0 L_rel=7.8305e-16 U_rel=1.6757e-15 residual_scaled=2.3644e-03/6.8100e-04 PASS
sample n=3072 lda=3072 iteration=0 first=cdls cdls_ms=3.054244995 rocsolver_ms=6.409934044 cdls_submit_ms=0.005799000 roc_submit_ms=3.324201000 cdls_wall_ms=3.069249000 roc_wall_ms=6.418447000
sample n=3072 lda=3072 iteration=1 first=rocsolver cdls_ms=3.051079988 rocsolver_ms=6.978314877 cdls_submit_ms=0.010646000 roc_submit_ms=6.118807000 cdls_wall_ms=3.058422000 roc_wall_ms=6.985848000
sample n=3072 lda=3072 iteration=2 first=cdls cdls_ms=3.002567053 rocsolver_ms=6.439508915 cdls_submit_ms=0.011788000 roc_submit_ms=3.482633000 cdls_wall_ms=3.011410000 roc_wall_ms=6.445879000
sample n=3072 lda=3072 iteration=3 first=rocsolver cdls_ms=3.055648088 rocsolver_ms=6.946085930 cdls_submit_ms=0.010817000 roc_submit_ms=6.109964000 cdls_wall_ms=3.061637000 roc_wall_ms=6.953879000
sample n=3072 lda=3072 iteration=4 first=cdls cdls_ms=3.080166101 rocsolver_ms=6.369320869 cdls_submit_ms=0.012159000 roc_submit_ms=3.473980000 cdls_wall_ms=3.088419000 roc_wall_ms=6.377515000
sample n=3072 lda=3072 iteration=5 first=rocsolver cdls_ms=3.053283930 rocsolver_ms=6.821094036 cdls_submit_ms=0.009655000 roc_submit_ms=6.140671000 cdls_wall_ms=3.061016000 roc_wall_ms=6.828757000
sample n=3072 lda=3072 iteration=6 first=cdls cdls_ms=3.104521990 rocsolver_ms=6.425686836 cdls_submit_ms=0.007702000 roc_submit_ms=3.521804000 cdls_wall_ms=3.251328000 roc_wall_ms=6.433911000
sample n=3072 lda=3072 iteration=7 first=rocsolver cdls_ms=3.271459103 rocsolver_ms=6.915979862 cdls_submit_ms=0.030427000 roc_submit_ms=6.030111000 cdls_wall_ms=3.279953000 roc_wall_ms=6.924073000
sample n=3072 lda=3072 iteration=8 first=cdls cdls_ms=3.069227934 rocsolver_ms=6.420460224 cdls_submit_ms=0.012470000 roc_submit_ms=3.486900000 cdls_wall_ms=3.077221000 roc_wall_ms=6.430375000
sample n=3072 lda=3072 iteration=9 first=rocsolver cdls_ms=3.065783978 rocsolver_ms=6.886734962 cdls_submit_ms=0.017707000 roc_submit_ms=6.151028000 cdls_wall_ms=3.073115000 roc_wall_ms=6.894197000
sample n=3072 lda=3072 iteration=10 first=cdls cdls_ms=3.103040934 rocsolver_ms=6.414059162 cdls_submit_ms=0.014462000 roc_submit_ms=3.390782000 cdls_wall_ms=3.110913000 roc_wall_ms=6.423925000
sample n=3072 lda=3072 iteration=11 first=rocsolver cdls_ms=3.126717091 rocsolver_ms=6.933297157 cdls_submit_ms=0.025088000 roc_submit_ms=6.112398000 cdls_wall_ms=3.134969000 roc_wall_ms=6.940989000
sample n=3072 lda=3072 iteration=12 first=cdls cdls_ms=3.121308088 rocsolver_ms=6.433569908 cdls_submit_ms=0.009865000 roc_submit_ms=3.369900000 cdls_wall_ms=3.129972000 roc_wall_ms=6.445389000
sample n=3072 lda=3072 iteration=13 first=rocsolver cdls_ms=3.271058083 rocsolver_ms=6.860214233 cdls_submit_ms=0.026190000 roc_submit_ms=6.177177000 cdls_wall_ms=3.278820000 roc_wall_ms=6.868148000
sample n=3072 lda=3072 iteration=14 first=cdls cdls_ms=2.918396950 rocsolver_ms=6.447151184 cdls_submit_ms=0.011888000 roc_submit_ms=3.438996000 cdls_wall_ms=2.926310000 roc_wall_ms=6.455093000
sample n=3072 lda=3072 iteration=15 first=rocsolver cdls_ms=3.158524990 rocsolver_ms=6.636290073 cdls_submit_ms=0.014703000 roc_submit_ms=6.135624000 cdls_wall_ms=3.166448000 roc_wall_ms=6.643933000
sample n=3072 lda=3072 iteration=16 first=cdls cdls_ms=3.195743084 rocsolver_ms=6.439379215 cdls_submit_ms=0.015144000 roc_submit_ms=3.366115000 cdls_wall_ms=3.203445000 roc_wall_ms=6.451469000
sample n=3072 lda=3072 iteration=17 first=rocsolver cdls_ms=3.151274920 rocsolver_ms=6.833302975 cdls_submit_ms=0.013370000 roc_submit_ms=6.070453000 cdls_wall_ms=3.159788000 roc_wall_ms=6.841707000
sample n=3072 lda=3072 iteration=18 first=cdls cdls_ms=3.053844929 rocsolver_ms=6.444186211 cdls_submit_ms=0.010736000 roc_submit_ms=3.322106000 cdls_wall_ms=3.063079000 roc_wall_ms=6.457617000
sample n=3072 lda=3072 iteration=19 first=rocsolver cdls_ms=3.283437014 rocsolver_ms=6.754952908 cdls_submit_ms=0.028364000 roc_submit_ms=6.193151000 cdls_wall_ms=3.291570000 roc_wall_ms=6.762765000
sample n=3072 lda=3072 iteration=20 first=cdls cdls_ms=3.126276016 rocsolver_ms=6.420629978 cdls_submit_ms=0.009014000 roc_submit_ms=3.301355000 cdls_wall_ms=3.134740000 roc_wall_ms=6.431316000
sample n=3072 lda=3072 iteration=21 first=rocsolver cdls_ms=2.989346027 rocsolver_ms=6.812410831 cdls_submit_ms=0.013791000 roc_submit_ms=5.886642000 cdls_wall_ms=2.998581000 roc_wall_ms=6.820003000
sample n=3072 lda=3072 iteration=22 first=cdls cdls_ms=3.161410093 rocsolver_ms=6.239771843 cdls_submit_ms=0.007371000 roc_submit_ms=3.253812000 cdls_wall_ms=3.170894000 roc_wall_ms=6.318515000
sample n=3072 lda=3072 iteration=23 first=rocsolver cdls_ms=3.115098953 rocsolver_ms=6.731506824 cdls_submit_ms=0.016004000 roc_submit_ms=6.081090000 cdls_wall_ms=3.123904000 roc_wall_ms=6.738658000
sample n=3072 lda=3072 iteration=24 first=cdls cdls_ms=3.091382980 rocsolver_ms=6.441341877 cdls_submit_ms=0.009925000 roc_submit_ms=3.304380000 cdls_wall_ms=3.099395000 roc_wall_ms=6.449856000
sample n=3072 lda=3072 iteration=25 first=rocsolver cdls_ms=3.106846094 rocsolver_ms=6.864992142 cdls_submit_ms=0.013801000 roc_submit_ms=6.010672000 cdls_wall_ms=3.115229000 roc_wall_ms=6.872654000
sample n=3072 lda=3072 iteration=26 first=cdls cdls_ms=3.069468975 rocsolver_ms=6.410544872 cdls_submit_ms=0.007982000 roc_submit_ms=3.281765000 cdls_wall_ms=3.078664000 roc_wall_ms=6.418467000
sample n=3072 lda=3072 iteration=27 first=rocsolver cdls_ms=3.177314043 rocsolver_ms=6.930272102 cdls_submit_ms=0.017567000 roc_submit_ms=6.187914000 cdls_wall_ms=3.185598000 roc_wall_ms=6.937834000
sample n=3072 lda=3072 iteration=28 first=cdls cdls_ms=3.092705011 rocsolver_ms=6.451097012 cdls_submit_ms=0.007141000 roc_submit_ms=3.391564000 cdls_wall_ms=3.291730000 roc_wall_ms=6.458670000
sample n=3072 lda=3072 iteration=29 first=rocsolver cdls_ms=3.105765104 rocsolver_ms=6.936261177 cdls_submit_ms=0.013501000 roc_submit_ms=6.079628000 cdls_wall_ms=3.113748000 roc_wall_ms=6.944885000
bench n=3072 lda=3072 repeats=30 cdls_median_ms=3.103781 rocsolver_median_ms=6.543694 cdls_mean_ms=3.107565 rocsolver_mean_ms=6.634945 cdls_gflops=6225.513609 workspace_bytes=9224 roc_workspace_bytes=13132992 cdls_submit_ms=0.012314 roc_submit_ms=4.704223 cdls_wall_ms=3.114489 roc_wall_ms=6.551301 rocsolver_gflops=2952.863486 speedup=2.108297
