device=AMD Instinct MI300A arch=gfx942:sramecc+:xnack- HIP=60443484 CUs=228 memory_bytes=137438953472 rocSOLVER=3.28.2.1b897f5 rocBLAS=4.4.1.f08d23e3 baseline=rocsolver_dgetrf_npvt fp64 seed=20261001 method=auto matrix=dense n=8192 lda=8192 offset=0 warmup=5 repeats=30
validate n=8192 lda=8192 kind=dense info=7/0 L_rel=7.2829e-16 U_rel=2.1479e-15 residual_scaled=1.2306e-03/3.9221e-04 PASS
sample n=8192 lda=8192 iteration=0 first=cdls cdls_ms=18.933374405 rocsolver_ms=25.923408508 cdls_submit_ms=0.671820000 roc_submit_ms=9.606196000 cdls_wall_ms=18.948508000 roc_wall_ms=25.931321000
sample n=8192 lda=8192 iteration=1 first=rocsolver cdls_ms=18.575304031 rocsolver_ms=26.329399109 cdls_submit_ms=0.531987000 roc_submit_ms=13.095760000 cdls_wall_ms=18.884190000 roc_wall_ms=26.596090000
sample n=8192 lda=8192 iteration=2 first=cdls cdls_ms=18.352403641 rocsolver_ms=25.751564026 cdls_submit_ms=0.503252000 roc_submit_ms=8.654176000 cdls_wall_ms=18.361448000 roc_wall_ms=25.760088000
sample n=8192 lda=8192 iteration=3 first=rocsolver cdls_ms=18.448429108 rocsolver_ms=26.062831879 cdls_submit_ms=0.559668000 roc_submit_ms=12.538925000 cdls_wall_ms=18.762673000 roc_wall_ms=26.340758000
sample n=8192 lda=8192 iteration=4 first=cdls cdls_ms=18.365804672 rocsolver_ms=25.725431442 cdls_submit_ms=0.464573000 roc_submit_ms=8.649719000 cdls_wall_ms=18.375430000 roc_wall_ms=25.733947000
sample n=8192 lda=8192 iteration=5 first=rocsolver cdls_ms=18.634675980 rocsolver_ms=26.412807465 cdls_submit_ms=0.570946000 roc_submit_ms=12.548500000 cdls_wall_ms=18.966336000 roc_wall_ms=26.706720000
sample n=8192 lda=8192 iteration=6 first=cdls cdls_ms=18.342857361 rocsolver_ms=25.859098434 cdls_submit_ms=0.490643000 roc_submit_ms=8.765207000 cdls_wall_ms=18.351152000 roc_wall_ms=25.868414000
sample n=8192 lda=8192 iteration=7 first=rocsolver cdls_ms=18.699375153 rocsolver_ms=26.393007278 cdls_submit_ms=0.423700000 roc_submit_ms=12.476890000 cdls_wall_ms=18.943882000 roc_wall_ms=26.698938000
sample n=8192 lda=8192 iteration=8 first=cdls cdls_ms=18.472085953 rocsolver_ms=25.839679718 cdls_submit_ms=0.378100000 roc_submit_ms=8.496374000 cdls_wall_ms=18.480159000 roc_wall_ms=25.847482000
sample n=8192 lda=8192 iteration=9 first=rocsolver cdls_ms=18.632583618 rocsolver_ms=26.411663055 cdls_submit_ms=0.554842000 roc_submit_ms=10.748739000 cdls_wall_ms=18.910540000 roc_wall_ms=26.609721000
sample n=8192 lda=8192 iteration=10 first=cdls cdls_ms=18.603176117 rocsolver_ms=25.768499374 cdls_submit_ms=0.359111000 roc_submit_ms=8.481752000 cdls_wall_ms=18.613224000 roc_wall_ms=25.776793000
sample n=8192 lda=8192 iteration=11 first=rocsolver cdls_ms=18.901596069 rocsolver_ms=26.223548889 cdls_submit_ms=0.675076000 roc_submit_ms=10.668166000 cdls_wall_ms=18.908958000 roc_wall_ms=26.491299000
sample n=8192 lda=8192 iteration=12 first=cdls cdls_ms=18.671442032 rocsolver_ms=25.828542709 cdls_submit_ms=0.406424000 roc_submit_ms=8.531638000 cdls_wall_ms=18.679826000 roc_wall_ms=25.836665000
sample n=8192 lda=8192 iteration=13 first=rocsolver cdls_ms=18.664459229 rocsolver_ms=26.330881119 cdls_submit_ms=0.667795000 roc_submit_ms=10.772576000 cdls_wall_ms=18.671763000 roc_wall_ms=26.604222000
sample n=8192 lda=8192 iteration=14 first=cdls cdls_ms=18.551948547 rocsolver_ms=25.902803421 cdls_submit_ms=0.385101000 roc_submit_ms=8.423341000 cdls_wall_ms=18.562496000 roc_wall_ms=25.911450000
sample n=8192 lda=8192 iteration=15 first=rocsolver cdls_ms=18.549995422 rocsolver_ms=26.462024689 cdls_submit_ms=0.566259000 roc_submit_ms=10.866700000 cdls_wall_ms=18.793821000 roc_wall_ms=26.737196000
sample n=8192 lda=8192 iteration=16 first=cdls cdls_ms=18.503995895 rocsolver_ms=25.795919418 cdls_submit_ms=0.369367000 roc_submit_ms=8.550076000 cdls_wall_ms=18.511578000 roc_wall_ms=25.804636000
sample n=8192 lda=8192 iteration=17 first=rocsolver cdls_ms=18.412635803 rocsolver_ms=26.573354721 cdls_submit_ms=0.567471000 roc_submit_ms=10.923988000 cdls_wall_ms=18.694819000 roc_wall_ms=26.580947000
sample n=8192 lda=8192 iteration=18 first=cdls cdls_ms=18.653423309 rocsolver_ms=25.861692429 cdls_submit_ms=0.362295000 roc_submit_ms=8.522394000 cdls_wall_ms=18.662149000 roc_wall_ms=25.870387000
sample n=8192 lda=8192 iteration=19 first=rocsolver cdls_ms=18.566551208 rocsolver_ms=26.507984161 cdls_submit_ms=0.529452000 roc_submit_ms=10.830655000 cdls_wall_ms=18.845691000 roc_wall_ms=26.769285000
sample n=8192 lda=8192 iteration=20 first=cdls cdls_ms=18.279579163 rocsolver_ms=25.944087982 cdls_submit_ms=0.352441000 roc_submit_ms=8.511558000 cdls_wall_ms=18.289727000 roc_wall_ms=25.952733000
sample n=8192 lda=8192 iteration=21 first=rocsolver cdls_ms=18.661275864 rocsolver_ms=26.423593521 cdls_submit_ms=0.603967000 roc_submit_ms=10.807399000 cdls_wall_ms=18.669691000 roc_wall_ms=26.691476000
sample n=8192 lda=8192 iteration=22 first=cdls cdls_ms=18.545358658 rocsolver_ms=25.879228592 cdls_submit_ms=0.304287000 roc_submit_ms=8.563017000 cdls_wall_ms=18.640395000 roc_wall_ms=25.888565000
sample n=8192 lda=8192 iteration=23 first=rocsolver cdls_ms=18.677412033 rocsolver_ms=26.388269424 cdls_submit_ms=0.636948000 roc_submit_ms=10.856034000 cdls_wall_ms=18.686547000 roc_wall_ms=26.655160000
sample n=8192 lda=8192 iteration=24 first=cdls cdls_ms=18.657480240 rocsolver_ms=25.944147110 cdls_submit_ms=0.387814000 roc_submit_ms=8.661047000 cdls_wall_ms=18.666215000 roc_wall_ms=25.951932000
sample n=8192 lda=8192 iteration=25 first=rocsolver cdls_ms=18.936679840 rocsolver_ms=26.439397812 cdls_submit_ms=0.827500000 roc_submit_ms=10.810504000 cdls_wall_ms=18.945794000 roc_wall_ms=26.704987000
sample n=8192 lda=8192 iteration=26 first=cdls cdls_ms=18.482292175 rocsolver_ms=25.847612381 cdls_submit_ms=0.378991000 roc_submit_ms=8.484385000 cdls_wall_ms=18.491067000 roc_wall_ms=25.855073000
sample n=8192 lda=8192 iteration=27 first=rocsolver cdls_ms=18.619583130 rocsolver_ms=26.317781448 cdls_submit_ms=0.546519000 roc_submit_ms=10.752856000 cdls_wall_ms=18.903309000 roc_wall_ms=26.587526000
sample n=8192 lda=8192 iteration=28 first=cdls cdls_ms=18.681148529 rocsolver_ms=26.062980652 cdls_submit_ms=0.398001000 roc_submit_ms=8.500480000 cdls_wall_ms=18.688710000 roc_wall_ms=26.075642000
sample n=8192 lda=8192 iteration=29 first=rocsolver cdls_ms=18.751335144 rocsolver_ms=26.450103760 cdls_submit_ms=0.493528000 roc_submit_ms=10.890697000 cdls_wall_ms=19.021490000 roc_wall_ms=26.713250000
bench n=8192 lda=8192 repeats=30 cdls_median_ms=18.611380 rocsolver_median_ms=26.062906 cdls_mean_ms=18.594275 rocsolver_mean_ms=26.122045 cdls_gflops=19690.658487 workspace_bytes=65544 roc_workspace_bytes=34145472 cdls_submit_ms=0.498390 roc_submit_ms=10.137181 cdls_wall_ms=18.683186 roc_wall_ms=26.208200 rocsolver_gflops=14060.992139 speedup=1.400375
