device=AMD Instinct MI300A arch=gfx942:sramecc+:xnack- HIP=60443484 CUs=228 memory_bytes=137438953472 rocSOLVER=3.28.2.1b897f5 rocBLAS=4.4.1.f08d23e3 baseline=rocsolver_dgetrf_npvt fp64 seed=20261001 method=auto matrix=dense n=8192 lda=8192 offset=0 warmup=5 repeats=30
validate n=8192 lda=8192 kind=dense info=7/0 L_rel=1.6309e-15 U_rel=4.0342e-15 residual_scaled=2.1920e-03/3.9221e-04 PASS
sample n=8192 lda=8192 iteration=0 first=cdls cdls_ms=27.666839600 rocsolver_ms=26.146007538 cdls_submit_ms=0.009515000 roc_submit_ms=9.028450000 cdls_wall_ms=28.145696000 roc_wall_ms=26.154082000
sample n=8192 lda=8192 iteration=1 first=rocsolver cdls_ms=27.503469467 rocsolver_ms=26.341478348 cdls_submit_ms=0.008503000 roc_submit_ms=12.881962000 cdls_wall_ms=27.826256000 roc_wall_ms=26.613076000
sample n=8192 lda=8192 iteration=2 first=cdls cdls_ms=27.122283936 rocsolver_ms=26.386436462 cdls_submit_ms=0.007241000 roc_submit_ms=9.256700000 cdls_wall_ms=27.129728000 roc_wall_ms=26.394020000
sample n=8192 lda=8192 iteration=3 first=rocsolver cdls_ms=27.816751480 rocsolver_ms=26.375068665 cdls_submit_ms=0.008543000 roc_submit_ms=13.017599000 cdls_wall_ms=28.082300000 roc_wall_ms=26.655290000
sample n=8192 lda=8192 iteration=4 first=cdls cdls_ms=26.951543808 rocsolver_ms=26.065113068 cdls_submit_ms=0.006490000 roc_submit_ms=9.217991000 cdls_wall_ms=27.123979000 roc_wall_ms=26.073848000
sample n=8192 lda=8192 iteration=5 first=rocsolver cdls_ms=27.787185669 rocsolver_ms=26.345884323 cdls_submit_ms=0.008984000 roc_submit_ms=12.445452000 cdls_wall_ms=28.123682000 roc_wall_ms=26.655821000
sample n=8192 lda=8192 iteration=6 first=cdls cdls_ms=27.438772202 rocsolver_ms=26.360126495 cdls_submit_ms=0.159174000 roc_submit_ms=9.327899000 cdls_wall_ms=27.446905000 roc_wall_ms=26.367749000
sample n=8192 lda=8192 iteration=7 first=rocsolver cdls_ms=27.570894241 rocsolver_ms=26.263357162 cdls_submit_ms=0.008983000 roc_submit_ms=12.472924000 cdls_wall_ms=27.879978000 roc_wall_ms=26.580114000
sample n=8192 lda=8192 iteration=8 first=cdls cdls_ms=26.874824524 rocsolver_ms=26.145727158 cdls_submit_ms=0.009244000 roc_submit_ms=9.175736000 cdls_wall_ms=26.882248000 roc_wall_ms=26.288598000
sample n=8192 lda=8192 iteration=9 first=rocsolver cdls_ms=27.528827667 rocsolver_ms=26.468563080 cdls_submit_ms=0.008062000 roc_submit_ms=12.735105000 cdls_wall_ms=27.835781000 roc_wall_ms=26.475694000
sample n=8192 lda=8192 iteration=10 first=cdls cdls_ms=27.424507141 rocsolver_ms=26.453819275 cdls_submit_ms=0.119063000 roc_submit_ms=9.009450000 cdls_wall_ms=27.433804000 roc_wall_ms=26.463006000
sample n=8192 lda=8192 iteration=11 first=rocsolver cdls_ms=27.555912018 rocsolver_ms=26.663702011 cdls_submit_ms=0.008393000 roc_submit_ms=10.974405000 cdls_wall_ms=27.841009000 roc_wall_ms=26.950102000
sample n=8192 lda=8192 iteration=12 first=cdls cdls_ms=26.966365814 rocsolver_ms=26.385343552 cdls_submit_ms=0.008303000 roc_submit_ms=8.988468000 cdls_wall_ms=26.974610000 roc_wall_ms=26.395000000
sample n=8192 lda=8192 iteration=13 first=rocsolver cdls_ms=27.480636597 rocsolver_ms=26.459608078 cdls_submit_ms=0.008463000 roc_submit_ms=11.057212000 cdls_wall_ms=27.762188000 roc_wall_ms=26.733781000
sample n=8192 lda=8192 iteration=14 first=cdls cdls_ms=27.075574875 rocsolver_ms=25.806447983 cdls_submit_ms=0.112302000 roc_submit_ms=8.894214000 cdls_wall_ms=27.083978000 roc_wall_ms=25.813389000
sample n=8192 lda=8192 iteration=15 first=rocsolver cdls_ms=27.700452805 rocsolver_ms=26.413215637 cdls_submit_ms=0.008543000 roc_submit_ms=11.887116000 cdls_wall_ms=27.994144000 roc_wall_ms=26.437276000
sample n=8192 lda=8192 iteration=16 first=cdls cdls_ms=27.213743210 rocsolver_ms=26.450304031 cdls_submit_ms=0.008123000 roc_submit_ms=8.987417000 cdls_wall_ms=27.343606000 roc_wall_ms=26.457637000
sample n=8192 lda=8192 iteration=17 first=rocsolver cdls_ms=27.785221100 rocsolver_ms=26.469114304 cdls_submit_ms=0.008363000 roc_submit_ms=11.098846000 cdls_wall_ms=28.063771000 roc_wall_ms=26.747341000
sample n=8192 lda=8192 iteration=18 first=cdls cdls_ms=27.367862701 rocsolver_ms=26.107788086 cdls_submit_ms=0.009114000 roc_submit_ms=9.037133000 cdls_wall_ms=27.376096000 roc_wall_ms=26.114791000
sample n=8192 lda=8192 iteration=19 first=rocsolver cdls_ms=27.915222168 rocsolver_ms=26.452308655 cdls_submit_ms=0.010106000 roc_submit_ms=11.393458000 cdls_wall_ms=28.210806000 roc_wall_ms=26.745790000
sample n=8192 lda=8192 iteration=20 first=cdls cdls_ms=26.873023987 rocsolver_ms=26.069932938 cdls_submit_ms=0.109889000 roc_submit_ms=8.934225000 cdls_wall_ms=26.881627000 roc_wall_ms=26.078585000
sample n=8192 lda=8192 iteration=21 first=rocsolver cdls_ms=27.638717651 rocsolver_ms=26.422651291 cdls_submit_ms=0.009454000 roc_submit_ms=11.512060000 cdls_wall_ms=27.939731000 roc_wall_ms=26.705657000
sample n=8192 lda=8192 iteration=22 first=cdls cdls_ms=27.187143326 rocsolver_ms=26.124153137 cdls_submit_ms=0.120625000 roc_submit_ms=8.986566000 cdls_wall_ms=27.195439000 roc_wall_ms=26.132147000
sample n=8192 lda=8192 iteration=23 first=rocsolver cdls_ms=27.685710907 rocsolver_ms=26.424566269 cdls_submit_ms=0.008844000 roc_submit_ms=11.370272000 cdls_wall_ms=27.985861000 roc_wall_ms=26.710454000
sample n=8192 lda=8192 iteration=24 first=cdls cdls_ms=27.218832016 rocsolver_ms=26.579162598 cdls_submit_ms=0.008122000 roc_submit_ms=9.096615000 cdls_wall_ms=27.348544000 roc_wall_ms=26.586174000
sample n=8192 lda=8192 iteration=25 first=rocsolver cdls_ms=27.883171082 rocsolver_ms=26.656040192 cdls_submit_ms=0.008082000 roc_submit_ms=11.901817000 cdls_wall_ms=28.176454000 roc_wall_ms=26.929752000
sample n=8192 lda=8192 iteration=26 first=cdls cdls_ms=27.085710526 rocsolver_ms=26.313745499 cdls_submit_ms=0.109648000 roc_submit_ms=9.160623000 cdls_wall_ms=27.094634000 roc_wall_ms=26.321067000
sample n=8192 lda=8192 iteration=27 first=rocsolver cdls_ms=27.988416672 rocsolver_ms=26.529756546 cdls_submit_ms=0.008533000 roc_submit_ms=11.026625000 cdls_wall_ms=28.274884000 roc_wall_ms=26.810047000
sample n=8192 lda=8192 iteration=28 first=cdls cdls_ms=27.395223618 rocsolver_ms=26.303047180 cdls_submit_ms=0.112523000 roc_submit_ms=9.011243000 cdls_wall_ms=27.404429000 roc_wall_ms=26.311683000
sample n=8192 lda=8192 iteration=29 first=rocsolver cdls_ms=27.860057831 rocsolver_ms=26.510456085 cdls_submit_ms=0.008232000 roc_submit_ms=10.999654000 cdls_wall_ms=28.143844000 roc_wall_ms=26.788054000
bench n=8192 lda=8192 repeats=30 cdls_median_ms=27.492053 rocsolver_median_ms=26.385890 cdls_mean_ms=27.452097 rocsolver_mean_ms=26.349764 cdls_gflops=13330.045585 workspace_bytes=65544 roc_workspace_bytes=34145472 cdls_submit_ms=0.008693 roc_submit_ms=10.151152 cdls_wall_ms=27.794222 roc_wall_ms=26.469350 rocsolver_gflops=13888.874699 speedup=0.959764
