device=AMD Instinct MI300A arch=gfx942:sramecc+:xnack- HIP=60443484 CUs=228 memory_bytes=137438953472 rocSOLVER=3.28.2.1b897f5 rocBLAS=4.4.1.f08d23e3 baseline=rocsolver_dgetrf_npvt fp64 seed=20261001 method=auto matrix=dense n=8192 lda=16384 offset=0 warmup=5 repeats=30
validate n=8192 lda=16384 kind=dense info=7/0 L_rel=1.6309e-15 U_rel=4.0342e-15 residual_scaled=2.1920e-03/3.9221e-04 PASS
sample n=8192 lda=16384 iteration=0 first=cdls cdls_ms=27.779418945 rocsolver_ms=26.341043472 cdls_submit_ms=0.008614000 roc_submit_ms=9.460611000 cdls_wall_ms=27.952706000 roc_wall_ms=26.348818000
sample n=8192 lda=16384 iteration=1 first=rocsolver cdls_ms=27.774251938 rocsolver_ms=26.418451309 cdls_submit_ms=0.009204000 roc_submit_ms=12.866161000 cdls_wall_ms=28.164000000 roc_wall_ms=26.494971000
sample n=8192 lda=16384 iteration=2 first=cdls cdls_ms=27.359495163 rocsolver_ms=26.437631607 cdls_submit_ms=0.007041000 roc_submit_ms=9.593275000 cdls_wall_ms=27.495996000 roc_wall_ms=26.446006000
sample n=8192 lda=16384 iteration=3 first=rocsolver cdls_ms=27.952604294 rocsolver_ms=26.448820114 cdls_submit_ms=0.008814000 roc_submit_ms=12.609317000 cdls_wall_ms=28.342293000 roc_wall_ms=26.807671000
sample n=8192 lda=16384 iteration=4 first=cdls cdls_ms=27.297159195 rocsolver_ms=26.432163239 cdls_submit_ms=0.125402000 roc_submit_ms=9.694420000 cdls_wall_ms=27.308649000 roc_wall_ms=26.441029000
sample n=8192 lda=16384 iteration=5 first=rocsolver cdls_ms=27.845279694 rocsolver_ms=26.377229691 cdls_submit_ms=0.009144000 roc_submit_ms=11.945911000 cdls_wall_ms=28.112341000 roc_wall_ms=26.762511000
sample n=8192 lda=16384 iteration=6 first=cdls cdls_ms=27.764675140 rocsolver_ms=25.980522156 cdls_submit_ms=0.148187000 roc_submit_ms=9.708592000 cdls_wall_ms=27.773541000 roc_wall_ms=25.987764000
sample n=8192 lda=16384 iteration=7 first=rocsolver cdls_ms=27.428800583 rocsolver_ms=26.488269806 cdls_submit_ms=0.008563000 roc_submit_ms=12.054377000 cdls_wall_ms=27.438487000 roc_wall_ms=26.874533000
sample n=8192 lda=16384 iteration=8 first=cdls cdls_ms=27.134592056 rocsolver_ms=26.048988342 cdls_submit_ms=0.009645000 roc_submit_ms=9.266895000 cdls_wall_ms=27.313666000 roc_wall_ms=26.059975000
sample n=8192 lda=16384 iteration=9 first=rocsolver cdls_ms=27.930971146 rocsolver_ms=26.683870316 cdls_submit_ms=0.008594000 roc_submit_ms=10.542380000 cdls_wall_ms=28.280278000 roc_wall_ms=27.037804000
sample n=8192 lda=16384 iteration=10 first=cdls cdls_ms=27.299564362 rocsolver_ms=26.516794205 cdls_submit_ms=0.008704000 roc_submit_ms=9.520182000 cdls_wall_ms=27.307287000 roc_wall_ms=26.524997000
sample n=8192 lda=16384 iteration=11 first=rocsolver cdls_ms=28.185882568 rocsolver_ms=26.971792221 cdls_submit_ms=0.343536000 roc_submit_ms=10.643574000 cdls_wall_ms=28.196189000 roc_wall_ms=27.327407000
sample n=8192 lda=16384 iteration=12 first=cdls cdls_ms=27.757263184 rocsolver_ms=26.449399948 cdls_submit_ms=0.059921000 roc_submit_ms=9.498570000 cdls_wall_ms=27.765268000 roc_wall_ms=26.457063000
sample n=8192 lda=16384 iteration=13 first=rocsolver cdls_ms=27.557477951 rocsolver_ms=26.914964676 cdls_submit_ms=0.008924000 roc_submit_ms=10.576672000 cdls_wall_ms=27.917682000 roc_wall_ms=27.269218000
sample n=8192 lda=16384 iteration=14 first=cdls cdls_ms=27.252332687 rocsolver_ms=26.343708038 cdls_submit_ms=0.061564000 roc_submit_ms=9.393999000 cdls_wall_ms=27.259574000 roc_wall_ms=26.351852000
sample n=8192 lda=16384 iteration=15 first=rocsolver cdls_ms=28.087049484 rocsolver_ms=27.077512741 cdls_submit_ms=0.008734000 roc_submit_ms=11.029185000 cdls_wall_ms=28.445150000 roc_wall_ms=27.456215000
sample n=8192 lda=16384 iteration=16 first=cdls cdls_ms=27.510005951 rocsolver_ms=26.374496460 cdls_submit_ms=0.075295000 roc_submit_ms=9.507433000 cdls_wall_ms=27.518390000 roc_wall_ms=26.381938000
sample n=8192 lda=16384 iteration=17 first=rocsolver cdls_ms=27.821004868 rocsolver_ms=26.787508011 cdls_submit_ms=0.008613000 roc_submit_ms=10.896943000 cdls_wall_ms=28.189670000 roc_wall_ms=27.158108000
sample n=8192 lda=16384 iteration=18 first=cdls cdls_ms=27.333295822 rocsolver_ms=26.731723785 cdls_submit_ms=0.070658000 roc_submit_ms=9.423164000 cdls_wall_ms=27.341939000 roc_wall_ms=26.740267000
sample n=8192 lda=16384 iteration=19 first=rocsolver cdls_ms=28.217048645 rocsolver_ms=27.046855927 cdls_submit_ms=0.008733000 roc_submit_ms=11.107465000 cdls_wall_ms=28.570022000 roc_wall_ms=27.420660000
sample n=8192 lda=16384 iteration=20 first=cdls cdls_ms=27.173170090 rocsolver_ms=26.662235260 cdls_submit_ms=0.009515000 roc_submit_ms=9.469515000 cdls_wall_ms=27.181784000 roc_wall_ms=26.670460000
sample n=8192 lda=16384 iteration=21 first=rocsolver cdls_ms=27.959856033 rocsolver_ms=27.140468597 cdls_submit_ms=0.008523000 roc_submit_ms=10.463048000 cdls_wall_ms=28.314410000 roc_wall_ms=27.492942000
sample n=8192 lda=16384 iteration=22 first=cdls cdls_ms=27.351364136 rocsolver_ms=25.714094162 cdls_submit_ms=0.008724000 roc_submit_ms=9.224098000 cdls_wall_ms=27.358245000 roc_wall_ms=25.722567000
sample n=8192 lda=16384 iteration=23 first=rocsolver cdls_ms=27.814432144 rocsolver_ms=26.822711945 cdls_submit_ms=0.008904000 roc_submit_ms=11.021403000 cdls_wall_ms=27.821955000 roc_wall_ms=27.188575000
sample n=8192 lda=16384 iteration=24 first=cdls cdls_ms=27.453399658 rocsolver_ms=26.419696808 cdls_submit_ms=0.007482000 roc_submit_ms=9.519882000 cdls_wall_ms=27.463887000 roc_wall_ms=26.428770000
sample n=8192 lda=16384 iteration=25 first=rocsolver cdls_ms=28.329664230 rocsolver_ms=26.854171753 cdls_submit_ms=0.344669000 roc_submit_ms=10.734603000 cdls_wall_ms=28.338257000 roc_wall_ms=27.218160000
sample n=8192 lda=16384 iteration=26 first=cdls cdls_ms=27.406248093 rocsolver_ms=26.714185715 cdls_submit_ms=0.063858000 roc_submit_ms=9.343893000 cdls_wall_ms=27.413589000 roc_wall_ms=26.721839000
sample n=8192 lda=16384 iteration=27 first=rocsolver cdls_ms=28.630483627 rocsolver_ms=26.977027893 cdls_submit_ms=0.007612000 roc_submit_ms=10.600158000 cdls_wall_ms=28.989735000 roc_wall_ms=27.337563000
sample n=8192 lda=16384 iteration=28 first=cdls cdls_ms=27.664403915 rocsolver_ms=26.231786728 cdls_submit_ms=0.010927000 roc_submit_ms=9.448823000 cdls_wall_ms=27.830939000 roc_wall_ms=26.240281000
sample n=8192 lda=16384 iteration=29 first=rocsolver cdls_ms=27.881175995 rocsolver_ms=27.143743515 cdls_submit_ms=0.007792000 roc_submit_ms=10.896302000 cdls_wall_ms=28.248980000 roc_wall_ms=27.519923000
bench n=8192 lda=16384 repeats=30 cdls_median_ms=27.760969 rocsolver_median_ms=26.502532 cdls_mean_ms=27.698412 rocsolver_mean_ms=26.585062 cdls_gflops=13200.919535 workspace_bytes=65544 roc_workspace_bytes=34145472 cdls_submit_ms=0.008914 roc_submit_ms=10.085820 cdls_wall_ms=27.826447 roc_wall_ms=26.731053 rocsolver_gflops=13827.747479 speedup=0.954669
