device=AMD Instinct MI300A arch=gfx942:sramecc+:xnack- HIP=70253211 CUs=228 rocSOLVER=3.32.0.dabb6df2b9 rocBLAS=5.2.0.dabb6df2b9 n=27 lda=201 input=/shared/prerelease/home/yuxi_hong_research_lws/jie/tingxuan/pastix-multidev-dev/results/20261007-audikw-getrf/inputs/call137-n27-lda201.bin stream_mode=nonblocking fp64 npvt warmup=5 repeats=30
sample n=27 lda=201 iteration=0 first=cdls cdls_ms=0.014840000 rocsolver_ms=0.020280000 cdls_submit_ms=0.001250000 roc_submit_ms=0.002960000 cdls_wall_ms=0.028281000 roc_wall_ms=0.028110000
sample n=27 lda=201 iteration=1 first=rocsolver cdls_ms=0.014640000 rocsolver_ms=0.020361001 cdls_submit_ms=0.001250000 roc_submit_ms=0.003170000 cdls_wall_ms=0.022500000 roc_wall_ms=0.026830000
sample n=27 lda=201 iteration=2 first=cdls cdls_ms=0.014800000 rocsolver_ms=0.020321000 cdls_submit_ms=0.001210000 roc_submit_ms=0.002710000 cdls_wall_ms=0.021680000 roc_wall_ms=0.026620000
sample n=27 lda=201 iteration=3 first=rocsolver cdls_ms=0.014920000 rocsolver_ms=0.020400001 cdls_submit_ms=0.001250000 roc_submit_ms=0.002680000 cdls_wall_ms=0.021270000 roc_wall_ms=0.026461000
sample n=27 lda=201 iteration=4 first=cdls cdls_ms=0.014801000 rocsolver_ms=0.018360000 cdls_submit_ms=0.001200000 roc_submit_ms=0.002590000 cdls_wall_ms=0.020830000 roc_wall_ms=0.025711000
sample n=27 lda=201 iteration=5 first=rocsolver cdls_ms=0.014481000 rocsolver_ms=0.020320000 cdls_submit_ms=0.001190000 roc_submit_ms=0.002710000 cdls_wall_ms=0.021650000 roc_wall_ms=0.027830000
sample n=27 lda=201 iteration=6 first=cdls cdls_ms=0.014640000 rocsolver_ms=0.018519999 cdls_submit_ms=0.001160000 roc_submit_ms=0.002670000 cdls_wall_ms=0.021721000 roc_wall_ms=0.026100000
sample n=27 lda=201 iteration=7 first=rocsolver cdls_ms=0.014840000 rocsolver_ms=0.020040000 cdls_submit_ms=0.001220000 roc_submit_ms=0.002570000 cdls_wall_ms=0.021130000 roc_wall_ms=0.027750000
sample n=27 lda=201 iteration=8 first=cdls cdls_ms=0.013960000 rocsolver_ms=0.018600000 cdls_submit_ms=0.001170000 roc_submit_ms=0.002620000 cdls_wall_ms=0.020220000 roc_wall_ms=0.024910000
sample n=27 lda=201 iteration=9 first=rocsolver cdls_ms=0.013960000 rocsolver_ms=0.018680001 cdls_submit_ms=0.001250000 roc_submit_ms=0.002600000 cdls_wall_ms=0.019980000 roc_wall_ms=0.024940000
sample n=27 lda=201 iteration=10 first=cdls cdls_ms=0.014040000 rocsolver_ms=0.018600000 cdls_submit_ms=0.001180000 roc_submit_ms=0.002610000 cdls_wall_ms=0.020260000 roc_wall_ms=0.024990000
sample n=27 lda=201 iteration=11 first=rocsolver cdls_ms=0.013921000 rocsolver_ms=0.018680001 cdls_submit_ms=0.001180000 roc_submit_ms=0.002550000 cdls_wall_ms=0.026171000 roc_wall_ms=0.025130000
sample n=27 lda=201 iteration=12 first=cdls cdls_ms=0.015160000 rocsolver_ms=0.018600000 cdls_submit_ms=0.001170000 roc_submit_ms=0.002620000 cdls_wall_ms=0.021510000 roc_wall_ms=0.024960000
sample n=27 lda=201 iteration=13 first=rocsolver cdls_ms=0.013760000 rocsolver_ms=0.020520000 cdls_submit_ms=0.001180000 roc_submit_ms=0.002550000 cdls_wall_ms=0.020760000 roc_wall_ms=0.026641000
sample n=27 lda=201 iteration=14 first=cdls cdls_ms=0.013800000 rocsolver_ms=0.018239999 cdls_submit_ms=0.001190000 roc_submit_ms=0.002631000 cdls_wall_ms=0.019800000 roc_wall_ms=0.024671000
sample n=27 lda=201 iteration=15 first=rocsolver cdls_ms=0.013880000 rocsolver_ms=0.018360000 cdls_submit_ms=0.001190000 roc_submit_ms=0.002540000 cdls_wall_ms=0.020210000 roc_wall_ms=0.025770000
sample n=27 lda=201 iteration=16 first=cdls cdls_ms=0.013960000 rocsolver_ms=0.018360000 cdls_submit_ms=0.001190000 roc_submit_ms=0.002590000 cdls_wall_ms=0.021100000 roc_wall_ms=0.025540000
sample n=27 lda=201 iteration=17 first=rocsolver cdls_ms=0.013641000 rocsolver_ms=0.018360000 cdls_submit_ms=0.001180000 roc_submit_ms=0.002560000 cdls_wall_ms=0.021090000 roc_wall_ms=0.025450000
sample n=27 lda=201 iteration=18 first=cdls cdls_ms=0.013720000 rocsolver_ms=0.018600000 cdls_submit_ms=0.001180000 roc_submit_ms=0.002590000 cdls_wall_ms=0.021180000 roc_wall_ms=0.025901000
sample n=27 lda=201 iteration=19 first=rocsolver cdls_ms=0.013680000 rocsolver_ms=0.018479999 cdls_submit_ms=0.001200000 roc_submit_ms=0.002570000 cdls_wall_ms=0.021150000 roc_wall_ms=0.025750000
sample n=27 lda=201 iteration=20 first=cdls cdls_ms=0.013600000 rocsolver_ms=0.018440001 cdls_submit_ms=0.001210000 roc_submit_ms=0.002550000 cdls_wall_ms=0.021001000 roc_wall_ms=0.025880000
sample n=27 lda=201 iteration=21 first=rocsolver cdls_ms=0.013960000 rocsolver_ms=0.018440001 cdls_submit_ms=0.001190000 roc_submit_ms=0.002550000 cdls_wall_ms=0.020391000 roc_wall_ms=0.025970000
sample n=27 lda=201 iteration=22 first=cdls cdls_ms=0.013681000 rocsolver_ms=0.018759999 cdls_submit_ms=0.001200000 roc_submit_ms=0.002550000 cdls_wall_ms=0.021180000 roc_wall_ms=0.025090000
sample n=27 lda=201 iteration=23 first=rocsolver cdls_ms=0.014880000 rocsolver_ms=0.020479999 cdls_submit_ms=0.001190000 roc_submit_ms=0.002530000 cdls_wall_ms=0.025280000 roc_wall_ms=0.028061000
sample n=27 lda=201 iteration=24 first=cdls cdls_ms=0.013520000 rocsolver_ms=0.023399999 cdls_submit_ms=0.001190000 roc_submit_ms=0.011070000 cdls_wall_ms=0.020070000 roc_wall_ms=0.030510000
sample n=27 lda=201 iteration=25 first=rocsolver cdls_ms=0.014040000 rocsolver_ms=0.018479999 cdls_submit_ms=0.001200000 roc_submit_ms=0.002650000 cdls_wall_ms=0.020170000 roc_wall_ms=0.026390000
sample n=27 lda=201 iteration=26 first=cdls cdls_ms=0.014000000 rocsolver_ms=0.018400000 cdls_submit_ms=0.001190000 roc_submit_ms=0.002640000 cdls_wall_ms=0.020050000 roc_wall_ms=0.024570000
sample n=27 lda=201 iteration=27 first=rocsolver cdls_ms=0.014040000 rocsolver_ms=0.020040000 cdls_submit_ms=0.001210000 roc_submit_ms=0.002570000 cdls_wall_ms=0.020290000 roc_wall_ms=0.026070000
sample n=27 lda=201 iteration=28 first=cdls cdls_ms=0.014400000 rocsolver_ms=0.018640000 cdls_submit_ms=0.001160000 roc_submit_ms=0.002550000 cdls_wall_ms=0.021360000 roc_wall_ms=0.026090000
sample n=27 lda=201 iteration=29 first=rocsolver cdls_ms=0.013600000 rocsolver_ms=0.018600000 cdls_submit_ms=0.001170000 roc_submit_ms=0.002560000 cdls_wall_ms=0.020950000 roc_wall_ms=0.025940000
validation backend=cdls n=27 lda=201 info=0 info_source=internal_workspace_diagnostic padding_bitwise=1 finite=1 residual_scaled=2.160680465756e-02 residual_relative=1.295372089048e-16 status=PASS
validation backend=rocsolver n=27 lda=201 info=0 info_source=mapped_pinned_public_info padding_bitwise=1 finite=1 residual_scaled=2.140659673350e-02 residual_relative=1.283369214909e-16 status=PASS
