device=AMD Instinct MI300A arch=gfx942:sramecc+:xnack- HIP=70253211 CUs=228 rocSOLVER=3.32.0.dabb6df2b9 rocBLAS=5.2.0.dabb6df2b9 n=189 lda=837 input=/shared/prerelease/home/yuxi_hong_research_lws/jie/tingxuan/pastix-multidev-dev/results/20261007-audikw-getrf/inputs/call9521-n189-lda837.bin stream_mode=nonblocking fp64 npvt warmup=5 repeats=30
sample n=189 lda=837 iteration=0 first=cdls cdls_ms=0.128361002 rocsolver_ms=0.247362003 cdls_submit_ms=0.005050000 roc_submit_ms=0.094671000 cdls_wall_ms=0.140802000 roc_wall_ms=0.254072000
sample n=189 lda=837 iteration=1 first=rocsolver cdls_ms=0.128762007 rocsolver_ms=0.263603002 cdls_submit_ms=0.005790000 roc_submit_ms=0.133711000 cdls_wall_ms=0.136232000 roc_wall_ms=0.270602000
sample n=189 lda=837 iteration=2 first=cdls cdls_ms=0.127081007 rocsolver_ms=0.247802004 cdls_submit_ms=0.004390000 roc_submit_ms=0.098581000 cdls_wall_ms=0.133941000 roc_wall_ms=0.254053000
sample n=189 lda=837 iteration=3 first=rocsolver cdls_ms=0.130721003 rocsolver_ms=0.246682003 cdls_submit_ms=0.004570000 roc_submit_ms=0.114101000 cdls_wall_ms=0.139691000 roc_wall_ms=0.253212000
sample n=189 lda=837 iteration=4 first=cdls cdls_ms=0.130401000 rocsolver_ms=0.246402994 cdls_submit_ms=0.004100000 roc_submit_ms=0.098911000 cdls_wall_ms=0.137131000 roc_wall_ms=0.252722000
sample n=189 lda=837 iteration=5 first=rocsolver cdls_ms=0.139441997 rocsolver_ms=0.245482996 cdls_submit_ms=0.004980000 roc_submit_ms=0.106991000 cdls_wall_ms=0.146191000 roc_wall_ms=0.252432000
sample n=189 lda=837 iteration=6 first=cdls cdls_ms=0.125882000 rocsolver_ms=0.247683004 cdls_submit_ms=0.004220000 roc_submit_ms=0.102951000 cdls_wall_ms=0.132311000 roc_wall_ms=0.253892000
sample n=189 lda=837 iteration=7 first=rocsolver cdls_ms=0.126920998 rocsolver_ms=0.247003004 cdls_submit_ms=0.004770000 roc_submit_ms=0.109561000 cdls_wall_ms=0.133991000 roc_wall_ms=0.253802000
sample n=189 lda=837 iteration=8 first=cdls cdls_ms=0.130760998 rocsolver_ms=0.243843004 cdls_submit_ms=0.004350000 roc_submit_ms=0.094271000 cdls_wall_ms=0.137581000 roc_wall_ms=0.251133000
sample n=189 lda=837 iteration=9 first=rocsolver cdls_ms=0.126161993 rocsolver_ms=0.247563004 cdls_submit_ms=0.005080000 roc_submit_ms=0.125981000 cdls_wall_ms=0.133001000 roc_wall_ms=0.255222000
sample n=189 lda=837 iteration=10 first=cdls cdls_ms=0.124881998 rocsolver_ms=0.245842993 cdls_submit_ms=0.004480000 roc_submit_ms=0.094681000 cdls_wall_ms=0.131121000 roc_wall_ms=0.252502000
sample n=189 lda=837 iteration=11 first=rocsolver cdls_ms=0.126280993 rocsolver_ms=0.245602995 cdls_submit_ms=0.004730000 roc_submit_ms=0.117351000 cdls_wall_ms=0.133701000 roc_wall_ms=0.252803000
sample n=189 lda=837 iteration=12 first=cdls cdls_ms=0.124921001 rocsolver_ms=0.242363006 cdls_submit_ms=0.004300000 roc_submit_ms=0.093180000 cdls_wall_ms=0.132391000 roc_wall_ms=0.249742000
sample n=189 lda=837 iteration=13 first=rocsolver cdls_ms=0.129682004 rocsolver_ms=0.242882997 cdls_submit_ms=0.013830000 roc_submit_ms=0.114451000 cdls_wall_ms=0.136222000 roc_wall_ms=0.249652000
sample n=189 lda=837 iteration=14 first=cdls cdls_ms=0.124961004 rocsolver_ms=0.241881996 cdls_submit_ms=0.004360000 roc_submit_ms=0.099521000 cdls_wall_ms=0.131151000 roc_wall_ms=0.248042000
sample n=189 lda=837 iteration=15 first=rocsolver cdls_ms=0.125920996 rocsolver_ms=0.242201999 cdls_submit_ms=0.004670000 roc_submit_ms=0.121771000 cdls_wall_ms=0.133111000 roc_wall_ms=0.247963000
sample n=189 lda=837 iteration=16 first=cdls cdls_ms=0.128961995 rocsolver_ms=0.242002994 cdls_submit_ms=0.011730000 roc_submit_ms=0.094391000 cdls_wall_ms=0.136371000 roc_wall_ms=0.249323000
sample n=189 lda=837 iteration=17 first=rocsolver cdls_ms=0.123760998 rocsolver_ms=0.251163006 cdls_submit_ms=0.004680000 roc_submit_ms=0.114671000 cdls_wall_ms=0.131501000 roc_wall_ms=0.256752000
sample n=189 lda=837 iteration=18 first=cdls cdls_ms=0.125120997 rocsolver_ms=0.241282001 cdls_submit_ms=0.004120000 roc_submit_ms=0.102551000 cdls_wall_ms=0.132731000 roc_wall_ms=0.248812000
sample n=189 lda=837 iteration=19 first=rocsolver cdls_ms=0.126241997 rocsolver_ms=0.241362005 cdls_submit_ms=0.004750000 roc_submit_ms=0.117391000 cdls_wall_ms=0.133701000 roc_wall_ms=0.248352000
sample n=189 lda=837 iteration=20 first=cdls cdls_ms=0.125361994 rocsolver_ms=0.241123006 cdls_submit_ms=0.004150000 roc_submit_ms=0.093681000 cdls_wall_ms=0.132902000 roc_wall_ms=0.249252000
sample n=189 lda=837 iteration=21 first=rocsolver cdls_ms=0.125401005 rocsolver_ms=0.240842998 cdls_submit_ms=0.005170000 roc_submit_ms=0.114351000 cdls_wall_ms=0.132821000 roc_wall_ms=0.246882000
sample n=189 lda=837 iteration=22 first=cdls cdls_ms=0.124682002 rocsolver_ms=0.241522998 cdls_submit_ms=0.004200000 roc_submit_ms=0.092921000 cdls_wall_ms=0.131721000 roc_wall_ms=0.248222000
sample n=189 lda=837 iteration=23 first=rocsolver cdls_ms=0.124440998 rocsolver_ms=0.241563007 cdls_submit_ms=0.004880000 roc_submit_ms=0.131591000 cdls_wall_ms=0.130601000 roc_wall_ms=0.247772000
sample n=189 lda=837 iteration=24 first=cdls cdls_ms=0.126160994 rocsolver_ms=0.241442993 cdls_submit_ms=0.004320000 roc_submit_ms=0.092721000 cdls_wall_ms=0.133411000 roc_wall_ms=0.249023000
sample n=189 lda=837 iteration=25 first=rocsolver cdls_ms=0.125762001 rocsolver_ms=0.240803003 cdls_submit_ms=0.004780000 roc_submit_ms=0.109951000 cdls_wall_ms=0.133221000 roc_wall_ms=0.248132000
sample n=189 lda=837 iteration=26 first=cdls cdls_ms=0.126601994 rocsolver_ms=0.241442993 cdls_submit_ms=0.004170000 roc_submit_ms=0.093031000 cdls_wall_ms=0.133991000 roc_wall_ms=0.248752000
sample n=189 lda=837 iteration=27 first=rocsolver cdls_ms=0.126360998 rocsolver_ms=0.241243005 cdls_submit_ms=0.004540000 roc_submit_ms=0.110371000 cdls_wall_ms=0.133621000 roc_wall_ms=0.247703000
sample n=189 lda=837 iteration=28 first=cdls cdls_ms=0.124201000 rocsolver_ms=0.241483003 cdls_submit_ms=0.004340000 roc_submit_ms=0.093950000 cdls_wall_ms=0.131641000 roc_wall_ms=0.248732000
sample n=189 lda=837 iteration=29 first=rocsolver cdls_ms=0.125000998 rocsolver_ms=0.240722999 cdls_submit_ms=0.005080000 roc_submit_ms=0.111141000 cdls_wall_ms=0.132821000 roc_wall_ms=0.247192000
validation backend=cdls n=189 lda=837 info=0 info_source=internal_workspace_diagnostic padding_bitwise=1 finite=1 residual_scaled=1.085099818877e-02 residual_relative=4.553776595090e-16 status=PASS
validation backend=rocsolver n=189 lda=837 info=0 info_source=mapped_pinned_public_info padding_bitwise=1 finite=1 residual_scaled=3.758142383277e-03 residual_relative=1.577158205012e-16 status=PASS
