device=AMD Instinct MI300A arch=gfx942:sramecc+:xnack- HIP=70253211 CUs=228 rocSOLVER=3.32.0.dabb6df2b9 rocBLAS=5.2.0.dabb6df2b9 n=27 lda=201 input=/shared/prerelease/home/yuxi_hong_research_lws/jie/tingxuan/pastix-multidev-dev/results/20261007-audikw-getrf/inputs/call137-n27-lda201.bin stream_mode=nonblocking fp64 npvt warmup=5 repeats=30
sample n=27 lda=201 iteration=0 first=cdls cdls_ms=0.016720001 rocsolver_ms=0.020560000 cdls_submit_ms=0.001330000 roc_submit_ms=0.002660000 cdls_wall_ms=0.029561000 roc_wall_ms=0.027590000
sample n=27 lda=201 iteration=1 first=rocsolver cdls_ms=0.014680000 rocsolver_ms=0.020160001 cdls_submit_ms=0.001470000 roc_submit_ms=0.002850000 cdls_wall_ms=0.022251000 roc_wall_ms=0.027140000
sample n=27 lda=201 iteration=2 first=cdls cdls_ms=0.014560000 rocsolver_ms=0.019680001 cdls_submit_ms=0.001180000 roc_submit_ms=0.002580000 cdls_wall_ms=0.022190000 roc_wall_ms=0.026750000
sample n=27 lda=201 iteration=3 first=rocsolver cdls_ms=0.014640000 rocsolver_ms=0.020400999 cdls_submit_ms=0.001190000 roc_submit_ms=0.002670000 cdls_wall_ms=0.021980000 roc_wall_ms=0.027350000
sample n=27 lda=201 iteration=4 first=cdls cdls_ms=0.014400000 rocsolver_ms=0.018320000 cdls_submit_ms=0.001180000 roc_submit_ms=0.002500000 cdls_wall_ms=0.021781000 roc_wall_ms=0.024690000
sample n=27 lda=201 iteration=5 first=rocsolver cdls_ms=0.014760000 rocsolver_ms=0.020199999 cdls_submit_ms=0.001190000 roc_submit_ms=0.002510000 cdls_wall_ms=0.021021000 roc_wall_ms=0.027460000
sample n=27 lda=201 iteration=6 first=cdls cdls_ms=0.014880000 rocsolver_ms=0.018360000 cdls_submit_ms=0.001180000 roc_submit_ms=0.002520000 cdls_wall_ms=0.021160000 roc_wall_ms=0.024810000
sample n=27 lda=201 iteration=7 first=rocsolver cdls_ms=0.014360000 rocsolver_ms=0.019959999 cdls_submit_ms=0.001250000 roc_submit_ms=0.002570000 cdls_wall_ms=0.022000000 roc_wall_ms=0.027691000
sample n=27 lda=201 iteration=8 first=cdls cdls_ms=0.013960000 rocsolver_ms=0.018321000 cdls_submit_ms=0.001180000 roc_submit_ms=0.002450000 cdls_wall_ms=0.020210000 roc_wall_ms=0.024710000
sample n=27 lda=201 iteration=9 first=rocsolver cdls_ms=0.013720000 rocsolver_ms=0.018519999 cdls_submit_ms=0.001190000 roc_submit_ms=0.002480000 cdls_wall_ms=0.020730000 roc_wall_ms=0.025420000
sample n=27 lda=201 iteration=10 first=cdls cdls_ms=0.015841000 rocsolver_ms=0.018519999 cdls_submit_ms=0.001190000 roc_submit_ms=0.002590000 cdls_wall_ms=0.022660000 roc_wall_ms=0.025910000
sample n=27 lda=201 iteration=11 first=rocsolver cdls_ms=0.013600000 rocsolver_ms=0.018560000 cdls_submit_ms=0.001240000 roc_submit_ms=0.002530000 cdls_wall_ms=0.021080000 roc_wall_ms=0.026031000
sample n=27 lda=201 iteration=12 first=cdls cdls_ms=0.013680000 rocsolver_ms=0.018519999 cdls_submit_ms=0.001210000 roc_submit_ms=0.002500000 cdls_wall_ms=0.021060000 roc_wall_ms=0.025021000
sample n=27 lda=201 iteration=13 first=rocsolver cdls_ms=0.013920000 rocsolver_ms=0.020280000 cdls_submit_ms=0.001180000 roc_submit_ms=0.002560000 cdls_wall_ms=0.020120000 roc_wall_ms=0.026090000
sample n=27 lda=201 iteration=14 first=cdls cdls_ms=0.014000000 rocsolver_ms=0.018320000 cdls_submit_ms=0.001161000 roc_submit_ms=0.002490000 cdls_wall_ms=0.019801000 roc_wall_ms=0.025290000
sample n=27 lda=201 iteration=15 first=rocsolver cdls_ms=0.013600000 rocsolver_ms=0.018160000 cdls_submit_ms=0.001201000 roc_submit_ms=0.002480000 cdls_wall_ms=0.020371000 roc_wall_ms=0.024080000
sample n=27 lda=201 iteration=16 first=cdls cdls_ms=0.013640000 rocsolver_ms=0.018279999 cdls_submit_ms=0.001180000 roc_submit_ms=0.002490000 cdls_wall_ms=0.020370000 roc_wall_ms=0.024110000
sample n=27 lda=201 iteration=17 first=rocsolver cdls_ms=0.014120000 rocsolver_ms=0.018440999 cdls_submit_ms=0.001220000 roc_submit_ms=0.002500000 cdls_wall_ms=0.020270000 roc_wall_ms=0.024170000
sample n=27 lda=201 iteration=18 first=cdls cdls_ms=0.014000000 rocsolver_ms=0.018480999 cdls_submit_ms=0.001220000 roc_submit_ms=0.002470000 cdls_wall_ms=0.020410000 roc_wall_ms=0.024700000
sample n=27 lda=201 iteration=19 first=rocsolver cdls_ms=0.013920000 rocsolver_ms=0.018519999 cdls_submit_ms=0.001200000 roc_submit_ms=0.002470000 cdls_wall_ms=0.020100000 roc_wall_ms=0.024540000
sample n=27 lda=201 iteration=20 first=cdls cdls_ms=0.013841000 rocsolver_ms=0.018560000 cdls_submit_ms=0.001190000 roc_submit_ms=0.002480000 cdls_wall_ms=0.019710000 roc_wall_ms=0.024490000
sample n=27 lda=201 iteration=21 first=rocsolver cdls_ms=0.013960000 rocsolver_ms=0.018400000 cdls_submit_ms=0.001210000 roc_submit_ms=0.002490000 cdls_wall_ms=0.019970000 roc_wall_ms=0.024651000
sample n=27 lda=201 iteration=22 first=cdls cdls_ms=0.014640000 rocsolver_ms=0.018640000 cdls_submit_ms=0.001190000 roc_submit_ms=0.002490000 cdls_wall_ms=0.020560000 roc_wall_ms=0.024811000
sample n=27 lda=201 iteration=23 first=rocsolver cdls_ms=0.014000000 rocsolver_ms=0.022320000 cdls_submit_ms=0.001180000 roc_submit_ms=0.002490000 cdls_wall_ms=0.019580000 roc_wall_ms=0.028890000
sample n=27 lda=201 iteration=24 first=cdls cdls_ms=0.013921000 rocsolver_ms=0.018160000 cdls_submit_ms=0.001220000 roc_submit_ms=0.002580000 cdls_wall_ms=0.019451000 roc_wall_ms=0.023630000
sample n=27 lda=201 iteration=25 first=rocsolver cdls_ms=0.013681000 rocsolver_ms=0.018320000 cdls_submit_ms=0.001200000 roc_submit_ms=0.002550000 cdls_wall_ms=0.020441000 roc_wall_ms=0.025490000
sample n=27 lda=201 iteration=26 first=cdls cdls_ms=0.013560000 rocsolver_ms=0.018320000 cdls_submit_ms=0.001200000 roc_submit_ms=0.002510000 cdls_wall_ms=0.020320000 roc_wall_ms=0.025460000
sample n=27 lda=201 iteration=27 first=rocsolver cdls_ms=0.013680000 rocsolver_ms=0.019881001 cdls_submit_ms=0.001200000 roc_submit_ms=0.002490000 cdls_wall_ms=0.020910000 roc_wall_ms=0.026881000
sample n=27 lda=201 iteration=28 first=cdls cdls_ms=0.013960000 rocsolver_ms=0.018479999 cdls_submit_ms=0.001190000 roc_submit_ms=0.002510000 cdls_wall_ms=0.020200000 roc_wall_ms=0.024851000
sample n=27 lda=201 iteration=29 first=rocsolver cdls_ms=0.013960000 rocsolver_ms=0.018400000 cdls_submit_ms=0.001190000 roc_submit_ms=0.002520000 cdls_wall_ms=0.020220000 roc_wall_ms=0.024700000
validation backend=cdls n=27 lda=201 info=0 info_source=internal_workspace_diagnostic padding_bitwise=1 finite=1 residual_scaled=2.160680465756e-02 residual_relative=1.295372089048e-16 status=PASS
validation backend=rocsolver n=27 lda=201 info=0 info_source=mapped_pinned_public_info padding_bitwise=1 finite=1 residual_scaled=2.140659673350e-02 residual_relative=1.283369214909e-16 status=PASS
