device=AMD Instinct MI300A arch=gfx942:sramecc+:xnack- HIP=70253211 CUs=228 rocSOLVER=3.32.0.dabb6df2b9 rocBLAS=5.2.0.dabb6df2b9 n=189 lda=837 input=/shared/prerelease/home/yuxi_hong_research_lws/jie/tingxuan/pastix-multidev-dev/results/20261007-audikw-getrf/inputs/call9521-n189-lda837.bin stream_mode=nonblocking fp64 npvt warmup=5 repeats=30
sample n=189 lda=837 iteration=0 first=cdls cdls_ms=0.132521003 rocsolver_ms=0.246482000 cdls_submit_ms=0.005230000 roc_submit_ms=0.093601000 cdls_wall_ms=0.146061000 roc_wall_ms=0.254053000
sample n=189 lda=837 iteration=1 first=rocsolver cdls_ms=0.128200993 rocsolver_ms=0.248441994 cdls_submit_ms=0.005050000 roc_submit_ms=0.124692000 cdls_wall_ms=0.135921000 roc_wall_ms=0.255133000
sample n=189 lda=837 iteration=2 first=cdls cdls_ms=0.127520993 rocsolver_ms=0.245882004 cdls_submit_ms=0.004490000 roc_submit_ms=0.095421000 cdls_wall_ms=0.133971000 roc_wall_ms=0.252332000
sample n=189 lda=837 iteration=3 first=rocsolver cdls_ms=0.125761002 rocsolver_ms=0.245122001 cdls_submit_ms=0.004810000 roc_submit_ms=0.120701000 cdls_wall_ms=0.134561000 roc_wall_ms=0.251912000
sample n=189 lda=837 iteration=4 first=cdls cdls_ms=0.128561005 rocsolver_ms=0.245522007 cdls_submit_ms=0.004950000 roc_submit_ms=0.095021000 cdls_wall_ms=0.135531000 roc_wall_ms=0.251533000
sample n=189 lda=837 iteration=5 first=rocsolver cdls_ms=0.128921002 rocsolver_ms=0.245762005 cdls_submit_ms=0.005170000 roc_submit_ms=0.117501000 cdls_wall_ms=0.136532000 roc_wall_ms=0.252992000
sample n=189 lda=837 iteration=6 first=cdls cdls_ms=0.126640007 rocsolver_ms=0.247042000 cdls_submit_ms=0.004530000 roc_submit_ms=0.095101000 cdls_wall_ms=0.134451000 roc_wall_ms=0.254713000
sample n=189 lda=837 iteration=7 first=rocsolver cdls_ms=0.128361002 rocsolver_ms=0.244241998 cdls_submit_ms=0.004780000 roc_submit_ms=0.120391000 cdls_wall_ms=0.134531000 roc_wall_ms=0.250272000
sample n=189 lda=837 iteration=8 first=cdls cdls_ms=0.128760993 rocsolver_ms=0.287602007 cdls_submit_ms=0.004520000 roc_submit_ms=0.150971000 cdls_wall_ms=0.134861000 roc_wall_ms=0.293272000
sample n=189 lda=837 iteration=9 first=rocsolver cdls_ms=0.127921000 rocsolver_ms=0.245681003 cdls_submit_ms=0.005230000 roc_submit_ms=0.118861000 cdls_wall_ms=0.135071000 roc_wall_ms=0.252392000
sample n=189 lda=837 iteration=10 first=cdls cdls_ms=0.124201000 rocsolver_ms=0.241722003 cdls_submit_ms=0.004640000 roc_submit_ms=0.093070000 cdls_wall_ms=0.130831000 roc_wall_ms=0.248822000
sample n=189 lda=837 iteration=11 first=rocsolver cdls_ms=0.124761000 rocsolver_ms=0.244841993 cdls_submit_ms=0.004740000 roc_submit_ms=0.117161000 cdls_wall_ms=0.130952000 roc_wall_ms=0.252202000
sample n=189 lda=837 iteration=12 first=cdls cdls_ms=0.125000998 rocsolver_ms=0.240081996 cdls_submit_ms=0.004530000 roc_submit_ms=0.093511000 cdls_wall_ms=0.131251000 roc_wall_ms=0.245992000
sample n=189 lda=837 iteration=13 first=rocsolver cdls_ms=0.124401003 rocsolver_ms=0.242082000 cdls_submit_ms=0.004590000 roc_submit_ms=0.120722000 cdls_wall_ms=0.131741000 roc_wall_ms=0.251233000
sample n=189 lda=837 iteration=14 first=cdls cdls_ms=0.126120999 rocsolver_ms=0.241120994 cdls_submit_ms=0.004540000 roc_submit_ms=0.092071000 cdls_wall_ms=0.133681000 roc_wall_ms=0.247792000
sample n=189 lda=837 iteration=15 first=rocsolver cdls_ms=0.128321007 rocsolver_ms=0.240602002 cdls_submit_ms=0.004791000 roc_submit_ms=0.115121000 cdls_wall_ms=0.136062000 roc_wall_ms=0.248092000
sample n=189 lda=837 iteration=16 first=cdls cdls_ms=0.126881003 rocsolver_ms=0.239882007 cdls_submit_ms=0.004520000 roc_submit_ms=0.092861000 cdls_wall_ms=0.134781000 roc_wall_ms=0.247212000
sample n=189 lda=837 iteration=17 first=rocsolver cdls_ms=0.128601000 rocsolver_ms=0.242241994 cdls_submit_ms=0.004330000 roc_submit_ms=0.112711000 cdls_wall_ms=0.136971000 roc_wall_ms=0.249363000
sample n=189 lda=837 iteration=18 first=cdls cdls_ms=0.124241002 rocsolver_ms=0.239362001 cdls_submit_ms=0.004620000 roc_submit_ms=0.091780000 cdls_wall_ms=0.131611000 roc_wall_ms=0.246663000
sample n=189 lda=837 iteration=19 first=rocsolver cdls_ms=0.123480998 rocsolver_ms=0.239602000 cdls_submit_ms=0.004580000 roc_submit_ms=0.107401000 cdls_wall_ms=0.130321000 roc_wall_ms=0.245892000
sample n=189 lda=837 iteration=20 first=cdls cdls_ms=0.125560999 rocsolver_ms=0.240562007 cdls_submit_ms=0.004530000 roc_submit_ms=0.092691000 cdls_wall_ms=0.133431000 roc_wall_ms=0.247802000
sample n=189 lda=837 iteration=21 first=rocsolver cdls_ms=0.124880999 rocsolver_ms=0.240042001 cdls_submit_ms=0.004880000 roc_submit_ms=0.112621000 cdls_wall_ms=0.131561000 roc_wall_ms=0.245373000
sample n=189 lda=837 iteration=22 first=cdls cdls_ms=0.125720993 rocsolver_ms=0.240201995 cdls_submit_ms=0.004860000 roc_submit_ms=0.092930000 cdls_wall_ms=0.132121000 roc_wall_ms=0.247032000
sample n=189 lda=837 iteration=23 first=rocsolver cdls_ms=0.124081001 rocsolver_ms=0.239841998 cdls_submit_ms=0.004340000 roc_submit_ms=0.115421000 cdls_wall_ms=0.131121000 roc_wall_ms=0.246842000
sample n=189 lda=837 iteration=24 first=cdls cdls_ms=0.123001002 rocsolver_ms=0.239362001 cdls_submit_ms=0.004560000 roc_submit_ms=0.092311000 cdls_wall_ms=0.130412000 roc_wall_ms=0.246472000
sample n=189 lda=837 iteration=25 first=rocsolver cdls_ms=0.126160994 rocsolver_ms=0.240321994 cdls_submit_ms=0.004990000 roc_submit_ms=0.130841000 cdls_wall_ms=0.133531000 roc_wall_ms=0.247472000
sample n=189 lda=837 iteration=26 first=cdls cdls_ms=0.123999998 rocsolver_ms=0.239602000 cdls_submit_ms=0.004550000 roc_submit_ms=0.091301000 cdls_wall_ms=0.131471000 roc_wall_ms=0.247072000
sample n=189 lda=837 iteration=27 first=rocsolver cdls_ms=0.126960993 rocsolver_ms=0.240441993 cdls_submit_ms=0.004510000 roc_submit_ms=0.113352000 cdls_wall_ms=0.132931000 roc_wall_ms=0.248493000
sample n=189 lda=837 iteration=28 first=cdls cdls_ms=0.123360999 rocsolver_ms=0.240482002 cdls_submit_ms=0.004480000 roc_submit_ms=0.089870000 cdls_wall_ms=0.129821000 roc_wall_ms=0.246382000
sample n=189 lda=837 iteration=29 first=rocsolver cdls_ms=0.124840997 rocsolver_ms=0.240201995 cdls_submit_ms=0.004700000 roc_submit_ms=0.109551000 cdls_wall_ms=0.130902000 roc_wall_ms=0.246022000
validation backend=cdls n=189 lda=837 info=0 info_source=internal_workspace_diagnostic padding_bitwise=1 finite=1 residual_scaled=1.085099818877e-02 residual_relative=4.553776595090e-16 status=PASS
validation backend=rocsolver n=189 lda=837 info=0 info_source=mapped_pinned_public_info padding_bitwise=1 finite=1 residual_scaled=3.758142383277e-03 residual_relative=1.577158205012e-16 status=PASS
