device=AMD Instinct MI300A arch=gfx942:sramecc+:xnack- HIP=70253211 CUs=228 rocSOLVER=3.32.0.dabb6df2b9 rocBLAS=5.2.0.dabb6df2b9 n=351 lda=1914 input=/shared/prerelease/home/yuxi_hong_research_lws/jie/tingxuan/pastix-multidev-dev/results/20261007-audikw-getrf/inputs/call10892-n351-lda1914.bin stream_mode=nonblocking fp64 npvt warmup=5 repeats=30
sample n=351 lda=1914 iteration=0 first=cdls cdls_ms=0.254682004 rocsolver_ms=0.470564008 cdls_submit_ms=0.005300000 roc_submit_ms=0.175081000 cdls_wall_ms=0.270133000 roc_wall_ms=0.478534000
sample n=351 lda=1914 iteration=1 first=rocsolver cdls_ms=0.259323001 rocsolver_ms=0.473724008 cdls_submit_ms=0.005621000 roc_submit_ms=0.211152000 cdls_wall_ms=0.267463000 roc_wall_ms=0.480964000
sample n=351 lda=1914 iteration=2 first=cdls cdls_ms=0.253962010 rocsolver_ms=0.469803989 cdls_submit_ms=0.005060000 roc_submit_ms=0.187492000 cdls_wall_ms=0.262113000 roc_wall_ms=0.478144000
sample n=351 lda=1914 iteration=3 first=rocsolver cdls_ms=0.255481988 rocsolver_ms=0.469565004 cdls_submit_ms=0.004930000 roc_submit_ms=0.215832000 cdls_wall_ms=0.265142000 roc_wall_ms=0.477335000
sample n=351 lda=1914 iteration=4 first=cdls cdls_ms=0.254402012 rocsolver_ms=0.469684988 cdls_submit_ms=0.004541000 roc_submit_ms=0.181082000 cdls_wall_ms=0.260983000 roc_wall_ms=0.476284000
sample n=351 lda=1914 iteration=5 first=rocsolver cdls_ms=0.256121993 rocsolver_ms=0.470403999 cdls_submit_ms=0.004830000 roc_submit_ms=0.220802000 cdls_wall_ms=0.263032000 roc_wall_ms=0.477975000
sample n=351 lda=1914 iteration=6 first=cdls cdls_ms=0.250762999 rocsolver_ms=0.467323989 cdls_submit_ms=0.004500000 roc_submit_ms=0.184462000 cdls_wall_ms=0.257423000 roc_wall_ms=0.475644000
sample n=351 lda=1914 iteration=7 first=rocsolver cdls_ms=0.248321995 rocsolver_ms=0.475924999 cdls_submit_ms=0.004980000 roc_submit_ms=0.206762000 cdls_wall_ms=0.255832000 roc_wall_ms=0.482625000
sample n=351 lda=1914 iteration=8 first=cdls cdls_ms=0.251682013 rocsolver_ms=0.469285011 cdls_submit_ms=0.004560000 roc_submit_ms=0.172331000 cdls_wall_ms=0.258173000 roc_wall_ms=0.475734000
sample n=351 lda=1914 iteration=9 first=rocsolver cdls_ms=0.253401995 rocsolver_ms=0.468365014 cdls_submit_ms=0.005190000 roc_submit_ms=0.194202000 cdls_wall_ms=0.260592000 roc_wall_ms=0.475864000
sample n=351 lda=1914 iteration=10 first=cdls cdls_ms=0.254242986 rocsolver_ms=0.467644989 cdls_submit_ms=0.004430000 roc_submit_ms=0.173041000 cdls_wall_ms=0.261593000 roc_wall_ms=0.475294000
sample n=351 lda=1914 iteration=11 first=rocsolver cdls_ms=0.254123002 rocsolver_ms=0.465884000 cdls_submit_ms=0.004950000 roc_submit_ms=0.212792000 cdls_wall_ms=0.262112000 roc_wall_ms=0.479615000
sample n=351 lda=1914 iteration=12 first=cdls cdls_ms=0.250961989 rocsolver_ms=0.467204005 cdls_submit_ms=0.004550000 roc_submit_ms=0.174791000 cdls_wall_ms=0.257782000 roc_wall_ms=0.474524000
sample n=351 lda=1914 iteration=13 first=rocsolver cdls_ms=0.248401999 rocsolver_ms=0.467644989 cdls_submit_ms=0.004781000 roc_submit_ms=0.213932000 cdls_wall_ms=0.255703000 roc_wall_ms=0.475204000
sample n=351 lda=1914 iteration=14 first=cdls cdls_ms=0.251641989 rocsolver_ms=0.467565000 cdls_submit_ms=0.004780000 roc_submit_ms=0.172501000 cdls_wall_ms=0.258692000 roc_wall_ms=0.473494000
sample n=351 lda=1914 iteration=15 first=rocsolver cdls_ms=0.251922995 rocsolver_ms=0.466803998 cdls_submit_ms=0.005001000 roc_submit_ms=0.206472000 cdls_wall_ms=0.259163000 roc_wall_ms=0.474544000
sample n=351 lda=1914 iteration=16 first=cdls cdls_ms=0.248922005 rocsolver_ms=0.466724008 cdls_submit_ms=0.004500000 roc_submit_ms=0.172192000 cdls_wall_ms=0.256322000 roc_wall_ms=0.473695000
sample n=351 lda=1914 iteration=17 first=rocsolver cdls_ms=0.252122015 rocsolver_ms=0.466444999 cdls_submit_ms=0.004670000 roc_submit_ms=0.218592000 cdls_wall_ms=0.258852000 roc_wall_ms=0.473364000
sample n=351 lda=1914 iteration=18 first=cdls cdls_ms=0.250003010 rocsolver_ms=0.467045009 cdls_submit_ms=0.004530000 roc_submit_ms=0.174912000 cdls_wall_ms=0.256812000 roc_wall_ms=0.473825000
sample n=351 lda=1914 iteration=19 first=rocsolver cdls_ms=0.252483010 rocsolver_ms=0.466324002 cdls_submit_ms=0.004510000 roc_submit_ms=0.196522000 cdls_wall_ms=0.259982000 roc_wall_ms=0.474714000
sample n=351 lda=1914 iteration=20 first=cdls cdls_ms=0.250761986 rocsolver_ms=0.467243999 cdls_submit_ms=0.004760000 roc_submit_ms=0.172132000 cdls_wall_ms=0.257392000 roc_wall_ms=0.477034000
sample n=351 lda=1914 iteration=21 first=rocsolver cdls_ms=0.249321997 rocsolver_ms=0.468564987 cdls_submit_ms=0.004640000 roc_submit_ms=0.197182000 cdls_wall_ms=0.257172000 roc_wall_ms=0.474745000
sample n=351 lda=1914 iteration=22 first=cdls cdls_ms=0.250162005 rocsolver_ms=0.467245013 cdls_submit_ms=0.004581000 roc_submit_ms=0.172652000 cdls_wall_ms=0.257893000 roc_wall_ms=0.474734000
sample n=351 lda=1914 iteration=23 first=rocsolver cdls_ms=0.250642985 rocsolver_ms=0.465644002 cdls_submit_ms=0.005020000 roc_submit_ms=0.210901000 cdls_wall_ms=0.257122000 roc_wall_ms=0.472274000
sample n=351 lda=1914 iteration=24 first=cdls cdls_ms=0.249761999 rocsolver_ms=0.466524005 cdls_submit_ms=0.005010000 roc_submit_ms=0.180171000 cdls_wall_ms=0.256162000 roc_wall_ms=0.472724000
sample n=351 lda=1914 iteration=25 first=rocsolver cdls_ms=0.250562012 rocsolver_ms=0.467285007 cdls_submit_ms=0.004710000 roc_submit_ms=0.205412000 cdls_wall_ms=0.257972000 roc_wall_ms=0.473524000
sample n=351 lda=1914 iteration=26 first=cdls cdls_ms=0.250802994 rocsolver_ms=0.467164010 cdls_submit_ms=0.004590000 roc_submit_ms=0.173621000 cdls_wall_ms=0.257302000 roc_wall_ms=0.473444000
sample n=351 lda=1914 iteration=27 first=rocsolver cdls_ms=0.252162993 rocsolver_ms=0.466883987 cdls_submit_ms=0.004770000 roc_submit_ms=0.212262000 cdls_wall_ms=0.259413000 roc_wall_ms=0.472754000
sample n=351 lda=1914 iteration=28 first=cdls cdls_ms=0.250162005 rocsolver_ms=0.476045012 cdls_submit_ms=0.004810000 roc_submit_ms=0.194342000 cdls_wall_ms=0.257602000 roc_wall_ms=0.482245000
sample n=351 lda=1914 iteration=29 first=rocsolver cdls_ms=0.253921986 rocsolver_ms=0.474124998 cdls_submit_ms=0.005070000 roc_submit_ms=0.213122000 cdls_wall_ms=0.260973000 roc_wall_ms=0.481914000
validation backend=cdls n=351 lda=1914 info=0 info_source=internal_workspace_diagnostic padding_bitwise=1 finite=1 residual_scaled=8.826973431195e-03 residual_relative=6.879536217029e-16 status=PASS
validation backend=rocsolver n=351 lda=1914 info=0 info_source=mapped_pinned_public_info padding_bitwise=1 finite=1 residual_scaled=2.578393006621e-03 residual_relative=2.009539080303e-16 status=PASS
