device=AMD Instinct MI300A arch=gfx942:sramecc+:xnack- HIP=70253211 CUs=228 rocSOLVER=3.32.0.dabb6df2b9 rocBLAS=5.2.0.dabb6df2b9 n=27 lda=201 input=/shared/prerelease/home/yuxi_hong_research_lws/jie/tingxuan/pastix-multidev-dev/results/20261007-audikw-getrf/inputs/call137-n27-lda201.bin stream_mode=nonblocking fp64 npvt warmup=5 repeats=30
sample n=27 lda=201 iteration=0 first=cdls cdls_ms=0.014440000 rocsolver_ms=0.020880001 cdls_submit_ms=0.001280000 roc_submit_ms=0.002921000 cdls_wall_ms=0.027410000 roc_wall_ms=0.028961000
sample n=27 lda=201 iteration=1 first=rocsolver cdls_ms=0.014760000 rocsolver_ms=0.019959999 cdls_submit_ms=0.001250000 roc_submit_ms=0.003170000 cdls_wall_ms=0.020850000 roc_wall_ms=0.027770000
sample n=27 lda=201 iteration=2 first=cdls cdls_ms=0.014760000 rocsolver_ms=0.019840000 cdls_submit_ms=0.001170000 roc_submit_ms=0.002660000 cdls_wall_ms=0.021210000 roc_wall_ms=0.025840000
sample n=27 lda=201 iteration=3 first=rocsolver cdls_ms=0.014760000 rocsolver_ms=0.020000000 cdls_submit_ms=0.001170000 roc_submit_ms=0.002570000 cdls_wall_ms=0.020551000 roc_wall_ms=0.025570000
sample n=27 lda=201 iteration=4 first=cdls cdls_ms=0.013840000 rocsolver_ms=0.018200001 cdls_submit_ms=0.001150000 roc_submit_ms=0.002590000 cdls_wall_ms=0.019940000 roc_wall_ms=0.023980000
sample n=27 lda=201 iteration=5 first=rocsolver cdls_ms=0.014960000 rocsolver_ms=0.020160001 cdls_submit_ms=0.001160000 roc_submit_ms=0.002551000 cdls_wall_ms=0.022170000 roc_wall_ms=0.026311000
sample n=27 lda=201 iteration=6 first=cdls cdls_ms=0.013920000 rocsolver_ms=0.018320000 cdls_submit_ms=0.001180000 roc_submit_ms=0.002540000 cdls_wall_ms=0.019840000 roc_wall_ms=0.024850000
sample n=27 lda=201 iteration=7 first=rocsolver cdls_ms=0.014841000 rocsolver_ms=0.020040000 cdls_submit_ms=0.001210000 roc_submit_ms=0.002530000 cdls_wall_ms=0.021260000 roc_wall_ms=0.026340000
sample n=27 lda=201 iteration=8 first=cdls cdls_ms=0.014000000 rocsolver_ms=0.018560000 cdls_submit_ms=0.001170000 roc_submit_ms=0.002620000 cdls_wall_ms=0.020330000 roc_wall_ms=0.024970000
sample n=27 lda=201 iteration=9 first=rocsolver cdls_ms=0.014000000 rocsolver_ms=0.018440999 cdls_submit_ms=0.001180000 roc_submit_ms=0.002550000 cdls_wall_ms=0.020110000 roc_wall_ms=0.024561000
sample n=27 lda=201 iteration=10 first=cdls cdls_ms=0.013880000 rocsolver_ms=0.018641001 cdls_submit_ms=0.001170000 roc_submit_ms=0.002570000 cdls_wall_ms=0.020040000 roc_wall_ms=0.026071000
sample n=27 lda=201 iteration=11 first=rocsolver cdls_ms=0.013680000 rocsolver_ms=0.018640000 cdls_submit_ms=0.001160000 roc_submit_ms=0.002600000 cdls_wall_ms=0.021120000 roc_wall_ms=0.025950000
sample n=27 lda=201 iteration=12 first=cdls cdls_ms=0.014001000 rocsolver_ms=0.018640000 cdls_submit_ms=0.001200000 roc_submit_ms=0.002550000 cdls_wall_ms=0.020491000 roc_wall_ms=0.025100000
sample n=27 lda=201 iteration=13 first=rocsolver cdls_ms=0.014561000 rocsolver_ms=0.018479999 cdls_submit_ms=0.001210000 roc_submit_ms=0.002550000 cdls_wall_ms=0.021760000 roc_wall_ms=0.025470000
sample n=27 lda=201 iteration=14 first=cdls cdls_ms=0.014560000 rocsolver_ms=0.018440001 cdls_submit_ms=0.001160000 roc_submit_ms=0.002540000 cdls_wall_ms=0.021360000 roc_wall_ms=0.025680000
sample n=27 lda=201 iteration=15 first=rocsolver cdls_ms=0.013560000 rocsolver_ms=0.018320000 cdls_submit_ms=0.001190000 roc_submit_ms=0.002520000 cdls_wall_ms=0.020710000 roc_wall_ms=0.024341000
sample n=27 lda=201 iteration=16 first=cdls cdls_ms=0.013640000 rocsolver_ms=0.019320000 cdls_submit_ms=0.001170000 roc_submit_ms=0.002540000 cdls_wall_ms=0.020840000 roc_wall_ms=0.026471000
sample n=27 lda=201 iteration=17 first=rocsolver cdls_ms=0.013920000 rocsolver_ms=0.018360000 cdls_submit_ms=0.001180000 roc_submit_ms=0.002550000 cdls_wall_ms=0.020120000 roc_wall_ms=0.024360000
sample n=27 lda=201 iteration=18 first=cdls cdls_ms=0.014760000 rocsolver_ms=0.018680001 cdls_submit_ms=0.001190000 roc_submit_ms=0.002570000 cdls_wall_ms=0.022191000 roc_wall_ms=0.026200000
sample n=27 lda=201 iteration=19 first=rocsolver cdls_ms=0.013920000 rocsolver_ms=0.018479999 cdls_submit_ms=0.001170000 roc_submit_ms=0.002480000 cdls_wall_ms=0.020581000 roc_wall_ms=0.025900000
sample n=27 lda=201 iteration=20 first=cdls cdls_ms=0.014000000 rocsolver_ms=0.018321000 cdls_submit_ms=0.001170000 roc_submit_ms=0.002540000 cdls_wall_ms=0.027740000 roc_wall_ms=0.025580000
sample n=27 lda=201 iteration=21 first=rocsolver cdls_ms=0.013720000 rocsolver_ms=0.018719999 cdls_submit_ms=0.001280000 roc_submit_ms=0.002490000 cdls_wall_ms=0.019930000 roc_wall_ms=0.026251000
sample n=27 lda=201 iteration=22 first=cdls cdls_ms=0.013641000 rocsolver_ms=0.018680001 cdls_submit_ms=0.001170000 roc_submit_ms=0.002560000 cdls_wall_ms=0.021000000 roc_wall_ms=0.026160000
sample n=27 lda=201 iteration=23 first=rocsolver cdls_ms=0.013681000 rocsolver_ms=0.020280000 cdls_submit_ms=0.001180000 roc_submit_ms=0.002510000 cdls_wall_ms=0.020810000 roc_wall_ms=0.027700000
sample n=27 lda=201 iteration=24 first=cdls cdls_ms=0.013600000 rocsolver_ms=0.018479999 cdls_submit_ms=0.001170000 roc_submit_ms=0.002540000 cdls_wall_ms=0.020260000 roc_wall_ms=0.025620000
sample n=27 lda=201 iteration=25 first=rocsolver cdls_ms=0.013960000 rocsolver_ms=0.019841000 cdls_submit_ms=0.001190000 roc_submit_ms=0.002440000 cdls_wall_ms=0.019950000 roc_wall_ms=0.025571000
sample n=27 lda=201 iteration=26 first=cdls cdls_ms=0.013960000 rocsolver_ms=0.018240999 cdls_submit_ms=0.001170000 roc_submit_ms=0.002510000 cdls_wall_ms=0.019690000 roc_wall_ms=0.024311000
sample n=27 lda=201 iteration=27 first=rocsolver cdls_ms=0.014000000 rocsolver_ms=0.018400000 cdls_submit_ms=0.001180000 roc_submit_ms=0.002530000 cdls_wall_ms=0.020150000 roc_wall_ms=0.024320000
sample n=27 lda=201 iteration=28 first=cdls cdls_ms=0.013761000 rocsolver_ms=0.018440001 cdls_submit_ms=0.001170000 roc_submit_ms=0.002540000 cdls_wall_ms=0.020241000 roc_wall_ms=0.024740000
sample n=27 lda=201 iteration=29 first=rocsolver cdls_ms=0.014000000 rocsolver_ms=0.018600000 cdls_submit_ms=0.001170000 roc_submit_ms=0.002510000 cdls_wall_ms=0.022261000 roc_wall_ms=0.025050000
validation backend=cdls n=27 lda=201 info=0 info_source=internal_workspace_diagnostic padding_bitwise=1 finite=1 residual_scaled=2.160680465756e-02 residual_relative=1.295372089048e-16 status=PASS
validation backend=rocsolver n=27 lda=201 info=0 info_source=mapped_pinned_public_info padding_bitwise=1 finite=1 residual_scaled=2.140659673350e-02 residual_relative=1.283369214909e-16 status=PASS
