device=AMD Instinct MI300A arch=gfx942:sramecc+:xnack- HIP=70253211 CUs=228 rocSOLVER=3.32.0.dabb6df2b9 rocBLAS=5.2.0.dabb6df2b9 n=351 lda=1914 input=/shared/prerelease/home/yuxi_hong_research_lws/jie/tingxuan/pastix-multidev-dev/results/20261007-audikw-getrf/inputs/call10892-n351-lda1914.bin stream_mode=nonblocking fp64 npvt warmup=5 repeats=30
sample n=351 lda=1914 iteration=0 first=cdls cdls_ms=0.263722003 rocsolver_ms=0.472763985 cdls_submit_ms=0.005130000 roc_submit_ms=0.178842000 cdls_wall_ms=0.276803000 roc_wall_ms=0.479284000
sample n=351 lda=1914 iteration=1 first=rocsolver cdls_ms=0.253762007 rocsolver_ms=0.480883986 cdls_submit_ms=0.005520000 roc_submit_ms=0.238342000 cdls_wall_ms=0.260322000 roc_wall_ms=0.488974000
sample n=351 lda=1914 iteration=2 first=cdls cdls_ms=0.254242003 rocsolver_ms=0.470842987 cdls_submit_ms=0.004440000 roc_submit_ms=0.176572000 cdls_wall_ms=0.261562000 roc_wall_ms=0.477704000
sample n=351 lda=1914 iteration=3 first=rocsolver cdls_ms=0.251201987 rocsolver_ms=0.471442997 cdls_submit_ms=0.004920000 roc_submit_ms=0.223092000 cdls_wall_ms=0.258342000 roc_wall_ms=0.477804000
sample n=351 lda=1914 iteration=4 first=cdls cdls_ms=0.252521992 rocsolver_ms=0.467523992 cdls_submit_ms=0.004500000 roc_submit_ms=0.179012000 cdls_wall_ms=0.259482000 roc_wall_ms=0.474654000
sample n=351 lda=1914 iteration=5 first=rocsolver cdls_ms=0.257041991 rocsolver_ms=0.470883995 cdls_submit_ms=0.004960000 roc_submit_ms=0.210271000 cdls_wall_ms=0.264052000 roc_wall_ms=0.478764000
sample n=351 lda=1914 iteration=6 first=cdls cdls_ms=0.247881994 rocsolver_ms=0.468522996 cdls_submit_ms=0.004700000 roc_submit_ms=0.174672000 cdls_wall_ms=0.254963000 roc_wall_ms=0.475074000
sample n=351 lda=1914 iteration=7 first=rocsolver cdls_ms=0.247921005 rocsolver_ms=0.469402999 cdls_submit_ms=0.004880000 roc_submit_ms=0.213172000 cdls_wall_ms=0.255132000 roc_wall_ms=0.476915000
sample n=351 lda=1914 iteration=8 first=cdls cdls_ms=0.248122007 rocsolver_ms=0.466603994 cdls_submit_ms=0.004541000 roc_submit_ms=0.175802000 cdls_wall_ms=0.255693000 roc_wall_ms=0.474584000
sample n=351 lda=1914 iteration=9 first=rocsolver cdls_ms=0.251561999 rocsolver_ms=0.470324010 cdls_submit_ms=0.005000000 roc_submit_ms=0.218382000 cdls_wall_ms=0.259392000 roc_wall_ms=0.477134000
sample n=351 lda=1914 iteration=10 first=cdls cdls_ms=0.250001997 rocsolver_ms=0.469083995 cdls_submit_ms=0.004640000 roc_submit_ms=0.176651000 cdls_wall_ms=0.257512000 roc_wall_ms=0.476574000
sample n=351 lda=1914 iteration=11 first=rocsolver cdls_ms=0.250681996 rocsolver_ms=0.465604007 cdls_submit_ms=0.005150000 roc_submit_ms=0.208392000 cdls_wall_ms=0.257962000 roc_wall_ms=0.471554000
sample n=351 lda=1914 iteration=12 first=cdls cdls_ms=0.248282000 rocsolver_ms=0.468124002 cdls_submit_ms=0.004420000 roc_submit_ms=0.180671000 cdls_wall_ms=0.255013000 roc_wall_ms=0.474614000
sample n=351 lda=1914 iteration=13 first=rocsolver cdls_ms=0.251042008 rocsolver_ms=0.468443006 cdls_submit_ms=0.004920000 roc_submit_ms=0.207052000 cdls_wall_ms=0.259223000 roc_wall_ms=0.476224000
sample n=351 lda=1914 iteration=14 first=cdls cdls_ms=0.251201987 rocsolver_ms=0.467684001 cdls_submit_ms=0.004520000 roc_submit_ms=0.177382000 cdls_wall_ms=0.258092000 roc_wall_ms=0.474165000
sample n=351 lda=1914 iteration=15 first=rocsolver cdls_ms=0.250322014 rocsolver_ms=0.467164010 cdls_submit_ms=0.004830000 roc_submit_ms=0.222612000 cdls_wall_ms=0.257083000 roc_wall_ms=0.475604000
sample n=351 lda=1914 iteration=16 first=cdls cdls_ms=0.251161993 rocsolver_ms=0.466042995 cdls_submit_ms=0.004570000 roc_submit_ms=0.185121000 cdls_wall_ms=0.257892000 roc_wall_ms=0.473674000
sample n=351 lda=1914 iteration=17 first=rocsolver cdls_ms=0.249642000 rocsolver_ms=0.478163004 cdls_submit_ms=0.004950000 roc_submit_ms=0.208762000 cdls_wall_ms=0.256632000 roc_wall_ms=0.485624000
sample n=351 lda=1914 iteration=18 first=cdls cdls_ms=0.250441998 rocsolver_ms=0.464964002 cdls_submit_ms=0.004680000 roc_submit_ms=0.172722000 cdls_wall_ms=0.256722000 roc_wall_ms=0.476205000
sample n=351 lda=1914 iteration=19 first=rocsolver cdls_ms=0.247482002 rocsolver_ms=0.466524005 cdls_submit_ms=0.004620000 roc_submit_ms=0.204172000 cdls_wall_ms=0.254773000 roc_wall_ms=0.473894000
sample n=351 lda=1914 iteration=20 first=cdls cdls_ms=0.249722004 rocsolver_ms=0.466084003 cdls_submit_ms=0.004680000 roc_submit_ms=0.172922000 cdls_wall_ms=0.258352000 roc_wall_ms=0.473475000
sample n=351 lda=1914 iteration=21 first=rocsolver cdls_ms=0.250241995 rocsolver_ms=0.465683997 cdls_submit_ms=0.004610000 roc_submit_ms=0.203162000 cdls_wall_ms=0.257612000 roc_wall_ms=0.472804000
sample n=351 lda=1914 iteration=22 first=cdls cdls_ms=0.247521996 rocsolver_ms=0.466443002 cdls_submit_ms=0.004560000 roc_submit_ms=0.174172000 cdls_wall_ms=0.254172000 roc_wall_ms=0.473334000
sample n=351 lda=1914 iteration=23 first=rocsolver cdls_ms=0.251242012 rocsolver_ms=0.467483014 cdls_submit_ms=0.006380000 roc_submit_ms=0.201692000 cdls_wall_ms=0.258502000 roc_wall_ms=0.473935000
sample n=351 lda=1914 iteration=24 first=cdls cdls_ms=0.253562003 rocsolver_ms=0.465204000 cdls_submit_ms=0.005000000 roc_submit_ms=0.177772000 cdls_wall_ms=0.261902000 roc_wall_ms=0.472754000
sample n=351 lda=1914 iteration=25 first=rocsolver cdls_ms=0.246281996 rocsolver_ms=0.466843992 cdls_submit_ms=0.005330000 roc_submit_ms=0.217872000 cdls_wall_ms=0.252362000 roc_wall_ms=0.473475000
sample n=351 lda=1914 iteration=26 first=cdls cdls_ms=0.251841992 rocsolver_ms=0.465283990 cdls_submit_ms=0.004590000 roc_submit_ms=0.186162000 cdls_wall_ms=0.258323000 roc_wall_ms=0.471554000
sample n=351 lda=1914 iteration=27 first=rocsolver cdls_ms=0.249842003 rocsolver_ms=0.466603994 cdls_submit_ms=0.004690000 roc_submit_ms=0.213142000 cdls_wall_ms=0.257172000 roc_wall_ms=0.473595000
sample n=351 lda=1914 iteration=28 first=cdls cdls_ms=0.248682007 rocsolver_ms=0.465324014 cdls_submit_ms=0.004520000 roc_submit_ms=0.174702000 cdls_wall_ms=0.256153000 roc_wall_ms=0.472864000
sample n=351 lda=1914 iteration=29 first=rocsolver cdls_ms=0.249121994 rocsolver_ms=0.465683013 cdls_submit_ms=0.004740000 roc_submit_ms=0.204922000 cdls_wall_ms=0.256282000 roc_wall_ms=0.471994000
validation backend=cdls n=351 lda=1914 info=0 info_source=internal_workspace_diagnostic padding_bitwise=1 finite=1 residual_scaled=8.826973431195e-03 residual_relative=6.879536217029e-16 status=PASS
validation backend=rocsolver n=351 lda=1914 info=0 info_source=mapped_pinned_public_info padding_bitwise=1 finite=1 residual_scaled=2.578393006621e-03 residual_relative=2.009539080303e-16 status=PASS
