device=AMD Instinct MI300A arch=gfx942:sramecc+:xnack- HIP=70253211 CUs=228 rocSOLVER=3.32.0.dabb6df2b9 rocBLAS=5.2.0.dabb6df2b9 n=189 lda=837 input=/shared/prerelease/home/yuxi_hong_research_lws/jie/tingxuan/pastix-multidev-dev/results/20261007-audikw-getrf/inputs/call9521-n189-lda837.bin stream_mode=nonblocking fp64 npvt warmup=5 repeats=30
sample n=189 lda=837 iteration=0 first=cdls cdls_ms=0.129001006 rocsolver_ms=0.247683004 cdls_submit_ms=0.004610000 roc_submit_ms=0.105671000 cdls_wall_ms=0.141042000 roc_wall_ms=0.254132000
sample n=189 lda=837 iteration=1 first=rocsolver cdls_ms=0.144681007 rocsolver_ms=0.248401999 cdls_submit_ms=0.005690000 roc_submit_ms=0.122131000 cdls_wall_ms=0.152151000 roc_wall_ms=0.254472000
sample n=189 lda=837 iteration=2 first=cdls cdls_ms=0.129001006 rocsolver_ms=0.245601997 cdls_submit_ms=0.004760000 roc_submit_ms=0.108641000 cdls_wall_ms=0.136511000 roc_wall_ms=0.254042000
sample n=189 lda=837 iteration=3 first=rocsolver cdls_ms=0.128040999 rocsolver_ms=0.244203001 cdls_submit_ms=0.004730000 roc_submit_ms=0.117021000 cdls_wall_ms=0.135941000 roc_wall_ms=0.251893000
sample n=189 lda=837 iteration=4 first=cdls cdls_ms=0.129280999 rocsolver_ms=0.244322002 cdls_submit_ms=0.004390000 roc_submit_ms=0.096311000 cdls_wall_ms=0.137401000 roc_wall_ms=0.251833000
sample n=189 lda=837 iteration=5 first=rocsolver cdls_ms=0.127400994 rocsolver_ms=0.246803001 cdls_submit_ms=0.004650000 roc_submit_ms=0.117591000 cdls_wall_ms=0.135411000 roc_wall_ms=0.252672000
sample n=189 lda=837 iteration=6 first=cdls cdls_ms=0.127600998 rocsolver_ms=0.244841993 cdls_submit_ms=0.004680000 roc_submit_ms=0.095541000 cdls_wall_ms=0.134241000 roc_wall_ms=0.251242000
sample n=189 lda=837 iteration=7 first=rocsolver cdls_ms=0.125881001 rocsolver_ms=0.244883001 cdls_submit_ms=0.004680000 roc_submit_ms=0.122952000 cdls_wall_ms=0.133331000 roc_wall_ms=0.253473000
sample n=189 lda=837 iteration=8 first=cdls cdls_ms=0.126521006 rocsolver_ms=0.243202001 cdls_submit_ms=0.004430000 roc_submit_ms=0.096111000 cdls_wall_ms=0.133732000 roc_wall_ms=0.250312000
sample n=189 lda=837 iteration=9 first=rocsolver cdls_ms=0.127321005 rocsolver_ms=0.245762005 cdls_submit_ms=0.004480000 roc_submit_ms=0.111351000 cdls_wall_ms=0.134411000 roc_wall_ms=0.252082000
sample n=189 lda=837 iteration=10 first=cdls cdls_ms=0.127520993 rocsolver_ms=0.241722003 cdls_submit_ms=0.004500000 roc_submit_ms=0.095911000 cdls_wall_ms=0.134691000 roc_wall_ms=0.248132000
sample n=189 lda=837 iteration=11 first=rocsolver cdls_ms=0.126160994 rocsolver_ms=0.244921997 cdls_submit_ms=0.004460000 roc_submit_ms=0.112460000 cdls_wall_ms=0.132451000 roc_wall_ms=0.252353000
sample n=189 lda=837 iteration=12 first=cdls cdls_ms=0.126681000 rocsolver_ms=0.241683006 cdls_submit_ms=0.004450000 roc_submit_ms=0.095280000 cdls_wall_ms=0.134181000 roc_wall_ms=0.249002000
sample n=189 lda=837 iteration=13 first=rocsolver cdls_ms=0.127721995 rocsolver_ms=0.242402002 cdls_submit_ms=0.004790000 roc_submit_ms=0.111391000 cdls_wall_ms=0.134662000 roc_wall_ms=0.249732000
sample n=189 lda=837 iteration=14 first=cdls cdls_ms=0.126201004 rocsolver_ms=0.240683004 cdls_submit_ms=0.004470000 roc_submit_ms=0.101921000 cdls_wall_ms=0.132911000 roc_wall_ms=0.247142000
sample n=189 lda=837 iteration=15 first=rocsolver cdls_ms=0.124242000 rocsolver_ms=0.249602005 cdls_submit_ms=0.004780000 roc_submit_ms=0.118361000 cdls_wall_ms=0.130401000 roc_wall_ms=0.256992000
sample n=189 lda=837 iteration=16 first=cdls cdls_ms=0.127040997 rocsolver_ms=0.239962995 cdls_submit_ms=0.004570000 roc_submit_ms=0.094531000 cdls_wall_ms=0.133682000 roc_wall_ms=0.245972000
sample n=189 lda=837 iteration=17 first=rocsolver cdls_ms=0.126920998 rocsolver_ms=0.240842000 cdls_submit_ms=0.004280000 roc_submit_ms=0.110381000 cdls_wall_ms=0.134282000 roc_wall_ms=0.247002000
sample n=189 lda=837 iteration=18 first=cdls cdls_ms=0.123480998 rocsolver_ms=0.242561996 cdls_submit_ms=0.004460000 roc_submit_ms=0.093781000 cdls_wall_ms=0.130721000 roc_wall_ms=0.249792000
sample n=189 lda=837 iteration=19 first=rocsolver cdls_ms=0.127480999 rocsolver_ms=0.239802003 cdls_submit_ms=0.004510000 roc_submit_ms=0.126881000 cdls_wall_ms=0.133721000 roc_wall_ms=0.245513000
sample n=189 lda=837 iteration=20 first=cdls cdls_ms=0.125401005 rocsolver_ms=0.240602002 cdls_submit_ms=0.004670000 roc_submit_ms=0.094301000 cdls_wall_ms=0.131841000 roc_wall_ms=0.246703000
sample n=189 lda=837 iteration=21 first=rocsolver cdls_ms=0.124921001 rocsolver_ms=0.239482999 cdls_submit_ms=0.004410000 roc_submit_ms=0.111441000 cdls_wall_ms=0.132371000 roc_wall_ms=0.246412000
sample n=189 lda=837 iteration=22 first=cdls cdls_ms=0.124002002 rocsolver_ms=0.240122005 cdls_submit_ms=0.004730000 roc_submit_ms=0.093511000 cdls_wall_ms=0.131461000 roc_wall_ms=0.246282000
sample n=189 lda=837 iteration=23 first=rocsolver cdls_ms=0.123561002 rocsolver_ms=0.240562007 cdls_submit_ms=0.004800000 roc_submit_ms=0.129041000 cdls_wall_ms=0.130211000 roc_wall_ms=0.247413000
sample n=189 lda=837 iteration=24 first=cdls cdls_ms=0.125201002 rocsolver_ms=0.240362003 cdls_submit_ms=0.004460000 roc_submit_ms=0.095251000 cdls_wall_ms=0.131681000 roc_wall_ms=0.245983000
sample n=189 lda=837 iteration=25 first=rocsolver cdls_ms=0.126121998 rocsolver_ms=0.240122005 cdls_submit_ms=0.004940000 roc_submit_ms=0.108551000 cdls_wall_ms=0.133831000 roc_wall_ms=0.246582000
sample n=189 lda=837 iteration=26 first=cdls cdls_ms=0.126160994 rocsolver_ms=0.241123006 cdls_submit_ms=0.004430000 roc_submit_ms=0.105010000 cdls_wall_ms=0.133701000 roc_wall_ms=0.249072000
sample n=189 lda=837 iteration=27 first=rocsolver cdls_ms=0.126081005 rocsolver_ms=0.240122005 cdls_submit_ms=0.004440000 roc_submit_ms=0.110231000 cdls_wall_ms=0.133811000 roc_wall_ms=0.246662000
sample n=189 lda=837 iteration=28 first=cdls cdls_ms=0.125000998 rocsolver_ms=0.240362003 cdls_submit_ms=0.004510000 roc_submit_ms=0.094261000 cdls_wall_ms=0.132351000 roc_wall_ms=0.247962000
sample n=189 lda=837 iteration=29 first=rocsolver cdls_ms=0.124000996 rocsolver_ms=0.239641994 cdls_submit_ms=0.004740000 roc_submit_ms=0.112802000 cdls_wall_ms=0.130921000 roc_wall_ms=0.245553000
validation backend=cdls n=189 lda=837 info=0 info_source=internal_workspace_diagnostic padding_bitwise=1 finite=1 residual_scaled=1.085099818877e-02 residual_relative=4.553776595090e-16 status=PASS
validation backend=rocsolver n=189 lda=837 info=0 info_source=mapped_pinned_public_info padding_bitwise=1 finite=1 residual_scaled=3.758142383277e-03 residual_relative=1.577158205012e-16 status=PASS
